===== SEED 42 =====
PyTorch Version : 2.11.0+cu128
cuda
1.7.credibility_wsa_nose.pt
***** Best Result Updated at Epoch 1, Val Loss: 0.9743 *****
Epoch [1/20], Time: 2.43s, 
Train Loss: 1.4355, Train Acc: 0.4251, Train F1 Macro: 0.3644, Train F1 Micro: 0.4251, Train RMSE: 1.5338, 
Val Loss: 0.9743, Val Acc: 0.6421, Val F1 Macro: 0.6287, Val F1 Micro: 0.6421, Val RMSE: 1.2122, 
Test Loss: 0.9278, Test Acc: 0.6585, Test F1 Macro: 0.6405, Test F1 Micro: 0.6585, Test RMSE: 1.1075

***** Best Result Updated at Epoch 2, Val Loss: 0.8813 *****
Epoch [2/20], Time: 2.18s, 
Train Loss: 1.2086, Train Acc: 0.5048, Train F1 Macro: 0.4210, Train F1 Micro: 0.4650, Train RMSE: 1.4415, 
Val Loss: 0.8813, Val Acc: 0.6426, Val F1 Macro: 0.6286, Val F1 Micro: 0.6424, Val RMSE: 1.2167, 
Test Loss: 0.8312, Test Acc: 0.6664, Test F1 Macro: 0.6430, Test F1 Micro: 0.6625, Test RMSE: 1.1008

***** Best Result Updated at Epoch 3, Val Loss: 0.8595 *****
Epoch [3/20], Time: 1.98s, 
Train Loss: 1.1850, Train Acc: 0.5010, Train F1 Macro: 0.4364, Train F1 Micro: 0.4770, Train RMSE: 1.4120, 
Val Loss: 0.8595, Val Acc: 0.6461, Val F1 Macro: 0.6301, Val F1 Micro: 0.6436, Val RMSE: 1.2086, 
Test Loss: 0.8007, Test Acc: 0.6603, Test F1 Macro: 0.6420, Test F1 Micro: 0.6617, Test RMSE: 1.1013

***** Best Result Updated at Epoch 4, Val Loss: 0.8371 *****
Epoch [4/20], Time: 2.04s, 
Train Loss: 1.1709, Train Acc: 0.5068, Train F1 Macro: 0.4462, Train F1 Micro: 0.4844, Train RMSE: 1.4006, 
Val Loss: 0.8371, Val Acc: 0.6469, Val F1 Macro: 0.6310, Val F1 Micro: 0.6444, Val RMSE: 1.2103, 
Test Loss: 0.7901, Test Acc: 0.6581, Test F1 Macro: 0.6403, Test F1 Micro: 0.6608, Test RMSE: 1.1031

Epoch [5/20], Time: 1.90s, 
Train Loss: 1.1654, Train Acc: 0.5028, Train F1 Macro: 0.4503, Train F1 Micro: 0.4881, Train RMSE: 1.3947, 
Val Loss: 0.8388, Val Acc: 0.6439, Val F1 Macro: 0.6311, Val F1 Micro: 0.6443, Val RMSE: 1.2185, 
Test Loss: 0.7870, Test Acc: 0.6668, Test F1 Macro: 0.6409, Test F1 Micro: 0.6620, Test RMSE: 1.1084

Epoch [6/20], Time: 1.89s, 
Train Loss: 1.1651, Train Acc: 0.5069, Train F1 Macro: 0.4546, Train F1 Micro: 0.4912, Train RMSE: 1.3917, 
Val Loss: 0.8422, Val Acc: 0.6439, Val F1 Macro: 0.6305, Val F1 Micro: 0.6442, Val RMSE: 1.2213, 
Test Loss: 0.7979, Test Acc: 0.6581, Test F1 Macro: 0.6389, Test F1 Micro: 0.6614, Test RMSE: 1.1087

Epoch [7/20], Time: 2.06s, 
Train Loss: 1.1604, Train Acc: 0.5068, Train F1 Macro: 0.4582, Train F1 Micro: 0.4935, Train RMSE: 1.3896, 
Val Loss: 0.8464, Val Acc: 0.6530, Val F1 Macro: 0.6321, Val F1 Micro: 0.6455, Val RMSE: 1.2200, 
Test Loss: 0.7963, Test Acc: 0.6642, Test F1 Macro: 0.6400, Test F1 Micro: 0.6618, Test RMSE: 1.1093

***** Best Result Updated at Epoch 8, Val Loss: 0.8320 *****
Epoch [8/20], Time: 2.02s, 
Train Loss: 1.1581, Train Acc: 0.5094, Train F1 Macro: 0.4610, Train F1 Micro: 0.4955, Train RMSE: 1.3881, 
Val Loss: 0.8320, Val Acc: 0.6491, Val F1 Macro: 0.6325, Val F1 Micro: 0.6460, Val RMSE: 1.2227, 
Test Loss: 0.7829, Test Acc: 0.6694, Test F1 Macro: 0.6416, Test F1 Micro: 0.6627, Test RMSE: 1.1138

***** Best Result Updated at Epoch 9, Val Loss: 0.8320 *****
Epoch [9/20], Time: 2.08s, 
Train Loss: 1.1512, Train Acc: 0.5067, Train F1 Macro: 0.4628, Train F1 Micro: 0.4967, Train RMSE: 1.3853, 
Val Loss: 0.8320, Val Acc: 0.6469, Val F1 Macro: 0.6325, Val F1 Micro: 0.6461, Val RMSE: 1.2249, 
Test Loss: 0.7847, Test Acc: 0.6616, Test F1 Macro: 0.6417, Test F1 Micro: 0.6626, Test RMSE: 1.1184

***** Best Result Updated at Epoch 10, Val Loss: 0.8269 *****
Epoch [10/20], Time: 2.18s, 
Train Loss: 1.1482, Train Acc: 0.5114, Train F1 Macro: 0.4650, Train F1 Micro: 0.4982, Train RMSE: 1.3842, 
Val Loss: 0.8269, Val Acc: 0.6452, Val F1 Macro: 0.6325, Val F1 Micro: 0.6460, Val RMSE: 1.2229, 
Test Loss: 0.7797, Test Acc: 0.6651, Test F1 Macro: 0.6425, Test F1 Micro: 0.6628, Test RMSE: 1.1208

Epoch [11/20], Time: 2.40s, 
Train Loss: 1.1468, Train Acc: 0.5092, Train F1 Macro: 0.4665, Train F1 Micro: 0.4992, Train RMSE: 1.3846, 
Val Loss: 0.8308, Val Acc: 0.6400, Val F1 Macro: 0.6319, Val F1 Micro: 0.6454, Val RMSE: 1.2215, 
Test Loss: 0.7805, Test Acc: 0.6633, Test F1 Macro: 0.6427, Test F1 Micro: 0.6629, Test RMSE: 1.1207

***** Best Result Updated at Epoch 12, Val Loss: 0.8253 *****
Epoch [12/20], Time: 2.67s, 
Train Loss: 1.1488, Train Acc: 0.5108, Train F1 Macro: 0.4678, Train F1 Micro: 0.5001, Train RMSE: 1.3839, 
Val Loss: 0.8253, Val Acc: 0.6417, Val F1 Macro: 0.6317, Val F1 Micro: 0.6451, Val RMSE: 1.2223, 
Test Loss: 0.7781, Test Acc: 0.6677, Test F1 Macro: 0.6434, Test F1 Micro: 0.6633, Test RMSE: 1.1199

Epoch [13/20], Time: 2.49s, 
Train Loss: 1.1452, Train Acc: 0.5083, Train F1 Macro: 0.4687, Train F1 Micro: 0.5008, Train RMSE: 1.3826, 
Val Loss: 0.8264, Val Acc: 0.6456, Val F1 Macro: 0.6318, Val F1 Micro: 0.6452, Val RMSE: 1.2227, 
Test Loss: 0.7753, Test Acc: 0.6651, Test F1 Macro: 0.6437, Test F1 Micro: 0.6634, Test RMSE: 1.1197

Epoch [14/20], Time: 2.31s, 
Train Loss: 1.1470, Train Acc: 0.5100, Train F1 Macro: 0.4697, Train F1 Micro: 0.5014, Train RMSE: 1.3828, 
Val Loss: 0.8289, Val Acc: 0.6413, Val F1 Macro: 0.6316, Val F1 Micro: 0.6449, Val RMSE: 1.2215, 
Test Loss: 0.7767, Test Acc: 0.6720, Test F1 Macro: 0.6444, Test F1 Micro: 0.6640, Test RMSE: 1.1175

Epoch [15/20], Time: 2.33s, 
Train Loss: 1.1485, Train Acc: 0.5060, Train F1 Macro: 0.4703, Train F1 Micro: 0.5017, Train RMSE: 1.3823, 
Val Loss: 0.8256, Val Acc: 0.6465, Val F1 Macro: 0.6318, Val F1 Micro: 0.6450, Val RMSE: 1.2208, 
Test Loss: 0.7731, Test Acc: 0.6651, Test F1 Macro: 0.6447, Test F1 Micro: 0.6641, Test RMSE: 1.1178

***** Best Result Updated at Epoch 16, Val Loss: 0.8218 *****
Epoch [16/20], Time: 2.37s, 
Train Loss: 1.1479, Train Acc: 0.5104, Train F1 Macro: 0.4711, Train F1 Micro: 0.5023, Train RMSE: 1.3814, 
Val Loss: 0.8218, Val Acc: 0.6430, Val F1 Macro: 0.6317, Val F1 Micro: 0.6449, Val RMSE: 1.2226, 
Test Loss: 0.7729, Test Acc: 0.6686, Test F1 Macro: 0.6452, Test F1 Micro: 0.6644, Test RMSE: 1.1183

Epoch [17/20], Time: 2.59s, 
Train Loss: 1.1408, Train Acc: 0.5096, Train F1 Macro: 0.4717, Train F1 Micro: 0.5027, Train RMSE: 1.3817, 
Val Loss: 0.8228, Val Acc: 0.6461, Val F1 Macro: 0.6316, Val F1 Micro: 0.6449, Val RMSE: 1.2227, 
Test Loss: 0.7719, Test Acc: 0.6668, Test F1 Macro: 0.6454, Test F1 Micro: 0.6645, Test RMSE: 1.1189

Epoch [18/20], Time: 2.18s, 
Train Loss: 1.1423, Train Acc: 0.5076, Train F1 Macro: 0.4721, Train F1 Micro: 0.5030, Train RMSE: 1.3818, 
Val Loss: 0.8229, Val Acc: 0.6461, Val F1 Macro: 0.6319, Val F1 Micro: 0.6450, Val RMSE: 1.2223, 
Test Loss: 0.7754, Test Acc: 0.6629, Test F1 Macro: 0.6454, Test F1 Micro: 0.6644, Test RMSE: 1.1185

Epoch [19/20], Time: 2.21s, 
Train Loss: 1.1409, Train Acc: 0.5072, Train F1 Macro: 0.4725, Train F1 Micro: 0.5032, Train RMSE: 1.3823, 
Val Loss: 0.8243, Val Acc: 0.6400, Val F1 Macro: 0.6317, Val F1 Micro: 0.6447, Val RMSE: 1.2206, 
Test Loss: 0.7721, Test Acc: 0.6642, Test F1 Macro: 0.6456, Test F1 Micro: 0.6644, Test RMSE: 1.1178

Epoch [20/20], Time: 2.23s, 
Train Loss: 1.1391, Train Acc: 0.5100, Train F1 Macro: 0.4730, Train F1 Micro: 0.5035, Train RMSE: 1.3816, 
Val Loss: 0.8280, Val Acc: 0.6478, Val F1 Macro: 0.6320, Val F1 Micro: 0.6449, Val RMSE: 1.2200, 
Test Loss: 0.7777, Test Acc: 0.6664, Test F1 Macro: 0.6460, Test F1 Micro: 0.6645, Test RMSE: 1.1176

Total Training Time: 44.56s

Test Loss: 0.7729, Test Acc: 0.6686, Test F1 Macro: 0.6519, Test F1 Micro: 0.6686, Test RMSE: 1.1256
===== SEED 7 =====
PyTorch Version : 2.11.0+cu128
cuda
1.7.credibility_wsa_nose.pt
***** Best Result Updated at Epoch 1, Val Loss: 1.0181 *****
Epoch [1/20], Time: 2.24s, 
Train Loss: 1.4460, Train Acc: 0.4155, Train F1 Macro: 0.3305, Train F1 Micro: 0.4155, Train RMSE: 1.5396, 
Val Loss: 1.0181, Val Acc: 0.6365, Val F1 Macro: 0.6227, Val F1 Micro: 0.6365, Val RMSE: 1.2021, 
Test Loss: 0.9736, Test Acc: 0.6537, Test F1 Macro: 0.6352, Test F1 Micro: 0.6537, Test RMSE: 1.1297

***** Best Result Updated at Epoch 2, Val Loss: 0.8761 *****
Epoch [2/20], Time: 2.02s, 
Train Loss: 1.2171, Train Acc: 0.5017, Train F1 Macro: 0.4068, Train F1 Micro: 0.4586, Train RMSE: 1.4494, 
Val Loss: 0.8761, Val Acc: 0.6465, Val F1 Macro: 0.6279, Val F1 Micro: 0.6415, Val RMSE: 1.2220, 
Test Loss: 0.8235, Test Acc: 0.6664, Test F1 Macro: 0.6407, Test F1 Micro: 0.6601, Test RMSE: 1.1513

***** Best Result Updated at Epoch 3, Val Loss: 0.8596 *****
Epoch [3/20], Time: 1.94s, 
Train Loss: 1.1772, Train Acc: 0.5050, Train F1 Macro: 0.4315, Train F1 Micro: 0.4741, Train RMSE: 1.4298, 
Val Loss: 0.8596, Val Acc: 0.6434, Val F1 Macro: 0.6290, Val F1 Micro: 0.6421, Val RMSE: 1.2202, 
Test Loss: 0.8075, Test Acc: 0.6598, Test F1 Macro: 0.6404, Test F1 Micro: 0.6600, Test RMSE: 1.1393

***** Best Result Updated at Epoch 4, Val Loss: 0.8443 *****
Epoch [4/20], Time: 1.95s, 
Train Loss: 1.1625, Train Acc: 0.5060, Train F1 Macro: 0.4428, Train F1 Micro: 0.4821, Train RMSE: 1.4236, 
Val Loss: 0.8443, Val Acc: 0.6504, Val F1 Macro: 0.6310, Val F1 Micro: 0.6442, Val RMSE: 1.2168, 
Test Loss: 0.7943, Test Acc: 0.6585, Test F1 Macro: 0.6388, Test F1 Micro: 0.6596, Test RMSE: 1.1339

Epoch [5/20], Time: 1.93s, 
Train Loss: 1.1655, Train Acc: 0.5068, Train F1 Macro: 0.4502, Train F1 Micro: 0.4870, Train RMSE: 1.4168, 
Val Loss: 0.8446, Val Acc: 0.6456, Val F1 Macro: 0.6321, Val F1 Micro: 0.6445, Val RMSE: 1.2147, 
Test Loss: 0.7966, Test Acc: 0.6585, Test F1 Macro: 0.6390, Test F1 Micro: 0.6594, Test RMSE: 1.1323

***** Best Result Updated at Epoch 6, Val Loss: 0.8319 *****
Epoch [6/20], Time: 2.00s, 
Train Loss: 1.1599, Train Acc: 0.5094, Train F1 Macro: 0.4555, Train F1 Micro: 0.4907, Train RMSE: 1.4091, 
Val Loss: 0.8319, Val Acc: 0.6456, Val F1 Macro: 0.6322, Val F1 Micro: 0.6447, Val RMSE: 1.2131, 
Test Loss: 0.7844, Test Acc: 0.6611, Test F1 Macro: 0.6394, Test F1 Micro: 0.6597, Test RMSE: 1.1326

Epoch [7/20], Time: 2.13s, 
Train Loss: 1.1564, Train Acc: 0.5093, Train F1 Macro: 0.4590, Train F1 Micro: 0.4934, Train RMSE: 1.4038, 
Val Loss: 0.8339, Val Acc: 0.6452, Val F1 Macro: 0.6323, Val F1 Micro: 0.6448, Val RMSE: 1.2138, 
Test Loss: 0.7863, Test Acc: 0.6594, Test F1 Macro: 0.6390, Test F1 Micro: 0.6597, Test RMSE: 1.1319

Epoch [8/20], Time: 2.00s, 
Train Loss: 1.1508, Train Acc: 0.5088, Train F1 Macro: 0.4617, Train F1 Micro: 0.4953, Train RMSE: 1.4016, 
Val Loss: 0.8328, Val Acc: 0.6508, Val F1 Macro: 0.6329, Val F1 Micro: 0.6455, Val RMSE: 1.2119, 
Test Loss: 0.7838, Test Acc: 0.6581, Test F1 Macro: 0.6390, Test F1 Micro: 0.6595, Test RMSE: 1.1315

***** Best Result Updated at Epoch 9, Val Loss: 0.8239 *****
Epoch [9/20], Time: 2.00s, 
Train Loss: 1.1465, Train Acc: 0.5091, Train F1 Macro: 0.4639, Train F1 Micro: 0.4969, Train RMSE: 1.4011, 
Val Loss: 0.8239, Val Acc: 0.6474, Val F1 Macro: 0.6333, Val F1 Micro: 0.6457, Val RMSE: 1.2137, 
Test Loss: 0.7734, Test Acc: 0.6616, Test F1 Macro: 0.6398, Test F1 Micro: 0.6597, Test RMSE: 1.1324

***** Best Result Updated at Epoch 10, Val Loss: 0.8208 *****
Epoch [10/20], Time: 2.03s, 
Train Loss: 1.1483, Train Acc: 0.5103, Train F1 Macro: 0.4658, Train F1 Micro: 0.4982, Train RMSE: 1.3983, 
Val Loss: 0.8208, Val Acc: 0.6482, Val F1 Macro: 0.6337, Val F1 Micro: 0.6460, Val RMSE: 1.2123, 
Test Loss: 0.7717, Test Acc: 0.6642, Test F1 Macro: 0.6409, Test F1 Micro: 0.6601, Test RMSE: 1.1293

***** Best Result Updated at Epoch 11, Val Loss: 0.8144 *****
Epoch [11/20], Time: 2.11s, 
Train Loss: 1.1433, Train Acc: 0.5084, Train F1 Macro: 0.4672, Train F1 Micro: 0.4991, Train RMSE: 1.3991, 
Val Loss: 0.8144, Val Acc: 0.6474, Val F1 Macro: 0.6338, Val F1 Micro: 0.6461, Val RMSE: 1.2130, 
Test Loss: 0.7708, Test Acc: 0.6594, Test F1 Macro: 0.6411, Test F1 Micro: 0.6601, Test RMSE: 1.1316

Epoch [12/20], Time: 2.22s, 
Train Loss: 1.1443, Train Acc: 0.5099, Train F1 Macro: 0.4684, Train F1 Micro: 0.5000, Train RMSE: 1.3979, 
Val Loss: 0.8228, Val Acc: 0.6482, Val F1 Macro: 0.6342, Val F1 Micro: 0.6463, Val RMSE: 1.2106, 
Test Loss: 0.7724, Test Acc: 0.6642, Test F1 Macro: 0.6419, Test F1 Micro: 0.6604, Test RMSE: 1.1317

Epoch [13/20], Time: 2.03s, 
Train Loss: 1.1377, Train Acc: 0.5126, Train F1 Macro: 0.4698, Train F1 Micro: 0.5010, Train RMSE: 1.3960, 
Val Loss: 0.8171, Val Acc: 0.6487, Val F1 Macro: 0.6346, Val F1 Micro: 0.6465, Val RMSE: 1.2120, 
Test Loss: 0.7668, Test Acc: 0.6633, Test F1 Macro: 0.6424, Test F1 Micro: 0.6606, Test RMSE: 1.1318

Epoch [14/20], Time: 2.06s, 
Train Loss: 1.1376, Train Acc: 0.5090, Train F1 Macro: 0.4706, Train F1 Micro: 0.5016, Train RMSE: 1.3949, 
Val Loss: 0.8205, Val Acc: 0.6495, Val F1 Macro: 0.6351, Val F1 Micro: 0.6467, Val RMSE: 1.2122, 
Test Loss: 0.7676, Test Acc: 0.6620, Test F1 Macro: 0.6427, Test F1 Micro: 0.6607, Test RMSE: 1.1323

Epoch [15/20], Time: 2.07s, 
Train Loss: 1.1338, Train Acc: 0.5085, Train F1 Macro: 0.4714, Train F1 Micro: 0.5020, Train RMSE: 1.3943, 
Val Loss: 0.8186, Val Acc: 0.6487, Val F1 Macro: 0.6354, Val F1 Micro: 0.6468, Val RMSE: 1.2121, 
Test Loss: 0.7693, Test Acc: 0.6620, Test F1 Macro: 0.6432, Test F1 Micro: 0.6608, Test RMSE: 1.1304

Epoch [16/20], Time: 2.09s, 
Train Loss: 1.1308, Train Acc: 0.5112, Train F1 Macro: 0.4721, Train F1 Micro: 0.5026, Train RMSE: 1.3928, 
Val Loss: 0.8151, Val Acc: 0.6426, Val F1 Macro: 0.6350, Val F1 Micro: 0.6465, Val RMSE: 1.2133, 
Test Loss: 0.7671, Test Acc: 0.6638, Test F1 Macro: 0.6433, Test F1 Micro: 0.6610, Test RMSE: 1.1309

***** Best Result Updated at Epoch 17, Val Loss: 0.8115 *****
Epoch [17/20], Time: 2.32s, 
Train Loss: 1.1400, Train Acc: 0.5088, Train F1 Macro: 0.4727, Train F1 Micro: 0.5030, Train RMSE: 1.3914, 
Val Loss: 0.8115, Val Acc: 0.6474, Val F1 Macro: 0.6352, Val F1 Micro: 0.6466, Val RMSE: 1.2125, 
Test Loss: 0.7606, Test Acc: 0.6633, Test F1 Macro: 0.6436, Test F1 Micro: 0.6611, Test RMSE: 1.1322

***** Best Result Updated at Epoch 18, Val Loss: 0.8115 *****
Epoch [18/20], Time: 2.15s, 
Train Loss: 1.1315, Train Acc: 0.5106, Train F1 Macro: 0.4732, Train F1 Micro: 0.5034, Train RMSE: 1.3911, 
Val Loss: 0.8115, Val Acc: 0.6508, Val F1 Macro: 0.6354, Val F1 Micro: 0.6468, Val RMSE: 1.2126, 
Test Loss: 0.7601, Test Acc: 0.6642, Test F1 Macro: 0.6437, Test F1 Micro: 0.6613, Test RMSE: 1.1319

Epoch [19/20], Time: 2.14s, 
Train Loss: 1.1348, Train Acc: 0.5093, Train F1 Macro: 0.4737, Train F1 Micro: 0.5037, Train RMSE: 1.3917, 
Val Loss: 0.8137, Val Acc: 0.6478, Val F1 Macro: 0.6355, Val F1 Micro: 0.6469, Val RMSE: 1.2122, 
Test Loss: 0.7633, Test Acc: 0.6633, Test F1 Macro: 0.6441, Test F1 Micro: 0.6614, Test RMSE: 1.1301

***** Best Result Updated at Epoch 20, Val Loss: 0.8102 *****
Epoch [20/20], Time: 2.21s, 
Train Loss: 1.1299, Train Acc: 0.5103, Train F1 Macro: 0.4741, Train F1 Micro: 0.5040, Train RMSE: 1.3913, 
Val Loss: 0.8102, Val Acc: 0.6513, Val F1 Macro: 0.6356, Val F1 Micro: 0.6471, Val RMSE: 1.2135, 
Test Loss: 0.7568, Test Acc: 0.6607, Test F1 Macro: 0.6440, Test F1 Micro: 0.6614, Test RMSE: 1.1309

Total Training Time: 41.64s

Test Loss: 0.7568, Test Acc: 0.6607, Test F1 Macro: 0.6423, Test F1 Micro: 0.6607, Test RMSE: 1.1448
===== SEED 13 =====
PyTorch Version : 2.11.0+cu128
cuda
1.7.credibility_wsa_nose.pt
***** Best Result Updated at Epoch 1, Val Loss: 0.9860 *****
Epoch [1/20], Time: 2.30s, 
Train Loss: 1.4357, Train Acc: 0.4183, Train F1 Macro: 0.3484, Train F1 Micro: 0.4183, Train RMSE: 1.4905, 
Val Loss: 0.9860, Val Acc: 0.6430, Val F1 Macro: 0.6308, Val F1 Micro: 0.6430, Val RMSE: 1.2296, 
Test Loss: 0.9294, Test Acc: 0.6559, Test F1 Macro: 0.6316, Test F1 Micro: 0.6559, Test RMSE: 1.1159

***** Best Result Updated at Epoch 2, Val Loss: 0.8811 *****
Epoch [2/20], Time: 2.01s, 
Train Loss: 1.2017, Train Acc: 0.5106, Train F1 Macro: 0.4198, Train F1 Micro: 0.4645, Train RMSE: 1.4224, 
Val Loss: 0.8811, Val Acc: 0.6474, Val F1 Macro: 0.6330, Val F1 Micro: 0.6452, Val RMSE: 1.2225, 
Test Loss: 0.8282, Test Acc: 0.6616, Test F1 Macro: 0.6385, Test F1 Micro: 0.6588, Test RMSE: 1.1145

***** Best Result Updated at Epoch 3, Val Loss: 0.8519 *****
Epoch [3/20], Time: 1.93s, 
Train Loss: 1.1737, Train Acc: 0.5128, Train F1 Macro: 0.4428, Train F1 Micro: 0.4806, Train RMSE: 1.3964, 
Val Loss: 0.8519, Val Acc: 0.6461, Val F1 Macro: 0.6335, Val F1 Micro: 0.6455, Val RMSE: 1.2142, 
Test Loss: 0.7987, Test Acc: 0.6651, Test F1 Macro: 0.6429, Test F1 Micro: 0.6609, Test RMSE: 1.1120

***** Best Result Updated at Epoch 4, Val Loss: 0.8460 *****
Epoch [4/20], Time: 1.93s, 
Train Loss: 1.1618, Train Acc: 0.5100, Train F1 Macro: 0.4530, Train F1 Micro: 0.4879, Train RMSE: 1.3902, 
Val Loss: 0.8460, Val Acc: 0.6426, Val F1 Macro: 0.6328, Val F1 Micro: 0.6448, Val RMSE: 1.2122, 
Test Loss: 0.7807, Test Acc: 0.6629, Test F1 Macro: 0.6441, Test F1 Micro: 0.6614, Test RMSE: 1.1105

Epoch [5/20], Time: 1.91s, 
Train Loss: 1.1553, Train Acc: 0.5121, Train F1 Macro: 0.4599, Train F1 Micro: 0.4928, Train RMSE: 1.3855, 
Val Loss: 0.8530, Val Acc: 0.6482, Val F1 Macro: 0.6328, Val F1 Micro: 0.6455, Val RMSE: 1.2102, 
Test Loss: 0.7865, Test Acc: 0.6642, Test F1 Macro: 0.6443, Test F1 Micro: 0.6619, Test RMSE: 1.1152

***** Best Result Updated at Epoch 6, Val Loss: 0.8363 *****
Epoch [6/20], Time: 1.95s, 
Train Loss: 1.1525, Train Acc: 0.5086, Train F1 Macro: 0.4635, Train F1 Micro: 0.4954, Train RMSE: 1.3826, 
Val Loss: 0.8363, Val Acc: 0.6443, Val F1 Macro: 0.6329, Val F1 Micro: 0.6453, Val RMSE: 1.2133, 
Test Loss: 0.7786, Test Acc: 0.6651, Test F1 Macro: 0.6450, Test F1 Micro: 0.6625, Test RMSE: 1.1149

***** Best Result Updated at Epoch 7, Val Loss: 0.8320 *****
Epoch [7/20], Time: 2.11s, 
Train Loss: 1.1476, Train Acc: 0.5123, Train F1 Macro: 0.4666, Train F1 Micro: 0.4978, Train RMSE: 1.3820, 
Val Loss: 0.8320, Val Acc: 0.6491, Val F1 Macro: 0.6340, Val F1 Micro: 0.6458, Val RMSE: 1.2082, 
Test Loss: 0.7731, Test Acc: 0.6659, Test F1 Macro: 0.6459, Test F1 Micro: 0.6630, Test RMSE: 1.1111

***** Best Result Updated at Epoch 8, Val Loss: 0.8265 *****
Epoch [8/20], Time: 2.00s, 
Train Loss: 1.1447, Train Acc: 0.5104, Train F1 Macro: 0.4688, Train F1 Micro: 0.4994, Train RMSE: 1.3814, 
Val Loss: 0.8265, Val Acc: 0.6421, Val F1 Macro: 0.6337, Val F1 Micro: 0.6454, Val RMSE: 1.2130, 
Test Loss: 0.7682, Test Acc: 0.6677, Test F1 Macro: 0.6468, Test F1 Micro: 0.6635, Test RMSE: 1.1131

***** Best Result Updated at Epoch 9, Val Loss: 0.8262 *****
Epoch [9/20], Time: 2.01s, 
Train Loss: 1.1412, Train Acc: 0.5137, Train F1 Macro: 0.4709, Train F1 Micro: 0.5010, Train RMSE: 1.3809, 
Val Loss: 0.8262, Val Acc: 0.6461, Val F1 Macro: 0.6341, Val F1 Micro: 0.6454, Val RMSE: 1.2151, 
Test Loss: 0.7717, Test Acc: 0.6646, Test F1 Macro: 0.6473, Test F1 Micro: 0.6637, Test RMSE: 1.1148

***** Best Result Updated at Epoch 10, Val Loss: 0.8180 *****
Epoch [10/20], Time: 2.02s, 
Train Loss: 1.1400, Train Acc: 0.5119, Train F1 Macro: 0.4725, Train F1 Micro: 0.5021, Train RMSE: 1.3823, 
Val Loss: 0.8180, Val Acc: 0.6482, Val F1 Macro: 0.6344, Val F1 Micro: 0.6457, Val RMSE: 1.2165, 
Test Loss: 0.7649, Test Acc: 0.6668, Test F1 Macro: 0.6479, Test F1 Micro: 0.6640, Test RMSE: 1.1152

***** Best Result Updated at Epoch 11, Val Loss: 0.8175 *****
Epoch [11/20], Time: 2.04s, 
Train Loss: 1.1395, Train Acc: 0.5127, Train F1 Macro: 0.4737, Train F1 Micro: 0.5030, Train RMSE: 1.3824, 
Val Loss: 0.8175, Val Acc: 0.6443, Val F1 Macro: 0.6343, Val F1 Micro: 0.6456, Val RMSE: 1.2171, 
Test Loss: 0.7643, Test Acc: 0.6690, Test F1 Macro: 0.6486, Test F1 Micro: 0.6644, Test RMSE: 1.1118

Epoch [12/20], Time: 2.19s, 
Train Loss: 1.1377, Train Acc: 0.5085, Train F1 Macro: 0.4743, Train F1 Micro: 0.5035, Train RMSE: 1.3831, 
Val Loss: 0.8178, Val Acc: 0.6508, Val F1 Macro: 0.6350, Val F1 Micro: 0.6460, Val RMSE: 1.2182, 
Test Loss: 0.7660, Test Acc: 0.6738, Test F1 Macro: 0.6495, Test F1 Micro: 0.6652, Test RMSE: 1.1143

***** Best Result Updated at Epoch 13, Val Loss: 0.8151 *****
Epoch [13/20], Time: 2.17s, 
Train Loss: 1.1336, Train Acc: 0.5119, Train F1 Macro: 0.4752, Train F1 Micro: 0.5041, Train RMSE: 1.3830, 
Val Loss: 0.8151, Val Acc: 0.6421, Val F1 Macro: 0.6347, Val F1 Micro: 0.6457, Val RMSE: 1.2185, 
Test Loss: 0.7601, Test Acc: 0.6686, Test F1 Macro: 0.6498, Test F1 Micro: 0.6655, Test RMSE: 1.1129

Epoch [14/20], Time: 2.07s, 
Train Loss: 1.1313, Train Acc: 0.5108, Train F1 Macro: 0.4758, Train F1 Micro: 0.5046, Train RMSE: 1.3832, 
Val Loss: 0.8173, Val Acc: 0.6478, Val F1 Macro: 0.6347, Val F1 Micro: 0.6459, Val RMSE: 1.2169, 
Test Loss: 0.7602, Test Acc: 0.6655, Test F1 Macro: 0.6499, Test F1 Micro: 0.6655, Test RMSE: 1.1125

***** Best Result Updated at Epoch 15, Val Loss: 0.8137 *****
Epoch [15/20], Time: 2.11s, 
Train Loss: 1.1362, Train Acc: 0.5116, Train F1 Macro: 0.4764, Train F1 Micro: 0.5051, Train RMSE: 1.3825, 
Val Loss: 0.8137, Val Acc: 0.6430, Val F1 Macro: 0.6344, Val F1 Micro: 0.6457, Val RMSE: 1.2177, 
Test Loss: 0.7601, Test Acc: 0.6720, Test F1 Macro: 0.6505, Test F1 Micro: 0.6659, Test RMSE: 1.1121

Epoch [16/20], Time: 2.07s, 
Train Loss: 1.1349, Train Acc: 0.5108, Train F1 Macro: 0.4769, Train F1 Micro: 0.5054, Train RMSE: 1.3823, 
Val Loss: 0.8182, Val Acc: 0.6448, Val F1 Macro: 0.6342, Val F1 Micro: 0.6456, Val RMSE: 1.2189, 
Test Loss: 0.7599, Test Acc: 0.6642, Test F1 Macro: 0.6503, Test F1 Micro: 0.6658, Test RMSE: 1.1138

Epoch [17/20], Time: 2.29s, 
Train Loss: 1.1349, Train Acc: 0.5102, Train F1 Macro: 0.4774, Train F1 Micro: 0.5057, Train RMSE: 1.3821, 
Val Loss: 0.8149, Val Acc: 0.6478, Val F1 Macro: 0.6342, Val F1 Micro: 0.6458, Val RMSE: 1.2177, 
Test Loss: 0.7620, Test Acc: 0.6686, Test F1 Macro: 0.6504, Test F1 Micro: 0.6660, Test RMSE: 1.1145

Epoch [18/20], Time: 2.12s, 
Train Loss: 1.1369, Train Acc: 0.5113, Train F1 Macro: 0.4778, Train F1 Micro: 0.5060, Train RMSE: 1.3822, 
Val Loss: 0.8165, Val Acc: 0.6456, Val F1 Macro: 0.6341, Val F1 Micro: 0.6457, Val RMSE: 1.2179, 
Test Loss: 0.7613, Test Acc: 0.6664, Test F1 Macro: 0.6504, Test F1 Micro: 0.6660, Test RMSE: 1.1150

Epoch [19/20], Time: 2.11s, 
Train Loss: 1.1354, Train Acc: 0.5100, Train F1 Macro: 0.4782, Train F1 Micro: 0.5062, Train RMSE: 1.3824, 
Val Loss: 0.8194, Val Acc: 0.6478, Val F1 Macro: 0.6342, Val F1 Micro: 0.6459, Val RMSE: 1.2165, 
Test Loss: 0.7691, Test Acc: 0.6646, Test F1 Macro: 0.6503, Test F1 Micro: 0.6659, Test RMSE: 1.1141

Epoch [20/20], Time: 2.14s, 
Train Loss: 1.1337, Train Acc: 0.5099, Train F1 Macro: 0.4785, Train F1 Micro: 0.5064, Train RMSE: 1.3820, 
Val Loss: 0.8218, Val Acc: 0.6443, Val F1 Macro: 0.6340, Val F1 Micro: 0.6458, Val RMSE: 1.2170, 
Test Loss: 0.7643, Test Acc: 0.6646, Test F1 Macro: 0.6500, Test F1 Micro: 0.6659, Test RMSE: 1.1144

Total Training Time: 41.46s

Test Loss: 0.7601, Test Acc: 0.6720, Test F1 Macro: 0.6585, Test F1 Micro: 0.6720, Test RMSE: 1.1071
===== SEED 77 =====
PyTorch Version : 2.11.0+cu128
cuda
1.7.credibility_wsa_nose.pt
***** Best Result Updated at Epoch 1, Val Loss: 1.0551 *****
Epoch [1/20], Time: 2.31s, 
Train Loss: 1.4459, Train Acc: 0.4128, Train F1 Macro: 0.3244, Train F1 Micro: 0.4128, Train RMSE: 1.4601, 
Val Loss: 1.0551, Val Acc: 0.6426, Val F1 Macro: 0.6265, Val F1 Micro: 0.6426, Val RMSE: 1.1810, 
Test Loss: 0.9957, Test Acc: 0.6590, Test F1 Macro: 0.6403, Test F1 Micro: 0.6590, Test RMSE: 1.0735

***** Best Result Updated at Epoch 2, Val Loss: 0.8847 *****
Epoch [2/20], Time: 2.03s, 
Train Loss: 1.2114, Train Acc: 0.5053, Train F1 Macro: 0.4075, Train F1 Micro: 0.4590, Train RMSE: 1.4024, 
Val Loss: 0.8847, Val Acc: 0.6500, Val F1 Macro: 0.6321, Val F1 Micro: 0.6463, Val RMSE: 1.1793, 
Test Loss: 0.8220, Test Acc: 0.6651, Test F1 Macro: 0.6445, Test F1 Micro: 0.6620, Test RMSE: 1.0857

***** Best Result Updated at Epoch 3, Val Loss: 0.8617 *****
Epoch [3/20], Time: 1.94s, 
Train Loss: 1.1774, Train Acc: 0.5075, Train F1 Macro: 0.4328, Train F1 Micro: 0.4752, Train RMSE: 1.3938, 
Val Loss: 0.8617, Val Acc: 0.6474, Val F1 Macro: 0.6331, Val F1 Micro: 0.6466, Val RMSE: 1.1871, 
Test Loss: 0.8073, Test Acc: 0.6638, Test F1 Macro: 0.6449, Test F1 Micro: 0.6626, Test RMSE: 1.1012

***** Best Result Updated at Epoch 4, Val Loss: 0.8480 *****
Epoch [4/20], Time: 1.94s, 
Train Loss: 1.1686, Train Acc: 0.5039, Train F1 Macro: 0.4431, Train F1 Micro: 0.4824, Train RMSE: 1.3915, 
Val Loss: 0.8480, Val Acc: 0.6421, Val F1 Macro: 0.6333, Val F1 Micro: 0.6455, Val RMSE: 1.1920, 
Test Loss: 0.7955, Test Acc: 0.6638, Test F1 Macro: 0.6446, Test F1 Micro: 0.6629, Test RMSE: 1.0959

***** Best Result Updated at Epoch 5, Val Loss: 0.8433 *****
Epoch [5/20], Time: 1.96s, 
Train Loss: 1.1630, Train Acc: 0.5051, Train F1 Macro: 0.4498, Train F1 Micro: 0.4869, Train RMSE: 1.3862, 
Val Loss: 0.8433, Val Acc: 0.6448, Val F1 Macro: 0.6335, Val F1 Micro: 0.6454, Val RMSE: 1.1995, 
Test Loss: 0.7890, Test Acc: 0.6690, Test F1 Macro: 0.6453, Test F1 Micro: 0.6641, Test RMSE: 1.0988

***** Best Result Updated at Epoch 6, Val Loss: 0.8403 *****
Epoch [6/20], Time: 1.96s, 
Train Loss: 1.1591, Train Acc: 0.5076, Train F1 Macro: 0.4548, Train F1 Micro: 0.4904, Train RMSE: 1.3862, 
Val Loss: 0.8403, Val Acc: 0.6439, Val F1 Macro: 0.6326, Val F1 Micro: 0.6451, Val RMSE: 1.2036, 
Test Loss: 0.7861, Test Acc: 0.6646, Test F1 Macro: 0.6453, Test F1 Micro: 0.6642, Test RMSE: 1.1010

***** Best Result Updated at Epoch 7, Val Loss: 0.8359 *****
Epoch [7/20], Time: 2.19s, 
Train Loss: 1.1530, Train Acc: 0.5084, Train F1 Macro: 0.4586, Train F1 Micro: 0.4930, Train RMSE: 1.3815, 
Val Loss: 0.8359, Val Acc: 0.6465, Val F1 Macro: 0.6334, Val F1 Micro: 0.6453, Val RMSE: 1.2013, 
Test Loss: 0.7805, Test Acc: 0.6668, Test F1 Macro: 0.6464, Test F1 Micro: 0.6646, Test RMSE: 1.1029

***** Best Result Updated at Epoch 8, Val Loss: 0.8357 *****
Epoch [8/20], Time: 2.01s, 
Train Loss: 1.1529, Train Acc: 0.5075, Train F1 Macro: 0.4614, Train F1 Micro: 0.4948, Train RMSE: 1.3808, 
Val Loss: 0.8357, Val Acc: 0.6439, Val F1 Macro: 0.6332, Val F1 Micro: 0.6451, Val RMSE: 1.2025, 
Test Loss: 0.7759, Test Acc: 0.6659, Test F1 Macro: 0.6467, Test F1 Micro: 0.6647, Test RMSE: 1.1009

***** Best Result Updated at Epoch 9, Val Loss: 0.8329 *****
Epoch [9/20], Time: 2.01s, 
Train Loss: 1.1456, Train Acc: 0.5115, Train F1 Macro: 0.4641, Train F1 Micro: 0.4966, Train RMSE: 1.3792, 
Val Loss: 0.8329, Val Acc: 0.6539, Val F1 Macro: 0.6345, Val F1 Micro: 0.6461, Val RMSE: 1.2012, 
Test Loss: 0.7760, Test Acc: 0.6659, Test F1 Macro: 0.6471, Test F1 Micro: 0.6649, Test RMSE: 1.1019

***** Best Result Updated at Epoch 10, Val Loss: 0.8289 *****
Epoch [10/20], Time: 2.03s, 
Train Loss: 1.1496, Train Acc: 0.5064, Train F1 Macro: 0.4655, Train F1 Micro: 0.4976, Train RMSE: 1.3799, 
Val Loss: 0.8289, Val Acc: 0.6474, Val F1 Macro: 0.6347, Val F1 Micro: 0.6462, Val RMSE: 1.2008, 
Test Loss: 0.7742, Test Acc: 0.6694, Test F1 Macro: 0.6480, Test F1 Micro: 0.6653, Test RMSE: 1.0993

***** Best Result Updated at Epoch 11, Val Loss: 0.8227 *****
Epoch [11/20], Time: 2.04s, 
Train Loss: 1.1395, Train Acc: 0.5082, Train F1 Macro: 0.4668, Train F1 Micro: 0.4986, Train RMSE: 1.3803, 
Val Loss: 0.8227, Val Acc: 0.6478, Val F1 Macro: 0.6347, Val F1 Micro: 0.6464, Val RMSE: 1.2004, 
Test Loss: 0.7644, Test Acc: 0.6681, Test F1 Macro: 0.6482, Test F1 Micro: 0.6656, Test RMSE: 1.1030

***** Best Result Updated at Epoch 12, Val Loss: 0.8210 *****
Epoch [12/20], Time: 2.21s, 
Train Loss: 1.1401, Train Acc: 0.5100, Train F1 Macro: 0.4682, Train F1 Micro: 0.4995, Train RMSE: 1.3790, 
Val Loss: 0.8210, Val Acc: 0.6474, Val F1 Macro: 0.6346, Val F1 Micro: 0.6465, Val RMSE: 1.2029, 
Test Loss: 0.7673, Test Acc: 0.6686, Test F1 Macro: 0.6484, Test F1 Micro: 0.6658, Test RMSE: 1.1064

Epoch [13/20], Time: 2.05s, 
Train Loss: 1.1452, Train Acc: 0.5017, Train F1 Macro: 0.4685, Train F1 Micro: 0.4997, Train RMSE: 1.3811, 
Val Loss: 0.8244, Val Acc: 0.6491, Val F1 Macro: 0.6350, Val F1 Micro: 0.6467, Val RMSE: 1.2044, 
Test Loss: 0.7750, Test Acc: 0.6598, Test F1 Macro: 0.6484, Test F1 Micro: 0.6654, Test RMSE: 1.1086

Epoch [14/20], Time: 2.06s, 
Train Loss: 1.1398, Train Acc: 0.5087, Train F1 Macro: 0.4696, Train F1 Micro: 0.5003, Train RMSE: 1.3813, 
Val Loss: 0.8229, Val Acc: 0.6452, Val F1 Macro: 0.6349, Val F1 Micro: 0.6466, Val RMSE: 1.2062, 
Test Loss: 0.7708, Test Acc: 0.6655, Test F1 Macro: 0.6485, Test F1 Micro: 0.6654, Test RMSE: 1.1096

Epoch [15/20], Time: 2.08s, 
Train Loss: 1.1369, Train Acc: 0.5097, Train F1 Macro: 0.4704, Train F1 Micro: 0.5010, Train RMSE: 1.3822, 
Val Loss: 0.8263, Val Acc: 0.6448, Val F1 Macro: 0.6349, Val F1 Micro: 0.6464, Val RMSE: 1.2044, 
Test Loss: 0.7731, Test Acc: 0.6616, Test F1 Macro: 0.6483, Test F1 Micro: 0.6651, Test RMSE: 1.1089

***** Best Result Updated at Epoch 16, Val Loss: 0.8200 *****
Epoch [16/20], Time: 2.12s, 
Train Loss: 1.1376, Train Acc: 0.5083, Train F1 Macro: 0.4710, Train F1 Micro: 0.5014, Train RMSE: 1.3813, 
Val Loss: 0.8200, Val Acc: 0.6465, Val F1 Macro: 0.6350, Val F1 Micro: 0.6464, Val RMSE: 1.2051, 
Test Loss: 0.7717, Test Acc: 0.6638, Test F1 Macro: 0.6484, Test F1 Micro: 0.6650, Test RMSE: 1.1109

***** Best Result Updated at Epoch 17, Val Loss: 0.8196 *****
Epoch [17/20], Time: 2.33s, 
Train Loss: 1.1376, Train Acc: 0.5101, Train F1 Macro: 0.4718, Train F1 Micro: 0.5019, Train RMSE: 1.3819, 
Val Loss: 0.8196, Val Acc: 0.6504, Val F1 Macro: 0.6351, Val F1 Micro: 0.6467, Val RMSE: 1.2053, 
Test Loss: 0.7672, Test Acc: 0.6638, Test F1 Macro: 0.6482, Test F1 Micro: 0.6650, Test RMSE: 1.1122

***** Best Result Updated at Epoch 18, Val Loss: 0.8190 *****
Epoch [18/20], Time: 2.12s, 
Train Loss: 1.1357, Train Acc: 0.5118, Train F1 Macro: 0.4726, Train F1 Micro: 0.5025, Train RMSE: 1.3827, 
Val Loss: 0.8190, Val Acc: 0.6456, Val F1 Macro: 0.6350, Val F1 Micro: 0.6466, Val RMSE: 1.2068, 
Test Loss: 0.7718, Test Acc: 0.6594, Test F1 Macro: 0.6478, Test F1 Micro: 0.6647, Test RMSE: 1.1143

***** Best Result Updated at Epoch 19, Val Loss: 0.8163 *****
Epoch [19/20], Time: 2.14s, 
Train Loss: 1.1377, Train Acc: 0.5122, Train F1 Macro: 0.4733, Train F1 Micro: 0.5030, Train RMSE: 1.3829, 
Val Loss: 0.8163, Val Acc: 0.6513, Val F1 Macro: 0.6353, Val F1 Micro: 0.6469, Val RMSE: 1.2059, 
Test Loss: 0.7628, Test Acc: 0.6681, Test F1 Macro: 0.6482, Test F1 Micro: 0.6648, Test RMSE: 1.1140

Epoch [20/20], Time: 2.13s, 
Train Loss: 1.1415, Train Acc: 0.5060, Train F1 Macro: 0.4736, Train F1 Micro: 0.5031, Train RMSE: 1.3833, 
Val Loss: 0.8197, Val Acc: 0.6508, Val F1 Macro: 0.6355, Val F1 Micro: 0.6471, Val RMSE: 1.2057, 
Test Loss: 0.7652, Test Acc: 0.6638, Test F1 Macro: 0.6481, Test F1 Micro: 0.6648, Test RMSE: 1.1150

Total Training Time: 41.67s

Test Loss: 0.7628, Test Acc: 0.6681, Test F1 Macro: 0.6543, Test F1 Micro: 0.6681, Test RMSE: 1.1088
===== SEED 123 =====
PyTorch Version : 2.11.0+cu128
cuda
1.7.credibility_wsa_nose.pt
***** Best Result Updated at Epoch 1, Val Loss: 1.0454 *****
Epoch [1/20], Time: 2.34s, 
Train Loss: 1.4689, Train Acc: 0.4048, Train F1 Macro: 0.3180, Train F1 Micro: 0.4048, Train RMSE: 1.4750, 
Val Loss: 1.0454, Val Acc: 0.6378, Val F1 Macro: 0.6237, Val F1 Micro: 0.6378, Val RMSE: 1.1656, 
Test Loss: 0.9881, Test Acc: 0.6555, Test F1 Macro: 0.6394, Test F1 Micro: 0.6555, Test RMSE: 1.0822

***** Best Result Updated at Epoch 2, Val Loss: 0.8946 *****
Epoch [2/20], Time: 2.14s, 
Train Loss: 1.2252, Train Acc: 0.5047, Train F1 Macro: 0.4039, Train F1 Micro: 0.4547, Train RMSE: 1.4144, 
Val Loss: 0.8946, Val Acc: 0.6452, Val F1 Macro: 0.6294, Val F1 Micro: 0.6415, Val RMSE: 1.1748, 
Test Loss: 0.8377, Test Acc: 0.6607, Test F1 Macro: 0.6395, Test F1 Micro: 0.6581, Test RMSE: 1.0787

***** Best Result Updated at Epoch 3, Val Loss: 0.8609 *****
Epoch [3/20], Time: 1.99s, 
Train Loss: 1.1833, Train Acc: 0.5086, Train F1 Macro: 0.4311, Train F1 Micro: 0.4727, Train RMSE: 1.3995, 
Val Loss: 0.8609, Val Acc: 0.6478, Val F1 Macro: 0.6317, Val F1 Micro: 0.6436, Val RMSE: 1.1924, 
Test Loss: 0.8063, Test Acc: 0.6607, Test F1 Macro: 0.6395, Test F1 Micro: 0.6590, Test RMSE: 1.0907

***** Best Result Updated at Epoch 4, Val Loss: 0.8549 *****
Epoch [4/20], Time: 2.02s, 
Train Loss: 1.1691, Train Acc: 0.5115, Train F1 Macro: 0.4447, Train F1 Micro: 0.4824, Train RMSE: 1.3913, 
Val Loss: 0.8549, Val Acc: 0.6495, Val F1 Macro: 0.6340, Val F1 Micro: 0.6451, Val RMSE: 1.1930, 
Test Loss: 0.7989, Test Acc: 0.6625, Test F1 Macro: 0.6413, Test F1 Micro: 0.6598, Test RMSE: 1.0927

***** Best Result Updated at Epoch 5, Val Loss: 0.8477 *****
Epoch [5/20], Time: 2.02s, 
Train Loss: 1.1661, Train Acc: 0.5093, Train F1 Macro: 0.4521, Train F1 Micro: 0.4878, Train RMSE: 1.3870, 
Val Loss: 0.8477, Val Acc: 0.6434, Val F1 Macro: 0.6340, Val F1 Micro: 0.6448, Val RMSE: 1.1928, 
Test Loss: 0.7978, Test Acc: 0.6620, Test F1 Macro: 0.6426, Test F1 Micro: 0.6603, Test RMSE: 1.0958

***** Best Result Updated at Epoch 6, Val Loss: 0.8419 *****
Epoch [6/20], Time: 2.04s, 
Train Loss: 1.1673, Train Acc: 0.5074, Train F1 Macro: 0.4567, Train F1 Micro: 0.4911, Train RMSE: 1.3814, 
Val Loss: 0.8419, Val Acc: 0.6434, Val F1 Macro: 0.6343, Val F1 Micro: 0.6445, Val RMSE: 1.1910, 
Test Loss: 0.7920, Test Acc: 0.6564, Test F1 Macro: 0.6425, Test F1 Micro: 0.6596, Test RMSE: 1.0981

***** Best Result Updated at Epoch 7, Val Loss: 0.8369 *****
Epoch [7/20], Time: 2.18s, 
Train Loss: 1.1595, Train Acc: 0.5094, Train F1 Macro: 0.4604, Train F1 Micro: 0.4937, Train RMSE: 1.3775, 
Val Loss: 0.8369, Val Acc: 0.6452, Val F1 Macro: 0.6341, Val F1 Micro: 0.6446, Val RMSE: 1.1969, 
Test Loss: 0.7826, Test Acc: 0.6681, Test F1 Macro: 0.6438, Test F1 Micro: 0.6608, Test RMSE: 1.0995

***** Best Result Updated at Epoch 8, Val Loss: 0.8345 *****
Epoch [8/20], Time: 2.07s, 
Train Loss: 1.1532, Train Acc: 0.5092, Train F1 Macro: 0.4631, Train F1 Micro: 0.4956, Train RMSE: 1.3752, 
Val Loss: 0.8345, Val Acc: 0.6469, Val F1 Macro: 0.6345, Val F1 Micro: 0.6449, Val RMSE: 1.1999, 
Test Loss: 0.7776, Test Acc: 0.6672, Test F1 Macro: 0.6449, Test F1 Micro: 0.6616, Test RMSE: 1.1000

***** Best Result Updated at Epoch 9, Val Loss: 0.8295 *****
Epoch [9/20], Time: 2.08s, 
Train Loss: 1.1505, Train Acc: 0.5069, Train F1 Macro: 0.4648, Train F1 Micro: 0.4969, Train RMSE: 1.3728, 
Val Loss: 0.8295, Val Acc: 0.6456, Val F1 Macro: 0.6345, Val F1 Micro: 0.6450, Val RMSE: 1.1999, 
Test Loss: 0.7811, Test Acc: 0.6681, Test F1 Macro: 0.6456, Test F1 Micro: 0.6624, Test RMSE: 1.1010

***** Best Result Updated at Epoch 10, Val Loss: 0.8239 *****
Epoch [10/20], Time: 2.11s, 
Train Loss: 1.1432, Train Acc: 0.5154, Train F1 Macro: 0.4671, Train F1 Micro: 0.4987, Train RMSE: 1.3698, 
Val Loss: 0.8239, Val Acc: 0.6426, Val F1 Macro: 0.6341, Val F1 Micro: 0.6448, Val RMSE: 1.2035, 
Test Loss: 0.7730, Test Acc: 0.6616, Test F1 Macro: 0.6454, Test F1 Micro: 0.6623, Test RMSE: 1.1021

***** Best Result Updated at Epoch 11, Val Loss: 0.8220 *****
Epoch [11/20], Time: 2.12s, 
Train Loss: 1.1483, Train Acc: 0.5112, Train F1 Macro: 0.4686, Train F1 Micro: 0.4999, Train RMSE: 1.3689, 
Val Loss: 0.8220, Val Acc: 0.6482, Val F1 Macro: 0.6343, Val F1 Micro: 0.6451, Val RMSE: 1.2056, 
Test Loss: 0.7708, Test Acc: 0.6642, Test F1 Macro: 0.6454, Test F1 Micro: 0.6625, Test RMSE: 1.1034

Epoch [12/20], Time: 2.23s, 
Train Loss: 1.1445, Train Acc: 0.5072, Train F1 Macro: 0.4696, Train F1 Micro: 0.5005, Train RMSE: 1.3699, 
Val Loss: 0.8227, Val Acc: 0.6417, Val F1 Macro: 0.6340, Val F1 Micro: 0.6448, Val RMSE: 1.2039, 
Test Loss: 0.7658, Test Acc: 0.6633, Test F1 Macro: 0.6458, Test F1 Micro: 0.6625, Test RMSE: 1.1042

Epoch [13/20], Time: 2.09s, 
Train Loss: 1.1368, Train Acc: 0.5123, Train F1 Macro: 0.4708, Train F1 Micro: 0.5014, Train RMSE: 1.3693, 
Val Loss: 0.8239, Val Acc: 0.6474, Val F1 Macro: 0.6343, Val F1 Micro: 0.6450, Val RMSE: 1.2031, 
Test Loss: 0.7694, Test Acc: 0.6620, Test F1 Macro: 0.6461, Test F1 Micro: 0.6625, Test RMSE: 1.1023

Epoch [14/20], Time: 2.11s, 
Train Loss: 1.1367, Train Acc: 0.5113, Train F1 Macro: 0.4718, Train F1 Micro: 0.5021, Train RMSE: 1.3705, 
Val Loss: 0.8243, Val Acc: 0.6434, Val F1 Macro: 0.6338, Val F1 Micro: 0.6449, Val RMSE: 1.2068, 
Test Loss: 0.7675, Test Acc: 0.6638, Test F1 Macro: 0.6457, Test F1 Micro: 0.6626, Test RMSE: 1.1047

***** Best Result Updated at Epoch 15, Val Loss: 0.8179 *****
Epoch [15/20], Time: 2.15s, 
Train Loss: 1.1395, Train Acc: 0.5112, Train F1 Macro: 0.4725, Train F1 Micro: 0.5027, Train RMSE: 1.3708, 
Val Loss: 0.8179, Val Acc: 0.6491, Val F1 Macro: 0.6340, Val F1 Micro: 0.6452, Val RMSE: 1.2083, 
Test Loss: 0.7589, Test Acc: 0.6629, Test F1 Macro: 0.6458, Test F1 Micro: 0.6626, Test RMSE: 1.1068

Epoch [16/20], Time: 2.15s, 
Train Loss: 1.1370, Train Acc: 0.5102, Train F1 Macro: 0.4730, Train F1 Micro: 0.5032, Train RMSE: 1.3712, 
Val Loss: 0.8226, Val Acc: 0.6491, Val F1 Macro: 0.6340, Val F1 Micro: 0.6454, Val RMSE: 1.2096, 
Test Loss: 0.7676, Test Acc: 0.6672, Test F1 Macro: 0.6459, Test F1 Micro: 0.6629, Test RMSE: 1.1069

***** Best Result Updated at Epoch 17, Val Loss: 0.8162 *****
Epoch [17/20], Time: 2.38s, 
Train Loss: 1.1387, Train Acc: 0.5082, Train F1 Macro: 0.4735, Train F1 Micro: 0.5035, Train RMSE: 1.3719, 
Val Loss: 0.8162, Val Acc: 0.6426, Val F1 Macro: 0.6339, Val F1 Micro: 0.6452, Val RMSE: 1.2112, 
Test Loss: 0.7609, Test Acc: 0.6690, Test F1 Macro: 0.6463, Test F1 Micro: 0.6633, Test RMSE: 1.1077

Epoch [18/20], Time: 2.19s, 
Train Loss: 1.1375, Train Acc: 0.5076, Train F1 Macro: 0.4738, Train F1 Micro: 0.5037, Train RMSE: 1.3731, 
Val Loss: 0.8191, Val Acc: 0.6461, Val F1 Macro: 0.6338, Val F1 Micro: 0.6453, Val RMSE: 1.2133, 
Test Loss: 0.7622, Test Acc: 0.6646, Test F1 Macro: 0.6463, Test F1 Micro: 0.6633, Test RMSE: 1.1080

Epoch [19/20], Time: 2.19s, 
Train Loss: 1.1369, Train Acc: 0.5128, Train F1 Macro: 0.4744, Train F1 Micro: 0.5042, Train RMSE: 1.3734, 
Val Loss: 0.8212, Val Acc: 0.6456, Val F1 Macro: 0.6337, Val F1 Micro: 0.6453, Val RMSE: 1.2134, 
Test Loss: 0.7654, Test Acc: 0.6638, Test F1 Macro: 0.6459, Test F1 Micro: 0.6634, Test RMSE: 1.1083

***** Best Result Updated at Epoch 20, Val Loss: 0.8134 *****
Epoch [20/20], Time: 2.23s, 
Train Loss: 1.1356, Train Acc: 0.5117, Train F1 Macro: 0.4749, Train F1 Micro: 0.5045, Train RMSE: 1.3733, 
Val Loss: 0.8134, Val Acc: 0.6400, Val F1 Macro: 0.6336, Val F1 Micro: 0.6450, Val RMSE: 1.2163, 
Test Loss: 0.7581, Test Acc: 0.6620, Test F1 Macro: 0.6458, Test F1 Micro: 0.6633, Test RMSE: 1.1111

Total Training Time: 42.83s

Test Loss: 0.7581, Test Acc: 0.6620, Test F1 Macro: 0.6449, Test F1 Micro: 0.6620, Test RMSE: 1.1622
