===== SEED 42 =====
PyTorch Version : 2.11.0+cu128
cuda
1.7.credibility.pt
***** Best Result Updated at Epoch 1, Val Loss: 1.5897 *****
Epoch [1/20], Time: 2.42s, 
Train Loss: 1.6091, Train Acc: 0.3040, Train F1 Macro: 0.1752, Train F1 Micro: 0.3040, Train RMSE: 1.7556, 
Val Loss: 1.5897, Val Acc: 0.3126, Val F1 Macro: 0.1809, Val F1 Micro: 0.3126, Val RMSE: 1.7300, 
Test Loss: 1.5637, Test Acc: 0.3236, Test F1 Macro: 0.1752, Test F1 Micro: 0.3236, Test RMSE: 1.7008

***** Best Result Updated at Epoch 2, Val Loss: 1.5805 *****
Epoch [2/20], Time: 2.02s, 
Train Loss: 1.5759, Train Acc: 0.3174, Train F1 Macro: 0.1938, Train F1 Micro: 0.3107, Train RMSE: 1.7194, 
Val Loss: 1.5805, Val Acc: 0.3239, Val F1 Macro: 0.2175, Val F1 Micro: 0.3182, Val RMSE: 1.7273, 
Test Loss: 1.5546, Test Acc: 0.3328, Test F1 Macro: 0.2147, Test F1 Micro: 0.3282, Test RMSE: 1.6946

Epoch [3/20], Time: 2.08s, 
Train Loss: 1.5716, Train Acc: 0.3205, Train F1 Macro: 0.2057, Train F1 Micro: 0.3140, Train RMSE: 1.7061, 
Val Loss: 1.5817, Val Acc: 0.3283, Val F1 Macro: 0.2249, Val F1 Micro: 0.3216, Val RMSE: 1.6803, 
Test Loss: 1.5566, Test Acc: 0.3262, Test F1 Macro: 0.2192, Test F1 Micro: 0.3275, Test RMSE: 1.6541

Epoch [4/20], Time: 1.96s, 
Train Loss: 1.5711, Train Acc: 0.3239, Train F1 Macro: 0.2130, Train F1 Micro: 0.3165, Train RMSE: 1.6988, 
Val Loss: 1.5818, Val Acc: 0.3326, Val F1 Macro: 0.2304, Val F1 Micro: 0.3243, Val RMSE: 1.6655, 
Test Loss: 1.5487, Test Acc: 0.3341, Test F1 Macro: 0.2245, Test F1 Micro: 0.3292, Test RMSE: 1.6383

***** Best Result Updated at Epoch 5, Val Loss: 1.5759 *****
Epoch [5/20], Time: 2.05s, 
Train Loss: 1.5692, Train Acc: 0.3236, Train F1 Macro: 0.2154, Train F1 Micro: 0.3179, Train RMSE: 1.6920, 
Val Loss: 1.5759, Val Acc: 0.3352, Val F1 Macro: 0.2314, Val F1 Micro: 0.3265, Val RMSE: 1.6638, 
Test Loss: 1.5507, Test Acc: 0.3332, Test F1 Macro: 0.2243, Test F1 Micro: 0.3300, Test RMSE: 1.6411

Epoch [6/20], Time: 2.02s, 
Train Loss: 1.5693, Train Acc: 0.3203, Train F1 Macro: 0.2166, Train F1 Micro: 0.3183, Train RMSE: 1.6838, 
Val Loss: 1.5813, Val Acc: 0.3335, Val F1 Macro: 0.2354, Val F1 Micro: 0.3277, Val RMSE: 1.6786, 
Test Loss: 1.5572, Test Acc: 0.3284, Test F1 Macro: 0.2274, Test F1 Micro: 0.3297, Test RMSE: 1.6603

Epoch [7/20], Time: 2.06s, 
Train Loss: 1.5701, Train Acc: 0.3211, Train F1 Macro: 0.2200, Train F1 Micro: 0.3187, Train RMSE: 1.6802, 
Val Loss: 1.5840, Val Acc: 0.3361, Val F1 Macro: 0.2397, Val F1 Micro: 0.3289, Val RMSE: 1.6802, 
Test Loss: 1.5573, Test Acc: 0.3345, Test F1 Macro: 0.2315, Test F1 Micro: 0.3304, Test RMSE: 1.6611

Epoch [8/20], Time: 2.19s, 
Train Loss: 1.5698, Train Acc: 0.3251, Train F1 Macro: 0.2212, Train F1 Micro: 0.3195, Train RMSE: 1.6771, 
Val Loss: 1.5816, Val Acc: 0.3200, Val F1 Macro: 0.2426, Val F1 Micro: 0.3278, Val RMSE: 1.6735, 
Test Loss: 1.5576, Test Acc: 0.3275, Test F1 Macro: 0.2349, Test F1 Micro: 0.3300, Test RMSE: 1.6551

Epoch [9/20], Time: 2.08s, 
Train Loss: 1.5697, Train Acc: 0.3198, Train F1 Macro: 0.2232, Train F1 Micro: 0.3195, Train RMSE: 1.6753, 
Val Loss: 1.5826, Val Acc: 0.3330, Val F1 Macro: 0.2416, Val F1 Micro: 0.3284, Val RMSE: 1.6790, 
Test Loss: 1.5570, Test Acc: 0.3267, Test F1 Macro: 0.2330, Test F1 Micro: 0.3297, Test RMSE: 1.6582

Epoch [10/20], Time: 2.08s, 
Train Loss: 1.5688, Train Acc: 0.3214, Train F1 Macro: 0.2232, Train F1 Micro: 0.3197, Train RMSE: 1.6759, 
Val Loss: 1.5781, Val Acc: 0.3287, Val F1 Macro: 0.2390, Val F1 Micro: 0.3284, Val RMSE: 1.6868, 
Test Loss: 1.5500, Test Acc: 0.3223, Test F1 Macro: 0.2298, Test F1 Micro: 0.3289, Test RMSE: 1.6666

Epoch [11/20], Time: 2.11s, 
Train Loss: 1.5683, Train Acc: 0.3206, Train F1 Macro: 0.2230, Train F1 Micro: 0.3198, Train RMSE: 1.6785, 
Val Loss: 1.5800, Val Acc: 0.3248, Val F1 Macro: 0.2380, Val F1 Micro: 0.3281, Val RMSE: 1.6839, 
Test Loss: 1.5525, Test Acc: 0.3384, Test F1 Macro: 0.2299, Test F1 Micro: 0.3298, Test RMSE: 1.6635

Epoch [12/20], Time: 2.10s, 
Train Loss: 1.5695, Train Acc: 0.3221, Train F1 Macro: 0.2238, Train F1 Micro: 0.3200, Train RMSE: 1.6772, 
Val Loss: 1.5804, Val Acc: 0.3261, Val F1 Macro: 0.2382, Val F1 Micro: 0.3279, Val RMSE: 1.6767, 
Test Loss: 1.5502, Test Acc: 0.3384, Test F1 Macro: 0.2307, Test F1 Micro: 0.3305, Test RMSE: 1.6550

Epoch [13/20], Time: 2.31s, 
Train Loss: 1.5683, Train Acc: 0.3226, Train F1 Macro: 0.2250, Train F1 Micro: 0.3202, Train RMSE: 1.6752, 
Val Loss: 1.5804, Val Acc: 0.3252, Val F1 Macro: 0.2378, Val F1 Micro: 0.3277, Val RMSE: 1.6704, 
Test Loss: 1.5520, Test Acc: 0.3297, Test F1 Macro: 0.2303, Test F1 Micro: 0.3304, Test RMSE: 1.6499

Epoch [14/20], Time: 2.14s, 
Train Loss: 1.5658, Train Acc: 0.3235, Train F1 Macro: 0.2258, Train F1 Micro: 0.3204, Train RMSE: 1.6726, 
Val Loss: 1.5794, Val Acc: 0.3300, Val F1 Macro: 0.2378, Val F1 Micro: 0.3278, Val RMSE: 1.6684, 
Test Loss: 1.5515, Test Acc: 0.3288, Test F1 Macro: 0.2299, Test F1 Micro: 0.3303, Test RMSE: 1.6485

Epoch [15/20], Time: 2.22s, 
Train Loss: 1.5690, Train Acc: 0.3203, Train F1 Macro: 0.2261, Train F1 Micro: 0.3204, Train RMSE: 1.6715, 
Val Loss: 1.5835, Val Acc: 0.3296, Val F1 Macro: 0.2383, Val F1 Micro: 0.3280, Val RMSE: 1.6666, 
Test Loss: 1.5545, Test Acc: 0.3306, Test F1 Macro: 0.2301, Test F1 Micro: 0.3303, Test RMSE: 1.6476

Epoch [16/20], Time: 2.17s, 
Train Loss: 1.5695, Train Acc: 0.3217, Train F1 Macro: 0.2262, Train F1 Micro: 0.3205, Train RMSE: 1.6699, 
Val Loss: 1.5828, Val Acc: 0.3357, Val F1 Macro: 0.2400, Val F1 Micro: 0.3284, Val RMSE: 1.6636, 
Test Loss: 1.5529, Test Acc: 0.3301, Test F1 Macro: 0.2309, Test F1 Micro: 0.3303, Test RMSE: 1.6452

Epoch [17/20], Time: 2.18s, 
Train Loss: 1.5644, Train Acc: 0.3274, Train F1 Macro: 0.2265, Train F1 Micro: 0.3209, Train RMSE: 1.6682, 
Val Loss: 1.5788, Val Acc: 0.3339, Val F1 Macro: 0.2398, Val F1 Micro: 0.3288, Val RMSE: 1.6633, 
Test Loss: 1.5515, Test Acc: 0.3306, Test F1 Macro: 0.2305, Test F1 Micro: 0.3303, Test RMSE: 1.6450

Epoch [18/20], Time: 2.46s, 
Train Loss: 1.5657, Train Acc: 0.3223, Train F1 Macro: 0.2269, Train F1 Micro: 0.3210, Train RMSE: 1.6675, 
Val Loss: 1.5795, Val Acc: 0.3226, Val F1 Macro: 0.2404, Val F1 Micro: 0.3284, Val RMSE: 1.6579, 
Test Loss: 1.5517, Test Acc: 0.3297, Test F1 Macro: 0.2310, Test F1 Micro: 0.3303, Test RMSE: 1.6402

Epoch [19/20], Time: 2.16s, 
Train Loss: 1.5639, Train Acc: 0.3257, Train F1 Macro: 0.2280, Train F1 Micro: 0.3212, Train RMSE: 1.6668, 
Val Loss: 1.5787, Val Acc: 0.3230, Val F1 Macro: 0.2413, Val F1 Micro: 0.3281, Val RMSE: 1.6557, 
Test Loss: 1.5536, Test Acc: 0.3341, Test F1 Macro: 0.2322, Test F1 Micro: 0.3305, Test RMSE: 1.6382

Epoch [20/20], Time: 2.16s, 
Train Loss: 1.5659, Train Acc: 0.3235, Train F1 Macro: 0.2284, Train F1 Micro: 0.3214, Train RMSE: 1.6648, 
Val Loss: 1.5804, Val Acc: 0.3152, Val F1 Macro: 0.2392, Val F1 Micro: 0.3275, Val RMSE: 1.6586, 
Test Loss: 1.5525, Test Acc: 0.3262, Test F1 Macro: 0.2306, Test F1 Micro: 0.3303, Test RMSE: 1.6412

Total Training Time: 42.97s

Test Loss: 1.5507, Test Acc: 0.3332, Test F1 Macro: 0.2208, Test F1 Micro: 0.3332, Test RMSE: 1.6523
===== SEED 7 =====
PyTorch Version : 2.11.0+cu128
cuda
1.7.credibility.pt
***** Best Result Updated at Epoch 1, Val Loss: 1.5872 *****
Epoch [1/20], Time: 2.23s, 
Train Loss: 1.6140, Train Acc: 0.3064, Train F1 Macro: 0.1607, Train F1 Micro: 0.3064, Train RMSE: 1.7585, 
Val Loss: 1.5872, Val Acc: 0.3121, Val F1 Macro: 0.1735, Val F1 Micro: 0.3121, Val RMSE: 1.6778, 
Test Loss: 1.5626, Test Acc: 0.3258, Test F1 Macro: 0.1764, Test F1 Micro: 0.3258, Test RMSE: 1.6651

***** Best Result Updated at Epoch 2, Val Loss: 1.5834 *****
Epoch [2/20], Time: 2.01s, 
Train Loss: 1.5781, Train Acc: 0.3181, Train F1 Macro: 0.1861, Train F1 Micro: 0.3123, Train RMSE: 1.7138, 
Val Loss: 1.5834, Val Acc: 0.3322, Val F1 Macro: 0.2066, Val F1 Micro: 0.3222, Val RMSE: 1.6672, 
Test Loss: 1.5521, Test Acc: 0.3293, Test F1 Macro: 0.1999, Test F1 Micro: 0.3275, Test RMSE: 1.6459

***** Best Result Updated at Epoch 3, Val Loss: 1.5795 *****
Epoch [3/20], Time: 1.88s, 
Train Loss: 1.5717, Train Acc: 0.3206, Train F1 Macro: 0.1974, Train F1 Micro: 0.3150, Train RMSE: 1.6930, 
Val Loss: 1.5795, Val Acc: 0.3274, Val F1 Macro: 0.2201, Val F1 Micro: 0.3239, Val RMSE: 1.6490, 
Test Loss: 1.5493, Test Acc: 0.3319, Test F1 Macro: 0.2123, Test F1 Micro: 0.3290, Test RMSE: 1.6213

***** Best Result Updated at Epoch 4, Val Loss: 1.5790 *****
Epoch [4/20], Time: 1.84s, 
Train Loss: 1.5707, Train Acc: 0.3230, Train F1 Macro: 0.2046, Train F1 Micro: 0.3170, Train RMSE: 1.6877, 
Val Loss: 1.5790, Val Acc: 0.3313, Val F1 Macro: 0.2218, Val F1 Micro: 0.3258, Val RMSE: 1.6514, 
Test Loss: 1.5504, Test Acc: 0.3297, Test F1 Macro: 0.2131, Test F1 Micro: 0.3292, Test RMSE: 1.6262

Epoch [5/20], Time: 1.87s, 
Train Loss: 1.5680, Train Acc: 0.3245, Train F1 Macro: 0.2105, Train F1 Micro: 0.3185, Train RMSE: 1.6788, 
Val Loss: 1.5878, Val Acc: 0.3361, Val F1 Macro: 0.2270, Val F1 Micro: 0.3278, Val RMSE: 1.6603, 
Test Loss: 1.5553, Test Acc: 0.3219, Test F1 Macro: 0.2162, Test F1 Micro: 0.3277, Test RMSE: 1.6374

Epoch [6/20], Time: 1.87s, 
Train Loss: 1.5708, Train Acc: 0.3220, Train F1 Macro: 0.2135, Train F1 Micro: 0.3191, Train RMSE: 1.6772, 
Val Loss: 1.5797, Val Acc: 0.3230, Val F1 Macro: 0.2345, Val F1 Micro: 0.3270, Val RMSE: 1.6545, 
Test Loss: 1.5515, Test Acc: 0.3393, Test F1 Macro: 0.2246, Test F1 Micro: 0.3296, Test RMSE: 1.6307

Epoch [7/20], Time: 2.04s, 
Train Loss: 1.5678, Train Acc: 0.3261, Train F1 Macro: 0.2172, Train F1 Micro: 0.3201, Train RMSE: 1.6754, 
Val Loss: 1.5799, Val Acc: 0.3252, Val F1 Macro: 0.2349, Val F1 Micro: 0.3268, Val RMSE: 1.6494, 
Test Loss: 1.5521, Test Acc: 0.3362, Test F1 Macro: 0.2260, Test F1 Micro: 0.3306, Test RMSE: 1.6231

***** Best Result Updated at Epoch 8, Val Loss: 1.5759 *****
Epoch [8/20], Time: 1.93s, 
Train Loss: 1.5678, Train Acc: 0.3209, Train F1 Macro: 0.2198, Train F1 Micro: 0.3202, Train RMSE: 1.6736, 
Val Loss: 1.5759, Val Acc: 0.3283, Val F1 Macro: 0.2354, Val F1 Micro: 0.3269, Val RMSE: 1.6449, 
Test Loss: 1.5507, Test Acc: 0.3301, Test F1 Macro: 0.2263, Test F1 Micro: 0.3305, Test RMSE: 1.6174

Epoch [9/20], Time: 1.93s, 
Train Loss: 1.5644, Train Acc: 0.3262, Train F1 Macro: 0.2231, Train F1 Micro: 0.3209, Train RMSE: 1.6733, 
Val Loss: 1.5766, Val Acc: 0.3235, Val F1 Macro: 0.2356, Val F1 Micro: 0.3266, Val RMSE: 1.6422, 
Test Loss: 1.5515, Test Acc: 0.3354, Test F1 Macro: 0.2275, Test F1 Micro: 0.3311, Test RMSE: 1.6165

Epoch [10/20], Time: 1.95s, 
Train Loss: 1.5664, Train Acc: 0.3236, Train F1 Macro: 0.2243, Train F1 Micro: 0.3211, Train RMSE: 1.6711, 
Val Loss: 1.5787, Val Acc: 0.3317, Val F1 Macro: 0.2364, Val F1 Micro: 0.3271, Val RMSE: 1.6452, 
Test Loss: 1.5524, Test Acc: 0.3358, Test F1 Macro: 0.2284, Test F1 Micro: 0.3315, Test RMSE: 1.6207

Epoch [11/20], Time: 1.96s, 
Train Loss: 1.5666, Train Acc: 0.3250, Train F1 Macro: 0.2260, Train F1 Micro: 0.3215, Train RMSE: 1.6710, 
Val Loss: 1.5803, Val Acc: 0.3226, Val F1 Macro: 0.2367, Val F1 Micro: 0.3267, Val RMSE: 1.6452, 
Test Loss: 1.5533, Test Acc: 0.3297, Test F1 Macro: 0.2286, Test F1 Micro: 0.3314, Test RMSE: 1.6207

Epoch [12/20], Time: 2.13s, 
Train Loss: 1.5674, Train Acc: 0.3240, Train F1 Macro: 0.2268, Train F1 Micro: 0.3217, Train RMSE: 1.6694, 
Val Loss: 1.5811, Val Acc: 0.3204, Val F1 Macro: 0.2391, Val F1 Micro: 0.3262, Val RMSE: 1.6510, 
Test Loss: 1.5568, Test Acc: 0.3232, Test F1 Macro: 0.2305, Test F1 Micro: 0.3307, Test RMSE: 1.6276

Epoch [13/20], Time: 1.98s, 
Train Loss: 1.5676, Train Acc: 0.3241, Train F1 Macro: 0.2275, Train F1 Micro: 0.3219, Train RMSE: 1.6677, 
Val Loss: 1.5798, Val Acc: 0.3243, Val F1 Macro: 0.2379, Val F1 Micro: 0.3260, Val RMSE: 1.6597, 
Test Loss: 1.5534, Test Acc: 0.3314, Test F1 Macro: 0.2296, Test F1 Micro: 0.3307, Test RMSE: 1.6347

Epoch [14/20], Time: 2.07s, 
Train Loss: 1.5673, Train Acc: 0.3235, Train F1 Macro: 0.2278, Train F1 Micro: 0.3220, Train RMSE: 1.6672, 
Val Loss: 1.5806, Val Acc: 0.3087, Val F1 Macro: 0.2353, Val F1 Micro: 0.3248, Val RMSE: 1.6618, 
Test Loss: 1.5530, Test Acc: 0.3275, Test F1 Macro: 0.2280, Test F1 Micro: 0.3305, Test RMSE: 1.6372

Epoch [15/20], Time: 2.04s, 
Train Loss: 1.5662, Train Acc: 0.3231, Train F1 Macro: 0.2277, Train F1 Micro: 0.3221, Train RMSE: 1.6659, 
Val Loss: 1.5863, Val Acc: 0.3104, Val F1 Macro: 0.2335, Val F1 Micro: 0.3238, Val RMSE: 1.6586, 
Test Loss: 1.5574, Test Acc: 0.3314, Test F1 Macro: 0.2275, Test F1 Micro: 0.3306, Test RMSE: 1.6354

Epoch [16/20], Time: 2.01s, 
Train Loss: 1.5669, Train Acc: 0.3236, Train F1 Macro: 0.2277, Train F1 Micro: 0.3222, Train RMSE: 1.6657, 
Val Loss: 1.5809, Val Acc: 0.3108, Val F1 Macro: 0.2324, Val F1 Micro: 0.3230, Val RMSE: 1.6597, 
Test Loss: 1.5520, Test Acc: 0.3240, Test F1 Macro: 0.2271, Test F1 Micro: 0.3302, Test RMSE: 1.6371

Epoch [17/20], Time: 2.23s, 
Train Loss: 1.5683, Train Acc: 0.3227, Train F1 Macro: 0.2279, Train F1 Micro: 0.3222, Train RMSE: 1.6665, 
Val Loss: 1.5798, Val Acc: 0.3261, Val F1 Macro: 0.2332, Val F1 Micro: 0.3232, Val RMSE: 1.6569, 
Test Loss: 1.5508, Test Acc: 0.3332, Test F1 Macro: 0.2278, Test F1 Micro: 0.3303, Test RMSE: 1.6346

Epoch [18/20], Time: 2.06s, 
Train Loss: 1.5668, Train Acc: 0.3259, Train F1 Macro: 0.2289, Train F1 Micro: 0.3224, Train RMSE: 1.6666, 
Val Loss: 1.5775, Val Acc: 0.3222, Val F1 Macro: 0.2319, Val F1 Micro: 0.3231, Val RMSE: 1.6631, 
Test Loss: 1.5536, Test Acc: 0.3175, Test F1 Macro: 0.2260, Test F1 Micro: 0.3296, Test RMSE: 1.6423

Epoch [19/20], Time: 2.05s, 
Train Loss: 1.5655, Train Acc: 0.3222, Train F1 Macro: 0.2294, Train F1 Micro: 0.3224, Train RMSE: 1.6675, 
Val Loss: 1.5842, Val Acc: 0.3169, Val F1 Macro: 0.2330, Val F1 Micro: 0.3228, Val RMSE: 1.6556, 
Test Loss: 1.5531, Test Acc: 0.3275, Test F1 Macro: 0.2271, Test F1 Micro: 0.3295, Test RMSE: 1.6350

Epoch [20/20], Time: 2.07s, 
Train Loss: 1.5618, Train Acc: 0.3284, Train F1 Macro: 0.2303, Train F1 Micro: 0.3227, Train RMSE: 1.6661, 
Val Loss: 1.5776, Val Acc: 0.3326, Val F1 Macro: 0.2335, Val F1 Micro: 0.3233, Val RMSE: 1.6556, 
Test Loss: 1.5521, Test Acc: 0.3362, Test F1 Macro: 0.2274, Test F1 Micro: 0.3299, Test RMSE: 1.6359

Total Training Time: 40.14s

Test Loss: 1.5507, Test Acc: 0.3301, Test F1 Macro: 0.2281, Test F1 Micro: 0.3301, Test RMSE: 1.5766
===== SEED 13 =====
PyTorch Version : 2.11.0+cu128
cuda
1.7.credibility.pt
***** Best Result Updated at Epoch 1, Val Loss: 1.5899 *****
Epoch [1/20], Time: 2.33s, 
Train Loss: 1.6011, Train Acc: 0.3023, Train F1 Macro: 0.1752, Train F1 Micro: 0.3023, Train RMSE: 1.7474, 
Val Loss: 1.5899, Val Acc: 0.3139, Val F1 Macro: 0.2117, Val F1 Micro: 0.3139, Val RMSE: 1.7113, 
Test Loss: 1.5569, Test Acc: 0.3271, Test F1 Macro: 0.2092, Test F1 Micro: 0.3271, Test RMSE: 1.6723

***** Best Result Updated at Epoch 2, Val Loss: 1.5845 *****
Epoch [2/20], Time: 2.05s, 
Train Loss: 1.5739, Train Acc: 0.3232, Train F1 Macro: 0.2004, Train F1 Micro: 0.3127, Train RMSE: 1.7021, 
Val Loss: 1.5845, Val Acc: 0.3269, Val F1 Macro: 0.2318, Val F1 Micro: 0.3204, Val RMSE: 1.7144, 
Test Loss: 1.5576, Test Acc: 0.3245, Test F1 Macro: 0.2213, Test F1 Micro: 0.3258, Test RMSE: 1.6870

***** Best Result Updated at Epoch 3, Val Loss: 1.5822 *****
Epoch [3/20], Time: 1.88s, 
Train Loss: 1.5730, Train Acc: 0.3211, Train F1 Macro: 0.2086, Train F1 Micro: 0.3155, Train RMSE: 1.6884, 
Val Loss: 1.5822, Val Acc: 0.3274, Val F1 Macro: 0.2372, Val F1 Micro: 0.3227, Val RMSE: 1.6839, 
Test Loss: 1.5506, Test Acc: 0.3284, Test F1 Macro: 0.2278, Test F1 Micro: 0.3267, Test RMSE: 1.6599

***** Best Result Updated at Epoch 4, Val Loss: 1.5781 *****
Epoch [4/20], Time: 1.89s, 
Train Loss: 1.5680, Train Acc: 0.3240, Train F1 Macro: 0.2160, Train F1 Micro: 0.3176, Train RMSE: 1.6799, 
Val Loss: 1.5781, Val Acc: 0.3148, Val F1 Macro: 0.2325, Val F1 Micro: 0.3207, Val RMSE: 1.6844, 
Test Loss: 1.5552, Test Acc: 0.3328, Test F1 Macro: 0.2266, Test F1 Micro: 0.3282, Test RMSE: 1.6616

Epoch [5/20], Time: 1.87s, 
Train Loss: 1.5706, Train Acc: 0.3239, Train F1 Macro: 0.2194, Train F1 Micro: 0.3189, Train RMSE: 1.6747, 
Val Loss: 1.5793, Val Acc: 0.3326, Val F1 Macro: 0.2318, Val F1 Micro: 0.3231, Val RMSE: 1.6828, 
Test Loss: 1.5499, Test Acc: 0.3297, Test F1 Macro: 0.2243, Test F1 Micro: 0.3285, Test RMSE: 1.6623

Epoch [6/20], Time: 1.94s, 
Train Loss: 1.5682, Train Acc: 0.3227, Train F1 Macro: 0.2210, Train F1 Micro: 0.3195, Train RMSE: 1.6731, 
Val Loss: 1.5832, Val Acc: 0.3300, Val F1 Macro: 0.2332, Val F1 Micro: 0.3243, Val RMSE: 1.6742, 
Test Loss: 1.5515, Test Acc: 0.3341, Test F1 Macro: 0.2251, Test F1 Micro: 0.3294, Test RMSE: 1.6522

Epoch [7/20], Time: 2.05s, 
Train Loss: 1.5683, Train Acc: 0.3241, Train F1 Macro: 0.2244, Train F1 Micro: 0.3202, Train RMSE: 1.6703, 
Val Loss: 1.5787, Val Acc: 0.3274, Val F1 Macro: 0.2351, Val F1 Micro: 0.3247, Val RMSE: 1.6681, 
Test Loss: 1.5512, Test Acc: 0.3301, Test F1 Macro: 0.2271, Test F1 Micro: 0.3295, Test RMSE: 1.6457

Epoch [8/20], Time: 1.89s, 
Train Loss: 1.5695, Train Acc: 0.3256, Train F1 Macro: 0.2260, Train F1 Micro: 0.3209, Train RMSE: 1.6694, 
Val Loss: 1.5834, Val Acc: 0.3296, Val F1 Macro: 0.2348, Val F1 Micro: 0.3253, Val RMSE: 1.6663, 
Test Loss: 1.5497, Test Acc: 0.3341, Test F1 Macro: 0.2271, Test F1 Micro: 0.3301, Test RMSE: 1.6419

Epoch [9/20], Time: 1.90s, 
Train Loss: 1.5669, Train Acc: 0.3216, Train F1 Macro: 0.2262, Train F1 Micro: 0.3209, Train RMSE: 1.6680, 
Val Loss: 1.5903, Val Acc: 0.3283, Val F1 Macro: 0.2380, Val F1 Micro: 0.3256, Val RMSE: 1.6605, 
Test Loss: 1.5549, Test Acc: 0.3280, Test F1 Macro: 0.2300, Test F1 Micro: 0.3298, Test RMSE: 1.6368

Epoch [10/20], Time: 1.92s, 
Train Loss: 1.5661, Train Acc: 0.3236, Train F1 Macro: 0.2279, Train F1 Micro: 0.3212, Train RMSE: 1.6643, 
Val Loss: 1.5832, Val Acc: 0.3278, Val F1 Macro: 0.2366, Val F1 Micro: 0.3259, Val RMSE: 1.6644, 
Test Loss: 1.5545, Test Acc: 0.3306, Test F1 Macro: 0.2284, Test F1 Micro: 0.3299, Test RMSE: 1.6418

Epoch [11/20], Time: 1.95s, 
Train Loss: 1.5684, Train Acc: 0.3246, Train F1 Macro: 0.2282, Train F1 Micro: 0.3215, Train RMSE: 1.6633, 
Val Loss: 1.5822, Val Acc: 0.3313, Val F1 Macro: 0.2373, Val F1 Micro: 0.3264, Val RMSE: 1.6646, 
Test Loss: 1.5497, Test Acc: 0.3314, Test F1 Macro: 0.2290, Test F1 Micro: 0.3301, Test RMSE: 1.6422

Epoch [12/20], Time: 2.12s, 
Train Loss: 1.5647, Train Acc: 0.3273, Train F1 Macro: 0.2297, Train F1 Micro: 0.3220, Train RMSE: 1.6633, 
Val Loss: 1.5802, Val Acc: 0.3195, Val F1 Macro: 0.2410, Val F1 Micro: 0.3258, Val RMSE: 1.6610, 
Test Loss: 1.5547, Test Acc: 0.3349, Test F1 Macro: 0.2331, Test F1 Micro: 0.3305, Test RMSE: 1.6392

Epoch [13/20], Time: 1.95s, 
Train Loss: 1.5653, Train Acc: 0.3256, Train F1 Macro: 0.2312, Train F1 Micro: 0.3223, Train RMSE: 1.6628, 
Val Loss: 1.5799, Val Acc: 0.3335, Val F1 Macro: 0.2415, Val F1 Micro: 0.3264, Val RMSE: 1.6590, 
Test Loss: 1.5484, Test Acc: 0.3375, Test F1 Macro: 0.2339, Test F1 Micro: 0.3310, Test RMSE: 1.6379

Epoch [14/20], Time: 2.00s, 
Train Loss: 1.5650, Train Acc: 0.3240, Train F1 Macro: 0.2320, Train F1 Micro: 0.3224, Train RMSE: 1.6626, 
Val Loss: 1.5803, Val Acc: 0.3252, Val F1 Macro: 0.2428, Val F1 Micro: 0.3263, Val RMSE: 1.6568, 
Test Loss: 1.5506, Test Acc: 0.3341, Test F1 Macro: 0.2354, Test F1 Micro: 0.3312, Test RMSE: 1.6360

Epoch [15/20], Time: 1.98s, 
Train Loss: 1.5635, Train Acc: 0.3235, Train F1 Macro: 0.2327, Train F1 Micro: 0.3225, Train RMSE: 1.6635, 
Val Loss: 1.5808, Val Acc: 0.3169, Val F1 Macro: 0.2419, Val F1 Micro: 0.3257, Val RMSE: 1.6559, 
Test Loss: 1.5538, Test Acc: 0.3332, Test F1 Macro: 0.2351, Test F1 Micro: 0.3314, Test RMSE: 1.6352

Epoch [16/20], Time: 2.10s, 
Train Loss: 1.5628, Train Acc: 0.3289, Train F1 Macro: 0.2338, Train F1 Micro: 0.3229, Train RMSE: 1.6629, 
Val Loss: 1.5821, Val Acc: 0.3335, Val F1 Macro: 0.2415, Val F1 Micro: 0.3262, Val RMSE: 1.6578, 
Test Loss: 1.5514, Test Acc: 0.3345, Test F1 Macro: 0.2345, Test F1 Micro: 0.3316, Test RMSE: 1.6376

Epoch [17/20], Time: 2.23s, 
Train Loss: 1.5637, Train Acc: 0.3263, Train F1 Macro: 0.2346, Train F1 Micro: 0.3231, Train RMSE: 1.6627, 
Val Loss: 1.5808, Val Acc: 0.3235, Val F1 Macro: 0.2417, Val F1 Micro: 0.3260, Val RMSE: 1.6573, 
Test Loss: 1.5503, Test Acc: 0.3271, Test F1 Macro: 0.2351, Test F1 Micro: 0.3313, Test RMSE: 1.6364

Epoch [18/20], Time: 2.03s, 
Train Loss: 1.5638, Train Acc: 0.3280, Train F1 Macro: 0.2354, Train F1 Micro: 0.3233, Train RMSE: 1.6622, 
Val Loss: 1.5793, Val Acc: 0.3296, Val F1 Macro: 0.2429, Val F1 Micro: 0.3262, Val RMSE: 1.6597, 
Test Loss: 1.5505, Test Acc: 0.3262, Test F1 Macro: 0.2361, Test F1 Micro: 0.3310, Test RMSE: 1.6382

Epoch [19/20], Time: 2.03s, 
Train Loss: 1.5625, Train Acc: 0.3235, Train F1 Macro: 0.2358, Train F1 Micro: 0.3234, Train RMSE: 1.6625, 
Val Loss: 1.5817, Val Acc: 0.3330, Val F1 Macro: 0.2445, Val F1 Micro: 0.3266, Val RMSE: 1.6583, 
Test Loss: 1.5507, Test Acc: 0.3306, Test F1 Macro: 0.2375, Test F1 Micro: 0.3310, Test RMSE: 1.6381

Epoch [20/20], Time: 2.03s, 
Train Loss: 1.5629, Train Acc: 0.3294, Train F1 Macro: 0.2367, Train F1 Micro: 0.3237, Train RMSE: 1.6633, 
Val Loss: 1.5816, Val Acc: 0.3374, Val F1 Macro: 0.2441, Val F1 Micro: 0.3271, Val RMSE: 1.6606, 
Test Loss: 1.5509, Test Acc: 0.3345, Test F1 Macro: 0.2369, Test F1 Micro: 0.3312, Test RMSE: 1.6413

Total Training Time: 40.15s

Test Loss: 1.5552, Test Acc: 0.3328, Test F1 Macro: 0.1998, Test F1 Micro: 0.3328, Test RMSE: 1.6667
===== SEED 77 =====
PyTorch Version : 2.11.0+cu128
cuda
1.7.credibility.pt
***** Best Result Updated at Epoch 1, Val Loss: 1.5895 *****
Epoch [1/20], Time: 2.27s, 
Train Loss: 1.6035, Train Acc: 0.3103, Train F1 Macro: 0.1707, Train F1 Micro: 0.3103, Train RMSE: 1.7126, 
Val Loss: 1.5895, Val Acc: 0.3052, Val F1 Macro: 0.1623, Val F1 Micro: 0.3052, Val RMSE: 1.6425, 
Test Loss: 1.5628, Test Acc: 0.3258, Test F1 Macro: 0.1705, Test F1 Micro: 0.3258, Test RMSE: 1.6083

***** Best Result Updated at Epoch 2, Val Loss: 1.5826 *****
Epoch [2/20], Time: 1.99s, 
Train Loss: 1.5774, Train Acc: 0.3193, Train F1 Macro: 0.1929, Train F1 Micro: 0.3148, Train RMSE: 1.6938, 
Val Loss: 1.5826, Val Acc: 0.3265, Val F1 Macro: 0.2189, Val F1 Micro: 0.3158, Val RMSE: 1.6343, 
Test Loss: 1.5549, Test Acc: 0.3262, Test F1 Macro: 0.2184, Test F1 Micro: 0.3260, Test RMSE: 1.6007

***** Best Result Updated at Epoch 3, Val Loss: 1.5799 *****
Epoch [3/20], Time: 1.83s, 
Train Loss: 1.5724, Train Acc: 0.3217, Train F1 Macro: 0.2037, Train F1 Micro: 0.3171, Train RMSE: 1.6790, 
Val Loss: 1.5799, Val Acc: 0.3235, Val F1 Macro: 0.2175, Val F1 Micro: 0.3184, Val RMSE: 1.6799, 
Test Loss: 1.5544, Test Acc: 0.3240, Test F1 Macro: 0.2141, Test F1 Micro: 0.3253, Test RMSE: 1.6470

Epoch [4/20], Time: 1.84s, 
Train Loss: 1.5709, Train Acc: 0.3203, Train F1 Macro: 0.2083, Train F1 Micro: 0.3179, Train RMSE: 1.6766, 
Val Loss: 1.5823, Val Acc: 0.3300, Val F1 Macro: 0.2205, Val F1 Micro: 0.3213, Val RMSE: 1.6906, 
Test Loss: 1.5558, Test Acc: 0.3341, Test F1 Macro: 0.2164, Test F1 Micro: 0.3275, Test RMSE: 1.6583

***** Best Result Updated at Epoch 5, Val Loss: 1.5782 *****
Epoch [5/20], Time: 1.86s, 
Train Loss: 1.5703, Train Acc: 0.3211, Train F1 Macro: 0.2127, Train F1 Micro: 0.3185, Train RMSE: 1.6711, 
Val Loss: 1.5782, Val Acc: 0.3309, Val F1 Macro: 0.2211, Val F1 Micro: 0.3232, Val RMSE: 1.6998, 
Test Loss: 1.5554, Test Acc: 0.3280, Test F1 Macro: 0.2150, Test F1 Micro: 0.3276, Test RMSE: 1.6692

Epoch [6/20], Time: 1.86s, 
Train Loss: 1.5700, Train Acc: 0.3207, Train F1 Macro: 0.2151, Train F1 Micro: 0.3189, Train RMSE: 1.6683, 
Val Loss: 1.5840, Val Acc: 0.3343, Val F1 Macro: 0.2219, Val F1 Micro: 0.3251, Val RMSE: 1.6987, 
Test Loss: 1.5561, Test Acc: 0.3288, Test F1 Macro: 0.2145, Test F1 Micro: 0.3278, Test RMSE: 1.6708

Epoch [7/20], Time: 1.99s, 
Train Loss: 1.5675, Train Acc: 0.3208, Train F1 Macro: 0.2165, Train F1 Micro: 0.3192, Train RMSE: 1.6647, 
Val Loss: 1.5870, Val Acc: 0.3152, Val F1 Macro: 0.2293, Val F1 Micro: 0.3237, Val RMSE: 1.6732, 
Test Loss: 1.5548, Test Acc: 0.3349, Test F1 Macro: 0.2233, Test F1 Micro: 0.3288, Test RMSE: 1.6464

Epoch [8/20], Time: 1.87s, 
Train Loss: 1.5677, Train Acc: 0.3221, Train F1 Macro: 0.2189, Train F1 Micro: 0.3195, Train RMSE: 1.6642, 
Val Loss: 1.5820, Val Acc: 0.3283, Val F1 Macro: 0.2282, Val F1 Micro: 0.3242, Val RMSE: 1.6747, 
Test Loss: 1.5522, Test Acc: 0.3284, Test F1 Macro: 0.2217, Test F1 Micro: 0.3288, Test RMSE: 1.6499

Epoch [9/20], Time: 1.88s, 
Train Loss: 1.5663, Train Acc: 0.3236, Train F1 Macro: 0.2200, Train F1 Micro: 0.3200, Train RMSE: 1.6638, 
Val Loss: 1.5817, Val Acc: 0.3191, Val F1 Macro: 0.2284, Val F1 Micro: 0.3237, Val RMSE: 1.6711, 
Test Loss: 1.5508, Test Acc: 0.3345, Test F1 Macro: 0.2229, Test F1 Micro: 0.3294, Test RMSE: 1.6448

Epoch [10/20], Time: 1.90s, 
Train Loss: 1.5675, Train Acc: 0.3231, Train F1 Macro: 0.2223, Train F1 Micro: 0.3203, Train RMSE: 1.6619, 
Val Loss: 1.5824, Val Acc: 0.3326, Val F1 Macro: 0.2286, Val F1 Micro: 0.3246, Val RMSE: 1.6763, 
Test Loss: 1.5546, Test Acc: 0.3297, Test F1 Macro: 0.2223, Test F1 Micro: 0.3294, Test RMSE: 1.6519

Epoch [11/20], Time: 1.92s, 
Train Loss: 1.5666, Train Acc: 0.3216, Train F1 Macro: 0.2225, Train F1 Micro: 0.3204, Train RMSE: 1.6606, 
Val Loss: 1.5796, Val Acc: 0.3304, Val F1 Macro: 0.2312, Val F1 Micro: 0.3251, Val RMSE: 1.6711, 
Test Loss: 1.5485, Test Acc: 0.3280, Test F1 Macro: 0.2238, Test F1 Micro: 0.3293, Test RMSE: 1.6471

***** Best Result Updated at Epoch 12, Val Loss: 1.5781 *****
Epoch [12/20], Time: 2.10s, 
Train Loss: 1.5684, Train Acc: 0.3252, Train F1 Macro: 0.2234, Train F1 Micro: 0.3208, Train RMSE: 1.6587, 
Val Loss: 1.5781, Val Acc: 0.3326, Val F1 Macro: 0.2294, Val F1 Micro: 0.3257, Val RMSE: 1.6795, 
Test Loss: 1.5516, Test Acc: 0.3223, Test F1 Macro: 0.2213, Test F1 Micro: 0.3287, Test RMSE: 1.6594

Epoch [13/20], Time: 1.95s, 
Train Loss: 1.5666, Train Acc: 0.3251, Train F1 Macro: 0.2237, Train F1 Micro: 0.3211, Train RMSE: 1.6568, 
Val Loss: 1.5805, Val Acc: 0.3291, Val F1 Macro: 0.2295, Val F1 Micro: 0.3260, Val RMSE: 1.6766, 
Test Loss: 1.5529, Test Acc: 0.3341, Test F1 Macro: 0.2216, Test F1 Micro: 0.3291, Test RMSE: 1.6570

***** Best Result Updated at Epoch 14, Val Loss: 1.5766 *****
Epoch [14/20], Time: 2.01s, 
Train Loss: 1.5661, Train Acc: 0.3250, Train F1 Macro: 0.2246, Train F1 Micro: 0.3214, Train RMSE: 1.6544, 
Val Loss: 1.5766, Val Acc: 0.3296, Val F1 Macro: 0.2292, Val F1 Micro: 0.3262, Val RMSE: 1.6759, 
Test Loss: 1.5509, Test Acc: 0.3341, Test F1 Macro: 0.2214, Test F1 Micro: 0.3295, Test RMSE: 1.6566

Epoch [15/20], Time: 2.00s, 
Train Loss: 1.5663, Train Acc: 0.3240, Train F1 Macro: 0.2253, Train F1 Micro: 0.3216, Train RMSE: 1.6532, 
Val Loss: 1.5801, Val Acc: 0.3287, Val F1 Macro: 0.2318, Val F1 Micro: 0.3264, Val RMSE: 1.6693, 
Test Loss: 1.5519, Test Acc: 0.3267, Test F1 Macro: 0.2238, Test F1 Micro: 0.3293, Test RMSE: 1.6518

Epoch [16/20], Time: 2.00s, 
Train Loss: 1.5641, Train Acc: 0.3284, Train F1 Macro: 0.2262, Train F1 Micro: 0.3220, Train RMSE: 1.6520, 
Val Loss: 1.5885, Val Acc: 0.3130, Val F1 Macro: 0.2328, Val F1 Micro: 0.3256, Val RMSE: 1.6606, 
Test Loss: 1.5586, Test Acc: 0.3214, Test F1 Macro: 0.2251, Test F1 Micro: 0.3288, Test RMSE: 1.6431

Epoch [17/20], Time: 2.18s, 
Train Loss: 1.5664, Train Acc: 0.3244, Train F1 Macro: 0.2269, Train F1 Micro: 0.3222, Train RMSE: 1.6509, 
Val Loss: 1.5773, Val Acc: 0.3357, Val F1 Macro: 0.2347, Val F1 Micro: 0.3262, Val RMSE: 1.6603, 
Test Loss: 1.5516, Test Acc: 0.3297, Test F1 Macro: 0.2267, Test F1 Micro: 0.3289, Test RMSE: 1.6428

Epoch [18/20], Time: 2.03s, 
Train Loss: 1.5638, Train Acc: 0.3282, Train F1 Macro: 0.2279, Train F1 Micro: 0.3225, Train RMSE: 1.6507, 
Val Loss: 1.5868, Val Acc: 0.3256, Val F1 Macro: 0.2351, Val F1 Micro: 0.3261, Val RMSE: 1.6620, 
Test Loss: 1.5599, Test Acc: 0.3258, Test F1 Macro: 0.2269, Test F1 Micro: 0.3287, Test RMSE: 1.6454

Epoch [19/20], Time: 2.03s, 
Train Loss: 1.5646, Train Acc: 0.3221, Train F1 Macro: 0.2282, Train F1 Micro: 0.3225, Train RMSE: 1.6499, 
Val Loss: 1.5796, Val Acc: 0.3082, Val F1 Macro: 0.2335, Val F1 Micro: 0.3252, Val RMSE: 1.6618, 
Test Loss: 1.5517, Test Acc: 0.3262, Test F1 Macro: 0.2262, Test F1 Micro: 0.3286, Test RMSE: 1.6450

Epoch [20/20], Time: 2.04s, 
Train Loss: 1.5640, Train Acc: 0.3246, Train F1 Macro: 0.2285, Train F1 Micro: 0.3226, Train RMSE: 1.6493, 
Val Loss: 1.5782, Val Acc: 0.3365, Val F1 Macro: 0.2333, Val F1 Micro: 0.3258, Val RMSE: 1.6632, 
Test Loss: 1.5505, Test Acc: 0.3310, Test F1 Macro: 0.2259, Test F1 Micro: 0.3287, Test RMSE: 1.6471

Total Training Time: 39.55s

Test Loss: 1.5509, Test Acc: 0.3341, Test F1 Macro: 0.2161, Test F1 Micro: 0.3341, Test RMSE: 1.6512
===== SEED 123 =====
PyTorch Version : 2.11.0+cu128
cuda
1.7.credibility.pt
***** Best Result Updated at Epoch 1, Val Loss: 1.5875 *****
Epoch [1/20], Time: 2.27s, 
Train Loss: 1.6021, Train Acc: 0.3091, Train F1 Macro: 0.1952, Train F1 Micro: 0.3091, Train RMSE: 1.7302, 
Val Loss: 1.5875, Val Acc: 0.3126, Val F1 Macro: 0.1799, Val F1 Micro: 0.3126, Val RMSE: 1.6929, 
Test Loss: 1.5661, Test Acc: 0.3262, Test F1 Macro: 0.1758, Test F1 Micro: 0.3262, Test RMSE: 1.6894

***** Best Result Updated at Epoch 2, Val Loss: 1.5830 *****
Epoch [2/20], Time: 1.98s, 
Train Loss: 1.5747, Train Acc: 0.3208, Train F1 Macro: 0.2080, Train F1 Micro: 0.3149, Train RMSE: 1.7000, 
Val Loss: 1.5830, Val Acc: 0.3217, Val F1 Macro: 0.2064, Val F1 Micro: 0.3172, Val RMSE: 1.6284, 
Test Loss: 1.5552, Test Acc: 0.3210, Test F1 Macro: 0.1982, Test F1 Micro: 0.3236, Test RMSE: 1.6004

***** Best Result Updated at Epoch 3, Val Loss: 1.5827 *****
Epoch [3/20], Time: 1.83s, 
Train Loss: 1.5719, Train Acc: 0.3188, Train F1 Macro: 0.2128, Train F1 Micro: 0.3162, Train RMSE: 1.6893, 
Val Loss: 1.5827, Val Acc: 0.3304, Val F1 Macro: 0.2290, Val F1 Micro: 0.3216, Val RMSE: 1.6221, 
Test Loss: 1.5533, Test Acc: 0.3232, Test F1 Macro: 0.2176, Test F1 Micro: 0.3235, Test RMSE: 1.5905

Epoch [4/20], Time: 1.81s, 
Train Loss: 1.5684, Train Acc: 0.3236, Train F1 Macro: 0.2175, Train F1 Micro: 0.3181, Train RMSE: 1.6814, 
Val Loss: 1.5830, Val Acc: 0.3278, Val F1 Macro: 0.2334, Val F1 Micro: 0.3231, Val RMSE: 1.6207, 
Test Loss: 1.5509, Test Acc: 0.3375, Test F1 Macro: 0.2252, Test F1 Micro: 0.3270, Test RMSE: 1.5853

***** Best Result Updated at Epoch 5, Val Loss: 1.5803 *****
Epoch [5/20], Time: 1.85s, 
Train Loss: 1.5706, Train Acc: 0.3219, Train F1 Macro: 0.2195, Train F1 Micro: 0.3188, Train RMSE: 1.6739, 
Val Loss: 1.5803, Val Acc: 0.3287, Val F1 Macro: 0.2413, Val F1 Micro: 0.3242, Val RMSE: 1.6259, 
Test Loss: 1.5502, Test Acc: 0.3280, Test F1 Macro: 0.2323, Test F1 Micro: 0.3272, Test RMSE: 1.5923

***** Best Result Updated at Epoch 6, Val Loss: 1.5767 *****
Epoch [6/20], Time: 1.88s, 
Train Loss: 1.5693, Train Acc: 0.3212, Train F1 Macro: 0.2217, Train F1 Micro: 0.3192, Train RMSE: 1.6703, 
Val Loss: 1.5767, Val Acc: 0.3326, Val F1 Macro: 0.2481, Val F1 Micro: 0.3256, Val RMSE: 1.6271, 
Test Loss: 1.5552, Test Acc: 0.3323, Test F1 Macro: 0.2389, Test F1 Micro: 0.3280, Test RMSE: 1.5965

Epoch [7/20], Time: 2.02s, 
Train Loss: 1.5687, Train Acc: 0.3226, Train F1 Macro: 0.2234, Train F1 Micro: 0.3197, Train RMSE: 1.6693, 
Val Loss: 1.5867, Val Acc: 0.3178, Val F1 Macro: 0.2446, Val F1 Micro: 0.3245, Val RMSE: 1.6324, 
Test Loss: 1.5549, Test Acc: 0.3267, Test F1 Macro: 0.2360, Test F1 Micro: 0.3278, Test RMSE: 1.6023

Epoch [8/20], Time: 1.86s, 
Train Loss: 1.5692, Train Acc: 0.3219, Train F1 Macro: 0.2239, Train F1 Micro: 0.3200, Train RMSE: 1.6660, 
Val Loss: 1.5777, Val Acc: 0.3274, Val F1 Macro: 0.2453, Val F1 Micro: 0.3249, Val RMSE: 1.6300, 
Test Loss: 1.5486, Test Acc: 0.3280, Test F1 Macro: 0.2365, Test F1 Micro: 0.3279, Test RMSE: 1.6028

Epoch [9/20], Time: 1.87s, 
Train Loss: 1.5675, Train Acc: 0.3251, Train F1 Macro: 0.2251, Train F1 Micro: 0.3206, Train RMSE: 1.6617, 
Val Loss: 1.5787, Val Acc: 0.3187, Val F1 Macro: 0.2451, Val F1 Micro: 0.3242, Val RMSE: 1.6250, 
Test Loss: 1.5550, Test Acc: 0.3397, Test F1 Macro: 0.2375, Test F1 Micro: 0.3292, Test RMSE: 1.5992

Epoch [10/20], Time: 1.91s, 
Train Loss: 1.5669, Train Acc: 0.3267, Train F1 Macro: 0.2256, Train F1 Micro: 0.3212, Train RMSE: 1.6611, 
Val Loss: 1.5776, Val Acc: 0.3252, Val F1 Macro: 0.2444, Val F1 Micro: 0.3243, Val RMSE: 1.6250, 
Test Loss: 1.5483, Test Acc: 0.3336, Test F1 Macro: 0.2368, Test F1 Micro: 0.3296, Test RMSE: 1.5988

Epoch [11/20], Time: 1.90s, 
Train Loss: 1.5657, Train Acc: 0.3253, Train F1 Macro: 0.2267, Train F1 Micro: 0.3215, Train RMSE: 1.6587, 
Val Loss: 1.5800, Val Acc: 0.3287, Val F1 Macro: 0.2446, Val F1 Micro: 0.3247, Val RMSE: 1.6233, 
Test Loss: 1.5521, Test Acc: 0.3314, Test F1 Macro: 0.2367, Test F1 Micro: 0.3298, Test RMSE: 1.5997

Epoch [12/20], Time: 2.09s, 
Train Loss: 1.5674, Train Acc: 0.3236, Train F1 Macro: 0.2272, Train F1 Micro: 0.3217, Train RMSE: 1.6591, 
Val Loss: 1.5811, Val Acc: 0.3339, Val F1 Macro: 0.2445, Val F1 Micro: 0.3255, Val RMSE: 1.6264, 
Test Loss: 1.5507, Test Acc: 0.3314, Test F1 Macro: 0.2362, Test F1 Micro: 0.3299, Test RMSE: 1.6028

Epoch [13/20], Time: 1.93s, 
Train Loss: 1.5669, Train Acc: 0.3282, Train F1 Macro: 0.2278, Train F1 Micro: 0.3222, Train RMSE: 1.6581, 
Val Loss: 1.5809, Val Acc: 0.3343, Val F1 Macro: 0.2457, Val F1 Micro: 0.3261, Val RMSE: 1.6272, 
Test Loss: 1.5512, Test Acc: 0.3293, Test F1 Macro: 0.2370, Test F1 Micro: 0.3299, Test RMSE: 1.6054

Epoch [14/20], Time: 1.99s, 
Train Loss: 1.5629, Train Acc: 0.3286, Train F1 Macro: 0.2287, Train F1 Micro: 0.3227, Train RMSE: 1.6562, 
Val Loss: 1.5816, Val Acc: 0.3330, Val F1 Macro: 0.2440, Val F1 Micro: 0.3266, Val RMSE: 1.6351, 
Test Loss: 1.5526, Test Acc: 0.3258, Test F1 Macro: 0.2348, Test F1 Micro: 0.3296, Test RMSE: 1.6151

Epoch [15/20], Time: 2.02s, 
Train Loss: 1.5674, Train Acc: 0.3271, Train F1 Macro: 0.2292, Train F1 Micro: 0.3230, Train RMSE: 1.6566, 
Val Loss: 1.5853, Val Acc: 0.3217, Val F1 Macro: 0.2443, Val F1 Micro: 0.3263, Val RMSE: 1.6347, 
Test Loss: 1.5521, Test Acc: 0.3249, Test F1 Macro: 0.2352, Test F1 Micro: 0.3293, Test RMSE: 1.6158

Epoch [16/20], Time: 2.01s, 
Train Loss: 1.5644, Train Acc: 0.3222, Train F1 Macro: 0.2297, Train F1 Micro: 0.3229, Train RMSE: 1.6561, 
Val Loss: 1.5800, Val Acc: 0.3283, Val F1 Macro: 0.2441, Val F1 Micro: 0.3264, Val RMSE: 1.6377, 
Test Loss: 1.5508, Test Acc: 0.3267, Test F1 Macro: 0.2348, Test F1 Micro: 0.3291, Test RMSE: 1.6179

Epoch [17/20], Time: 2.16s, 
Train Loss: 1.5654, Train Acc: 0.3272, Train F1 Macro: 0.2304, Train F1 Micro: 0.3232, Train RMSE: 1.6560, 
Val Loss: 1.5870, Val Acc: 0.3278, Val F1 Macro: 0.2449, Val F1 Micro: 0.3265, Val RMSE: 1.6360, 
Test Loss: 1.5618, Test Acc: 0.3293, Test F1 Macro: 0.2355, Test F1 Micro: 0.3291, Test RMSE: 1.6161

Epoch [18/20], Time: 2.00s, 
Train Loss: 1.5660, Train Acc: 0.3279, Train F1 Macro: 0.2309, Train F1 Micro: 0.3234, Train RMSE: 1.6562, 
Val Loss: 1.5833, Val Acc: 0.3248, Val F1 Macro: 0.2444, Val F1 Micro: 0.3264, Val RMSE: 1.6350, 
Test Loss: 1.5525, Test Acc: 0.3297, Test F1 Macro: 0.2352, Test F1 Micro: 0.3291, Test RMSE: 1.6152

Epoch [19/20], Time: 2.03s, 
Train Loss: 1.5640, Train Acc: 0.3254, Train F1 Macro: 0.2312, Train F1 Micro: 0.3235, Train RMSE: 1.6551, 
Val Loss: 1.5798, Val Acc: 0.3261, Val F1 Macro: 0.2445, Val F1 Micro: 0.3264, Val RMSE: 1.6385, 
Test Loss: 1.5568, Test Acc: 0.3253, Test F1 Macro: 0.2353, Test F1 Micro: 0.3289, Test RMSE: 1.6202

Epoch [20/20], Time: 2.04s, 
Train Loss: 1.5659, Train Acc: 0.3262, Train F1 Macro: 0.2322, Train F1 Micro: 0.3237, Train RMSE: 1.6545, 
Val Loss: 1.5817, Val Acc: 0.3287, Val F1 Macro: 0.2436, Val F1 Micro: 0.3265, Val RMSE: 1.6432, 
Test Loss: 1.5541, Test Acc: 0.3280, Test F1 Macro: 0.2344, Test F1 Micro: 0.3289, Test RMSE: 1.6263

Total Training Time: 39.44s

Test Loss: 1.5552, Test Acc: 0.3323, Test F1 Macro: 0.2330, Test F1 Micro: 0.3323, Test RMSE: 1.6172
