===== SEED 42 =====
PyTorch Version : 2.11.0+cu128
cuda
1.7.credibility.pt
***** Best Result Updated at Epoch 1, Val Loss: 1.3005 *****
Epoch [1/20], Time: 2.49s, 
Train Loss: 1.4524, Train Acc: 0.4126, Train F1 Macro: 0.3516, Train F1 Micro: 0.4126, Train RMSE: 1.5464, 
Val Loss: 1.3005, Val Acc: 0.4950, Val F1 Macro: 0.4565, Val F1 Micro: 0.4950, Val RMSE: 1.4543, 
Test Loss: 1.2439, Test Acc: 0.4970, Test F1 Macro: 0.4584, Test F1 Micro: 0.4970, Test RMSE: 1.4170

***** Best Result Updated at Epoch 2, Val Loss: 1.2359 *****
Epoch [2/20], Time: 2.23s, 
Train Loss: 1.2482, Train Acc: 0.4910, Train F1 Macro: 0.4064, Train F1 Micro: 0.4518, Train RMSE: 1.4625, 
Val Loss: 1.2359, Val Acc: 0.4976, Val F1 Macro: 0.4645, Val F1 Micro: 0.4963, Val RMSE: 1.4227, 
Test Loss: 1.1739, Test Acc: 0.5070, Test F1 Macro: 0.4654, Test F1 Micro: 0.5020, Test RMSE: 1.3657

***** Best Result Updated at Epoch 3, Val Loss: 1.2159 *****
Epoch [3/20], Time: 2.07s, 
Train Loss: 1.2220, Train Acc: 0.4929, Train F1 Macro: 0.4259, Train F1 Micro: 0.4655, Train RMSE: 1.4395, 
Val Loss: 1.2159, Val Acc: 0.5028, Val F1 Macro: 0.4677, Val F1 Micro: 0.4985, Val RMSE: 1.4100, 
Test Loss: 1.1490, Test Acc: 0.5179, Test F1 Macro: 0.4721, Test F1 Micro: 0.5073, Test RMSE: 1.3549

***** Best Result Updated at Epoch 4, Val Loss: 1.2130 *****
Epoch [4/20], Time: 2.10s, 
Train Loss: 1.2081, Train Acc: 0.4958, Train F1 Macro: 0.4347, Train F1 Micro: 0.4731, Train RMSE: 1.4279, 
Val Loss: 1.2130, Val Acc: 0.4985, Val F1 Macro: 0.4666, Val F1 Micro: 0.4985, Val RMSE: 1.4248, 
Test Loss: 1.1507, Test Acc: 0.5022, Test F1 Macro: 0.4686, Test F1 Micro: 0.5060, Test RMSE: 1.3686

***** Best Result Updated at Epoch 5, Val Loss: 1.2033 *****
Epoch [5/20], Time: 2.09s, 
Train Loss: 1.2012, Train Acc: 0.4945, Train F1 Macro: 0.4404, Train F1 Micro: 0.4774, Train RMSE: 1.4183, 
Val Loss: 1.2033, Val Acc: 0.5007, Val F1 Macro: 0.4680, Val F1 Micro: 0.4989, Val RMSE: 1.4299, 
Test Loss: 1.1409, Test Acc: 0.5113, Test F1 Macro: 0.4711, Test F1 Micro: 0.5071, Test RMSE: 1.3714

Epoch [6/20], Time: 2.06s, 
Train Loss: 1.1931, Train Acc: 0.4941, Train F1 Macro: 0.4447, Train F1 Micro: 0.4802, Train RMSE: 1.4142, 
Val Loss: 1.2173, Val Acc: 0.5033, Val F1 Macro: 0.4691, Val F1 Micro: 0.4996, Val RMSE: 1.4320, 
Test Loss: 1.1490, Test Acc: 0.5065, Test F1 Macro: 0.4717, Test F1 Micro: 0.5070, Test RMSE: 1.3710

Epoch [7/20], Time: 2.26s, 
Train Loss: 1.1955, Train Acc: 0.4953, Train F1 Macro: 0.4476, Train F1 Micro: 0.4823, Train RMSE: 1.4118, 
Val Loss: 1.2203, Val Acc: 0.5028, Val F1 Macro: 0.4691, Val F1 Micro: 0.5001, Val RMSE: 1.4284, 
Test Loss: 1.1509, Test Acc: 0.5100, Test F1 Macro: 0.4720, Test F1 Micro: 0.5074, Test RMSE: 1.3656

***** Best Result Updated at Epoch 8, Val Loss: 1.2024 *****
Epoch [8/20], Time: 2.24s, 
Train Loss: 1.1910, Train Acc: 0.4949, Train F1 Macro: 0.4499, Train F1 Micro: 0.4839, Train RMSE: 1.4090, 
Val Loss: 1.2024, Val Acc: 0.4963, Val F1 Macro: 0.4694, Val F1 Micro: 0.4996, Val RMSE: 1.4377, 
Test Loss: 1.1323, Test Acc: 0.5078, Test F1 Macro: 0.4729, Test F1 Micro: 0.5075, Test RMSE: 1.3669

Epoch [9/20], Time: 2.18s, 
Train Loss: 1.1821, Train Acc: 0.4981, Train F1 Macro: 0.4520, Train F1 Micro: 0.4855, Train RMSE: 1.4064, 
Val Loss: 1.2030, Val Acc: 0.5002, Val F1 Macro: 0.4698, Val F1 Micro: 0.4997, Val RMSE: 1.4415, 
Test Loss: 1.1322, Test Acc: 0.5170, Test F1 Macro: 0.4743, Test F1 Micro: 0.5085, Test RMSE: 1.3674

***** Best Result Updated at Epoch 10, Val Loss: 1.1931 *****
Epoch [10/20], Time: 2.21s, 
Train Loss: 1.1826, Train Acc: 0.4968, Train F1 Macro: 0.4536, Train F1 Micro: 0.4866, Train RMSE: 1.4039, 
Val Loss: 1.1931, Val Acc: 0.4993, Val F1 Macro: 0.4697, Val F1 Micro: 0.4997, Val RMSE: 1.4417, 
Test Loss: 1.1316, Test Acc: 0.5035, Test F1 Macro: 0.4738, Test F1 Micro: 0.5080, Test RMSE: 1.3707

Epoch [11/20], Time: 2.24s, 
Train Loss: 1.1777, Train Acc: 0.4966, Train F1 Macro: 0.4547, Train F1 Micro: 0.4875, Train RMSE: 1.4041, 
Val Loss: 1.1994, Val Acc: 0.4937, Val F1 Macro: 0.4691, Val F1 Micro: 0.4991, Val RMSE: 1.4374, 
Test Loss: 1.1318, Test Acc: 0.5035, Test F1 Macro: 0.4736, Test F1 Micro: 0.5076, Test RMSE: 1.3691

Epoch [12/20], Time: 2.65s, 
Train Loss: 1.1805, Train Acc: 0.4949, Train F1 Macro: 0.4556, Train F1 Micro: 0.4881, Train RMSE: 1.4032, 
Val Loss: 1.1952, Val Acc: 0.5067, Val F1 Macro: 0.4702, Val F1 Micro: 0.4997, Val RMSE: 1.4310, 
Test Loss: 1.1294, Test Acc: 0.5061, Test F1 Macro: 0.4737, Test F1 Micro: 0.5075, Test RMSE: 1.3626

Epoch [13/20], Time: 2.33s, 
Train Loss: 1.1763, Train Acc: 0.4969, Train F1 Macro: 0.4564, Train F1 Micro: 0.4888, Train RMSE: 1.4014, 
Val Loss: 1.1975, Val Acc: 0.5020, Val F1 Macro: 0.4703, Val F1 Micro: 0.4999, Val RMSE: 1.4308, 
Test Loss: 1.1298, Test Acc: 0.5061, Test F1 Macro: 0.4733, Test F1 Micro: 0.5074, Test RMSE: 1.3623

Epoch [14/20], Time: 2.30s, 
Train Loss: 1.1734, Train Acc: 0.4998, Train F1 Macro: 0.4574, Train F1 Micro: 0.4896, Train RMSE: 1.3996, 
Val Loss: 1.2005, Val Acc: 0.4980, Val F1 Macro: 0.4702, Val F1 Micro: 0.4998, Val RMSE: 1.4265, 
Test Loss: 1.1348, Test Acc: 0.5105, Test F1 Macro: 0.4734, Test F1 Micro: 0.5076, Test RMSE: 1.3571

Epoch [15/20], Time: 2.27s, 
Train Loss: 1.1775, Train Acc: 0.4967, Train F1 Macro: 0.4579, Train F1 Micro: 0.4901, Train RMSE: 1.3982, 
Val Loss: 1.2042, Val Acc: 0.5002, Val F1 Macro: 0.4700, Val F1 Micro: 0.4998, Val RMSE: 1.4263, 
Test Loss: 1.1400, Test Acc: 0.5109, Test F1 Macro: 0.4736, Test F1 Micro: 0.5078, Test RMSE: 1.3567

***** Best Result Updated at Epoch 16, Val Loss: 1.1921 *****
Epoch [16/20], Time: 2.34s, 
Train Loss: 1.1735, Train Acc: 0.4994, Train F1 Macro: 0.4587, Train F1 Micro: 0.4906, Train RMSE: 1.3970, 
Val Loss: 1.1921, Val Acc: 0.5033, Val F1 Macro: 0.4704, Val F1 Micro: 0.5000, Val RMSE: 1.4259, 
Test Loss: 1.1358, Test Acc: 0.5044, Test F1 Macro: 0.4736, Test F1 Micro: 0.5076, Test RMSE: 1.3563

Epoch [17/20], Time: 2.45s, 
Train Loss: 1.1704, Train Acc: 0.4954, Train F1 Macro: 0.4589, Train F1 Micro: 0.4909, Train RMSE: 1.3965, 
Val Loss: 1.1979, Val Acc: 0.5033, Val F1 Macro: 0.4706, Val F1 Micro: 0.5002, Val RMSE: 1.4254, 
Test Loss: 1.1289, Test Acc: 0.5078, Test F1 Macro: 0.4734, Test F1 Micro: 0.5076, Test RMSE: 1.3562

Epoch [18/20], Time: 2.69s, 
Train Loss: 1.1732, Train Acc: 0.4961, Train F1 Macro: 0.4592, Train F1 Micro: 0.4912, Train RMSE: 1.3957, 
Val Loss: 1.1986, Val Acc: 0.5024, Val F1 Macro: 0.4708, Val F1 Micro: 0.5003, Val RMSE: 1.4240, 
Test Loss: 1.1330, Test Acc: 0.5087, Test F1 Macro: 0.4736, Test F1 Micro: 0.5077, Test RMSE: 1.3542

Epoch [19/20], Time: 2.29s, 
Train Loss: 1.1720, Train Acc: 0.4996, Train F1 Macro: 0.4598, Train F1 Micro: 0.4917, Train RMSE: 1.3957, 
Val Loss: 1.1972, Val Acc: 0.5015, Val F1 Macro: 0.4710, Val F1 Micro: 0.5004, Val RMSE: 1.4197, 
Test Loss: 1.1268, Test Acc: 0.5100, Test F1 Macro: 0.4740, Test F1 Micro: 0.5078, Test RMSE: 1.3500

Epoch [20/20], Time: 2.28s, 
Train Loss: 1.1685, Train Acc: 0.4994, Train F1 Macro: 0.4603, Train F1 Micro: 0.4920, Train RMSE: 1.3950, 
Val Loss: 1.1938, Val Acc: 0.4963, Val F1 Macro: 0.4708, Val F1 Micro: 0.5002, Val RMSE: 1.4188, 
Test Loss: 1.1248, Test Acc: 0.5070, Test F1 Macro: 0.4738, Test F1 Micro: 0.5078, Test RMSE: 1.3499

Total Training Time: 45.78s

Test Loss: 1.1358, Test Acc: 0.5044, Test F1 Macro: 0.4729, Test F1 Micro: 0.5044, Test RMSE: 1.3493
===== SEED 7 =====
PyTorch Version : 2.11.0+cu128
cuda
1.7.credibility.pt
***** Best Result Updated at Epoch 1, Val Loss: 1.3026 *****
Epoch [1/20], Time: 2.43s, 
Train Loss: 1.4651, Train Acc: 0.4040, Train F1 Macro: 0.3222, Train F1 Micro: 0.4040, Train RMSE: 1.5521, 
Val Loss: 1.3026, Val Acc: 0.4859, Val F1 Macro: 0.4495, Val F1 Micro: 0.4859, Val RMSE: 1.4736, 
Test Loss: 1.2288, Test Acc: 0.5100, Test F1 Macro: 0.4681, Test F1 Micro: 0.5100, Test RMSE: 1.3812

***** Best Result Updated at Epoch 2, Val Loss: 1.2198 *****
Epoch [2/20], Time: 1.93s, 
Train Loss: 1.2468, Train Acc: 0.4913, Train F1 Macro: 0.3950, Train F1 Micro: 0.4477, Train RMSE: 1.4632, 
Val Loss: 1.2198, Val Acc: 0.4954, Val F1 Macro: 0.4629, Val F1 Micro: 0.4906, Val RMSE: 1.4816, 
Test Loss: 1.1610, Test Acc: 0.5213, Test F1 Macro: 0.4832, Test F1 Micro: 0.5157, Test RMSE: 1.3801

***** Best Result Updated at Epoch 3, Val Loss: 1.2113 *****
Epoch [3/20], Time: 1.83s, 
Train Loss: 1.2038, Train Acc: 0.4957, Train F1 Macro: 0.4208, Train F1 Micro: 0.4637, Train RMSE: 1.4390, 
Val Loss: 1.2113, Val Acc: 0.5020, Val F1 Macro: 0.4663, Val F1 Micro: 0.4944, Val RMSE: 1.4625, 
Test Loss: 1.1536, Test Acc: 0.5213, Test F1 Macro: 0.4852, Test F1 Micro: 0.5176, Test RMSE: 1.3667

***** Best Result Updated at Epoch 4, Val Loss: 1.2033 *****
Epoch [4/20], Time: 1.86s, 
Train Loss: 1.1948, Train Acc: 0.4953, Train F1 Macro: 0.4322, Train F1 Micro: 0.4716, Train RMSE: 1.4265, 
Val Loss: 1.2033, Val Acc: 0.5054, Val F1 Macro: 0.4694, Val F1 Micro: 0.4972, Val RMSE: 1.4616, 
Test Loss: 1.1397, Test Acc: 0.5161, Test F1 Macro: 0.4849, Test F1 Micro: 0.5172, Test RMSE: 1.3644

***** Best Result Updated at Epoch 5, Val Loss: 1.2023 *****
Epoch [5/20], Time: 1.87s, 
Train Loss: 1.1911, Train Acc: 0.4986, Train F1 Macro: 0.4401, Train F1 Micro: 0.4770, Train RMSE: 1.4192, 
Val Loss: 1.2023, Val Acc: 0.5028, Val F1 Macro: 0.4710, Val F1 Micro: 0.4983, Val RMSE: 1.4572, 
Test Loss: 1.1376, Test Acc: 0.5205, Test F1 Macro: 0.4861, Test F1 Micro: 0.5179, Test RMSE: 1.3658

***** Best Result Updated at Epoch 6, Val Loss: 1.1897 *****
Epoch [6/20], Time: 1.87s, 
Train Loss: 1.1850, Train Acc: 0.4982, Train F1 Macro: 0.4449, Train F1 Micro: 0.4805, Train RMSE: 1.4118, 
Val Loss: 1.1897, Val Acc: 0.4954, Val F1 Macro: 0.4704, Val F1 Micro: 0.4978, Val RMSE: 1.4485, 
Test Loss: 1.1302, Test Acc: 0.5135, Test F1 Macro: 0.4853, Test F1 Micro: 0.5171, Test RMSE: 1.3605

***** Best Result Updated at Epoch 7, Val Loss: 1.1815 *****
Epoch [7/20], Time: 2.02s, 
Train Loss: 1.1779, Train Acc: 0.4964, Train F1 Macro: 0.4481, Train F1 Micro: 0.4828, Train RMSE: 1.4069, 
Val Loss: 1.1815, Val Acc: 0.5050, Val F1 Macro: 0.4712, Val F1 Micro: 0.4988, Val RMSE: 1.4500, 
Test Loss: 1.1245, Test Acc: 0.5274, Test F1 Macro: 0.4861, Test F1 Micro: 0.5186, Test RMSE: 1.3655

Epoch [8/20], Time: 1.87s, 
Train Loss: 1.1767, Train Acc: 0.4992, Train F1 Macro: 0.4511, Train F1 Micro: 0.4849, Train RMSE: 1.4042, 
Val Loss: 1.1879, Val Acc: 0.5085, Val F1 Macro: 0.4728, Val F1 Micro: 0.5001, Val RMSE: 1.4435, 
Test Loss: 1.1247, Test Acc: 0.5257, Test F1 Macro: 0.4875, Test F1 Micro: 0.5195, Test RMSE: 1.3582

Epoch [9/20], Time: 1.89s, 
Train Loss: 1.1729, Train Acc: 0.4981, Train F1 Macro: 0.4532, Train F1 Micro: 0.4863, Train RMSE: 1.4036, 
Val Loss: 1.1870, Val Acc: 0.4959, Val F1 Macro: 0.4723, Val F1 Micro: 0.4996, Val RMSE: 1.4408, 
Test Loss: 1.1266, Test Acc: 0.5126, Test F1 Macro: 0.4866, Test F1 Micro: 0.5187, Test RMSE: 1.3588

Epoch [10/20], Time: 1.98s, 
Train Loss: 1.1724, Train Acc: 0.4953, Train F1 Macro: 0.4546, Train F1 Micro: 0.4872, Train RMSE: 1.4025, 
Val Loss: 1.1986, Val Acc: 0.5107, Val F1 Macro: 0.4732, Val F1 Micro: 0.5007, Val RMSE: 1.4368, 
Test Loss: 1.1234, Test Acc: 0.5209, Test F1 Macro: 0.4869, Test F1 Micro: 0.5189, Test RMSE: 1.3553

Epoch [11/20], Time: 1.91s, 
Train Loss: 1.1706, Train Acc: 0.4972, Train F1 Macro: 0.4557, Train F1 Micro: 0.4881, Train RMSE: 1.4032, 
Val Loss: 1.1906, Val Acc: 0.4976, Val F1 Macro: 0.4729, Val F1 Micro: 0.5004, Val RMSE: 1.4378, 
Test Loss: 1.1218, Test Acc: 0.5100, Test F1 Macro: 0.4858, Test F1 Micro: 0.5181, Test RMSE: 1.3553

Epoch [12/20], Time: 2.11s, 
Train Loss: 1.1678, Train Acc: 0.5009, Train F1 Macro: 0.4570, Train F1 Micro: 0.4892, Train RMSE: 1.4029, 
Val Loss: 1.1970, Val Acc: 0.4828, Val F1 Macro: 0.4722, Val F1 Micro: 0.4989, Val RMSE: 1.4415, 
Test Loss: 1.1255, Test Acc: 0.5070, Test F1 Macro: 0.4854, Test F1 Micro: 0.5172, Test RMSE: 1.3553

Epoch [13/20], Time: 1.95s, 
Train Loss: 1.1704, Train Acc: 0.4970, Train F1 Macro: 0.4578, Train F1 Micro: 0.4898, Train RMSE: 1.4026, 
Val Loss: 1.1862, Val Acc: 0.4937, Val F1 Macro: 0.4714, Val F1 Micro: 0.4985, Val RMSE: 1.4435, 
Test Loss: 1.1241, Test Acc: 0.5174, Test F1 Macro: 0.4853, Test F1 Micro: 0.5172, Test RMSE: 1.3596

Epoch [14/20], Time: 1.97s, 
Train Loss: 1.1702, Train Acc: 0.4985, Train F1 Macro: 0.4587, Train F1 Micro: 0.4904, Train RMSE: 1.4015, 
Val Loss: 1.1872, Val Acc: 0.4959, Val F1 Macro: 0.4709, Val F1 Micro: 0.4984, Val RMSE: 1.4470, 
Test Loss: 1.1266, Test Acc: 0.5174, Test F1 Macro: 0.4852, Test F1 Micro: 0.5172, Test RMSE: 1.3624

Epoch [15/20], Time: 1.98s, 
Train Loss: 1.1669, Train Acc: 0.4973, Train F1 Macro: 0.4594, Train F1 Micro: 0.4909, Train RMSE: 1.4016, 
Val Loss: 1.1931, Val Acc: 0.4941, Val F1 Macro: 0.4709, Val F1 Micro: 0.4981, Val RMSE: 1.4451, 
Test Loss: 1.1284, Test Acc: 0.5135, Test F1 Macro: 0.4851, Test F1 Micro: 0.5170, Test RMSE: 1.3618

Epoch [16/20], Time: 1.99s, 
Train Loss: 1.1624, Train Acc: 0.5004, Train F1 Macro: 0.4602, Train F1 Micro: 0.4915, Train RMSE: 1.4001, 
Val Loss: 1.1909, Val Acc: 0.5063, Val F1 Macro: 0.4715, Val F1 Micro: 0.4986, Val RMSE: 1.4484, 
Test Loss: 1.1328, Test Acc: 0.5131, Test F1 Macro: 0.4850, Test F1 Micro: 0.5167, Test RMSE: 1.3668

Epoch [17/20], Time: 2.17s, 
Train Loss: 1.1700, Train Acc: 0.4962, Train F1 Macro: 0.4606, Train F1 Micro: 0.4917, Train RMSE: 1.4004, 
Val Loss: 1.1892, Val Acc: 0.4941, Val F1 Macro: 0.4711, Val F1 Micro: 0.4983, Val RMSE: 1.4461, 
Test Loss: 1.1219, Test Acc: 0.5144, Test F1 Macro: 0.4849, Test F1 Micro: 0.5166, Test RMSE: 1.3648

Epoch [18/20], Time: 2.08s, 
Train Loss: 1.1724, Train Acc: 0.4980, Train F1 Macro: 0.4611, Train F1 Micro: 0.4921, Train RMSE: 1.4001, 
Val Loss: 1.1905, Val Acc: 0.5046, Val F1 Macro: 0.4713, Val F1 Micro: 0.4987, Val RMSE: 1.4437, 
Test Loss: 1.1253, Test Acc: 0.5070, Test F1 Macro: 0.4845, Test F1 Micro: 0.5161, Test RMSE: 1.3648

Epoch [19/20], Time: 2.08s, 
Train Loss: 1.1680, Train Acc: 0.4990, Train F1 Macro: 0.4615, Train F1 Micro: 0.4925, Train RMSE: 1.4000, 
Val Loss: 1.1897, Val Acc: 0.4893, Val F1 Macro: 0.4710, Val F1 Micro: 0.4982, Val RMSE: 1.4414, 
Test Loss: 1.1266, Test Acc: 0.5187, Test F1 Macro: 0.4850, Test F1 Micro: 0.5162, Test RMSE: 1.3618

Epoch [20/20], Time: 2.06s, 
Train Loss: 1.1671, Train Acc: 0.4953, Train F1 Macro: 0.4618, Train F1 Micro: 0.4926, Train RMSE: 1.3999, 
Val Loss: 1.1850, Val Acc: 0.4963, Val F1 Macro: 0.4707, Val F1 Micro: 0.4981, Val RMSE: 1.4426, 
Test Loss: 1.1260, Test Acc: 0.5113, Test F1 Macro: 0.4845, Test F1 Micro: 0.5160, Test RMSE: 1.3648

Total Training Time: 39.84s

Test Loss: 1.1245, Test Acc: 0.5274, Test F1 Macro: 0.4912, Test F1 Micro: 0.5274, Test RMSE: 1.3951
===== SEED 13 =====
PyTorch Version : 2.11.0+cu128
cuda
1.7.credibility.pt
***** Best Result Updated at Epoch 1, Val Loss: 1.2985 *****
Epoch [1/20], Time: 2.21s, 
Train Loss: 1.4696, Train Acc: 0.4047, Train F1 Macro: 0.3257, Train F1 Micro: 0.4047, Train RMSE: 1.5065, 
Val Loss: 1.2985, Val Acc: 0.4976, Val F1 Macro: 0.4718, Val F1 Micro: 0.4976, Val RMSE: 1.3832, 
Test Loss: 1.2364, Test Acc: 0.5248, Test F1 Macro: 0.4954, Test F1 Micro: 0.5248, Test RMSE: 1.3229

***** Best Result Updated at Epoch 2, Val Loss: 1.2256 *****
Epoch [2/20], Time: 2.08s, 
Train Loss: 1.2379, Train Acc: 0.5002, Train F1 Macro: 0.4048, Train F1 Micro: 0.4524, Train RMSE: 1.4415, 
Val Loss: 1.2256, Val Acc: 0.4972, Val F1 Macro: 0.4718, Val F1 Micro: 0.4974, Val RMSE: 1.4395, 
Test Loss: 1.1641, Test Acc: 0.5100, Test F1 Macro: 0.4879, Test F1 Micro: 0.5174, Test RMSE: 1.3632

***** Best Result Updated at Epoch 3, Val Loss: 1.2155 *****
Epoch [3/20], Time: 1.95s, 
Train Loss: 1.2098, Train Acc: 0.4989, Train F1 Macro: 0.4275, Train F1 Micro: 0.4679, Train RMSE: 1.4237, 
Val Loss: 1.2155, Val Acc: 0.4967, Val F1 Macro: 0.4701, Val F1 Micro: 0.4972, Val RMSE: 1.4432, 
Test Loss: 1.1493, Test Acc: 0.5187, Test F1 Macro: 0.4876, Test F1 Micro: 0.5179, Test RMSE: 1.3708

***** Best Result Updated at Epoch 4, Val Loss: 1.1984 *****
Epoch [4/20], Time: 1.96s, 
Train Loss: 1.1941, Train Acc: 0.4967, Train F1 Macro: 0.4377, Train F1 Micro: 0.4751, Train RMSE: 1.4174, 
Val Loss: 1.1984, Val Acc: 0.5098, Val F1 Macro: 0.4712, Val F1 Micro: 0.5003, Val RMSE: 1.4410, 
Test Loss: 1.1429, Test Acc: 0.5126, Test F1 Macro: 0.4842, Test F1 Micro: 0.5166, Test RMSE: 1.3735

Epoch [5/20], Time: 1.93s, 
Train Loss: 1.1868, Train Acc: 0.4986, Train F1 Macro: 0.4441, Train F1 Micro: 0.4798, Train RMSE: 1.4121, 
Val Loss: 1.2245, Val Acc: 0.5041, Val F1 Macro: 0.4703, Val F1 Micro: 0.5011, Val RMSE: 1.4364, 
Test Loss: 1.1654, Test Acc: 0.5135, Test F1 Macro: 0.4819, Test F1 Micro: 0.5159, Test RMSE: 1.3690

***** Best Result Updated at Epoch 6, Val Loss: 1.1933 *****
Epoch [6/20], Time: 2.13s, 
Train Loss: 1.1829, Train Acc: 0.4978, Train F1 Macro: 0.4480, Train F1 Micro: 0.4828, Train RMSE: 1.4089, 
Val Loss: 1.1933, Val Acc: 0.5041, Val F1 Macro: 0.4721, Val F1 Micro: 0.5016, Val RMSE: 1.4395, 
Test Loss: 1.1289, Test Acc: 0.5091, Test F1 Macro: 0.4808, Test F1 Micro: 0.5148, Test RMSE: 1.3679

***** Best Result Updated at Epoch 7, Val Loss: 1.1908 *****
Epoch [7/20], Time: 2.14s, 
Train Loss: 1.1799, Train Acc: 0.4978, Train F1 Macro: 0.4512, Train F1 Micro: 0.4849, Train RMSE: 1.4057, 
Val Loss: 1.1908, Val Acc: 0.4998, Val F1 Macro: 0.4725, Val F1 Micro: 0.5013, Val RMSE: 1.4364, 
Test Loss: 1.1307, Test Acc: 0.5009, Test F1 Macro: 0.4792, Test F1 Micro: 0.5128, Test RMSE: 1.3685

***** Best Result Updated at Epoch 8, Val Loss: 1.1904 *****
Epoch [8/20], Time: 2.02s, 
Train Loss: 1.1798, Train Acc: 0.4959, Train F1 Macro: 0.4533, Train F1 Micro: 0.4863, Train RMSE: 1.4014, 
Val Loss: 1.1904, Val Acc: 0.5002, Val F1 Macro: 0.4732, Val F1 Micro: 0.5012, Val RMSE: 1.4328, 
Test Loss: 1.1282, Test Acc: 0.5131, Test F1 Macro: 0.4797, Test F1 Micro: 0.5128, Test RMSE: 1.3630

Epoch [9/20], Time: 2.01s, 
Train Loss: 1.1757, Train Acc: 0.4993, Train F1 Macro: 0.4552, Train F1 Micro: 0.4878, Train RMSE: 1.3989, 
Val Loss: 1.2016, Val Acc: 0.4941, Val F1 Macro: 0.4729, Val F1 Micro: 0.5004, Val RMSE: 1.4364, 
Test Loss: 1.1302, Test Acc: 0.5122, Test F1 Macro: 0.4798, Test F1 Micro: 0.5128, Test RMSE: 1.3638

***** Best Result Updated at Epoch 10, Val Loss: 1.1867 *****
Epoch [10/20], Time: 2.05s, 
Train Loss: 1.1687, Train Acc: 0.5006, Train F1 Macro: 0.4569, Train F1 Micro: 0.4890, Train RMSE: 1.3986, 
Val Loss: 1.1867, Val Acc: 0.4980, Val F1 Macro: 0.4724, Val F1 Micro: 0.5002, Val RMSE: 1.4327, 
Test Loss: 1.1219, Test Acc: 0.5113, Test F1 Macro: 0.4793, Test F1 Micro: 0.5126, Test RMSE: 1.3602

***** Best Result Updated at Epoch 11, Val Loss: 1.1857 *****
Epoch [11/20], Time: 2.07s, 
Train Loss: 1.1657, Train Acc: 0.5020, Train F1 Macro: 0.4584, Train F1 Micro: 0.4902, Train RMSE: 1.3971, 
Val Loss: 1.1857, Val Acc: 0.4933, Val F1 Macro: 0.4720, Val F1 Micro: 0.4995, Val RMSE: 1.4326, 
Test Loss: 1.1164, Test Acc: 0.5131, Test F1 Macro: 0.4797, Test F1 Micro: 0.5127, Test RMSE: 1.3596

***** Best Result Updated at Epoch 12, Val Loss: 1.1777 *****
Epoch [12/20], Time: 2.28s, 
Train Loss: 1.1676, Train Acc: 0.4968, Train F1 Macro: 0.4592, Train F1 Micro: 0.4908, Train RMSE: 1.3974, 
Val Loss: 1.1777, Val Acc: 0.5007, Val F1 Macro: 0.4726, Val F1 Micro: 0.4996, Val RMSE: 1.4276, 
Test Loss: 1.1240, Test Acc: 0.5209, Test F1 Macro: 0.4811, Test F1 Micro: 0.5134, Test RMSE: 1.3555

Epoch [13/20], Time: 2.12s, 
Train Loss: 1.1657, Train Acc: 0.4975, Train F1 Macro: 0.4599, Train F1 Micro: 0.4913, Train RMSE: 1.3971, 
Val Loss: 1.1840, Val Acc: 0.5033, Val F1 Macro: 0.4727, Val F1 Micro: 0.4999, Val RMSE: 1.4283, 
Test Loss: 1.1218, Test Acc: 0.5139, Test F1 Macro: 0.4809, Test F1 Micro: 0.5134, Test RMSE: 1.3549

Epoch [14/20], Time: 2.09s, 
Train Loss: 1.1652, Train Acc: 0.4992, Train F1 Macro: 0.4606, Train F1 Micro: 0.4918, Train RMSE: 1.3955, 
Val Loss: 1.1890, Val Acc: 0.4867, Val F1 Macro: 0.4720, Val F1 Micro: 0.4990, Val RMSE: 1.4303, 
Test Loss: 1.1321, Test Acc: 0.5152, Test F1 Macro: 0.4813, Test F1 Micro: 0.5135, Test RMSE: 1.3554

Epoch [15/20], Time: 2.11s, 
Train Loss: 1.1643, Train Acc: 0.4982, Train F1 Macro: 0.4610, Train F1 Micro: 0.4923, Train RMSE: 1.3964, 
Val Loss: 1.1880, Val Acc: 0.5041, Val F1 Macro: 0.4723, Val F1 Micro: 0.4993, Val RMSE: 1.4275, 
Test Loss: 1.1253, Test Acc: 0.5170, Test F1 Macro: 0.4816, Test F1 Micro: 0.5138, Test RMSE: 1.3540

Epoch [16/20], Time: 2.17s, 
Train Loss: 1.1634, Train Acc: 0.5005, Train F1 Macro: 0.4617, Train F1 Micro: 0.4928, Train RMSE: 1.3962, 
Val Loss: 1.1842, Val Acc: 0.4963, Val F1 Macro: 0.4721, Val F1 Micro: 0.4991, Val RMSE: 1.4286, 
Test Loss: 1.1174, Test Acc: 0.5087, Test F1 Macro: 0.4811, Test F1 Micro: 0.5134, Test RMSE: 1.3548

Epoch [17/20], Time: 2.33s, 
Train Loss: 1.1627, Train Acc: 0.4980, Train F1 Macro: 0.4621, Train F1 Micro: 0.4931, Train RMSE: 1.3957, 
Val Loss: 1.1843, Val Acc: 0.4859, Val F1 Macro: 0.4715, Val F1 Micro: 0.4983, Val RMSE: 1.4284, 
Test Loss: 1.1207, Test Acc: 0.5139, Test F1 Macro: 0.4814, Test F1 Micro: 0.5135, Test RMSE: 1.3535

Epoch [18/20], Time: 2.36s, 
Train Loss: 1.1610, Train Acc: 0.5004, Train F1 Macro: 0.4625, Train F1 Micro: 0.4935, Train RMSE: 1.3948, 
Val Loss: 1.1796, Val Acc: 0.4959, Val F1 Macro: 0.4711, Val F1 Micro: 0.4982, Val RMSE: 1.4312, 
Test Loss: 1.1205, Test Acc: 0.5087, Test F1 Macro: 0.4809, Test F1 Micro: 0.5132, Test RMSE: 1.3574

Epoch [19/20], Time: 2.13s, 
Train Loss: 1.1611, Train Acc: 0.4998, Train F1 Macro: 0.4631, Train F1 Micro: 0.4938, Train RMSE: 1.3944, 
Val Loss: 1.1924, Val Acc: 0.4889, Val F1 Macro: 0.4711, Val F1 Micro: 0.4977, Val RMSE: 1.4284, 
Test Loss: 1.1249, Test Acc: 0.5044, Test F1 Macro: 0.4808, Test F1 Micro: 0.5127, Test RMSE: 1.3547

Epoch [20/20], Time: 2.16s, 
Train Loss: 1.1578, Train Acc: 0.5003, Train F1 Macro: 0.4635, Train F1 Micro: 0.4942, Train RMSE: 1.3936, 
Val Loss: 1.1826, Val Acc: 0.5028, Val F1 Macro: 0.4711, Val F1 Micro: 0.4980, Val RMSE: 1.4285, 
Test Loss: 1.1232, Test Acc: 0.5157, Test F1 Macro: 0.4808, Test F1 Micro: 0.5129, Test RMSE: 1.3533

Total Training Time: 42.28s

Test Loss: 1.1240, Test Acc: 0.5209, Test F1 Macro: 0.4963, Test F1 Micro: 0.5209, Test RMSE: 1.3100
===== SEED 77 =====
PyTorch Version : 2.11.0+cu128
cuda
1.7.credibility.pt
***** Best Result Updated at Epoch 1, Val Loss: 1.3260 *****
Epoch [1/20], Time: 2.38s, 
Train Loss: 1.4733, Train Acc: 0.3939, Train F1 Macro: 0.2914, Train F1 Micro: 0.3939, Train RMSE: 1.4882, 
Val Loss: 1.3260, Val Acc: 0.4819, Val F1 Macro: 0.4338, Val F1 Micro: 0.4819, Val RMSE: 1.3270, 
Test Loss: 1.2701, Test Acc: 0.4983, Test F1 Macro: 0.4460, Test F1 Micro: 0.4983, Test RMSE: 1.2548

***** Best Result Updated at Epoch 2, Val Loss: 1.2490 *****
Epoch [2/20], Time: 2.05s, 
Train Loss: 1.2616, Train Acc: 0.4944, Train F1 Macro: 0.3868, Train F1 Micro: 0.4441, Train RMSE: 1.4161, 
Val Loss: 1.2490, Val Acc: 0.4989, Val F1 Macro: 0.4607, Val F1 Micro: 0.4904, Val RMSE: 1.3426, 
Test Loss: 1.1768, Test Acc: 0.5179, Test F1 Macro: 0.4738, Test F1 Micro: 0.5081, Test RMSE: 1.2754

***** Best Result Updated at Epoch 3, Val Loss: 1.2273 *****
Epoch [3/20], Time: 1.93s, 
Train Loss: 1.2189, Train Acc: 0.4956, Train F1 Macro: 0.4162, Train F1 Micro: 0.4613, Train RMSE: 1.4051, 
Val Loss: 1.2273, Val Acc: 0.4959, Val F1 Macro: 0.4614, Val F1 Micro: 0.4922, Val RMSE: 1.3915, 
Test Loss: 1.1612, Test Acc: 0.5144, Test F1 Macro: 0.4768, Test F1 Micro: 0.5102, Test RMSE: 1.3164

***** Best Result Updated at Epoch 4, Val Loss: 1.2111 *****
Epoch [4/20], Time: 1.91s, 
Train Loss: 1.2045, Train Acc: 0.4928, Train F1 Macro: 0.4281, Train F1 Micro: 0.4692, Train RMSE: 1.4009, 
Val Loss: 1.2111, Val Acc: 0.5024, Val F1 Macro: 0.4650, Val F1 Micro: 0.4948, Val RMSE: 1.3916, 
Test Loss: 1.1444, Test Acc: 0.5161, Test F1 Macro: 0.4784, Test F1 Micro: 0.5117, Test RMSE: 1.3202

Epoch [5/20], Time: 1.92s, 
Train Loss: 1.1939, Train Acc: 0.4942, Train F1 Macro: 0.4358, Train F1 Micro: 0.4742, Train RMSE: 1.3959, 
Val Loss: 1.2157, Val Acc: 0.5054, Val F1 Macro: 0.4642, Val F1 Micro: 0.4969, Val RMSE: 1.4059, 
Test Loss: 1.1628, Test Acc: 0.5035, Test F1 Macro: 0.4742, Test F1 Micro: 0.5100, Test RMSE: 1.3387

Epoch [6/20], Time: 1.92s, 
Train Loss: 1.1952, Train Acc: 0.4966, Train F1 Macro: 0.4411, Train F1 Micro: 0.4779, Train RMSE: 1.3937, 
Val Loss: 1.2145, Val Acc: 0.4937, Val F1 Macro: 0.4632, Val F1 Micro: 0.4964, Val RMSE: 1.4107, 
Test Loss: 1.1464, Test Acc: 0.5105, Test F1 Macro: 0.4734, Test F1 Micro: 0.5101, Test RMSE: 1.3377

***** Best Result Updated at Epoch 7, Val Loss: 1.2016 *****
Epoch [7/20], Time: 2.10s, 
Train Loss: 1.1855, Train Acc: 0.4978, Train F1 Macro: 0.4451, Train F1 Micro: 0.4808, Train RMSE: 1.3885, 
Val Loss: 1.2016, Val Acc: 0.4993, Val F1 Macro: 0.4664, Val F1 Micro: 0.4968, Val RMSE: 1.4064, 
Test Loss: 1.1293, Test Acc: 0.5200, Test F1 Macro: 0.4778, Test F1 Micro: 0.5115, Test RMSE: 1.3307

Epoch [8/20], Time: 1.96s, 
Train Loss: 1.1871, Train Acc: 0.4947, Train F1 Macro: 0.4477, Train F1 Micro: 0.4825, Train RMSE: 1.3900, 
Val Loss: 1.2021, Val Acc: 0.5063, Val F1 Macro: 0.4672, Val F1 Micro: 0.4980, Val RMSE: 1.4007, 
Test Loss: 1.1380, Test Acc: 0.5135, Test F1 Macro: 0.4776, Test F1 Micro: 0.5118, Test RMSE: 1.3294

***** Best Result Updated at Epoch 9, Val Loss: 1.1966 *****
Epoch [9/20], Time: 2.01s, 
Train Loss: 1.1832, Train Acc: 0.4969, Train F1 Macro: 0.4500, Train F1 Micro: 0.4841, Train RMSE: 1.3886, 
Val Loss: 1.1966, Val Acc: 0.5033, Val F1 Macro: 0.4679, Val F1 Micro: 0.4986, Val RMSE: 1.3984, 
Test Loss: 1.1320, Test Acc: 0.5209, Test F1 Macro: 0.4794, Test F1 Micro: 0.5128, Test RMSE: 1.3282

***** Best Result Updated at Epoch 10, Val Loss: 1.1912 *****
Epoch [10/20], Time: 2.01s, 
Train Loss: 1.1834, Train Acc: 0.4916, Train F1 Macro: 0.4510, Train F1 Micro: 0.4849, Train RMSE: 1.3883, 
Val Loss: 1.1912, Val Acc: 0.4972, Val F1 Macro: 0.4685, Val F1 Micro: 0.4984, Val RMSE: 1.4039, 
Test Loss: 1.1302, Test Acc: 0.5170, Test F1 Macro: 0.4807, Test F1 Micro: 0.5132, Test RMSE: 1.3303

Epoch [11/20], Time: 2.02s, 
Train Loss: 1.1786, Train Acc: 0.4956, Train F1 Macro: 0.4524, Train F1 Micro: 0.4858, Train RMSE: 1.3886, 
Val Loss: 1.1952, Val Acc: 0.5011, Val F1 Macro: 0.4690, Val F1 Micro: 0.4987, Val RMSE: 1.4049, 
Test Loss: 1.1287, Test Acc: 0.5083, Test F1 Macro: 0.4802, Test F1 Micro: 0.5127, Test RMSE: 1.3308

Epoch [12/20], Time: 2.21s, 
Train Loss: 1.1776, Train Acc: 0.4923, Train F1 Macro: 0.4530, Train F1 Micro: 0.4864, Train RMSE: 1.3880, 
Val Loss: 1.1975, Val Acc: 0.4985, Val F1 Macro: 0.4676, Val F1 Micro: 0.4987, Val RMSE: 1.4090, 
Test Loss: 1.1310, Test Acc: 0.5057, Test F1 Macro: 0.4784, Test F1 Micro: 0.5122, Test RMSE: 1.3362

***** Best Result Updated at Epoch 13, Val Loss: 1.1890 *****
Epoch [13/20], Time: 2.08s, 
Train Loss: 1.1746, Train Acc: 0.4967, Train F1 Macro: 0.4539, Train F1 Micro: 0.4872, Train RMSE: 1.3875, 
Val Loss: 1.1890, Val Acc: 0.5007, Val F1 Macro: 0.4679, Val F1 Micro: 0.4988, Val RMSE: 1.4094, 
Test Loss: 1.1293, Test Acc: 0.5200, Test F1 Macro: 0.4793, Test F1 Micro: 0.5128, Test RMSE: 1.3345

Epoch [14/20], Time: 2.05s, 
Train Loss: 1.1715, Train Acc: 0.4990, Train F1 Macro: 0.4550, Train F1 Micro: 0.4880, Train RMSE: 1.3877, 
Val Loss: 1.1960, Val Acc: 0.4989, Val F1 Macro: 0.4682, Val F1 Micro: 0.4988, Val RMSE: 1.4136, 
Test Loss: 1.1237, Test Acc: 0.5183, Test F1 Macro: 0.4800, Test F1 Micro: 0.5132, Test RMSE: 1.3382

Epoch [15/20], Time: 2.09s, 
Train Loss: 1.1730, Train Acc: 0.4947, Train F1 Macro: 0.4558, Train F1 Micro: 0.4885, Train RMSE: 1.3874, 
Val Loss: 1.1954, Val Acc: 0.4998, Val F1 Macro: 0.4690, Val F1 Micro: 0.4989, Val RMSE: 1.4114, 
Test Loss: 1.1298, Test Acc: 0.5166, Test F1 Macro: 0.4809, Test F1 Micro: 0.5134, Test RMSE: 1.3360

Epoch [16/20], Time: 2.07s, 
Train Loss: 1.1776, Train Acc: 0.4983, Train F1 Macro: 0.4566, Train F1 Micro: 0.4891, Train RMSE: 1.3857, 
Val Loss: 1.2004, Val Acc: 0.4928, Val F1 Macro: 0.4692, Val F1 Micro: 0.4985, Val RMSE: 1.4170, 
Test Loss: 1.1315, Test Acc: 0.5126, Test F1 Macro: 0.4813, Test F1 Micro: 0.5133, Test RMSE: 1.3396

Epoch [17/20], Time: 2.28s, 
Train Loss: 1.1722, Train Acc: 0.4993, Train F1 Macro: 0.4575, Train F1 Micro: 0.4897, Train RMSE: 1.3858, 
Val Loss: 1.1950, Val Acc: 0.5002, Val F1 Macro: 0.4690, Val F1 Micro: 0.4986, Val RMSE: 1.4189, 
Test Loss: 1.1335, Test Acc: 0.5170, Test F1 Macro: 0.4812, Test F1 Micro: 0.5136, Test RMSE: 1.3402

Epoch [18/20], Time: 2.10s, 
Train Loss: 1.1713, Train Acc: 0.4973, Train F1 Macro: 0.4582, Train F1 Micro: 0.4901, Train RMSE: 1.3863, 
Val Loss: 1.1965, Val Acc: 0.4933, Val F1 Macro: 0.4691, Val F1 Micro: 0.4983, Val RMSE: 1.4214, 
Test Loss: 1.1305, Test Acc: 0.5035, Test F1 Macro: 0.4808, Test F1 Micro: 0.5130, Test RMSE: 1.3419

***** Best Result Updated at Epoch 19, Val Loss: 1.1889 *****
Epoch [19/20], Time: 2.14s, 
Train Loss: 1.1731, Train Acc: 0.4952, Train F1 Macro: 0.4585, Train F1 Micro: 0.4904, Train RMSE: 1.3868, 
Val Loss: 1.1889, Val Acc: 0.5037, Val F1 Macro: 0.4695, Val F1 Micro: 0.4986, Val RMSE: 1.4199, 
Test Loss: 1.1255, Test Acc: 0.5183, Test F1 Macro: 0.4812, Test F1 Micro: 0.5133, Test RMSE: 1.3416

***** Best Result Updated at Epoch 20, Val Loss: 1.1878 *****
Epoch [20/20], Time: 2.24s, 
Train Loss: 1.1693, Train Acc: 0.4946, Train F1 Macro: 0.4589, Train F1 Micro: 0.4906, Train RMSE: 1.3875, 
Val Loss: 1.1878, Val Acc: 0.4985, Val F1 Macro: 0.4695, Val F1 Micro: 0.4986, Val RMSE: 1.4204, 
Test Loss: 1.1258, Test Acc: 0.5039, Test F1 Macro: 0.4808, Test F1 Micro: 0.5128, Test RMSE: 1.3425

Total Training Time: 41.47s

Test Loss: 1.1258, Test Acc: 0.5039, Test F1 Macro: 0.4718, Test F1 Micro: 0.5039, Test RMSE: 1.3602
===== SEED 123 =====
PyTorch Version : 2.11.0+cu128
cuda
1.7.credibility.pt
***** Best Result Updated at Epoch 1, Val Loss: 1.3012 *****
Epoch [1/20], Time: 2.46s, 
Train Loss: 1.4752, Train Acc: 0.3983, Train F1 Macro: 0.3163, Train F1 Micro: 0.3983, Train RMSE: 1.4905, 
Val Loss: 1.3012, Val Acc: 0.4911, Val F1 Macro: 0.4651, Val F1 Micro: 0.4911, Val RMSE: 1.3414, 
Test Loss: 1.2443, Test Acc: 0.5126, Test F1 Macro: 0.4827, Test F1 Micro: 0.5126, Test RMSE: 1.2672

***** Best Result Updated at Epoch 2, Val Loss: 1.2341 *****
Epoch [2/20], Time: 2.13s, 
Train Loss: 1.2554, Train Acc: 0.4906, Train F1 Macro: 0.3940, Train F1 Micro: 0.4444, Train RMSE: 1.4256, 
Val Loss: 1.2341, Val Acc: 0.4972, Val F1 Macro: 0.4683, Val F1 Micro: 0.4941, Val RMSE: 1.3858, 
Test Loss: 1.1701, Test Acc: 0.5139, Test F1 Macro: 0.4831, Test F1 Micro: 0.5133, Test RMSE: 1.3049

***** Best Result Updated at Epoch 3, Val Loss: 1.2124 *****
Epoch [3/20], Time: 1.98s, 
Train Loss: 1.2180, Train Acc: 0.4934, Train F1 Macro: 0.4187, Train F1 Micro: 0.4607, Train RMSE: 1.4055, 
Val Loss: 1.2124, Val Acc: 0.5024, Val F1 Macro: 0.4709, Val F1 Micro: 0.4969, Val RMSE: 1.3926, 
Test Loss: 1.1542, Test Acc: 0.5192, Test F1 Macro: 0.4862, Test F1 Micro: 0.5152, Test RMSE: 1.3091

***** Best Result Updated at Epoch 4, Val Loss: 1.2091 *****
Epoch [4/20], Time: 2.00s, 
Train Loss: 1.1998, Train Acc: 0.4968, Train F1 Macro: 0.4316, Train F1 Micro: 0.4698, Train RMSE: 1.3992, 
Val Loss: 1.2091, Val Acc: 0.5028, Val F1 Macro: 0.4709, Val F1 Micro: 0.4984, Val RMSE: 1.3973, 
Test Loss: 1.1500, Test Acc: 0.5161, Test F1 Macro: 0.4858, Test F1 Micro: 0.5155, Test RMSE: 1.3128

***** Best Result Updated at Epoch 5, Val Loss: 1.1992 *****
Epoch [5/20], Time: 1.96s, 
Train Loss: 1.1908, Train Acc: 0.4957, Train F1 Macro: 0.4385, Train F1 Micro: 0.4750, Train RMSE: 1.3969, 
Val Loss: 1.1992, Val Acc: 0.5081, Val F1 Macro: 0.4736, Val F1 Micro: 0.5003, Val RMSE: 1.3949, 
Test Loss: 1.1423, Test Acc: 0.5166, Test F1 Macro: 0.4868, Test F1 Micro: 0.5157, Test RMSE: 1.3117

Epoch [6/20], Time: 1.95s, 
Train Loss: 1.1907, Train Acc: 0.4987, Train F1 Macro: 0.4439, Train F1 Micro: 0.4789, Train RMSE: 1.3906, 
Val Loss: 1.2054, Val Acc: 0.4902, Val F1 Macro: 0.4734, Val F1 Micro: 0.4986, Val RMSE: 1.3966, 
Test Loss: 1.1378, Test Acc: 0.5118, Test F1 Macro: 0.4873, Test F1 Micro: 0.5150, Test RMSE: 1.3090

Epoch [7/20], Time: 2.16s, 
Train Loss: 1.1866, Train Acc: 0.5003, Train F1 Macro: 0.4479, Train F1 Micro: 0.4820, Train RMSE: 1.3880, 
Val Loss: 1.2001, Val Acc: 0.5046, Val F1 Macro: 0.4742, Val F1 Micro: 0.4995, Val RMSE: 1.3976, 
Test Loss: 1.1258, Test Acc: 0.5144, Test F1 Macro: 0.4868, Test F1 Micro: 0.5149, Test RMSE: 1.3102

***** Best Result Updated at Epoch 8, Val Loss: 1.1915 *****
Epoch [8/20], Time: 2.03s, 
Train Loss: 1.1734, Train Acc: 0.4971, Train F1 Macro: 0.4505, Train F1 Micro: 0.4839, Train RMSE: 1.3874, 
Val Loss: 1.1915, Val Acc: 0.4924, Val F1 Macro: 0.4739, Val F1 Micro: 0.4986, Val RMSE: 1.3966, 
Test Loss: 1.1202, Test Acc: 0.5192, Test F1 Macro: 0.4881, Test F1 Micro: 0.5155, Test RMSE: 1.3105

Epoch [9/20], Time: 1.97s, 
Train Loss: 1.1718, Train Acc: 0.4998, Train F1 Macro: 0.4528, Train F1 Micro: 0.4856, Train RMSE: 1.3860, 
Val Loss: 1.1927, Val Acc: 0.4898, Val F1 Macro: 0.4731, Val F1 Micro: 0.4976, Val RMSE: 1.3925, 
Test Loss: 1.1262, Test Acc: 0.5200, Test F1 Macro: 0.4888, Test F1 Micro: 0.5160, Test RMSE: 1.3060

***** Best Result Updated at Epoch 10, Val Loss: 1.1864 *****
Epoch [10/20], Time: 2.02s, 
Train Loss: 1.1690, Train Acc: 0.4995, Train F1 Macro: 0.4545, Train F1 Micro: 0.4870, Train RMSE: 1.3872, 
Val Loss: 1.1864, Val Acc: 0.5063, Val F1 Macro: 0.4730, Val F1 Micro: 0.4985, Val RMSE: 1.4030, 
Test Loss: 1.1220, Test Acc: 0.5035, Test F1 Macro: 0.4867, Test F1 Micro: 0.5147, Test RMSE: 1.3188

Epoch [11/20], Time: 1.98s, 
Train Loss: 1.1719, Train Acc: 0.4975, Train F1 Macro: 0.4558, Train F1 Micro: 0.4880, Train RMSE: 1.3871, 
Val Loss: 1.1894, Val Acc: 0.4885, Val F1 Macro: 0.4720, Val F1 Micro: 0.4976, Val RMSE: 1.4095, 
Test Loss: 1.1218, Test Acc: 0.5131, Test F1 Macro: 0.4863, Test F1 Micro: 0.5146, Test RMSE: 1.3243

***** Best Result Updated at Epoch 12, Val Loss: 1.1860 *****
Epoch [12/20], Time: 2.20s, 
Train Loss: 1.1729, Train Acc: 0.4993, Train F1 Macro: 0.4572, Train F1 Micro: 0.4889, Train RMSE: 1.3870, 
Val Loss: 1.1860, Val Acc: 0.4989, Val F1 Macro: 0.4724, Val F1 Micro: 0.4977, Val RMSE: 1.4092, 
Test Loss: 1.1164, Test Acc: 0.5209, Test F1 Macro: 0.4871, Test F1 Micro: 0.5151, Test RMSE: 1.3235

Epoch [13/20], Time: 2.01s, 
Train Loss: 1.1649, Train Acc: 0.5038, Train F1 Macro: 0.4587, Train F1 Micro: 0.4901, Train RMSE: 1.3861, 
Val Loss: 1.1949, Val Acc: 0.5054, Val F1 Macro: 0.4733, Val F1 Micro: 0.4983, Val RMSE: 1.4064, 
Test Loss: 1.1263, Test Acc: 0.5109, Test F1 Macro: 0.4868, Test F1 Micro: 0.5148, Test RMSE: 1.3229

Epoch [14/20], Time: 2.02s, 
Train Loss: 1.1664, Train Acc: 0.5008, Train F1 Macro: 0.4596, Train F1 Micro: 0.4908, Train RMSE: 1.3858, 
Val Loss: 1.1896, Val Acc: 0.5041, Val F1 Macro: 0.4732, Val F1 Micro: 0.4987, Val RMSE: 1.4128, 
Test Loss: 1.1266, Test Acc: 0.5039, Test F1 Macro: 0.4854, Test F1 Micro: 0.5140, Test RMSE: 1.3306

***** Best Result Updated at Epoch 15, Val Loss: 1.1855 *****
Epoch [15/20], Time: 2.08s, 
Train Loss: 1.1692, Train Acc: 0.5027, Train F1 Macro: 0.4606, Train F1 Micro: 0.4916, Train RMSE: 1.3861, 
Val Loss: 1.1855, Val Acc: 0.5041, Val F1 Macro: 0.4738, Val F1 Micro: 0.4991, Val RMSE: 1.4146, 
Test Loss: 1.1229, Test Acc: 0.5170, Test F1 Macro: 0.4857, Test F1 Micro: 0.5142, Test RMSE: 1.3322

Epoch [16/20], Time: 2.08s, 
Train Loss: 1.1712, Train Acc: 0.5017, Train F1 Macro: 0.4613, Train F1 Micro: 0.4923, Train RMSE: 1.3861, 
Val Loss: 1.1855, Val Acc: 0.4976, Val F1 Macro: 0.4733, Val F1 Micro: 0.4990, Val RMSE: 1.4142, 
Test Loss: 1.1254, Test Acc: 0.5052, Test F1 Macro: 0.4845, Test F1 Micro: 0.5136, Test RMSE: 1.3332

Epoch [17/20], Time: 2.28s, 
Train Loss: 1.1682, Train Acc: 0.5012, Train F1 Macro: 0.4619, Train F1 Micro: 0.4928, Train RMSE: 1.3858, 
Val Loss: 1.1910, Val Acc: 0.4859, Val F1 Macro: 0.4724, Val F1 Micro: 0.4982, Val RMSE: 1.4117, 
Test Loss: 1.1256, Test Acc: 0.5004, Test F1 Macro: 0.4836, Test F1 Micro: 0.5129, Test RMSE: 1.3319

Epoch [18/20], Time: 2.07s, 
Train Loss: 1.1652, Train Acc: 0.5014, Train F1 Macro: 0.4625, Train F1 Micro: 0.4933, Train RMSE: 1.3857, 
Val Loss: 1.1917, Val Acc: 0.5015, Val F1 Macro: 0.4725, Val F1 Micro: 0.4984, Val RMSE: 1.4122, 
Test Loss: 1.1238, Test Acc: 0.5105, Test F1 Macro: 0.4832, Test F1 Micro: 0.5127, Test RMSE: 1.3326

Epoch [19/20], Time: 2.08s, 
Train Loss: 1.1676, Train Acc: 0.5013, Train F1 Macro: 0.4629, Train F1 Micro: 0.4937, Train RMSE: 1.3857, 
Val Loss: 1.1913, Val Acc: 0.4980, Val F1 Macro: 0.4722, Val F1 Micro: 0.4984, Val RMSE: 1.4119, 
Test Loss: 1.1259, Test Acc: 0.5087, Test F1 Macro: 0.4830, Test F1 Micro: 0.5125, Test RMSE: 1.3339

Epoch [20/20], Time: 2.10s, 
Train Loss: 1.1694, Train Acc: 0.4978, Train F1 Macro: 0.4632, Train F1 Micro: 0.4939, Train RMSE: 1.3859, 
Val Loss: 1.1932, Val Acc: 0.5037, Val F1 Macro: 0.4724, Val F1 Micro: 0.4986, Val RMSE: 1.4127, 
Test Loss: 1.1272, Test Acc: 0.5100, Test F1 Macro: 0.4829, Test F1 Micro: 0.5124, Test RMSE: 1.3377

Total Training Time: 41.56s

Test Loss: 1.1229, Test Acc: 0.5170, Test F1 Macro: 0.4890, Test F1 Micro: 0.5170, Test RMSE: 1.3549
