===== SEED 42 =====
PyTorch Version : 2.11.0+cu128
cuda
1.8.context.pt
***** Best Result Updated at Epoch 1, Val Loss: 1.6138 *****
Epoch [1/20], Time: 1.97s, 
Train Loss: 1.6517, Train Acc: 0.2952, Train F1 Macro: 0.2046, Train F1 Micro: 0.2952, Train RMSE: 1.8164, 
Val Loss: 1.6138, Val Acc: 0.3026, Val F1 Macro: 0.1880, Val F1 Micro: 0.3026, Val RMSE: 1.7259, 
Test Loss: 1.6050, Test Acc: 0.3114, Test F1 Macro: 0.1786, Test F1 Micro: 0.3114, Test RMSE: 1.7398

***** Best Result Updated at Epoch 2, Val Loss: 1.6135 *****
Epoch [2/20], Time: 1.71s, 
Train Loss: 1.6157, Train Acc: 0.3129, Train F1 Macro: 0.2181, Train F1 Micro: 0.3040, Train RMSE: 1.8036, 
Val Loss: 1.6135, Val Acc: 0.3043, Val F1 Macro: 0.1843, Val F1 Micro: 0.3034, Val RMSE: 1.7552, 
Test Loss: 1.5997, Test Acc: 0.3253, Test F1 Macro: 0.1812, Test F1 Micro: 0.3184, Test RMSE: 1.7496

Epoch [3/20], Time: 1.58s, 
Train Loss: 1.5946, Train Acc: 0.3243, Train F1 Macro: 0.2262, Train F1 Micro: 0.3108, Train RMSE: 1.7925, 
Val Loss: 1.6166, Val Acc: 0.2930, Val F1 Macro: 0.1959, Val F1 Micro: 0.3000, Val RMSE: 1.7283, 
Test Loss: 1.5958, Test Acc: 0.3171, Test F1 Macro: 0.1975, Test F1 Micro: 0.3179, Test RMSE: 1.7258

Epoch [4/20], Time: 1.62s, 
Train Loss: 1.5789, Train Acc: 0.3359, Train F1 Macro: 0.2366, Train F1 Micro: 0.3171, Train RMSE: 1.7828, 
Val Loss: 1.6200, Val Acc: 0.3004, Val F1 Macro: 0.2091, Val F1 Micro: 0.3001, Val RMSE: 1.7380, 
Test Loss: 1.6027, Test Acc: 0.3071, Test F1 Macro: 0.2075, Test F1 Micro: 0.3152, Test RMSE: 1.7459

Epoch [5/20], Time: 1.65s, 
Train Loss: 1.5678, Train Acc: 0.3395, Train F1 Macro: 0.2435, Train F1 Micro: 0.3216, Train RMSE: 1.7749, 
Val Loss: 1.6145, Val Acc: 0.3078, Val F1 Macro: 0.2142, Val F1 Micro: 0.3016, Val RMSE: 1.7559, 
Test Loss: 1.5969, Test Acc: 0.3193, Test F1 Macro: 0.2108, Test F1 Micro: 0.3160, Test RMSE: 1.7596

Epoch [6/20], Time: 1.64s, 
Train Loss: 1.5528, Train Acc: 0.3511, Train F1 Macro: 0.2512, Train F1 Micro: 0.3265, Train RMSE: 1.7663, 
Val Loss: 1.6197, Val Acc: 0.2965, Val F1 Macro: 0.2154, Val F1 Micro: 0.3008, Val RMSE: 1.7593, 
Test Loss: 1.6016, Test Acc: 0.3105, Test F1 Macro: 0.2125, Test F1 Micro: 0.3151, Test RMSE: 1.7580

Epoch [7/20], Time: 1.64s, 
Train Loss: 1.5393, Train Acc: 0.3621, Train F1 Macro: 0.2587, Train F1 Micro: 0.3316, Train RMSE: 1.7565, 
Val Loss: 1.6311, Val Acc: 0.3008, Val F1 Macro: 0.2193, Val F1 Micro: 0.3008, Val RMSE: 1.7725, 
Test Loss: 1.6172, Test Acc: 0.3049, Test F1 Macro: 0.2156, Test F1 Micro: 0.3137, Test RMSE: 1.7682

Epoch [8/20], Time: 1.81s, 
Train Loss: 1.5209, Train Acc: 0.3695, Train F1 Macro: 0.2657, Train F1 Micro: 0.3363, Train RMSE: 1.7479, 
Val Loss: 1.6350, Val Acc: 0.3117, Val F1 Macro: 0.2257, Val F1 Micro: 0.3021, Val RMSE: 1.7958, 
Test Loss: 1.6191, Test Acc: 0.3145, Test F1 Macro: 0.2211, Test F1 Micro: 0.3138, Test RMSE: 1.7817

Epoch [9/20], Time: 1.66s, 
Train Loss: 1.5041, Train Acc: 0.3763, Train F1 Macro: 0.2723, Train F1 Micro: 0.3408, Train RMSE: 1.7406, 
Val Loss: 1.6517, Val Acc: 0.3087, Val F1 Macro: 0.2310, Val F1 Micro: 0.3029, Val RMSE: 1.7994, 
Test Loss: 1.6328, Test Acc: 0.3075, Test F1 Macro: 0.2252, Test F1 Micro: 0.3131, Test RMSE: 1.7791

Epoch [10/20], Time: 1.68s, 
Train Loss: 1.4910, Train Acc: 0.3889, Train F1 Macro: 0.2792, Train F1 Micro: 0.3456, Train RMSE: 1.7333, 
Val Loss: 1.6530, Val Acc: 0.3074, Val F1 Macro: 0.2338, Val F1 Micro: 0.3033, Val RMSE: 1.8062, 
Test Loss: 1.6357, Test Acc: 0.3066, Test F1 Macro: 0.2265, Test F1 Micro: 0.3124, Test RMSE: 1.7821

Epoch [11/20], Time: 1.71s, 
Train Loss: 1.4757, Train Acc: 0.3963, Train F1 Macro: 0.2857, Train F1 Micro: 0.3502, Train RMSE: 1.7262, 
Val Loss: 1.6717, Val Acc: 0.3061, Val F1 Macro: 0.2349, Val F1 Micro: 0.3036, Val RMSE: 1.8094, 
Test Loss: 1.6416, Test Acc: 0.3171, Test F1 Macro: 0.2281, Test F1 Micro: 0.3128, Test RMSE: 1.7812

Epoch [12/20], Time: 1.71s, 
Train Loss: 1.4612, Train Acc: 0.4035, Train F1 Macro: 0.2921, Train F1 Micro: 0.3546, Train RMSE: 1.7194, 
Val Loss: 1.6881, Val Acc: 0.2965, Val F1 Macro: 0.2366, Val F1 Micro: 0.3030, Val RMSE: 1.8150, 
Test Loss: 1.6675, Test Acc: 0.3075, Test F1 Macro: 0.2298, Test F1 Micro: 0.3124, Test RMSE: 1.7842

Epoch [13/20], Time: 1.87s, 
Train Loss: 1.4456, Train Acc: 0.4097, Train F1 Macro: 0.2977, Train F1 Micro: 0.3589, Train RMSE: 1.7135, 
Val Loss: 1.6995, Val Acc: 0.2943, Val F1 Macro: 0.2377, Val F1 Micro: 0.3023, Val RMSE: 1.8194, 
Test Loss: 1.6719, Test Acc: 0.3088, Test F1 Macro: 0.2313, Test F1 Micro: 0.3121, Test RMSE: 1.7863

Epoch [14/20], Time: 1.73s, 
Train Loss: 1.4266, Train Acc: 0.4177, Train F1 Macro: 0.3032, Train F1 Micro: 0.3631, Train RMSE: 1.7068, 
Val Loss: 1.7135, Val Acc: 0.3074, Val F1 Macro: 0.2388, Val F1 Micro: 0.3027, Val RMSE: 1.8240, 
Test Loss: 1.6891, Test Acc: 0.3040, Test F1 Macro: 0.2313, Test F1 Micro: 0.3115, Test RMSE: 1.7895

Epoch [15/20], Time: 1.74s, 
Train Loss: 1.4154, Train Acc: 0.4227, Train F1 Macro: 0.3084, Train F1 Micro: 0.3670, Train RMSE: 1.7011, 
Val Loss: 1.7280, Val Acc: 0.2926, Val F1 Macro: 0.2400, Val F1 Micro: 0.3020, Val RMSE: 1.8266, 
Test Loss: 1.7000, Test Acc: 0.3201, Test F1 Macro: 0.2340, Test F1 Micro: 0.3121, Test RMSE: 1.7884

Epoch [16/20], Time: 1.75s, 
Train Loss: 1.4054, Train Acc: 0.4260, Train F1 Macro: 0.3134, Train F1 Micro: 0.3707, Train RMSE: 1.6961, 
Val Loss: 1.7310, Val Acc: 0.3030, Val F1 Macro: 0.2403, Val F1 Micro: 0.3021, Val RMSE: 1.8252, 
Test Loss: 1.7090, Test Acc: 0.3193, Test F1 Macro: 0.2347, Test F1 Micro: 0.3126, Test RMSE: 1.7842

Epoch [17/20], Time: 1.77s, 
Train Loss: 1.3943, Train Acc: 0.4307, Train F1 Macro: 0.3179, Train F1 Micro: 0.3743, Train RMSE: 1.6904, 
Val Loss: 1.7489, Val Acc: 0.3013, Val F1 Macro: 0.2407, Val F1 Micro: 0.3020, Val RMSE: 1.8280, 
Test Loss: 1.7337, Test Acc: 0.3149, Test F1 Macro: 0.2353, Test F1 Micro: 0.3127, Test RMSE: 1.7848

Epoch [18/20], Time: 1.95s, 
Train Loss: 1.3891, Train Acc: 0.4311, Train F1 Macro: 0.3219, Train F1 Micro: 0.3774, Train RMSE: 1.6865, 
Val Loss: 1.7576, Val Acc: 0.3039, Val F1 Macro: 0.2411, Val F1 Micro: 0.3021, Val RMSE: 1.8290, 
Test Loss: 1.7481, Test Acc: 0.3110, Test F1 Macro: 0.2358, Test F1 Micro: 0.3126, Test RMSE: 1.7846

Epoch [19/20], Time: 1.79s, 
Train Loss: 1.3793, Train Acc: 0.4354, Train F1 Macro: 0.3257, Train F1 Micro: 0.3805, Train RMSE: 1.6827, 
Val Loss: 1.7787, Val Acc: 0.3004, Val F1 Macro: 0.2415, Val F1 Micro: 0.3020, Val RMSE: 1.8311, 
Test Loss: 1.7579, Test Acc: 0.3149, Test F1 Macro: 0.2366, Test F1 Micro: 0.3127, Test RMSE: 1.7857

Epoch [20/20], Time: 1.86s, 
Train Loss: 1.3710, Train Acc: 0.4388, Train F1 Macro: 0.3293, Train F1 Micro: 0.3834, Train RMSE: 1.6785, 
Val Loss: 1.7823, Val Acc: 0.3000, Val F1 Macro: 0.2416, Val F1 Micro: 0.3019, Val RMSE: 1.8353, 
Test Loss: 1.7649, Test Acc: 0.3153, Test F1 Macro: 0.2371, Test F1 Micro: 0.3128, Test RMSE: 1.7866

Total Training Time: 34.82s

Test Loss: 1.5997, Test Acc: 0.3253, Test F1 Macro: 0.1835, Test F1 Micro: 0.3253, Test RMSE: 1.7594
===== SEED 7 =====
PyTorch Version : 2.11.0+cu128
cuda
1.8.context.pt
***** Best Result Updated at Epoch 1, Val Loss: 1.6247 *****
Epoch [1/20], Time: 2.33s, 
Train Loss: 1.6571, Train Acc: 0.2921, Train F1 Macro: 0.1972, Train F1 Micro: 0.2921, Train RMSE: 1.8047, 
Val Loss: 1.6247, Val Acc: 0.2847, Val F1 Macro: 0.1897, Val F1 Micro: 0.2847, Val RMSE: 1.7679, 
Test Loss: 1.6109, Test Acc: 0.3088, Test F1 Macro: 0.1937, Test F1 Micro: 0.3088, Test RMSE: 1.7570

***** Best Result Updated at Epoch 2, Val Loss: 1.6246 *****
Epoch [2/20], Time: 1.81s, 
Train Loss: 1.6154, Train Acc: 0.3124, Train F1 Macro: 0.2158, Train F1 Micro: 0.3022, Train RMSE: 1.7898, 
Val Loss: 1.6246, Val Acc: 0.2886, Val F1 Macro: 0.2071, Val F1 Micro: 0.2867, Val RMSE: 1.7472, 
Test Loss: 1.6061, Test Acc: 0.3110, Test F1 Macro: 0.2121, Test F1 Micro: 0.3099, Test RMSE: 1.7115

***** Best Result Updated at Epoch 3, Val Loss: 1.6140 *****
Epoch [3/20], Time: 1.64s, 
Train Loss: 1.5983, Train Acc: 0.3221, Train F1 Macro: 0.2260, Train F1 Micro: 0.3089, Train RMSE: 1.7760, 
Val Loss: 1.6140, Val Acc: 0.2978, Val F1 Macro: 0.2146, Val F1 Micro: 0.2904, Val RMSE: 1.7693, 
Test Loss: 1.5957, Test Acc: 0.3171, Test F1 Macro: 0.2183, Test F1 Micro: 0.3123, Test RMSE: 1.7322

Epoch [4/20], Time: 1.64s, 
Train Loss: 1.5803, Train Acc: 0.3294, Train F1 Macro: 0.2351, Train F1 Micro: 0.3140, Train RMSE: 1.7689, 
Val Loss: 1.6151, Val Acc: 0.3017, Val F1 Macro: 0.2246, Val F1 Micro: 0.2932, Val RMSE: 1.7815, 
Test Loss: 1.6006, Test Acc: 0.3114, Test F1 Macro: 0.2237, Test F1 Micro: 0.3121, Test RMSE: 1.7421

Epoch [5/20], Time: 1.66s, 
Train Loss: 1.5674, Train Acc: 0.3443, Train F1 Macro: 0.2449, Train F1 Micro: 0.3201, Train RMSE: 1.7632, 
Val Loss: 1.6231, Val Acc: 0.3047, Val F1 Macro: 0.2274, Val F1 Micro: 0.2955, Val RMSE: 1.7793, 
Test Loss: 1.6059, Test Acc: 0.3145, Test F1 Macro: 0.2256, Test F1 Micro: 0.3125, Test RMSE: 1.7380

Epoch [6/20], Time: 1.70s, 
Train Loss: 1.5537, Train Acc: 0.3530, Train F1 Macro: 0.2533, Train F1 Micro: 0.3256, Train RMSE: 1.7550, 
Val Loss: 1.6211, Val Acc: 0.2991, Val F1 Macro: 0.2313, Val F1 Micro: 0.2961, Val RMSE: 1.7933, 
Test Loss: 1.6059, Test Acc: 0.3044, Test F1 Macro: 0.2267, Test F1 Micro: 0.3112, Test RMSE: 1.7517

Epoch [7/20], Time: 1.83s, 
Train Loss: 1.5349, Train Acc: 0.3646, Train F1 Macro: 0.2615, Train F1 Micro: 0.3311, Train RMSE: 1.7465, 
Val Loss: 1.6367, Val Acc: 0.3069, Val F1 Macro: 0.2303, Val F1 Micro: 0.2977, Val RMSE: 1.8016, 
Test Loss: 1.6315, Test Acc: 0.3145, Test F1 Macro: 0.2251, Test F1 Micro: 0.3117, Test RMSE: 1.7586

Epoch [8/20], Time: 1.69s, 
Train Loss: 1.5245, Train Acc: 0.3694, Train F1 Macro: 0.2684, Train F1 Micro: 0.3359, Train RMSE: 1.7385, 
Val Loss: 1.6444, Val Acc: 0.3008, Val F1 Macro: 0.2299, Val F1 Micro: 0.2981, Val RMSE: 1.8051, 
Test Loss: 1.6401, Test Acc: 0.3010, Test F1 Macro: 0.2239, Test F1 Micro: 0.3103, Test RMSE: 1.7600

Epoch [9/20], Time: 1.69s, 
Train Loss: 1.5084, Train Acc: 0.3784, Train F1 Macro: 0.2750, Train F1 Micro: 0.3406, Train RMSE: 1.7301, 
Val Loss: 1.6448, Val Acc: 0.3013, Val F1 Macro: 0.2334, Val F1 Micro: 0.2984, Val RMSE: 1.8045, 
Test Loss: 1.6462, Test Acc: 0.3023, Test F1 Macro: 0.2266, Test F1 Micro: 0.3094, Test RMSE: 1.7567

Epoch [10/20], Time: 1.71s, 
Train Loss: 1.4841, Train Acc: 0.3878, Train F1 Macro: 0.2817, Train F1 Micro: 0.3453, Train RMSE: 1.7217, 
Val Loss: 1.6565, Val Acc: 0.3069, Val F1 Macro: 0.2349, Val F1 Micro: 0.2993, Val RMSE: 1.8111, 
Test Loss: 1.6475, Test Acc: 0.3184, Test F1 Macro: 0.2283, Test F1 Micro: 0.3103, Test RMSE: 1.7618

Epoch [11/20], Time: 1.74s, 
Train Loss: 1.4692, Train Acc: 0.3966, Train F1 Macro: 0.2879, Train F1 Micro: 0.3500, Train RMSE: 1.7143, 
Val Loss: 1.6712, Val Acc: 0.3004, Val F1 Macro: 0.2363, Val F1 Micro: 0.2994, Val RMSE: 1.8133, 
Test Loss: 1.6631, Test Acc: 0.3066, Test F1 Macro: 0.2292, Test F1 Micro: 0.3100, Test RMSE: 1.7657

Epoch [12/20], Time: 1.91s, 
Train Loss: 1.4552, Train Acc: 0.4064, Train F1 Macro: 0.2942, Train F1 Micro: 0.3547, Train RMSE: 1.7077, 
Val Loss: 1.6819, Val Acc: 0.3017, Val F1 Macro: 0.2378, Val F1 Micro: 0.2996, Val RMSE: 1.8164, 
Test Loss: 1.6819, Test Acc: 0.3171, Test F1 Macro: 0.2317, Test F1 Micro: 0.3106, Test RMSE: 1.7659

Epoch [13/20], Time: 1.75s, 
Train Loss: 1.4416, Train Acc: 0.4056, Train F1 Macro: 0.2995, Train F1 Micro: 0.3586, Train RMSE: 1.7020, 
Val Loss: 1.6966, Val Acc: 0.3052, Val F1 Macro: 0.2375, Val F1 Micro: 0.3000, Val RMSE: 1.8237, 
Test Loss: 1.7050, Test Acc: 0.3145, Test F1 Macro: 0.2319, Test F1 Micro: 0.3109, Test RMSE: 1.7721

Epoch [14/20], Time: 1.76s, 
Train Loss: 1.4288, Train Acc: 0.4166, Train F1 Macro: 0.3049, Train F1 Micro: 0.3628, Train RMSE: 1.6965, 
Val Loss: 1.7153, Val Acc: 0.3004, Val F1 Macro: 0.2390, Val F1 Micro: 0.3000, Val RMSE: 1.8229, 
Test Loss: 1.7126, Test Acc: 0.3136, Test F1 Macro: 0.2339, Test F1 Micro: 0.3111, Test RMSE: 1.7697

Epoch [15/20], Time: 1.78s, 
Train Loss: 1.4120, Train Acc: 0.4203, Train F1 Macro: 0.3098, Train F1 Micro: 0.3666, Train RMSE: 1.6908, 
Val Loss: 1.7371, Val Acc: 0.3026, Val F1 Macro: 0.2393, Val F1 Micro: 0.3002, Val RMSE: 1.8233, 
Test Loss: 1.7436, Test Acc: 0.3040, Test F1 Macro: 0.2337, Test F1 Micro: 0.3106, Test RMSE: 1.7706

Epoch [16/20], Time: 1.85s, 
Train Loss: 1.3976, Train Acc: 0.4290, Train F1 Macro: 0.3146, Train F1 Micro: 0.3705, Train RMSE: 1.6854, 
Val Loss: 1.7441, Val Acc: 0.2982, Val F1 Macro: 0.2399, Val F1 Micro: 0.3001, Val RMSE: 1.8259, 
Test Loss: 1.7422, Test Acc: 0.3140, Test F1 Macro: 0.2347, Test F1 Micro: 0.3108, Test RMSE: 1.7713

Epoch [17/20], Time: 1.80s, 
Train Loss: 1.3913, Train Acc: 0.4333, Train F1 Macro: 0.3192, Train F1 Micro: 0.3742, Train RMSE: 1.6805, 
Val Loss: 1.7617, Val Acc: 0.2982, Val F1 Macro: 0.2406, Val F1 Micro: 0.3000, Val RMSE: 1.8227, 
Test Loss: 1.7685, Test Acc: 0.3101, Test F1 Macro: 0.2353, Test F1 Micro: 0.3108, Test RMSE: 1.7679

Epoch [18/20], Time: 2.14s, 
Train Loss: 1.3793, Train Acc: 0.4352, Train F1 Macro: 0.3234, Train F1 Micro: 0.3776, Train RMSE: 1.6756, 
Val Loss: 1.7634, Val Acc: 0.2930, Val F1 Macro: 0.2406, Val F1 Micro: 0.2996, Val RMSE: 1.8244, 
Test Loss: 1.7824, Test Acc: 0.3079, Test F1 Macro: 0.2355, Test F1 Micro: 0.3106, Test RMSE: 1.7687

Epoch [19/20], Time: 1.83s, 
Train Loss: 1.3714, Train Acc: 0.4412, Train F1 Macro: 0.3274, Train F1 Micro: 0.3809, Train RMSE: 1.6713, 
Val Loss: 1.7896, Val Acc: 0.3017, Val F1 Macro: 0.2411, Val F1 Micro: 0.2997, Val RMSE: 1.8243, 
Test Loss: 1.7981, Test Acc: 0.3066, Test F1 Macro: 0.2358, Test F1 Micro: 0.3104, Test RMSE: 1.7694

Epoch [20/20], Time: 1.85s, 
Train Loss: 1.3622, Train Acc: 0.4441, Train F1 Macro: 0.3313, Train F1 Micro: 0.3841, Train RMSE: 1.6665, 
Val Loss: 1.7894, Val Acc: 0.3030, Val F1 Macro: 0.2419, Val F1 Micro: 0.2998, Val RMSE: 1.8251, 
Test Loss: 1.8042, Test Acc: 0.3053, Test F1 Macro: 0.2362, Test F1 Micro: 0.3101, Test RMSE: 1.7691

Total Training Time: 36.10s

Test Loss: 1.5957, Test Acc: 0.3171, Test F1 Macro: 0.2045, Test F1 Micro: 0.3171, Test RMSE: 1.7729
===== SEED 13 =====
PyTorch Version : 2.11.0+cu128
cuda
1.8.context.pt
***** Best Result Updated at Epoch 1, Val Loss: 1.6219 *****
Epoch [1/20], Time: 2.15s, 
Train Loss: 1.6585, Train Acc: 0.2909, Train F1 Macro: 0.2088, Train F1 Micro: 0.2909, Train RMSE: 1.8658, 
Val Loss: 1.6219, Val Acc: 0.2982, Val F1 Macro: 0.2041, Val F1 Micro: 0.2982, Val RMSE: 1.6929, 
Test Loss: 1.6035, Test Acc: 0.3158, Test F1 Macro: 0.2067, Test F1 Micro: 0.3158, Test RMSE: 1.6732

***** Best Result Updated at Epoch 2, Val Loss: 1.6143 *****
Epoch [2/20], Time: 1.89s, 
Train Loss: 1.6173, Train Acc: 0.3099, Train F1 Macro: 0.2223, Train F1 Micro: 0.3004, Train RMSE: 1.8338, 
Val Loss: 1.6143, Val Acc: 0.2908, Val F1 Macro: 0.2244, Val F1 Micro: 0.2945, Val RMSE: 1.7227, 
Test Loss: 1.5985, Test Acc: 0.3127, Test F1 Macro: 0.2345, Test F1 Micro: 0.3142, Test RMSE: 1.6994

Epoch [3/20], Time: 1.70s, 
Train Loss: 1.5950, Train Acc: 0.3244, Train F1 Macro: 0.2322, Train F1 Micro: 0.3084, Train RMSE: 1.8162, 
Val Loss: 1.6149, Val Acc: 0.3065, Val F1 Macro: 0.2359, Val F1 Micro: 0.2985, Val RMSE: 1.7797, 
Test Loss: 1.5939, Test Acc: 0.3118, Test F1 Macro: 0.2402, Test F1 Micro: 0.3134, Test RMSE: 1.7568

Epoch [4/20], Time: 1.70s, 
Train Loss: 1.5788, Train Acc: 0.3334, Train F1 Macro: 0.2396, Train F1 Micro: 0.3146, Train RMSE: 1.7988, 
Val Loss: 1.6180, Val Acc: 0.2973, Val F1 Macro: 0.2421, Val F1 Micro: 0.2982, Val RMSE: 1.7840, 
Test Loss: 1.6059, Test Acc: 0.3075, Test F1 Macro: 0.2463, Test F1 Micro: 0.3120, Test RMSE: 1.7650

Epoch [5/20], Time: 1.74s, 
Train Loss: 1.5666, Train Acc: 0.3439, Train F1 Macro: 0.2480, Train F1 Micro: 0.3205, Train RMSE: 1.7862, 
Val Loss: 1.6346, Val Acc: 0.2891, Val F1 Macro: 0.2380, Val F1 Micro: 0.2964, Val RMSE: 1.7792, 
Test Loss: 1.6111, Test Acc: 0.3175, Test F1 Macro: 0.2445, Test F1 Micro: 0.3131, Test RMSE: 1.7577

Epoch [6/20], Time: 1.73s, 
Train Loss: 1.5519, Train Acc: 0.3563, Train F1 Macro: 0.2560, Train F1 Micro: 0.3265, Train RMSE: 1.7751, 
Val Loss: 1.6320, Val Acc: 0.2969, Val F1 Macro: 0.2413, Val F1 Micro: 0.2965, Val RMSE: 1.8002, 
Test Loss: 1.6104, Test Acc: 0.3066, Test F1 Macro: 0.2467, Test F1 Micro: 0.3120, Test RMSE: 1.7730

Epoch [7/20], Time: 1.88s, 
Train Loss: 1.5351, Train Acc: 0.3613, Train F1 Macro: 0.2630, Train F1 Micro: 0.3314, Train RMSE: 1.7647, 
Val Loss: 1.6348, Val Acc: 0.3069, Val F1 Macro: 0.2396, Val F1 Micro: 0.2980, Val RMSE: 1.7947, 
Test Loss: 1.6170, Test Acc: 0.3158, Test F1 Macro: 0.2432, Test F1 Micro: 0.3125, Test RMSE: 1.7665

Epoch [8/20], Time: 1.80s, 
Train Loss: 1.5185, Train Acc: 0.3697, Train F1 Macro: 0.2696, Train F1 Micro: 0.3362, Train RMSE: 1.7533, 
Val Loss: 1.6391, Val Acc: 0.2934, Val F1 Macro: 0.2379, Val F1 Micro: 0.2974, Val RMSE: 1.8019, 
Test Loss: 1.6098, Test Acc: 0.3193, Test F1 Macro: 0.2425, Test F1 Micro: 0.3134, Test RMSE: 1.7690

Epoch [9/20], Time: 1.88s, 
Train Loss: 1.4980, Train Acc: 0.3812, Train F1 Macro: 0.2765, Train F1 Micro: 0.3412, Train RMSE: 1.7425, 
Val Loss: 1.6553, Val Acc: 0.3026, Val F1 Macro: 0.2395, Val F1 Micro: 0.2980, Val RMSE: 1.8033, 
Test Loss: 1.6329, Test Acc: 0.3084, Test F1 Macro: 0.2419, Test F1 Micro: 0.3128, Test RMSE: 1.7713

Epoch [10/20], Time: 1.81s, 
Train Loss: 1.4817, Train Acc: 0.3912, Train F1 Macro: 0.2833, Train F1 Micro: 0.3462, Train RMSE: 1.7344, 
Val Loss: 1.6619, Val Acc: 0.3017, Val F1 Macro: 0.2400, Val F1 Micro: 0.2983, Val RMSE: 1.7996, 
Test Loss: 1.6452, Test Acc: 0.3062, Test F1 Macro: 0.2413, Test F1 Micro: 0.3122, Test RMSE: 1.7672

Epoch [11/20], Time: 1.81s, 
Train Loss: 1.4703, Train Acc: 0.3933, Train F1 Macro: 0.2890, Train F1 Micro: 0.3505, Train RMSE: 1.7266, 
Val Loss: 1.6783, Val Acc: 0.3017, Val F1 Macro: 0.2397, Val F1 Micro: 0.2987, Val RMSE: 1.8045, 
Test Loss: 1.6571, Test Acc: 0.3092, Test F1 Macro: 0.2408, Test F1 Micro: 0.3119, Test RMSE: 1.7723

Epoch [12/20], Time: 1.99s, 
Train Loss: 1.4538, Train Acc: 0.4038, Train F1 Macro: 0.2946, Train F1 Micro: 0.3549, Train RMSE: 1.7191, 
Val Loss: 1.6836, Val Acc: 0.3008, Val F1 Macro: 0.2417, Val F1 Micro: 0.2988, Val RMSE: 1.8107, 
Test Loss: 1.6638, Test Acc: 0.3023, Test F1 Macro: 0.2419, Test F1 Micro: 0.3111, Test RMSE: 1.7776

Epoch [13/20], Time: 1.87s, 
Train Loss: 1.4383, Train Acc: 0.4116, Train F1 Macro: 0.3004, Train F1 Micro: 0.3593, Train RMSE: 1.7127, 
Val Loss: 1.7015, Val Acc: 0.3065, Val F1 Macro: 0.2425, Val F1 Micro: 0.2994, Val RMSE: 1.8097, 
Test Loss: 1.6802, Test Acc: 0.3088, Test F1 Macro: 0.2417, Test F1 Micro: 0.3109, Test RMSE: 1.7776

Epoch [14/20], Time: 1.84s, 
Train Loss: 1.4217, Train Acc: 0.4192, Train F1 Macro: 0.3057, Train F1 Micro: 0.3636, Train RMSE: 1.7056, 
Val Loss: 1.7056, Val Acc: 0.3065, Val F1 Macro: 0.2435, Val F1 Micro: 0.2999, Val RMSE: 1.8138, 
Test Loss: 1.6880, Test Acc: 0.3110, Test F1 Macro: 0.2418, Test F1 Micro: 0.3109, Test RMSE: 1.7818

Epoch [15/20], Time: 1.90s, 
Train Loss: 1.4097, Train Acc: 0.4232, Train F1 Macro: 0.3108, Train F1 Micro: 0.3675, Train RMSE: 1.6994, 
Val Loss: 1.7262, Val Acc: 0.2917, Val F1 Macro: 0.2421, Val F1 Micro: 0.2994, Val RMSE: 1.8159, 
Test Loss: 1.7153, Test Acc: 0.3127, Test F1 Macro: 0.2411, Test F1 Micro: 0.3110, Test RMSE: 1.7842

Epoch [16/20], Time: 1.89s, 
Train Loss: 1.3994, Train Acc: 0.4268, Train F1 Macro: 0.3155, Train F1 Micro: 0.3712, Train RMSE: 1.6941, 
Val Loss: 1.7474, Val Acc: 0.2960, Val F1 Macro: 0.2423, Val F1 Micro: 0.2992, Val RMSE: 1.8146, 
Test Loss: 1.7276, Test Acc: 0.3079, Test F1 Macro: 0.2412, Test F1 Micro: 0.3108, Test RMSE: 1.7804

Epoch [17/20], Time: 1.89s, 
Train Loss: 1.3901, Train Acc: 0.4305, Train F1 Macro: 0.3199, Train F1 Micro: 0.3747, Train RMSE: 1.6890, 
Val Loss: 1.7576, Val Acc: 0.3013, Val F1 Macro: 0.2421, Val F1 Micro: 0.2993, Val RMSE: 1.8123, 
Test Loss: 1.7398, Test Acc: 0.3136, Test F1 Macro: 0.2410, Test F1 Micro: 0.3110, Test RMSE: 1.7763

Epoch [18/20], Time: 2.08s, 
Train Loss: 1.3793, Train Acc: 0.4342, Train F1 Macro: 0.3239, Train F1 Micro: 0.3780, Train RMSE: 1.6839, 
Val Loss: 1.7719, Val Acc: 0.3043, Val F1 Macro: 0.2423, Val F1 Micro: 0.2996, Val RMSE: 1.8138, 
Test Loss: 1.7638, Test Acc: 0.3062, Test F1 Macro: 0.2404, Test F1 Micro: 0.3107, Test RMSE: 1.7770

Epoch [19/20], Time: 1.91s, 
Train Loss: 1.3728, Train Acc: 0.4356, Train F1 Macro: 0.3276, Train F1 Micro: 0.3811, Train RMSE: 1.6797, 
Val Loss: 1.7908, Val Acc: 0.3017, Val F1 Macro: 0.2422, Val F1 Micro: 0.2997, Val RMSE: 1.8155, 
Test Loss: 1.7737, Test Acc: 0.3162, Test F1 Macro: 0.2405, Test F1 Micro: 0.3110, Test RMSE: 1.7768

Epoch [20/20], Time: 1.93s, 
Train Loss: 1.3597, Train Acc: 0.4400, Train F1 Macro: 0.3312, Train F1 Micro: 0.3840, Train RMSE: 1.6758, 
Val Loss: 1.8042, Val Acc: 0.2965, Val F1 Macro: 0.2423, Val F1 Micro: 0.2995, Val RMSE: 1.8169, 
Test Loss: 1.7868, Test Acc: 0.3153, Test F1 Macro: 0.2414, Test F1 Micro: 0.3112, Test RMSE: 1.7768

Total Training Time: 37.39s

Test Loss: 1.5985, Test Acc: 0.3127, Test F1 Macro: 0.2352, Test F1 Micro: 0.3127, Test RMSE: 1.7251
===== SEED 77 =====
PyTorch Version : 2.11.0+cu128
cuda
1.8.context.pt
***** Best Result Updated at Epoch 1, Val Loss: 1.6210 *****
Epoch [1/20], Time: 4.22s, 
Train Loss: 1.6578, Train Acc: 0.2891, Train F1 Macro: 0.2043, Train F1 Micro: 0.2891, Train RMSE: 1.8490, 
Val Loss: 1.6210, Val Acc: 0.2895, Val F1 Macro: 0.1999, Val F1 Micro: 0.2895, Val RMSE: 1.7510, 
Test Loss: 1.6139, Test Acc: 0.3110, Test F1 Macro: 0.2011, Test F1 Micro: 0.3110, Test RMSE: 1.7504

***** Best Result Updated at Epoch 2, Val Loss: 1.6140 *****
Epoch [2/20], Time: 3.98s, 
Train Loss: 1.6138, Train Acc: 0.3095, Train F1 Macro: 0.2148, Train F1 Micro: 0.2993, Train RMSE: 1.8213, 
Val Loss: 1.6140, Val Acc: 0.3000, Val F1 Macro: 0.2240, Val F1 Micro: 0.2947, Val RMSE: 1.7564, 
Test Loss: 1.6108, Test Acc: 0.3127, Test F1 Macro: 0.2215, Test F1 Micro: 0.3118, Test RMSE: 1.7460

Epoch [3/20], Time: 3.86s, 
Train Loss: 1.5970, Train Acc: 0.3243, Train F1 Macro: 0.2252, Train F1 Micro: 0.3076, Train RMSE: 1.8003, 
Val Loss: 1.6146, Val Acc: 0.3100, Val F1 Macro: 0.2294, Val F1 Micro: 0.2998, Val RMSE: 1.7942, 
Test Loss: 1.6061, Test Acc: 0.3153, Test F1 Macro: 0.2246, Test F1 Micro: 0.3130, Test RMSE: 1.7743

Epoch [4/20], Time: 3.87s, 
Train Loss: 1.5819, Train Acc: 0.3333, Train F1 Macro: 0.2355, Train F1 Micro: 0.3140, Train RMSE: 1.7850, 
Val Loss: 1.6155, Val Acc: 0.2991, Val F1 Macro: 0.2251, Val F1 Micro: 0.2996, Val RMSE: 1.7655, 
Test Loss: 1.6058, Test Acc: 0.3097, Test F1 Macro: 0.2206, Test F1 Micro: 0.3122, Test RMSE: 1.7472

Epoch [5/20], Time: 3.89s, 
Train Loss: 1.5726, Train Acc: 0.3365, Train F1 Macro: 0.2417, Train F1 Micro: 0.3185, Train RMSE: 1.7737, 
Val Loss: 1.6157, Val Acc: 0.3082, Val F1 Macro: 0.2330, Val F1 Micro: 0.3013, Val RMSE: 1.7722, 
Test Loss: 1.6082, Test Acc: 0.3162, Test F1 Macro: 0.2272, Test F1 Micro: 0.3130, Test RMSE: 1.7485

Epoch [6/20], Time: 3.87s, 
Train Loss: 1.5568, Train Acc: 0.3508, Train F1 Macro: 0.2503, Train F1 Micro: 0.3239, Train RMSE: 1.7641, 
Val Loss: 1.6246, Val Acc: 0.3004, Val F1 Macro: 0.2355, Val F1 Micro: 0.3012, Val RMSE: 1.7765, 
Test Loss: 1.6173, Test Acc: 0.3127, Test F1 Macro: 0.2298, Test F1 Micro: 0.3129, Test RMSE: 1.7486

Epoch [7/20], Time: 4.01s, 
Train Loss: 1.5379, Train Acc: 0.3602, Train F1 Macro: 0.2581, Train F1 Micro: 0.3291, Train RMSE: 1.7553, 
Val Loss: 1.6255, Val Acc: 0.3139, Val F1 Macro: 0.2374, Val F1 Micro: 0.3030, Val RMSE: 1.7809, 
Test Loss: 1.6199, Test Acc: 0.3140, Test F1 Macro: 0.2299, Test F1 Micro: 0.3131, Test RMSE: 1.7500

Epoch [8/20], Time: 3.91s, 
Train Loss: 1.5198, Train Acc: 0.3681, Train F1 Macro: 0.2652, Train F1 Micro: 0.3340, Train RMSE: 1.7482, 
Val Loss: 1.6338, Val Acc: 0.3069, Val F1 Macro: 0.2397, Val F1 Micro: 0.3035, Val RMSE: 1.7833, 
Test Loss: 1.6299, Test Acc: 0.3110, Test F1 Macro: 0.2311, Test F1 Micro: 0.3128, Test RMSE: 1.7511

Epoch [9/20], Time: 3.91s, 
Train Loss: 1.5059, Train Acc: 0.3743, Train F1 Macro: 0.2718, Train F1 Micro: 0.3385, Train RMSE: 1.7406, 
Val Loss: 1.6415, Val Acc: 0.3052, Val F1 Macro: 0.2412, Val F1 Micro: 0.3037, Val RMSE: 1.7799, 
Test Loss: 1.6359, Test Acc: 0.3101, Test F1 Macro: 0.2319, Test F1 Micro: 0.3125, Test RMSE: 1.7485

Epoch [10/20], Time: 3.92s, 
Train Loss: 1.4881, Train Acc: 0.3854, Train F1 Macro: 0.2784, Train F1 Micro: 0.3432, Train RMSE: 1.7330, 
Val Loss: 1.6583, Val Acc: 0.3082, Val F1 Macro: 0.2424, Val F1 Micro: 0.3041, Val RMSE: 1.7858, 
Test Loss: 1.6520, Test Acc: 0.3010, Test F1 Macro: 0.2315, Test F1 Micro: 0.3114, Test RMSE: 1.7544

Epoch [11/20], Time: 3.93s, 
Train Loss: 1.4761, Train Acc: 0.3927, Train F1 Macro: 0.2846, Train F1 Micro: 0.3477, Train RMSE: 1.7266, 
Val Loss: 1.6553, Val Acc: 0.3121, Val F1 Macro: 0.2440, Val F1 Micro: 0.3049, Val RMSE: 1.7900, 
Test Loss: 1.6567, Test Acc: 0.3027, Test F1 Macro: 0.2311, Test F1 Micro: 0.3106, Test RMSE: 1.7594

Epoch [12/20], Time: 4.11s, 
Train Loss: 1.4548, Train Acc: 0.4053, Train F1 Macro: 0.2909, Train F1 Micro: 0.3525, Train RMSE: 1.7201, 
Val Loss: 1.6744, Val Acc: 0.3148, Val F1 Macro: 0.2449, Val F1 Micro: 0.3057, Val RMSE: 1.7944, 
Test Loss: 1.6836, Test Acc: 0.3092, Test F1 Macro: 0.2310, Test F1 Micro: 0.3105, Test RMSE: 1.7605

Epoch [13/20], Time: 3.96s, 
Train Loss: 1.4438, Train Acc: 0.4078, Train F1 Macro: 0.2965, Train F1 Micro: 0.3567, Train RMSE: 1.7138, 
Val Loss: 1.6911, Val Acc: 0.3052, Val F1 Macro: 0.2461, Val F1 Micro: 0.3056, Val RMSE: 1.7973, 
Test Loss: 1.6865, Test Acc: 0.3027, Test F1 Macro: 0.2320, Test F1 Micro: 0.3099, Test RMSE: 1.7622

Epoch [14/20], Time: 3.97s, 
Train Loss: 1.4318, Train Acc: 0.4133, Train F1 Macro: 0.3019, Train F1 Micro: 0.3608, Train RMSE: 1.7070, 
Val Loss: 1.7019, Val Acc: 0.3034, Val F1 Macro: 0.2470, Val F1 Micro: 0.3055, Val RMSE: 1.8006, 
Test Loss: 1.6992, Test Acc: 0.2992, Test F1 Macro: 0.2325, Test F1 Micro: 0.3091, Test RMSE: 1.7643

Epoch [15/20], Time: 3.96s, 
Train Loss: 1.4153, Train Acc: 0.4213, Train F1 Macro: 0.3073, Train F1 Micro: 0.3648, Train RMSE: 1.7007, 
Val Loss: 1.7202, Val Acc: 0.3069, Val F1 Macro: 0.2480, Val F1 Micro: 0.3056, Val RMSE: 1.8030, 
Test Loss: 1.7213, Test Acc: 0.3101, Test F1 Macro: 0.2330, Test F1 Micro: 0.3092, Test RMSE: 1.7650

Epoch [16/20], Time: 4.00s, 
Train Loss: 1.4038, Train Acc: 0.4268, Train F1 Macro: 0.3123, Train F1 Micro: 0.3687, Train RMSE: 1.6946, 
Val Loss: 1.7200, Val Acc: 0.3004, Val F1 Macro: 0.2476, Val F1 Micro: 0.3053, Val RMSE: 1.8011, 
Test Loss: 1.7295, Test Acc: 0.3005, Test F1 Macro: 0.2325, Test F1 Micro: 0.3086, Test RMSE: 1.7626

Epoch [17/20], Time: 3.99s, 
Train Loss: 1.3930, Train Acc: 0.4289, Train F1 Macro: 0.3168, Train F1 Micro: 0.3722, Train RMSE: 1.6894, 
Val Loss: 1.7356, Val Acc: 0.3065, Val F1 Macro: 0.2487, Val F1 Micro: 0.3053, Val RMSE: 1.8026, 
Test Loss: 1.7483, Test Acc: 0.3118, Test F1 Macro: 0.2337, Test F1 Micro: 0.3088, Test RMSE: 1.7633

Epoch [18/20], Time: 4.18s, 
Train Loss: 1.3808, Train Acc: 0.4319, Train F1 Macro: 0.3211, Train F1 Micro: 0.3755, Train RMSE: 1.6836, 
Val Loss: 1.7711, Val Acc: 0.3026, Val F1 Macro: 0.2490, Val F1 Micro: 0.3052, Val RMSE: 1.8055, 
Test Loss: 1.7741, Test Acc: 0.3053, Test F1 Macro: 0.2342, Test F1 Micro: 0.3086, Test RMSE: 1.7664

Epoch [19/20], Time: 4.03s, 
Train Loss: 1.3761, Train Acc: 0.4377, Train F1 Macro: 0.3251, Train F1 Micro: 0.3788, Train RMSE: 1.6783, 
Val Loss: 1.7631, Val Acc: 0.3117, Val F1 Macro: 0.2496, Val F1 Micro: 0.3055, Val RMSE: 1.8073, 
Test Loss: 1.7848, Test Acc: 0.2970, Test F1 Macro: 0.2339, Test F1 Micro: 0.3080, Test RMSE: 1.7677

Epoch [20/20], Time: 4.04s, 
Train Loss: 1.3745, Train Acc: 0.4366, Train F1 Macro: 0.3288, Train F1 Micro: 0.3817, Train RMSE: 1.6748, 
Val Loss: 1.7768, Val Acc: 0.3052, Val F1 Macro: 0.2494, Val F1 Micro: 0.3055, Val RMSE: 1.8074, 
Test Loss: 1.7877, Test Acc: 0.3149, Test F1 Macro: 0.2340, Test F1 Micro: 0.3084, Test RMSE: 1.7689

Total Training Time: 79.62s

Test Loss: 1.6108, Test Acc: 0.3127, Test F1 Macro: 0.2297, Test F1 Micro: 0.3127, Test RMSE: 1.7416
===== SEED 123 =====
PyTorch Version : 2.11.0+cu128
cuda
1.8.context.pt
***** Best Result Updated at Epoch 1, Val Loss: 1.6266 *****
Epoch [1/20], Time: 2.06s, 
Train Loss: 1.6675, Train Acc: 0.2873, Train F1 Macro: 0.2043, Train F1 Micro: 0.2873, Train RMSE: 1.8572, 
Val Loss: 1.6266, Val Acc: 0.3082, Val F1 Macro: 0.1957, Val F1 Micro: 0.3082, Val RMSE: 1.7461, 
Test Loss: 1.6147, Test Acc: 0.3049, Test F1 Macro: 0.1857, Test F1 Micro: 0.3049, Test RMSE: 1.7897

***** Best Result Updated at Epoch 2, Val Loss: 1.6161 *****
Epoch [2/20], Time: 1.83s, 
Train Loss: 1.6194, Train Acc: 0.3094, Train F1 Macro: 0.2184, Train F1 Micro: 0.2984, Train RMSE: 1.8235, 
Val Loss: 1.6161, Val Acc: 0.3078, Val F1 Macro: 0.2209, Val F1 Micro: 0.3080, Val RMSE: 1.7670, 
Test Loss: 1.6099, Test Acc: 0.3105, Test F1 Macro: 0.2114, Test F1 Micro: 0.3077, Test RMSE: 1.7967

Epoch [3/20], Time: 1.77s, 
Train Loss: 1.6008, Train Acc: 0.3206, Train F1 Macro: 0.2278, Train F1 Micro: 0.3058, Train RMSE: 1.7986, 
Val Loss: 1.6197, Val Acc: 0.3013, Val F1 Macro: 0.2184, Val F1 Micro: 0.3058, Val RMSE: 1.7988, 
Test Loss: 1.6074, Test Acc: 0.3040, Test F1 Macro: 0.2090, Test F1 Micro: 0.3065, Test RMSE: 1.8159

Epoch [4/20], Time: 1.67s, 
Train Loss: 1.5852, Train Acc: 0.3363, Train F1 Macro: 0.2376, Train F1 Micro: 0.3134, Train RMSE: 1.7822, 
Val Loss: 1.6182, Val Acc: 0.3091, Val F1 Macro: 0.2262, Val F1 Micro: 0.3066, Val RMSE: 1.8134, 
Test Loss: 1.6042, Test Acc: 0.3097, Test F1 Macro: 0.2136, Test F1 Micro: 0.3073, Test RMSE: 1.8224

Epoch [5/20], Time: 1.69s, 
Train Loss: 1.5667, Train Acc: 0.3423, Train F1 Macro: 0.2460, Train F1 Micro: 0.3192, Train RMSE: 1.7700, 
Val Loss: 1.6225, Val Acc: 0.3082, Val F1 Macro: 0.2221, Val F1 Micro: 0.3069, Val RMSE: 1.8197, 
Test Loss: 1.6124, Test Acc: 0.3158, Test F1 Macro: 0.2107, Test F1 Micro: 0.3090, Test RMSE: 1.8243

Epoch [6/20], Time: 1.70s, 
Train Loss: 1.5512, Train Acc: 0.3552, Train F1 Macro: 0.2542, Train F1 Micro: 0.3252, Train RMSE: 1.7581, 
Val Loss: 1.6375, Val Acc: 0.3104, Val F1 Macro: 0.2221, Val F1 Micro: 0.3075, Val RMSE: 1.8346, 
Test Loss: 1.6195, Test Acc: 0.3036, Test F1 Macro: 0.2083, Test F1 Micro: 0.3081, Test RMSE: 1.8296

Epoch [7/20], Time: 1.83s, 
Train Loss: 1.5343, Train Acc: 0.3658, Train F1 Macro: 0.2620, Train F1 Micro: 0.3310, Train RMSE: 1.7490, 
Val Loss: 1.6375, Val Acc: 0.3004, Val F1 Macro: 0.2261, Val F1 Micro: 0.3065, Val RMSE: 1.8322, 
Test Loss: 1.6167, Test Acc: 0.3018, Test F1 Macro: 0.2117, Test F1 Micro: 0.3072, Test RMSE: 1.8228

Epoch [8/20], Time: 1.73s, 
Train Loss: 1.5110, Train Acc: 0.3778, Train F1 Macro: 0.2705, Train F1 Micro: 0.3368, Train RMSE: 1.7387, 
Val Loss: 1.6583, Val Acc: 0.3026, Val F1 Macro: 0.2273, Val F1 Micro: 0.3060, Val RMSE: 1.8293, 
Test Loss: 1.6470, Test Acc: 0.3101, Test F1 Macro: 0.2135, Test F1 Micro: 0.3075, Test RMSE: 1.8148

Epoch [9/20], Time: 1.74s, 
Train Loss: 1.4997, Train Acc: 0.3826, Train F1 Macro: 0.2773, Train F1 Micro: 0.3419, Train RMSE: 1.7306, 
Val Loss: 1.6621, Val Acc: 0.3008, Val F1 Macro: 0.2297, Val F1 Micro: 0.3054, Val RMSE: 1.8307, 
Test Loss: 1.6478, Test Acc: 0.3105, Test F1 Macro: 0.2175, Test F1 Micro: 0.3079, Test RMSE: 1.8122

Epoch [10/20], Time: 1.75s, 
Train Loss: 1.4800, Train Acc: 0.3935, Train F1 Macro: 0.2841, Train F1 Micro: 0.3471, Train RMSE: 1.7220, 
Val Loss: 1.6768, Val Acc: 0.2947, Val F1 Macro: 0.2318, Val F1 Micro: 0.3044, Val RMSE: 1.8335, 
Test Loss: 1.6678, Test Acc: 0.3005, Test F1 Macro: 0.2192, Test F1 Micro: 0.3071, Test RMSE: 1.8169

Epoch [11/20], Time: 1.76s, 
Train Loss: 1.4673, Train Acc: 0.4005, Train F1 Macro: 0.2905, Train F1 Micro: 0.3519, Train RMSE: 1.7156, 
Val Loss: 1.6862, Val Acc: 0.2934, Val F1 Macro: 0.2313, Val F1 Micro: 0.3034, Val RMSE: 1.8322, 
Test Loss: 1.6705, Test Acc: 0.3105, Test F1 Macro: 0.2196, Test F1 Micro: 0.3075, Test RMSE: 1.8131

Epoch [12/20], Time: 1.95s, 
Train Loss: 1.4495, Train Acc: 0.4046, Train F1 Macro: 0.2962, Train F1 Micro: 0.3563, Train RMSE: 1.7095, 
Val Loss: 1.6958, Val Acc: 0.2869, Val F1 Macro: 0.2315, Val F1 Micro: 0.3020, Val RMSE: 1.8295, 
Test Loss: 1.6875, Test Acc: 0.3088, Test F1 Macro: 0.2215, Test F1 Micro: 0.3076, Test RMSE: 1.8074

Epoch [13/20], Time: 1.80s, 
Train Loss: 1.4344, Train Acc: 0.4124, Train F1 Macro: 0.3019, Train F1 Micro: 0.3606, Train RMSE: 1.7034, 
Val Loss: 1.7067, Val Acc: 0.3034, Val F1 Macro: 0.2338, Val F1 Micro: 0.3021, Val RMSE: 1.8303, 
Test Loss: 1.6980, Test Acc: 0.3062, Test F1 Macro: 0.2232, Test F1 Micro: 0.3075, Test RMSE: 1.8063

Epoch [14/20], Time: 1.81s, 
Train Loss: 1.4215, Train Acc: 0.4249, Train F1 Macro: 0.3076, Train F1 Micro: 0.3652, Train RMSE: 1.6969, 
Val Loss: 1.7155, Val Acc: 0.2934, Val F1 Macro: 0.2348, Val F1 Micro: 0.3015, Val RMSE: 1.8342, 
Test Loss: 1.7154, Test Acc: 0.3092, Test F1 Macro: 0.2252, Test F1 Micro: 0.3076, Test RMSE: 1.8076

Epoch [15/20], Time: 1.82s, 
Train Loss: 1.4063, Train Acc: 0.4258, Train F1 Macro: 0.3129, Train F1 Micro: 0.3693, Train RMSE: 1.6914, 
Val Loss: 1.7485, Val Acc: 0.2960, Val F1 Macro: 0.2352, Val F1 Micro: 0.3011, Val RMSE: 1.8324, 
Test Loss: 1.7384, Test Acc: 0.3010, Test F1 Macro: 0.2252, Test F1 Micro: 0.3071, Test RMSE: 1.8036

Epoch [16/20], Time: 1.84s, 
Train Loss: 1.3928, Train Acc: 0.4333, Train F1 Macro: 0.3177, Train F1 Micro: 0.3733, Train RMSE: 1.6864, 
Val Loss: 1.7593, Val Acc: 0.2960, Val F1 Macro: 0.2360, Val F1 Micro: 0.3008, Val RMSE: 1.8328, 
Test Loss: 1.7583, Test Acc: 0.3040, Test F1 Macro: 0.2262, Test F1 Micro: 0.3069, Test RMSE: 1.8010

Epoch [17/20], Time: 1.85s, 
Train Loss: 1.3834, Train Acc: 0.4349, Train F1 Macro: 0.3222, Train F1 Micro: 0.3769, Train RMSE: 1.6816, 
Val Loss: 1.7733, Val Acc: 0.2978, Val F1 Macro: 0.2372, Val F1 Micro: 0.3006, Val RMSE: 1.8368, 
Test Loss: 1.7681, Test Acc: 0.3097, Test F1 Macro: 0.2277, Test F1 Micro: 0.3071, Test RMSE: 1.8042

Epoch [18/20], Time: 2.07s, 
Train Loss: 1.3752, Train Acc: 0.4383, Train F1 Macro: 0.3266, Train F1 Micro: 0.3803, Train RMSE: 1.6776, 
Val Loss: 1.7777, Val Acc: 0.2843, Val F1 Macro: 0.2365, Val F1 Micro: 0.2997, Val RMSE: 1.8343, 
Test Loss: 1.7939, Test Acc: 0.3118, Test F1 Macro: 0.2281, Test F1 Micro: 0.3074, Test RMSE: 1.8010

Epoch [19/20], Time: 1.87s, 
Train Loss: 1.3711, Train Acc: 0.4416, Train F1 Macro: 0.3305, Train F1 Micro: 0.3835, Train RMSE: 1.6729, 
Val Loss: 1.7857, Val Acc: 0.2991, Val F1 Macro: 0.2366, Val F1 Micro: 0.2997, Val RMSE: 1.8364, 
Test Loss: 1.7897, Test Acc: 0.3132, Test F1 Macro: 0.2285, Test F1 Micro: 0.3077, Test RMSE: 1.8014

Epoch [20/20], Time: 1.89s, 
Train Loss: 1.3588, Train Acc: 0.4431, Train F1 Macro: 0.3340, Train F1 Micro: 0.3865, Train RMSE: 1.6691, 
Val Loss: 1.8047, Val Acc: 0.2865, Val F1 Macro: 0.2364, Val F1 Micro: 0.2990, Val RMSE: 1.8392, 
Test Loss: 1.8084, Test Acc: 0.3140, Test F1 Macro: 0.2295, Test F1 Micro: 0.3080, Test RMSE: 1.8026

Total Training Time: 36.44s

Test Loss: 1.6099, Test Acc: 0.3105, Test F1 Macro: 0.2072, Test F1 Micro: 0.3105, Test RMSE: 1.8036
