===== SEED 42 =====
PyTorch Version : 2.11.0+cu128
cuda
2.1.statemnt.pt
***** Best Result Updated at Epoch 1, Val Loss: 1.1268 *****
Epoch [1/20], Time: 4.21s, 
Train Loss: 1.2940, Train Acc: 0.4860, Train F1 Macro: 0.4630, Train F1 Micro: 0.4860, Train RMSE: 1.6211, 
Val Loss: 1.1268, Val Acc: 0.5694, Val F1 Macro: 0.5453, Val F1 Micro: 0.5694, Val RMSE: 1.4852, 
Test Loss: 1.0749, Test Acc: 0.5814, Test F1 Macro: 0.5603, Test F1 Micro: 0.5814, Test RMSE: 1.4576

***** Best Result Updated at Epoch 2, Val Loss: 1.0916 *****
Epoch [2/20], Time: 3.94s, 
Train Loss: 1.0719, Train Acc: 0.5836, Train F1 Macro: 0.5168, Train F1 Micro: 0.5348, Train RMSE: 1.5218, 
Val Loss: 1.0916, Val Acc: 0.5690, Val F1 Macro: 0.5478, Val F1 Micro: 0.5692, Val RMSE: 1.4124, 
Test Loss: 1.0425, Test Acc: 0.5780, Test F1 Macro: 0.5574, Test F1 Micro: 0.5797, Test RMSE: 1.3913

***** Best Result Updated at Epoch 3, Val Loss: 1.0136 *****
Epoch [3/20], Time: 4.09s, 
Train Loss: 0.9775, Train Acc: 0.6228, Train F1 Macro: 0.5491, Train F1 Micro: 0.5641, Train RMSE: 1.4589, 
Val Loss: 1.0136, Val Acc: 0.6082, Val F1 Macro: 0.5638, Val F1 Micro: 0.5822, Val RMSE: 1.3794, 
Test Loss: 0.9743, Test Acc: 0.6224, Test F1 Macro: 0.5752, Test F1 Micro: 0.5939, Test RMSE: 1.3492

Epoch [4/20], Time: 4.08s, 
Train Loss: 0.9122, Train Acc: 0.6504, Train F1 Macro: 0.5723, Train F1 Micro: 0.5857, Train RMSE: 1.4095, 
Val Loss: 1.0163, Val Acc: 0.6156, Val F1 Macro: 0.5764, Val F1 Micro: 0.5906, Val RMSE: 1.3655, 
Test Loss: 0.9674, Test Acc: 0.6250, Test F1 Macro: 0.5870, Test F1 Micro: 0.6017, Test RMSE: 1.3277

***** Best Result Updated at Epoch 5, Val Loss: 0.9919 *****
Epoch [5/20], Time: 3.87s, 
Train Loss: 0.8360, Train Acc: 0.6820, Train F1 Macro: 0.5931, Train F1 Micro: 0.6050, Train RMSE: 1.3639, 
Val Loss: 0.9919, Val Acc: 0.6239, Val F1 Macro: 0.5833, Val F1 Micro: 0.5972, Val RMSE: 1.3492, 
Test Loss: 0.9441, Test Acc: 0.6315, Test F1 Macro: 0.5933, Test F1 Micro: 0.6077, Test RMSE: 1.3165

Epoch [6/20], Time: 3.86s, 
Train Loss: 0.7231, Train Acc: 0.7220, Train F1 Macro: 0.6139, Train F1 Micro: 0.6245, Train RMSE: 1.3177, 
Val Loss: 1.0248, Val Acc: 0.6182, Val F1 Macro: 0.5879, Val F1 Micro: 0.6007, Val RMSE: 1.3519, 
Test Loss: 0.9732, Test Acc: 0.6294, Test F1 Macro: 0.5977, Test F1 Micro: 0.6113, Test RMSE: 1.3143

Epoch [7/20], Time: 3.85s, 
Train Loss: 0.6161, Train Acc: 0.7688, Train F1 Macro: 0.6358, Train F1 Micro: 0.6451, Train RMSE: 1.2700, 
Val Loss: 1.0813, Val Acc: 0.6030, Val F1 Macro: 0.5888, Val F1 Micro: 0.6010, Val RMSE: 1.3381, 
Test Loss: 1.0184, Test Acc: 0.6315, Test F1 Macro: 0.6008, Test F1 Micro: 0.6142, Test RMSE: 1.3003

Epoch [8/20], Time: 4.02s, 
Train Loss: 0.5047, Train Acc: 0.8143, Train F1 Macro: 0.6580, Train F1 Micro: 0.6662, Train RMSE: 1.2220, 
Val Loss: 1.1675, Val Acc: 0.6104, Val F1 Macro: 0.5903, Val F1 Micro: 0.6022, Val RMSE: 1.3334, 
Test Loss: 1.0858, Test Acc: 0.6315, Test F1 Macro: 0.6034, Test F1 Micro: 0.6163, Test RMSE: 1.2934

Epoch [9/20], Time: 3.87s, 
Train Loss: 0.3948, Train Acc: 0.8580, Train F1 Macro: 0.6805, Train F1 Micro: 0.6875, Train RMSE: 1.1742, 
Val Loss: 1.2406, Val Acc: 0.6082, Val F1 Macro: 0.5914, Val F1 Micro: 0.6029, Val RMSE: 1.3291, 
Test Loss: 1.1898, Test Acc: 0.6241, Test F1 Macro: 0.6043, Test F1 Micro: 0.6172, Test RMSE: 1.2898

Epoch [10/20], Time: 3.94s, 
Train Loss: 0.3088, Train Acc: 0.8873, Train F1 Macro: 0.7013, Train F1 Micro: 0.7075, Train RMSE: 1.1303, 
Val Loss: 1.3891, Val Acc: 0.6064, Val F1 Macro: 0.5914, Val F1 Micro: 0.6032, Val RMSE: 1.3266, 
Test Loss: 1.3099, Test Acc: 0.6276, Test F1 Macro: 0.6052, Test F1 Micro: 0.6182, Test RMSE: 1.2866

Epoch [11/20], Time: 3.94s, 
Train Loss: 0.2587, Train Acc: 0.9100, Train F1 Macro: 0.7205, Train F1 Micro: 0.7259, Train RMSE: 1.0899, 
Val Loss: 1.4858, Val Acc: 0.6012, Val F1 Macro: 0.5913, Val F1 Micro: 0.6030, Val RMSE: 1.3268, 
Test Loss: 1.4149, Test Acc: 0.6250, Test F1 Macro: 0.6061, Test F1 Micro: 0.6189, Test RMSE: 1.2848

Epoch [12/20], Time: 3.93s, 
Train Loss: 0.2101, Train Acc: 0.9279, Train F1 Macro: 0.7380, Train F1 Micro: 0.7428, Train RMSE: 1.0529, 
Val Loss: 1.6609, Val Acc: 0.5999, Val F1 Macro: 0.5909, Val F1 Micro: 0.6028, Val RMSE: 1.3267, 
Test Loss: 1.5972, Test Acc: 0.6289, Test F1 Macro: 0.6073, Test F1 Micro: 0.6197, Test RMSE: 1.2816

Epoch [13/20], Time: 4.11s, 
Train Loss: 0.1880, Train Acc: 0.9345, Train F1 Macro: 0.7533, Train F1 Micro: 0.7575, Train RMSE: 1.0198, 
Val Loss: 1.7346, Val Acc: 0.5929, Val F1 Macro: 0.5903, Val F1 Micro: 0.6020, Val RMSE: 1.3279, 
Test Loss: 1.6688, Test Acc: 0.6185, Test F1 Macro: 0.6074, Test F1 Micro: 0.6196, Test RMSE: 1.2803

Epoch [14/20], Time: 3.97s, 
Train Loss: 0.1722, Train Acc: 0.9398, Train F1 Macro: 0.7667, Train F1 Micro: 0.7705, Train RMSE: 0.9900, 
Val Loss: 1.8118, Val Acc: 0.5908, Val F1 Macro: 0.5892, Val F1 Micro: 0.6012, Val RMSE: 1.3302, 
Test Loss: 1.7239, Test Acc: 0.6185, Test F1 Macro: 0.6072, Test F1 Micro: 0.6195, Test RMSE: 1.2807

Epoch [15/20], Time: 4.10s, 
Train Loss: 0.1467, Train Acc: 0.9518, Train F1 Macro: 0.7791, Train F1 Micro: 0.7826, Train RMSE: 0.9621, 
Val Loss: 2.0523, Val Acc: 0.5864, Val F1 Macro: 0.5882, Val F1 Micro: 0.6002, Val RMSE: 1.3289, 
Test Loss: 1.9284, Test Acc: 0.6089, Test F1 Macro: 0.6067, Test F1 Micro: 0.6188, Test RMSE: 1.2802

Epoch [16/20], Time: 4.07s, 
Train Loss: 0.1364, Train Acc: 0.9529, Train F1 Macro: 0.7901, Train F1 Micro: 0.7933, Train RMSE: 0.9367, 
Val Loss: 2.2388, Val Acc: 0.5751, Val F1 Macro: 0.5867, Val F1 Micro: 0.5987, Val RMSE: 1.3269, 
Test Loss: 2.1012, Test Acc: 0.6019, Test F1 Macro: 0.6056, Test F1 Micro: 0.6178, Test RMSE: 1.2773

Epoch [17/20], Time: 4.12s, 
Train Loss: 0.1161, Train Acc: 0.9608, Train F1 Macro: 0.8002, Train F1 Micro: 0.8031, Train RMSE: 0.9132, 
Val Loss: 2.1807, Val Acc: 0.5869, Val F1 Macro: 0.5860, Val F1 Micro: 0.5980, Val RMSE: 1.3268, 
Test Loss: 2.0417, Test Acc: 0.6163, Test F1 Macro: 0.6056, Test F1 Micro: 0.6177, Test RMSE: 1.2754

Epoch [18/20], Time: 4.21s, 
Train Loss: 0.1366, Train Acc: 0.9531, Train F1 Macro: 0.8088, Train F1 Micro: 0.8114, Train RMSE: 0.8926, 
Val Loss: 2.1261, Val Acc: 0.5925, Val F1 Macro: 0.5856, Val F1 Micro: 0.5977, Val RMSE: 1.3282, 
Test Loss: 2.0340, Test Acc: 0.6159, Test F1 Macro: 0.6056, Test F1 Micro: 0.6176, Test RMSE: 1.2759

Epoch [19/20], Time: 4.11s, 
Train Loss: 0.1081, Train Acc: 0.9631, Train F1 Macro: 0.8169, Train F1 Micro: 0.8194, Train RMSE: 0.8723, 
Val Loss: 2.3159, Val Acc: 0.5938, Val F1 Macro: 0.5853, Val F1 Micro: 0.5975, Val RMSE: 1.3295, 
Test Loss: 2.1913, Test Acc: 0.6137, Test F1 Macro: 0.6055, Test F1 Micro: 0.6174, Test RMSE: 1.2775

Epoch [20/20], Time: 4.17s, 
Train Loss: 0.0979, Train Acc: 0.9689, Train F1 Macro: 0.8246, Train F1 Micro: 0.8269, Train RMSE: 0.8529, 
Val Loss: 2.3464, Val Acc: 0.5912, Val F1 Macro: 0.5848, Val F1 Micro: 0.5971, Val RMSE: 1.3319, 
Test Loss: 2.2333, Test Acc: 0.6145, Test F1 Macro: 0.6053, Test F1 Micro: 0.6172, Test RMSE: 1.2797

Total Training Time: 80.46s

Test Loss: 0.9441, Test Acc: 0.6315, Test F1 Macro: 0.6151, Test F1 Micro: 0.6315, Test RMSE: 1.2706
===== SEED 7 =====
PyTorch Version : 2.11.0+cu128
cuda
2.1.statemnt.pt
***** Best Result Updated at Epoch 1, Val Loss: 1.1084 *****
Epoch [1/20], Time: 4.84s, 
Train Loss: 1.2910, Train Acc: 0.4880, Train F1 Macro: 0.4605, Train F1 Micro: 0.4880, Train RMSE: 1.5913, 
Val Loss: 1.1084, Val Acc: 0.5681, Val F1 Macro: 0.5433, Val F1 Micro: 0.5681, Val RMSE: 1.4962, 
Test Loss: 1.0698, Test Acc: 0.5736, Test F1 Macro: 0.5504, Test F1 Micro: 0.5736, Test RMSE: 1.5094

***** Best Result Updated at Epoch 2, Val Loss: 1.0591 *****
Epoch [2/20], Time: 4.32s, 
Train Loss: 1.0794, Train Acc: 0.5842, Train F1 Macro: 0.5163, Train F1 Micro: 0.5361, Train RMSE: 1.5126, 
Val Loss: 1.0591, Val Acc: 0.5812, Val F1 Macro: 0.5583, Val F1 Micro: 0.5747, Val RMSE: 1.4450, 
Test Loss: 1.0178, Test Acc: 0.5936, Test F1 Macro: 0.5676, Test F1 Micro: 0.5836, Test RMSE: 1.4141

***** Best Result Updated at Epoch 3, Val Loss: 1.0037 *****
Epoch [3/20], Time: 4.21s, 
Train Loss: 0.9976, Train Acc: 0.6177, Train F1 Macro: 0.5467, Train F1 Micro: 0.5633, Train RMSE: 1.4565, 
Val Loss: 1.0037, Val Acc: 0.6186, Val F1 Macro: 0.5754, Val F1 Micro: 0.5893, Val RMSE: 1.4159, 
Test Loss: 0.9745, Test Acc: 0.6215, Test F1 Macro: 0.5831, Test F1 Micro: 0.5963, Test RMSE: 1.3844

***** Best Result Updated at Epoch 4, Val Loss: 0.9898 *****
Epoch [4/20], Time: 4.38s, 
Train Loss: 0.9238, Train Acc: 0.6425, Train F1 Macro: 0.5684, Train F1 Micro: 0.5831, Train RMSE: 1.4129, 
Val Loss: 0.9898, Val Acc: 0.6073, Val F1 Macro: 0.5803, Val F1 Micro: 0.5938, Val RMSE: 1.3862, 
Test Loss: 0.9576, Test Acc: 0.6398, Test F1 Macro: 0.5951, Test F1 Micro: 0.6071, Test RMSE: 1.3441

Epoch [5/20], Time: 4.21s, 
Train Loss: 0.8333, Train Acc: 0.6825, Train F1 Macro: 0.5901, Train F1 Micro: 0.6030, Train RMSE: 1.3675, 
Val Loss: 1.0264, Val Acc: 0.6086, Val F1 Macro: 0.5831, Val F1 Micro: 0.5968, Val RMSE: 1.3869, 
Test Loss: 1.0045, Test Acc: 0.6141, Test F1 Macro: 0.5954, Test F1 Micro: 0.6085, Test RMSE: 1.3451

Epoch [6/20], Time: 4.13s, 
Train Loss: 0.7363, Train Acc: 0.7237, Train F1 Macro: 0.6116, Train F1 Micro: 0.6231, Train RMSE: 1.3195, 
Val Loss: 1.0213, Val Acc: 0.6173, Val F1 Macro: 0.5870, Val F1 Micro: 0.6002, Val RMSE: 1.3771, 
Test Loss: 0.9920, Test Acc: 0.6298, Test F1 Macro: 0.5992, Test F1 Micro: 0.6121, Test RMSE: 1.3342

Epoch [7/20], Time: 4.29s, 
Train Loss: 0.6218, Train Acc: 0.7707, Train F1 Macro: 0.6341, Train F1 Micro: 0.6442, Train RMSE: 1.2707, 
Val Loss: 1.0942, Val Acc: 0.6134, Val F1 Macro: 0.5893, Val F1 Micro: 0.6021, Val RMSE: 1.3631, 
Test Loss: 1.0591, Test Acc: 0.6220, Test F1 Macro: 0.6010, Test F1 Micro: 0.6135, Test RMSE: 1.3221

Epoch [8/20], Time: 4.13s, 
Train Loss: 0.4909, Train Acc: 0.8181, Train F1 Macro: 0.6572, Train F1 Micro: 0.6659, Train RMSE: 1.2230, 
Val Loss: 1.1969, Val Acc: 0.6121, Val F1 Macro: 0.5905, Val F1 Micro: 0.6033, Val RMSE: 1.3552, 
Test Loss: 1.1592, Test Acc: 0.6084, Test F1 Macro: 0.6003, Test F1 Micro: 0.6129, Test RMSE: 1.3164

Epoch [9/20], Time: 4.29s, 
Train Loss: 0.3936, Train Acc: 0.8577, Train F1 Macro: 0.6797, Train F1 Micro: 0.6872, Train RMSE: 1.1763, 
Val Loss: 1.2705, Val Acc: 0.5999, Val F1 Macro: 0.5903, Val F1 Micro: 0.6030, Val RMSE: 1.3559, 
Test Loss: 1.2389, Test Acc: 0.6137, Test F1 Macro: 0.6006, Test F1 Micro: 0.6130, Test RMSE: 1.3131

Epoch [10/20], Time: 4.37s, 
Train Loss: 0.3183, Train Acc: 0.8863, Train F1 Macro: 0.7005, Train F1 Micro: 0.7071, Train RMSE: 1.1334, 
Val Loss: 1.4124, Val Acc: 0.5986, Val F1 Macro: 0.5900, Val F1 Micro: 0.6025, Val RMSE: 1.3554, 
Test Loss: 1.3688, Test Acc: 0.6028, Test F1 Macro: 0.5996, Test F1 Micro: 0.6119, Test RMSE: 1.3142

Epoch [11/20], Time: 4.47s, 
Train Loss: 0.2591, Train Acc: 0.9116, Train F1 Macro: 0.7199, Train F1 Micro: 0.7257, Train RMSE: 1.0929, 
Val Loss: 1.5689, Val Acc: 0.6003, Val F1 Macro: 0.5896, Val F1 Micro: 0.6023, Val RMSE: 1.3532, 
Test Loss: 1.5278, Test Acc: 0.6084, Test F1 Macro: 0.5990, Test F1 Micro: 0.6116, Test RMSE: 1.3121

Epoch [12/20], Time: 4.38s, 
Train Loss: 0.2215, Train Acc: 0.9224, Train F1 Macro: 0.7370, Train F1 Micro: 0.7421, Train RMSE: 1.0562, 
Val Loss: 1.6739, Val Acc: 0.5951, Val F1 Macro: 0.5889, Val F1 Micro: 0.6017, Val RMSE: 1.3524, 
Test Loss: 1.6594, Test Acc: 0.5902, Test F1 Macro: 0.5969, Test F1 Micro: 0.6098, Test RMSE: 1.3149

Epoch [13/20], Time: 4.22s, 
Train Loss: 0.2034, Train Acc: 0.9293, Train F1 Macro: 0.7519, Train F1 Micro: 0.7565, Train RMSE: 1.0242, 
Val Loss: 1.7225, Val Acc: 0.5903, Val F1 Macro: 0.5884, Val F1 Micro: 0.6009, Val RMSE: 1.3515, 
Test Loss: 1.7070, Test Acc: 0.5980, Test F1 Macro: 0.5964, Test F1 Micro: 0.6089, Test RMSE: 1.3146

Epoch [14/20], Time: 4.63s, 
Train Loss: 0.1592, Train Acc: 0.9459, Train F1 Macro: 0.7659, Train F1 Micro: 0.7701, Train RMSE: 0.9939, 
Val Loss: 1.8731, Val Acc: 0.5960, Val F1 Macro: 0.5881, Val F1 Micro: 0.6005, Val RMSE: 1.3496, 
Test Loss: 1.8319, Test Acc: 0.5954, Test F1 Macro: 0.5952, Test F1 Micro: 0.6080, Test RMSE: 1.3160

Epoch [15/20], Time: 4.77s, 
Train Loss: 0.1571, Train Acc: 0.9458, Train F1 Macro: 0.7780, Train F1 Micro: 0.7818, Train RMSE: 0.9673, 
Val Loss: 1.9145, Val Acc: 0.5921, Val F1 Macro: 0.5879, Val F1 Micro: 0.5999, Val RMSE: 1.3477, 
Test Loss: 1.9040, Test Acc: 0.5963, Test F1 Macro: 0.5947, Test F1 Micro: 0.6072, Test RMSE: 1.3148

Epoch [16/20], Time: 4.65s, 
Train Loss: 0.1284, Train Acc: 0.9561, Train F1 Macro: 0.7892, Train F1 Micro: 0.7927, Train RMSE: 0.9413, 
Val Loss: 2.0136, Val Acc: 0.5995, Val F1 Macro: 0.5882, Val F1 Micro: 0.5999, Val RMSE: 1.3462, 
Test Loss: 2.0132, Test Acc: 0.6015, Test F1 Macro: 0.5946, Test F1 Micro: 0.6068, Test RMSE: 1.3152

Epoch [17/20], Time: 4.51s, 
Train Loss: 0.1191, Train Acc: 0.9580, Train F1 Macro: 0.7992, Train F1 Micro: 0.8024, Train RMSE: 0.9178, 
Val Loss: 2.1675, Val Acc: 0.5916, Val F1 Macro: 0.5879, Val F1 Micro: 0.5994, Val RMSE: 1.3434, 
Test Loss: 2.2064, Test Acc: 0.5793, Test F1 Macro: 0.5930, Test F1 Micro: 0.6052, Test RMSE: 1.3150

Epoch [18/20], Time: 4.34s, 
Train Loss: 0.1154, Train Acc: 0.9621, Train F1 Macro: 0.8083, Train F1 Micro: 0.8113, Train RMSE: 0.8957, 
Val Loss: 2.2086, Val Acc: 0.6003, Val F1 Macro: 0.5881, Val F1 Micro: 0.5995, Val RMSE: 1.3442, 
Test Loss: 2.2060, Test Acc: 0.5997, Test F1 Macro: 0.5929, Test F1 Micro: 0.6049, Test RMSE: 1.3181

Epoch [19/20], Time: 4.42s, 
Train Loss: 0.1148, Train Acc: 0.9610, Train F1 Macro: 0.8164, Train F1 Micro: 0.8191, Train RMSE: 0.8765, 
Val Loss: 2.2570, Val Acc: 0.5973, Val F1 Macro: 0.5882, Val F1 Micro: 0.5994, Val RMSE: 1.3441, 
Test Loss: 2.2974, Test Acc: 0.5871, Test F1 Macro: 0.5920, Test F1 Micro: 0.6040, Test RMSE: 1.3196

Epoch [20/20], Time: 4.41s, 
Train Loss: 0.1154, Train Acc: 0.9607, Train F1 Macro: 0.8236, Train F1 Micro: 0.8262, Train RMSE: 0.8583, 
Val Loss: 2.4060, Val Acc: 0.6038, Val F1 Macro: 0.5883, Val F1 Micro: 0.5996, Val RMSE: 1.3454, 
Test Loss: 2.4749, Test Acc: 0.5806, Test F1 Macro: 0.5905, Test F1 Micro: 0.6028, Test RMSE: 1.3241

Total Training Time: 87.97s

Test Loss: 0.9576, Test Acc: 0.6398, Test F1 Macro: 0.6322, Test F1 Micro: 0.6398, Test RMSE: 1.2149
===== SEED 13 =====
PyTorch Version : 2.11.0+cu128
cuda
2.1.statemnt.pt
***** Best Result Updated at Epoch 1, Val Loss: 1.0913 *****
Epoch [1/20], Time: 4.86s, 
Train Loss: 1.2920, Train Acc: 0.4891, Train F1 Macro: 0.4621, Train F1 Micro: 0.4891, Train RMSE: 1.6099, 
Val Loss: 1.0913, Val Acc: 0.5725, Val F1 Macro: 0.5527, Val F1 Micro: 0.5725, Val RMSE: 1.4151, 
Test Loss: 1.0492, Test Acc: 0.5954, Test F1 Macro: 0.5760, Test F1 Micro: 0.5954, Test RMSE: 1.4068

***** Best Result Updated at Epoch 2, Val Loss: 1.0373 *****
Epoch [2/20], Time: 4.32s, 
Train Loss: 1.0791, Train Acc: 0.5808, Train F1 Macro: 0.5153, Train F1 Micro: 0.5349, Train RMSE: 1.5284, 
Val Loss: 1.0373, Val Acc: 0.5977, Val F1 Macro: 0.5678, Val F1 Micro: 0.5851, Val RMSE: 1.4179, 
Test Loss: 0.9953, Test Acc: 0.6037, Test F1 Macro: 0.5836, Test F1 Micro: 0.5995, Test RMSE: 1.4148

***** Best Result Updated at Epoch 3, Val Loss: 1.0051 *****
Epoch [3/20], Time: 4.21s, 
Train Loss: 0.9962, Train Acc: 0.6165, Train F1 Macro: 0.5456, Train F1 Micro: 0.5621, Train RMSE: 1.4700, 
Val Loss: 1.0051, Val Acc: 0.6104, Val F1 Macro: 0.5781, Val F1 Micro: 0.5935, Val RMSE: 1.4116, 
Test Loss: 0.9648, Test Acc: 0.6220, Test F1 Macro: 0.5923, Test F1 Micro: 0.6070, Test RMSE: 1.3985

***** Best Result Updated at Epoch 4, Val Loss: 0.9959 *****
Epoch [4/20], Time: 4.17s, 
Train Loss: 0.9242, Train Acc: 0.6478, Train F1 Macro: 0.5689, Train F1 Micro: 0.5835, Train RMSE: 1.4221, 
Val Loss: 0.9959, Val Acc: 0.6165, Val F1 Macro: 0.5838, Val F1 Micro: 0.5993, Val RMSE: 1.3929, 
Test Loss: 0.9473, Test Acc: 0.6280, Test F1 Macro: 0.5969, Test F1 Micro: 0.6123, Test RMSE: 1.3748

Epoch [5/20], Time: 4.07s, 
Train Loss: 0.8405, Train Acc: 0.6808, Train F1 Macro: 0.5901, Train F1 Micro: 0.6030, Train RMSE: 1.3745, 
Val Loss: 1.0137, Val Acc: 0.6121, Val F1 Macro: 0.5873, Val F1 Micro: 0.6018, Val RMSE: 1.3697, 
Test Loss: 0.9624, Test Acc: 0.6389, Test F1 Macro: 0.6031, Test F1 Micro: 0.6176, Test RMSE: 1.3442

Epoch [6/20], Time: 4.09s, 
Train Loss: 0.7459, Train Acc: 0.7216, Train F1 Macro: 0.6114, Train F1 Micro: 0.6228, Train RMSE: 1.3286, 
Val Loss: 1.0151, Val Acc: 0.6273, Val F1 Macro: 0.5927, Val F1 Micro: 0.6061, Val RMSE: 1.3631, 
Test Loss: 0.9525, Test Acc: 0.6468, Test F1 Macro: 0.6085, Test F1 Micro: 0.6225, Test RMSE: 1.3332

Epoch [7/20], Time: 4.23s, 
Train Loss: 0.6235, Train Acc: 0.7656, Train F1 Macro: 0.6332, Train F1 Micro: 0.6432, Train RMSE: 1.2805, 
Val Loss: 1.0686, Val Acc: 0.6095, Val F1 Macro: 0.5942, Val F1 Micro: 0.6066, Val RMSE: 1.3521, 
Test Loss: 0.9921, Test Acc: 0.6307, Test F1 Macro: 0.6099, Test F1 Micro: 0.6236, Test RMSE: 1.3197

Epoch [8/20], Time: 4.15s, 
Train Loss: 0.5162, Train Acc: 0.8103, Train F1 Macro: 0.6553, Train F1 Micro: 0.6640, Train RMSE: 1.2332, 
Val Loss: 1.1969, Val Acc: 0.6152, Val F1 Macro: 0.5955, Val F1 Micro: 0.6076, Val RMSE: 1.3374, 
Test Loss: 1.1102, Test Acc: 0.6254, Test F1 Macro: 0.6104, Test F1 Micro: 0.6239, Test RMSE: 1.3104

Epoch [9/20], Time: 4.25s, 
Train Loss: 0.4215, Train Acc: 0.8465, Train F1 Macro: 0.6766, Train F1 Micro: 0.6843, Train RMSE: 1.1887, 
Val Loss: 1.2481, Val Acc: 0.6112, Val F1 Macro: 0.5965, Val F1 Micro: 0.6080, Val RMSE: 1.3332, 
Test Loss: 1.1641, Test Acc: 0.6307, Test F1 Macro: 0.6111, Test F1 Micro: 0.6246, Test RMSE: 1.3091

Epoch [10/20], Time: 4.42s, 
Train Loss: 0.3208, Train Acc: 0.8874, Train F1 Macro: 0.6979, Train F1 Micro: 0.7046, Train RMSE: 1.1450, 
Val Loss: 1.4014, Val Acc: 0.5986, Val F1 Macro: 0.5955, Val F1 Micro: 0.6071, Val RMSE: 1.3272, 
Test Loss: 1.2866, Test Acc: 0.6211, Test F1 Macro: 0.6110, Test F1 Micro: 0.6243, Test RMSE: 1.3066

Epoch [11/20], Time: 4.50s, 
Train Loss: 0.2527, Train Acc: 0.9119, Train F1 Macro: 0.7176, Train F1 Micro: 0.7235, Train RMSE: 1.1039, 
Val Loss: 1.5199, Val Acc: 0.5982, Val F1 Macro: 0.5947, Val F1 Micro: 0.6063, Val RMSE: 1.3217, 
Test Loss: 1.4186, Test Acc: 0.6211, Test F1 Macro: 0.6106, Test F1 Micro: 0.6240, Test RMSE: 1.3037

Epoch [12/20], Time: 4.39s, 
Train Loss: 0.2135, Train Acc: 0.9258, Train F1 Macro: 0.7351, Train F1 Micro: 0.7403, Train RMSE: 1.0665, 
Val Loss: 1.6642, Val Acc: 0.6003, Val F1 Macro: 0.5941, Val F1 Micro: 0.6058, Val RMSE: 1.3217, 
Test Loss: 1.5328, Test Acc: 0.6206, Test F1 Macro: 0.6104, Test F1 Micro: 0.6237, Test RMSE: 1.3046

Epoch [13/20], Time: 4.28s, 
Train Loss: 0.1900, Train Acc: 0.9340, Train F1 Macro: 0.7505, Train F1 Micro: 0.7552, Train RMSE: 1.0333, 
Val Loss: 1.8178, Val Acc: 0.5990, Val F1 Macro: 0.5935, Val F1 Micro: 0.6053, Val RMSE: 1.3223, 
Test Loss: 1.6903, Test Acc: 0.6202, Test F1 Macro: 0.6099, Test F1 Micro: 0.6234, Test RMSE: 1.3065

Epoch [14/20], Time: 4.55s, 
Train Loss: 0.1691, Train Acc: 0.9418, Train F1 Macro: 0.7643, Train F1 Micro: 0.7686, Train RMSE: 1.0023, 
Val Loss: 1.8160, Val Acc: 0.5903, Val F1 Macro: 0.5925, Val F1 Micro: 0.6042, Val RMSE: 1.3229, 
Test Loss: 1.6824, Test Acc: 0.6106, Test F1 Macro: 0.6090, Test F1 Micro: 0.6225, Test RMSE: 1.3083

Epoch [15/20], Time: 4.76s, 
Train Loss: 0.1441, Train Acc: 0.9494, Train F1 Macro: 0.7767, Train F1 Micro: 0.7806, Train RMSE: 0.9743, 
Val Loss: 1.9297, Val Acc: 0.5838, Val F1 Macro: 0.5915, Val F1 Micro: 0.6028, Val RMSE: 1.3234, 
Test Loss: 1.7561, Test Acc: 0.6154, Test F1 Macro: 0.6087, Test F1 Micro: 0.6220, Test RMSE: 1.3067

Epoch [16/20], Time: 4.72s, 
Train Loss: 0.1304, Train Acc: 0.9560, Train F1 Macro: 0.7880, Train F1 Micro: 0.7916, Train RMSE: 0.9486, 
Val Loss: 2.0675, Val Acc: 0.5808, Val F1 Macro: 0.5900, Val F1 Micro: 0.6015, Val RMSE: 1.3212, 
Test Loss: 1.9254, Test Acc: 0.6067, Test F1 Macro: 0.6078, Test F1 Micro: 0.6211, Test RMSE: 1.3045

Epoch [17/20], Time: 4.52s, 
Train Loss: 0.1176, Train Acc: 0.9586, Train F1 Macro: 0.7981, Train F1 Micro: 0.8014, Train RMSE: 0.9251, 
Val Loss: 2.1582, Val Acc: 0.5947, Val F1 Macro: 0.5893, Val F1 Micro: 0.6011, Val RMSE: 1.3228, 
Test Loss: 1.9926, Test Acc: 0.6076, Test F1 Macro: 0.6068, Test F1 Micro: 0.6203, Test RMSE: 1.3056

Epoch [18/20], Time: 4.54s, 
Train Loss: 0.1205, Train Acc: 0.9597, Train F1 Macro: 0.8071, Train F1 Micro: 0.8102, Train RMSE: 0.9036, 
Val Loss: 2.1271, Val Acc: 0.5895, Val F1 Macro: 0.5887, Val F1 Micro: 0.6004, Val RMSE: 1.3236, 
Test Loss: 1.9657, Test Acc: 0.6063, Test F1 Macro: 0.6060, Test F1 Micro: 0.6195, Test RMSE: 1.3067

Epoch [19/20], Time: 4.39s, 
Train Loss: 0.1119, Train Acc: 0.9625, Train F1 Macro: 0.8153, Train F1 Micro: 0.8182, Train RMSE: 0.8832, 
Val Loss: 2.4329, Val Acc: 0.5982, Val F1 Macro: 0.5884, Val F1 Micro: 0.6003, Val RMSE: 1.3271, 
Test Loss: 2.2141, Test Acc: 0.6141, Test F1 Macro: 0.6055, Test F1 Micro: 0.6192, Test RMSE: 1.3094

Epoch [20/20], Time: 4.37s, 
Train Loss: 0.0994, Train Acc: 0.9654, Train F1 Macro: 0.8229, Train F1 Micro: 0.8256, Train RMSE: 0.8643, 
Val Loss: 2.3639, Val Acc: 0.5973, Val F1 Macro: 0.5883, Val F1 Micro: 0.6002, Val RMSE: 1.3275, 
Test Loss: 2.1441, Test Acc: 0.6058, Test F1 Macro: 0.6048, Test F1 Micro: 0.6186, Test RMSE: 1.3095

Total Training Time: 87.81s

Test Loss: 0.9473, Test Acc: 0.6280, Test F1 Macro: 0.6068, Test F1 Micro: 0.6280, Test RMSE: 1.3011
===== SEED 77 =====
PyTorch Version : 2.11.0+cu128
cuda
2.1.statemnt.pt
***** Best Result Updated at Epoch 1, Val Loss: 1.1006 *****
Epoch [1/20], Time: 4.80s, 
Train Loss: 1.2835, Train Acc: 0.4877, Train F1 Macro: 0.4607, Train F1 Micro: 0.4877, Train RMSE: 1.6102, 
Val Loss: 1.1006, Val Acc: 0.5716, Val F1 Macro: 0.5578, Val F1 Micro: 0.5716, Val RMSE: 1.5240, 
Test Loss: 1.0620, Test Acc: 0.5793, Test F1 Macro: 0.5621, Test F1 Micro: 0.5793, Test RMSE: 1.5223

***** Best Result Updated at Epoch 2, Val Loss: 1.0513 *****
Epoch [2/20], Time: 4.33s, 
Train Loss: 1.0844, Train Acc: 0.5786, Train F1 Macro: 0.5129, Train F1 Micro: 0.5331, Train RMSE: 1.5157, 
Val Loss: 1.0513, Val Acc: 0.5925, Val F1 Macro: 0.5677, Val F1 Micro: 0.5821, Val RMSE: 1.4632, 
Test Loss: 1.0067, Test Acc: 0.6058, Test F1 Macro: 0.5759, Test F1 Micro: 0.5926, Test RMSE: 1.4519

***** Best Result Updated at Epoch 3, Val Loss: 1.0135 *****
Epoch [3/20], Time: 4.20s, 
Train Loss: 1.0023, Train Acc: 0.6133, Train F1 Macro: 0.5425, Train F1 Micro: 0.5598, Train RMSE: 1.4579, 
Val Loss: 1.0135, Val Acc: 0.6025, Val F1 Macro: 0.5753, Val F1 Micro: 0.5889, Val RMSE: 1.4297, 
Test Loss: 0.9755, Test Acc: 0.6224, Test F1 Macro: 0.5867, Test F1 Micro: 0.6025, Test RMSE: 1.4017

***** Best Result Updated at Epoch 4, Val Loss: 0.9839 *****
Epoch [4/20], Time: 4.23s, 
Train Loss: 0.9272, Train Acc: 0.6377, Train F1 Macro: 0.5637, Train F1 Micro: 0.5793, Train RMSE: 1.4138, 
Val Loss: 0.9839, Val Acc: 0.6269, Val F1 Macro: 0.5863, Val F1 Micro: 0.5984, Val RMSE: 1.3858, 
Test Loss: 0.9460, Test Acc: 0.6433, Test F1 Macro: 0.6001, Test F1 Micro: 0.6127, Test RMSE: 1.3592

***** Best Result Updated at Epoch 5, Val Loss: 0.9782 *****
Epoch [5/20], Time: 4.26s, 
Train Loss: 0.8466, Train Acc: 0.6743, Train F1 Macro: 0.5844, Train F1 Micro: 0.5983, Train RMSE: 1.3725, 
Val Loss: 0.9782, Val Acc: 0.6186, Val F1 Macro: 0.5900, Val F1 Micro: 0.6024, Val RMSE: 1.3677, 
Test Loss: 0.9428, Test Acc: 0.6376, Test F1 Macro: 0.6049, Test F1 Micro: 0.6177, Test RMSE: 1.3363

Epoch [6/20], Time: 4.06s, 
Train Loss: 0.7476, Train Acc: 0.7133, Train F1 Macro: 0.6050, Train F1 Micro: 0.6175, Train RMSE: 1.3280, 
Val Loss: 1.0021, Val Acc: 0.6286, Val F1 Macro: 0.5951, Val F1 Micro: 0.6068, Val RMSE: 1.3562, 
Test Loss: 0.9631, Test Acc: 0.6307, Test F1 Macro: 0.6076, Test F1 Micro: 0.6198, Test RMSE: 1.3273

Epoch [7/20], Time: 4.07s, 
Train Loss: 0.6376, Train Acc: 0.7597, Train F1 Macro: 0.6266, Train F1 Micro: 0.6378, Train RMSE: 1.2832, 
Val Loss: 1.0780, Val Acc: 0.6152, Val F1 Macro: 0.5970, Val F1 Micro: 0.6080, Val RMSE: 1.3441, 
Test Loss: 1.0270, Test Acc: 0.6159, Test F1 Macro: 0.6079, Test F1 Micro: 0.6193, Test RMSE: 1.3167

Epoch [8/20], Time: 3.92s, 
Train Loss: 0.5215, Train Acc: 0.8052, Train F1 Macro: 0.6488, Train F1 Micro: 0.6587, Train RMSE: 1.2341, 
Val Loss: 1.1283, Val Acc: 0.6108, Val F1 Macro: 0.5972, Val F1 Micro: 0.6083, Val RMSE: 1.3402, 
Test Loss: 1.0834, Test Acc: 0.6237, Test F1 Macro: 0.6085, Test F1 Micro: 0.6198, Test RMSE: 1.3155

Epoch [9/20], Time: 3.91s, 
Train Loss: 0.4268, Train Acc: 0.8438, Train F1 Macro: 0.6705, Train F1 Micro: 0.6793, Train RMSE: 1.1899, 
Val Loss: 1.2227, Val Acc: 0.6112, Val F1 Macro: 0.5974, Val F1 Micro: 0.6087, Val RMSE: 1.3393, 
Test Loss: 1.1925, Test Acc: 0.6193, Test F1 Macro: 0.6080, Test F1 Micro: 0.6198, Test RMSE: 1.3120

Epoch [10/20], Time: 3.93s, 
Train Loss: 0.3369, Train Acc: 0.8796, Train F1 Macro: 0.6915, Train F1 Micro: 0.6993, Train RMSE: 1.1470, 
Val Loss: 1.3517, Val Acc: 0.5999, Val F1 Macro: 0.5964, Val F1 Micro: 0.6078, Val RMSE: 1.3400, 
Test Loss: 1.3129, Test Acc: 0.6141, Test F1 Macro: 0.6068, Test F1 Micro: 0.6192, Test RMSE: 1.3123

Epoch [11/20], Time: 3.98s, 
Train Loss: 0.3001, Train Acc: 0.8901, Train F1 Macro: 0.7096, Train F1 Micro: 0.7166, Train RMSE: 1.1085, 
Val Loss: 1.4725, Val Acc: 0.5977, Val F1 Macro: 0.5953, Val F1 Micro: 0.6069, Val RMSE: 1.3399, 
Test Loss: 1.4190, Test Acc: 0.6215, Test F1 Macro: 0.6065, Test F1 Micro: 0.6194, Test RMSE: 1.3106

Epoch [12/20], Time: 4.16s, 
Train Loss: 0.2231, Train Acc: 0.9239, Train F1 Macro: 0.7276, Train F1 Micro: 0.7339, Train RMSE: 1.0705, 
Val Loss: 1.6049, Val Acc: 0.6017, Val F1 Macro: 0.5948, Val F1 Micro: 0.6064, Val RMSE: 1.3399, 
Test Loss: 1.5455, Test Acc: 0.6180, Test F1 Macro: 0.6063, Test F1 Micro: 0.6193, Test RMSE: 1.3110

Epoch [13/20], Time: 3.98s, 
Train Loss: 0.1860, Train Acc: 0.9353, Train F1 Macro: 0.7437, Train F1 Micro: 0.7494, Train RMSE: 1.0362, 
Val Loss: 1.6783, Val Acc: 0.5977, Val F1 Macro: 0.5940, Val F1 Micro: 0.6058, Val RMSE: 1.3380, 
Test Loss: 1.6015, Test Acc: 0.6193, Test F1 Macro: 0.6063, Test F1 Micro: 0.6193, Test RMSE: 1.3069

Epoch [14/20], Time: 4.03s, 
Train Loss: 0.1874, Train Acc: 0.9379, Train F1 Macro: 0.7577, Train F1 Micro: 0.7629, Train RMSE: 1.0056, 
Val Loss: 1.7927, Val Acc: 0.6038, Val F1 Macro: 0.5937, Val F1 Micro: 0.6056, Val RMSE: 1.3399, 
Test Loss: 1.7252, Test Acc: 0.6084, Test F1 Macro: 0.6053, Test F1 Micro: 0.6185, Test RMSE: 1.3094

Epoch [15/20], Time: 3.99s, 
Train Loss: 0.1698, Train Acc: 0.9399, Train F1 Macro: 0.7699, Train F1 Micro: 0.7747, Train RMSE: 0.9790, 
Val Loss: 1.8383, Val Acc: 0.5964, Val F1 Macro: 0.5929, Val F1 Micro: 0.6050, Val RMSE: 1.3373, 
Test Loss: 1.7748, Test Acc: 0.6124, Test F1 Macro: 0.6048, Test F1 Micro: 0.6181, Test RMSE: 1.3078

Epoch [16/20], Time: 4.04s, 
Train Loss: 0.1327, Train Acc: 0.9551, Train F1 Macro: 0.7816, Train F1 Micro: 0.7860, Train RMSE: 0.9530, 
Val Loss: 1.9236, Val Acc: 0.5855, Val F1 Macro: 0.5918, Val F1 Micro: 0.6038, Val RMSE: 1.3367, 
Test Loss: 1.8631, Test Acc: 0.6028, Test F1 Macro: 0.6038, Test F1 Micro: 0.6172, Test RMSE: 1.3084

Epoch [17/20], Time: 4.25s, 
Train Loss: 0.1160, Train Acc: 0.9595, Train F1 Macro: 0.7921, Train F1 Micro: 0.7962, Train RMSE: 0.9290, 
Val Loss: 2.0909, Val Acc: 0.5851, Val F1 Macro: 0.5908, Val F1 Micro: 0.6027, Val RMSE: 1.3363, 
Test Loss: 1.9626, Test Acc: 0.6050, Test F1 Macro: 0.6030, Test F1 Micro: 0.6164, Test RMSE: 1.3063

Epoch [18/20], Time: 4.09s, 
Train Loss: 0.1353, Train Acc: 0.9541, Train F1 Macro: 0.8011, Train F1 Micro: 0.8049, Train RMSE: 0.9075, 
Val Loss: 2.0338, Val Acc: 0.5886, Val F1 Macro: 0.5902, Val F1 Micro: 0.6019, Val RMSE: 1.3365, 
Test Loss: 1.9746, Test Acc: 0.5867, Test F1 Macro: 0.6013, Test F1 Micro: 0.6148, Test RMSE: 1.3082

Epoch [19/20], Time: 4.07s, 
Train Loss: 0.1047, Train Acc: 0.9642, Train F1 Macro: 0.8098, Train F1 Micro: 0.8133, Train RMSE: 0.8869, 
Val Loss: 2.1912, Val Acc: 0.5960, Val F1 Macro: 0.5899, Val F1 Micro: 0.6016, Val RMSE: 1.3357, 
Test Loss: 2.1028, Test Acc: 0.6015, Test F1 Macro: 0.6005, Test F1 Micro: 0.6141, Test RMSE: 1.3079

Epoch [20/20], Time: 4.12s, 
Train Loss: 0.0952, Train Acc: 0.9667, Train F1 Macro: 0.8177, Train F1 Micro: 0.8210, Train RMSE: 0.8678, 
Val Loss: 2.3190, Val Acc: 0.5943, Val F1 Macro: 0.5894, Val F1 Micro: 0.6012, Val RMSE: 1.3353, 
Test Loss: 2.1961, Test Acc: 0.6002, Test F1 Macro: 0.5997, Test F1 Micro: 0.6134, Test RMSE: 1.3074

Total Training Time: 82.42s

Test Loss: 0.9428, Test Acc: 0.6376, Test F1 Macro: 0.6228, Test F1 Micro: 0.6376, Test RMSE: 1.2405
===== SEED 123 =====
PyTorch Version : 2.11.0+cu128
cuda
2.1.statemnt.pt
***** Best Result Updated at Epoch 1, Val Loss: 1.1361 *****
Epoch [1/20], Time: 4.50s, 
Train Loss: 1.3185, Train Acc: 0.4778, Train F1 Macro: 0.4519, Train F1 Micro: 0.4778, Train RMSE: 1.6389, 
Val Loss: 1.1361, Val Acc: 0.5416, Val F1 Macro: 0.5412, Val F1 Micro: 0.5416, Val RMSE: 1.6868, 
Test Loss: 1.0858, Test Acc: 0.5736, Test F1 Macro: 0.5661, Test F1 Micro: 0.5736, Test RMSE: 1.5691

***** Best Result Updated at Epoch 2, Val Loss: 1.1158 *****
Epoch [2/20], Time: 4.19s, 
Train Loss: 1.0938, Train Acc: 0.5824, Train F1 Macro: 0.5111, Train F1 Micro: 0.5301, Train RMSE: 1.5397, 
Val Loss: 1.1158, Val Acc: 0.5485, Val F1 Macro: 0.5489, Val F1 Micro: 0.5451, Val RMSE: 1.7284, 
Test Loss: 1.0713, Test Acc: 0.5727, Test F1 Macro: 0.5694, Test F1 Micro: 0.5732, Test RMSE: 1.6120

***** Best Result Updated at Epoch 3, Val Loss: 1.0044 *****
Epoch [3/20], Time: 4.14s, 
Train Loss: 1.0092, Train Acc: 0.6118, Train F1 Macro: 0.5409, Train F1 Micro: 0.5574, Train RMSE: 1.4823, 
Val Loss: 1.0044, Val Acc: 0.6099, Val F1 Macro: 0.5643, Val F1 Micro: 0.5667, Val RMSE: 1.6187, 
Test Loss: 0.9636, Test Acc: 0.6289, Test F1 Macro: 0.5835, Test F1 Micro: 0.5918, Test RMSE: 1.5236

***** Best Result Updated at Epoch 4, Val Loss: 0.9796 *****
Epoch [4/20], Time: 4.15s, 
Train Loss: 0.9269, Train Acc: 0.6424, Train F1 Macro: 0.5638, Train F1 Micro: 0.5786, Train RMSE: 1.4352, 
Val Loss: 0.9796, Val Acc: 0.6169, Val F1 Macro: 0.5740, Val F1 Micro: 0.5792, Val RMSE: 1.5446, 
Test Loss: 0.9453, Test Acc: 0.6254, Test F1 Macro: 0.5907, Test F1 Micro: 0.6002, Test RMSE: 1.4714

Epoch [5/20], Time: 4.05s, 
Train Loss: 0.8373, Train Acc: 0.6838, Train F1 Macro: 0.5863, Train F1 Micro: 0.5996, Train RMSE: 1.3868, 
Val Loss: 0.9968, Val Acc: 0.6160, Val F1 Macro: 0.5806, Val F1 Micro: 0.5866, Val RMSE: 1.5071, 
Test Loss: 0.9476, Test Acc: 0.6289, Test F1 Macro: 0.5962, Test F1 Micro: 0.6059, Test RMSE: 1.4454

Epoch [6/20], Time: 4.06s, 
Train Loss: 0.7424, Train Acc: 0.7234, Train F1 Macro: 0.6083, Train F1 Micro: 0.6203, Train RMSE: 1.3399, 
Val Loss: 1.0062, Val Acc: 0.6178, Val F1 Macro: 0.5843, Val F1 Micro: 0.5918, Val RMSE: 1.4735, 
Test Loss: 0.9563, Test Acc: 0.6276, Test F1 Macro: 0.5992, Test F1 Micro: 0.6095, Test RMSE: 1.4242

Epoch [7/20], Time: 4.22s, 
Train Loss: 0.6359, Train Acc: 0.7608, Train F1 Macro: 0.6299, Train F1 Micro: 0.6403, Train RMSE: 1.2944, 
Val Loss: 1.0567, Val Acc: 0.6152, Val F1 Macro: 0.5869, Val F1 Micro: 0.5951, Val RMSE: 1.4462, 
Test Loss: 1.0036, Test Acc: 0.6185, Test F1 Macro: 0.6002, Test F1 Micro: 0.6108, Test RMSE: 1.4072

Epoch [8/20], Time: 4.10s, 
Train Loss: 0.5098, Train Acc: 0.8152, Train F1 Macro: 0.6530, Train F1 Micro: 0.6622, Train RMSE: 1.2451, 
Val Loss: 1.1553, Val Acc: 0.6104, Val F1 Macro: 0.5881, Val F1 Micro: 0.5970, Val RMSE: 1.4263, 
Test Loss: 1.0911, Test Acc: 0.6224, Test F1 Macro: 0.6012, Test F1 Micro: 0.6123, Test RMSE: 1.3935

Epoch [9/20], Time: 4.17s, 
Train Loss: 0.3959, Train Acc: 0.8572, Train F1 Macro: 0.6758, Train F1 Micro: 0.6839, Train RMSE: 1.1959, 
Val Loss: 1.2474, Val Acc: 0.5969, Val F1 Macro: 0.5877, Val F1 Micro: 0.5970, Val RMSE: 1.4175, 
Test Loss: 1.1762, Test Acc: 0.6220, Test F1 Macro: 0.6018, Test F1 Micro: 0.6133, Test RMSE: 1.3828

Epoch [10/20], Time: 4.04s, 
Train Loss: 0.3286, Train Acc: 0.8828, Train F1 Macro: 0.6967, Train F1 Micro: 0.7038, Train RMSE: 1.1515, 
Val Loss: 1.3575, Val Acc: 0.5934, Val F1 Macro: 0.5872, Val F1 Micro: 0.5966, Val RMSE: 1.4070, 
Test Loss: 1.2837, Test Acc: 0.6093, Test F1 Macro: 0.6015, Test F1 Micro: 0.6129, Test RMSE: 1.3731

Epoch [11/20], Time: 3.99s, 
Train Loss: 0.2644, Train Acc: 0.9099, Train F1 Macro: 0.7163, Train F1 Micro: 0.7225, Train RMSE: 1.1101, 
Val Loss: 1.5002, Val Acc: 0.5995, Val F1 Macro: 0.5870, Val F1 Micro: 0.5969, Val RMSE: 1.4010, 
Test Loss: 1.3997, Test Acc: 0.6137, Test F1 Macro: 0.6011, Test F1 Micro: 0.6130, Test RMSE: 1.3692

Epoch [12/20], Time: 4.38s, 
Train Loss: 0.2214, Train Acc: 0.9226, Train F1 Macro: 0.7336, Train F1 Micro: 0.7392, Train RMSE: 1.0736, 
Val Loss: 1.6077, Val Acc: 0.5799, Val F1 Macro: 0.5857, Val F1 Micro: 0.5955, Val RMSE: 1.3979, 
Test Loss: 1.5028, Test Acc: 0.6050, Test F1 Macro: 0.6005, Test F1 Micro: 0.6123, Test RMSE: 1.3621

Epoch [13/20], Time: 4.15s, 
Train Loss: 0.1945, Train Acc: 0.9325, Train F1 Macro: 0.7490, Train F1 Micro: 0.7541, Train RMSE: 1.0404, 
Val Loss: 1.6642, Val Acc: 0.5921, Val F1 Macro: 0.5856, Val F1 Micro: 0.5952, Val RMSE: 1.3972, 
Test Loss: 1.5888, Test Acc: 0.6111, Test F1 Macro: 0.6005, Test F1 Micro: 0.6122, Test RMSE: 1.3590

Epoch [14/20], Time: 4.47s, 
Train Loss: 0.1674, Train Acc: 0.9445, Train F1 Macro: 0.7630, Train F1 Micro: 0.7677, Train RMSE: 1.0092, 
Val Loss: 1.7757, Val Acc: 0.5903, Val F1 Macro: 0.5852, Val F1 Micro: 0.5949, Val RMSE: 1.3940, 
Test Loss: 1.6752, Test Acc: 0.6032, Test F1 Macro: 0.5999, Test F1 Micro: 0.6116, Test RMSE: 1.3554

Epoch [15/20], Time: 4.51s, 
Train Loss: 0.1498, Train Acc: 0.9487, Train F1 Macro: 0.7755, Train F1 Micro: 0.7797, Train RMSE: 0.9809, 
Val Loss: 1.8994, Val Acc: 0.5812, Val F1 Macro: 0.5843, Val F1 Micro: 0.5940, Val RMSE: 1.3909, 
Test Loss: 1.7465, Test Acc: 0.5984, Test F1 Macro: 0.5990, Test F1 Micro: 0.6107, Test RMSE: 1.3515

Epoch [16/20], Time: 4.30s, 
Train Loss: 0.1269, Train Acc: 0.9590, Train F1 Macro: 0.7871, Train F1 Micro: 0.7909, Train RMSE: 0.9548, 
Val Loss: 1.9580, Val Acc: 0.5895, Val F1 Macro: 0.5841, Val F1 Micro: 0.5937, Val RMSE: 1.3899, 
Test Loss: 1.8454, Test Acc: 0.5971, Test F1 Macro: 0.5982, Test F1 Micro: 0.6099, Test RMSE: 1.3479

Epoch [17/20], Time: 4.29s, 
Train Loss: 0.1297, Train Acc: 0.9563, Train F1 Macro: 0.7971, Train F1 Micro: 0.8007, Train RMSE: 0.9307, 
Val Loss: 2.0618, Val Acc: 0.5816, Val F1 Macro: 0.5831, Val F1 Micro: 0.5930, Val RMSE: 1.3874, 
Test Loss: 1.9532, Test Acc: 0.5958, Test F1 Macro: 0.5974, Test F1 Micro: 0.6090, Test RMSE: 1.3461

Epoch [18/20], Time: 4.16s, 
Train Loss: 0.1245, Train Acc: 0.9574, Train F1 Macro: 0.8060, Train F1 Micro: 0.8094, Train RMSE: 0.9092, 
Val Loss: 2.1444, Val Acc: 0.5929, Val F1 Macro: 0.5828, Val F1 Micro: 0.5930, Val RMSE: 1.3850, 
Test Loss: 2.0117, Test Acc: 0.6128, Test F1 Macro: 0.5974, Test F1 Micro: 0.6092, Test RMSE: 1.3459

Epoch [19/20], Time: 4.32s, 
Train Loss: 0.1154, Train Acc: 0.9613, Train F1 Macro: 0.8142, Train F1 Micro: 0.8174, Train RMSE: 0.8886, 
Val Loss: 2.1762, Val Acc: 0.5834, Val F1 Macro: 0.5822, Val F1 Micro: 0.5925, Val RMSE: 1.3836, 
Test Loss: 2.0107, Test Acc: 0.6028, Test F1 Macro: 0.5971, Test F1 Micro: 0.6089, Test RMSE: 1.3439

Epoch [20/20], Time: 4.19s, 
Train Loss: 0.1010, Train Acc: 0.9646, Train F1 Macro: 0.8218, Train F1 Micro: 0.8247, Train RMSE: 0.8698, 
Val Loss: 2.2687, Val Acc: 0.5795, Val F1 Macro: 0.5815, Val F1 Micro: 0.5918, Val RMSE: 1.3822, 
Test Loss: 2.1394, Test Acc: 0.6015, Test F1 Macro: 0.5968, Test F1 Micro: 0.6085, Test RMSE: 1.3419

Total Training Time: 84.39s

Test Loss: 0.9453, Test Acc: 0.6254, Test F1 Macro: 0.6147, Test F1 Micro: 0.6254, Test RMSE: 1.3023
