===== SEED 42 =====
PyTorch Version : 2.11.0+cu128
cuda
2.2.date.pt
***** Best Result Updated at Epoch 1, Val Loss: 1.1006 *****
Epoch [1/20], Time: 5.34s, 
Train Loss: 1.2958, Train Acc: 0.4816, Train F1 Macro: 0.4561, Train F1 Micro: 0.4816, Train RMSE: 1.5903, 
Val Loss: 1.1006, Val Acc: 0.5742, Val F1 Macro: 0.5455, Val F1 Micro: 0.5742, Val RMSE: 1.4702, 
Test Loss: 1.0542, Test Acc: 0.5828, Test F1 Macro: 0.5574, Test F1 Micro: 0.5828, Test RMSE: 1.4722

***** Best Result Updated at Epoch 2, Val Loss: 1.0488 *****
Epoch [2/20], Time: 4.89s, 
Train Loss: 1.0656, Train Acc: 0.5875, Train F1 Macro: 0.5172, Train F1 Micro: 0.5346, Train RMSE: 1.4964, 
Val Loss: 1.0488, Val Acc: 0.5869, Val F1 Macro: 0.5552, Val F1 Micro: 0.5805, Val RMSE: 1.4358, 
Test Loss: 1.0150, Test Acc: 0.5984, Test F1 Macro: 0.5667, Test F1 Micro: 0.5906, Test RMSE: 1.4213

***** Best Result Updated at Epoch 3, Val Loss: 1.0160 *****
Epoch [3/20], Time: 5.10s, 
Train Loss: 0.9654, Train Acc: 0.6306, Train F1 Macro: 0.5515, Train F1 Micro: 0.5666, Train RMSE: 1.4255, 
Val Loss: 1.0160, Val Acc: 0.6064, Val F1 Macro: 0.5641, Val F1 Micro: 0.5892, Val RMSE: 1.4116, 
Test Loss: 0.9730, Test Acc: 0.6163, Test F1 Macro: 0.5773, Test F1 Micro: 0.5992, Test RMSE: 1.3921

***** Best Result Updated at Epoch 4, Val Loss: 0.9992 *****
Epoch [4/20], Time: 4.97s, 
Train Loss: 0.8525, Train Acc: 0.6740, Train F1 Macro: 0.5803, Train F1 Micro: 0.5934, Train RMSE: 1.3639, 
Val Loss: 0.9992, Val Acc: 0.6182, Val F1 Macro: 0.5761, Val F1 Micro: 0.5964, Val RMSE: 1.3808, 
Test Loss: 0.9489, Test Acc: 0.6263, Test F1 Macro: 0.5879, Test F1 Micro: 0.6059, Test RMSE: 1.3660

Epoch [5/20], Time: 4.93s, 
Train Loss: 0.7297, Train Acc: 0.7205, Train F1 Macro: 0.6072, Train F1 Micro: 0.6188, Train RMSE: 1.3044, 
Val Loss: 1.0308, Val Acc: 0.6008, Val F1 Macro: 0.5788, Val F1 Micro: 0.5973, Val RMSE: 1.3605, 
Test Loss: 0.9784, Test Acc: 0.6128, Test F1 Macro: 0.5911, Test F1 Micro: 0.6073, Test RMSE: 1.3427

Epoch [6/20], Time: 4.92s, 
Train Loss: 0.5997, Train Acc: 0.7758, Train F1 Macro: 0.6349, Train F1 Micro: 0.6450, Train RMSE: 1.2460, 
Val Loss: 1.1023, Val Acc: 0.5929, Val F1 Macro: 0.5802, Val F1 Micro: 0.5966, Val RMSE: 1.3522, 
Test Loss: 1.0365, Test Acc: 0.6111, Test F1 Macro: 0.5932, Test F1 Micro: 0.6079, Test RMSE: 1.3381

Epoch [7/20], Time: 4.93s, 
Train Loss: 0.4616, Train Acc: 0.8297, Train F1 Macro: 0.6626, Train F1 Micro: 0.6714, Train RMSE: 1.1881, 
Val Loss: 1.2547, Val Acc: 0.5982, Val F1 Macro: 0.5804, Val F1 Micro: 0.5968, Val RMSE: 1.3446, 
Test Loss: 1.1778, Test Acc: 0.6180, Test F1 Macro: 0.5945, Test F1 Micro: 0.6094, Test RMSE: 1.3293

Epoch [8/20], Time: 5.18s, 
Train Loss: 0.3459, Train Acc: 0.8740, Train F1 Macro: 0.6890, Train F1 Micro: 0.6967, Train RMSE: 1.1333, 
Val Loss: 1.3984, Val Acc: 0.5764, Val F1 Macro: 0.5780, Val F1 Micro: 0.5943, Val RMSE: 1.3377, 
Test Loss: 1.2687, Test Acc: 0.6089, Test F1 Macro: 0.5948, Test F1 Micro: 0.6093, Test RMSE: 1.3172

Epoch [9/20], Time: 5.19s, 
Train Loss: 0.2753, Train Acc: 0.9003, Train F1 Macro: 0.7126, Train F1 Micro: 0.7193, Train RMSE: 1.0850, 
Val Loss: 1.5433, Val Acc: 0.5799, Val F1 Macro: 0.5763, Val F1 Micro: 0.5927, Val RMSE: 1.3375, 
Test Loss: 1.3993, Test Acc: 0.6006, Test F1 Macro: 0.5944, Test F1 Micro: 0.6084, Test RMSE: 1.3134

Epoch [10/20], Time: 5.23s, 
Train Loss: 0.1983, Train Acc: 0.9306, Train F1 Macro: 0.7345, Train F1 Micro: 0.7405, Train RMSE: 1.0398, 
Val Loss: 1.6811, Val Acc: 0.5842, Val F1 Macro: 0.5759, Val F1 Micro: 0.5918, Val RMSE: 1.3382, 
Test Loss: 1.5317, Test Acc: 0.6154, Test F1 Macro: 0.5955, Test F1 Micro: 0.6091, Test RMSE: 1.3121

Epoch [11/20], Time: 5.22s, 
Train Loss: 0.1711, Train Acc: 0.9401, Train F1 Macro: 0.7534, Train F1 Micro: 0.7586, Train RMSE: 1.0015, 
Val Loss: 1.8294, Val Acc: 0.5699, Val F1 Macro: 0.5738, Val F1 Micro: 0.5898, Val RMSE: 1.3369, 
Test Loss: 1.6692, Test Acc: 0.5949, Test F1 Macro: 0.5943, Test F1 Micro: 0.6078, Test RMSE: 1.3132

Epoch [12/20], Time: 5.18s, 
Train Loss: 0.1417, Train Acc: 0.9498, Train F1 Macro: 0.7699, Train F1 Micro: 0.7745, Train RMSE: 0.9664, 
Val Loss: 1.9819, Val Acc: 0.5760, Val F1 Macro: 0.5730, Val F1 Micro: 0.5887, Val RMSE: 1.3414, 
Test Loss: 1.8423, Test Acc: 0.6054, Test F1 Macro: 0.5941, Test F1 Micro: 0.6076, Test RMSE: 1.3180

Epoch [13/20], Time: 5.23s, 
Train Loss: 0.1161, Train Acc: 0.9579, Train F1 Macro: 0.7844, Train F1 Micro: 0.7886, Train RMSE: 0.9340, 
Val Loss: 2.1155, Val Acc: 0.5773, Val F1 Macro: 0.5722, Val F1 Micro: 0.5878, Val RMSE: 1.3376, 
Test Loss: 1.9294, Test Acc: 0.6067, Test F1 Macro: 0.5942, Test F1 Micro: 0.6075, Test RMSE: 1.3153

Epoch [14/20], Time: 5.18s, 
Train Loss: 0.1056, Train Acc: 0.9615, Train F1 Macro: 0.7971, Train F1 Micro: 0.8010, Train RMSE: 0.9048, 
Val Loss: 2.2079, Val Acc: 0.5725, Val F1 Macro: 0.5713, Val F1 Micro: 0.5867, Val RMSE: 1.3389, 
Test Loss: 1.9907, Test Acc: 0.6015, Test F1 Macro: 0.5939, Test F1 Micro: 0.6071, Test RMSE: 1.3160

Epoch [15/20], Time: 5.12s, 
Train Loss: 0.1015, Train Acc: 0.9659, Train F1 Macro: 0.8084, Train F1 Micro: 0.8120, Train RMSE: 0.8787, 
Val Loss: 2.3759, Val Acc: 0.5572, Val F1 Macro: 0.5696, Val F1 Micro: 0.5847, Val RMSE: 1.3393, 
Test Loss: 2.1050, Test Acc: 0.5989, Test F1 Macro: 0.5933, Test F1 Micro: 0.6065, Test RMSE: 1.3144

Epoch [16/20], Time: 5.05s, 
Train Loss: 0.0936, Train Acc: 0.9679, Train F1 Macro: 0.8184, Train F1 Micro: 0.8217, Train RMSE: 0.8543, 
Val Loss: 2.3960, Val Acc: 0.5686, Val F1 Macro: 0.5688, Val F1 Micro: 0.5837, Val RMSE: 1.3382, 
Test Loss: 2.1421, Test Acc: 0.6024, Test F1 Macro: 0.5930, Test F1 Micro: 0.6063, Test RMSE: 1.3123

Epoch [17/20], Time: 5.07s, 
Train Loss: 0.0816, Train Acc: 0.9735, Train F1 Macro: 0.8276, Train F1 Micro: 0.8307, Train RMSE: 0.8322, 
Val Loss: 2.5967, Val Acc: 0.5668, Val F1 Macro: 0.5677, Val F1 Micro: 0.5827, Val RMSE: 1.3390, 
Test Loss: 2.3306, Test Acc: 0.5954, Test F1 Macro: 0.5923, Test F1 Micro: 0.6056, Test RMSE: 1.3105

Epoch [18/20], Time: 6.00s, 
Train Loss: 0.0731, Train Acc: 0.9740, Train F1 Macro: 0.8358, Train F1 Micro: 0.8386, Train RMSE: 0.8117, 
Val Loss: 2.6215, Val Acc: 0.5677, Val F1 Macro: 0.5668, Val F1 Micro: 0.5819, Val RMSE: 1.3407, 
Test Loss: 2.3689, Test Acc: 0.6028, Test F1 Macro: 0.5921, Test F1 Micro: 0.6055, Test RMSE: 1.3116

Epoch [19/20], Time: 5.62s, 
Train Loss: 0.0758, Train Acc: 0.9731, Train F1 Macro: 0.8430, Train F1 Micro: 0.8457, Train RMSE: 0.7931, 
Val Loss: 2.8844, Val Acc: 0.5808, Val F1 Macro: 0.5665, Val F1 Micro: 0.5818, Val RMSE: 1.3407, 
Test Loss: 2.6500, Test Acc: 0.5984, Test F1 Macro: 0.5916, Test F1 Micro: 0.6051, Test RMSE: 1.3119

Epoch [20/20], Time: 5.49s, 
Train Loss: 0.0661, Train Acc: 0.9770, Train F1 Macro: 0.8497, Train F1 Micro: 0.8523, Train RMSE: 0.7755, 
Val Loss: 2.8276, Val Acc: 0.5677, Val F1 Macro: 0.5659, Val F1 Micro: 0.5811, Val RMSE: 1.3407, 
Test Loss: 2.5840, Test Acc: 0.5936, Test F1 Macro: 0.5912, Test F1 Micro: 0.6045, Test RMSE: 1.3114

Total Training Time: 103.84s

Test Loss: 0.9489, Test Acc: 0.6263, Test F1 Macro: 0.6139, Test F1 Micro: 0.6263, Test RMSE: 1.2845
===== SEED 7 =====
PyTorch Version : 2.11.0+cu128
cuda
2.2.date.pt
***** Best Result Updated at Epoch 1, Val Loss: 1.1413 *****
Epoch [1/20], Time: 8.05s, 
Train Loss: 1.3172, Train Acc: 0.4759, Train F1 Macro: 0.4448, Train F1 Micro: 0.4759, Train RMSE: 1.6097, 
Val Loss: 1.1413, Val Acc: 0.5512, Val F1 Macro: 0.5329, Val F1 Micro: 0.5512, Val RMSE: 1.6036, 
Test Loss: 1.0972, Test Acc: 0.5732, Test F1 Macro: 0.5525, Test F1 Micro: 0.5732, Test RMSE: 1.5275

***** Best Result Updated at Epoch 2, Val Loss: 1.0423 *****
Epoch [2/20], Time: 7.87s, 
Train Loss: 1.0875, Train Acc: 0.5802, Train F1 Macro: 0.5066, Train F1 Micro: 0.5280, Train RMSE: 1.5279, 
Val Loss: 1.0423, Val Acc: 0.5969, Val F1 Macro: 0.5569, Val F1 Micro: 0.5740, Val RMSE: 1.5115, 
Test Loss: 1.0040, Test Acc: 0.6015, Test F1 Macro: 0.5691, Test F1 Micro: 0.5873, Test RMSE: 1.4521

***** Best Result Updated at Epoch 3, Val Loss: 1.0174 *****
Epoch [3/20], Time: 7.77s, 
Train Loss: 0.9784, Train Acc: 0.6236, Train F1 Macro: 0.5430, Train F1 Micro: 0.5599, Train RMSE: 1.4587, 
Val Loss: 1.0174, Val Acc: 0.6091, Val F1 Macro: 0.5706, Val F1 Micro: 0.5857, Val RMSE: 1.4560, 
Test Loss: 0.9794, Test Acc: 0.6154, Test F1 Macro: 0.5802, Test F1 Micro: 0.5967, Test RMSE: 1.4131

***** Best Result Updated at Epoch 4, Val Loss: 1.0072 *****
Epoch [4/20], Time: 7.45s, 
Train Loss: 0.8694, Train Acc: 0.6711, Train F1 Macro: 0.5728, Train F1 Micro: 0.5877, Train RMSE: 1.3993, 
Val Loss: 1.0072, Val Acc: 0.6112, Val F1 Macro: 0.5768, Val F1 Micro: 0.5921, Val RMSE: 1.4186, 
Test Loss: 0.9687, Test Acc: 0.6163, Test F1 Macro: 0.5858, Test F1 Micro: 0.6016, Test RMSE: 1.3849

Epoch [5/20], Time: 7.62s, 
Train Loss: 0.7469, Train Acc: 0.7172, Train F1 Macro: 0.6009, Train F1 Micro: 0.6136, Train RMSE: 1.3380, 
Val Loss: 1.0754, Val Acc: 0.6091, Val F1 Macro: 0.5806, Val F1 Micro: 0.5955, Val RMSE: 1.4009, 
Test Loss: 1.0321, Test Acc: 0.6185, Test F1 Macro: 0.5900, Test F1 Micro: 0.6050, Test RMSE: 1.3750

Epoch [6/20], Time: 7.57s, 
Train Loss: 0.5979, Train Acc: 0.7759, Train F1 Macro: 0.6297, Train F1 Micro: 0.6406, Train RMSE: 1.2769, 
Val Loss: 1.1027, Val Acc: 0.6021, Val F1 Macro: 0.5837, Val F1 Micro: 0.5966, Val RMSE: 1.3985, 
Test Loss: 1.0573, Test Acc: 0.6124, Test F1 Macro: 0.5925, Test F1 Micro: 0.6062, Test RMSE: 1.3793

Epoch [7/20], Time: 7.89s, 
Train Loss: 0.4722, Train Acc: 0.8284, Train F1 Macro: 0.6580, Train F1 Micro: 0.6675, Train RMSE: 1.2214, 
Val Loss: 1.1980, Val Acc: 0.5912, Val F1 Macro: 0.5836, Val F1 Micro: 0.5958, Val RMSE: 1.3860, 
Test Loss: 1.1429, Test Acc: 0.6041, Test F1 Macro: 0.5924, Test F1 Micro: 0.6059, Test RMSE: 1.3677

Epoch [8/20], Time: 7.54s, 
Train Loss: 0.3487, Train Acc: 0.8745, Train F1 Macro: 0.6852, Train F1 Micro: 0.6933, Train RMSE: 1.1659, 
Val Loss: 1.3272, Val Acc: 0.6099, Val F1 Macro: 0.5855, Val F1 Micro: 0.5976, Val RMSE: 1.3757, 
Test Loss: 1.2767, Test Acc: 0.6124, Test F1 Macro: 0.5933, Test F1 Micro: 0.6067, Test RMSE: 1.3655

Epoch [9/20], Time: 8.22s, 
Train Loss: 0.2618, Train Acc: 0.9081, Train F1 Macro: 0.7101, Train F1 Micro: 0.7172, Train RMSE: 1.1152, 
Val Loss: 1.4714, Val Acc: 0.6051, Val F1 Macro: 0.5865, Val F1 Micro: 0.5984, Val RMSE: 1.3689, 
Test Loss: 1.4103, Test Acc: 0.6071, Test F1 Macro: 0.5937, Test F1 Micro: 0.6068, Test RMSE: 1.3628

Epoch [10/20], Time: 7.81s, 
Train Loss: 0.2154, Train Acc: 0.9238, Train F1 Macro: 0.7316, Train F1 Micro: 0.7379, Train RMSE: 1.0709, 
Val Loss: 1.5868, Val Acc: 0.5960, Val F1 Macro: 0.5861, Val F1 Micro: 0.5982, Val RMSE: 1.3647, 
Test Loss: 1.5243, Test Acc: 0.5993, Test F1 Macro: 0.5933, Test F1 Micro: 0.6060, Test RMSE: 1.3609

Epoch [11/20], Time: 7.79s, 
Train Loss: 0.1614, Train Acc: 0.9438, Train F1 Macro: 0.7510, Train F1 Micro: 0.7566, Train RMSE: 1.0299, 
Val Loss: 1.7033, Val Acc: 0.5873, Val F1 Macro: 0.5854, Val F1 Micro: 0.5972, Val RMSE: 1.3591, 
Test Loss: 1.6461, Test Acc: 0.5928, Test F1 Macro: 0.5922, Test F1 Micro: 0.6048, Test RMSE: 1.3567

Epoch [12/20], Time: 7.87s, 
Train Loss: 0.1376, Train Acc: 0.9541, Train F1 Macro: 0.7680, Train F1 Micro: 0.7730, Train RMSE: 0.9924, 
Val Loss: 1.8880, Val Acc: 0.5864, Val F1 Macro: 0.5845, Val F1 Micro: 0.5963, Val RMSE: 1.3617, 
Test Loss: 1.8169, Test Acc: 0.6045, Test F1 Macro: 0.5922, Test F1 Micro: 0.6048, Test RMSE: 1.3585

Epoch [13/20], Time: 7.45s, 
Train Loss: 0.1416, Train Acc: 0.9499, Train F1 Macro: 0.7821, Train F1 Micro: 0.7867, Train RMSE: 0.9603, 
Val Loss: 1.8980, Val Acc: 0.5812, Val F1 Macro: 0.5833, Val F1 Micro: 0.5951, Val RMSE: 1.3585, 
Test Loss: 1.8162, Test Acc: 0.6019, Test F1 Macro: 0.5920, Test F1 Micro: 0.6046, Test RMSE: 1.3559

Epoch [14/20], Time: 7.68s, 
Train Loss: 0.1144, Train Acc: 0.9624, Train F1 Macro: 0.7950, Train F1 Micro: 0.7992, Train RMSE: 0.9309, 
Val Loss: 1.9518, Val Acc: 0.5855, Val F1 Macro: 0.5828, Val F1 Micro: 0.5944, Val RMSE: 1.3547, 
Test Loss: 1.8825, Test Acc: 0.5932, Test F1 Macro: 0.5914, Test F1 Micro: 0.6038, Test RMSE: 1.3538

Epoch [15/20], Time: 7.77s, 
Train Loss: 0.1196, Train Acc: 0.9592, Train F1 Macro: 0.8060, Train F1 Micro: 0.8099, Train RMSE: 0.9058, 
Val Loss: 2.0805, Val Acc: 0.5973, Val F1 Macro: 0.5830, Val F1 Micro: 0.5946, Val RMSE: 1.3509, 
Test Loss: 2.0094, Test Acc: 0.6010, Test F1 Macro: 0.5913, Test F1 Micro: 0.6036, Test RMSE: 1.3533

Epoch [16/20], Time: 7.51s, 
Train Loss: 0.1066, Train Acc: 0.9628, Train F1 Macro: 0.8158, Train F1 Micro: 0.8194, Train RMSE: 0.8821, 
Val Loss: 2.2429, Val Acc: 0.5751, Val F1 Macro: 0.5817, Val F1 Micro: 0.5934, Val RMSE: 1.3488, 
Test Loss: 2.1345, Test Acc: 0.5928, Test F1 Macro: 0.5905, Test F1 Micro: 0.6029, Test RMSE: 1.3520

Epoch [17/20], Time: 7.42s, 
Train Loss: 0.0785, Train Acc: 0.9732, Train F1 Macro: 0.8251, Train F1 Micro: 0.8285, Train RMSE: 0.8590, 
Val Loss: 2.2683, Val Acc: 0.5855, Val F1 Macro: 0.5815, Val F1 Micro: 0.5929, Val RMSE: 1.3482, 
Test Loss: 2.1892, Test Acc: 0.5984, Test F1 Macro: 0.5905, Test F1 Micro: 0.6026, Test RMSE: 1.3516

Epoch [18/20], Time: 7.82s, 
Train Loss: 0.0770, Train Acc: 0.9737, Train F1 Macro: 0.8333, Train F1 Micro: 0.8365, Train RMSE: 0.8378, 
Val Loss: 2.4015, Val Acc: 0.5990, Val F1 Macro: 0.5818, Val F1 Micro: 0.5933, Val RMSE: 1.3498, 
Test Loss: 2.3298, Test Acc: 0.6041, Test F1 Macro: 0.5906, Test F1 Micro: 0.6027, Test RMSE: 1.3524

Epoch [19/20], Time: 8.27s, 
Train Loss: 0.0717, Train Acc: 0.9748, Train F1 Macro: 0.8408, Train F1 Micro: 0.8438, Train RMSE: 0.8184, 
Val Loss: 2.4680, Val Acc: 0.5912, Val F1 Macro: 0.5816, Val F1 Micro: 0.5932, Val RMSE: 1.3497, 
Test Loss: 2.3705, Test Acc: 0.5967, Test F1 Macro: 0.5902, Test F1 Micro: 0.6024, Test RMSE: 1.3527

Epoch [20/20], Time: 9.03s, 
Train Loss: 0.0596, Train Acc: 0.9789, Train F1 Macro: 0.8478, Train F1 Micro: 0.8506, Train RMSE: 0.8003, 
Val Loss: 2.6030, Val Acc: 0.5847, Val F1 Macro: 0.5813, Val F1 Micro: 0.5928, Val RMSE: 1.3497, 
Test Loss: 2.4592, Test Acc: 0.6019, Test F1 Macro: 0.5903, Test F1 Micro: 0.6024, Test RMSE: 1.3514

Total Training Time: 156.41s

Test Loss: 0.9687, Test Acc: 0.6163, Test F1 Macro: 0.6014, Test F1 Micro: 0.6163, Test RMSE: 1.2966
===== SEED 13 =====
PyTorch Version : 2.11.0+cu128
cuda
2.2.date.pt
***** Best Result Updated at Epoch 1, Val Loss: 1.1664 *****
Epoch [1/20], Time: 8.12s, 
Train Loss: 1.3143, Train Acc: 0.4751, Train F1 Macro: 0.4488, Train F1 Micro: 0.4751, Train RMSE: 1.5782, 
Val Loss: 1.1664, Val Acc: 0.5472, Val F1 Macro: 0.5163, Val F1 Micro: 0.5472, Val RMSE: 1.6285, 
Test Loss: 1.1373, Test Acc: 0.5588, Test F1 Macro: 0.5278, Test F1 Micro: 0.5588, Test RMSE: 1.6269

***** Best Result Updated at Epoch 2, Val Loss: 1.0399 *****
Epoch [2/20], Time: 7.66s, 
Train Loss: 1.0825, Train Acc: 0.5824, Train F1 Macro: 0.5101, Train F1 Micro: 0.5288, Train RMSE: 1.4922, 
Val Loss: 1.0399, Val Acc: 0.6003, Val F1 Macro: 0.5575, Val F1 Micro: 0.5738, Val RMSE: 1.5034, 
Test Loss: 1.0049, Test Acc: 0.6098, Test F1 Macro: 0.5684, Test F1 Micro: 0.5843, Test RMSE: 1.4930

***** Best Result Updated at Epoch 3, Val Loss: 1.0110 *****
Epoch [3/20], Time: 7.32s, 
Train Loss: 0.9819, Train Acc: 0.6225, Train F1 Macro: 0.5442, Train F1 Micro: 0.5600, Train RMSE: 1.4299, 
Val Loss: 1.0110, Val Acc: 0.5995, Val F1 Macro: 0.5669, Val F1 Micro: 0.5824, Val RMSE: 1.4659, 
Test Loss: 0.9816, Test Acc: 0.6124, Test F1 Macro: 0.5776, Test F1 Micro: 0.5936, Test RMSE: 1.4451

***** Best Result Updated at Epoch 4, Val Loss: 1.0006 *****
Epoch [4/20], Time: 7.14s, 
Train Loss: 0.8845, Train Acc: 0.6605, Train F1 Macro: 0.5712, Train F1 Micro: 0.5851, Train RMSE: 1.3752, 
Val Loss: 1.0006, Val Acc: 0.6069, Val F1 Macro: 0.5740, Val F1 Micro: 0.5885, Val RMSE: 1.4179, 
Test Loss: 0.9711, Test Acc: 0.6215, Test F1 Macro: 0.5846, Test F1 Micro: 0.6006, Test RMSE: 1.4003

Epoch [5/20], Time: 7.46s, 
Train Loss: 0.7688, Train Acc: 0.7080, Train F1 Macro: 0.5972, Train F1 Micro: 0.6097, Train RMSE: 1.3202, 
Val Loss: 1.0137, Val Acc: 0.6121, Val F1 Macro: 0.5781, Val F1 Micro: 0.5932, Val RMSE: 1.3961, 
Test Loss: 0.9890, Test Acc: 0.6180, Test F1 Macro: 0.5878, Test F1 Micro: 0.6041, Test RMSE: 1.3759

Epoch [6/20], Time: 7.74s, 
Train Loss: 0.6283, Train Acc: 0.7645, Train F1 Macro: 0.6242, Train F1 Micro: 0.6355, Train RMSE: 1.2626, 
Val Loss: 1.0566, Val Acc: 0.6095, Val F1 Macro: 0.5820, Val F1 Micro: 0.5959, Val RMSE: 1.3813, 
Test Loss: 1.0114, Test Acc: 0.6272, Test F1 Macro: 0.5925, Test F1 Micro: 0.6079, Test RMSE: 1.3566

Epoch [7/20], Time: 8.06s, 
Train Loss: 0.4934, Train Acc: 0.8151, Train F1 Macro: 0.6512, Train F1 Micro: 0.6612, Train RMSE: 1.2084, 
Val Loss: 1.1374, Val Acc: 0.5973, Val F1 Macro: 0.5829, Val F1 Micro: 0.5961, Val RMSE: 1.3688, 
Test Loss: 1.1021, Test Acc: 0.6089, Test F1 Macro: 0.5925, Test F1 Micro: 0.6081, Test RMSE: 1.3443

Epoch [8/20], Time: 7.26s, 
Train Loss: 0.3631, Train Acc: 0.8687, Train F1 Macro: 0.6783, Train F1 Micro: 0.6871, Train RMSE: 1.1536, 
Val Loss: 1.3394, Val Acc: 0.6017, Val F1 Macro: 0.5836, Val F1 Micro: 0.5968, Val RMSE: 1.3687, 
Test Loss: 1.2890, Test Acc: 0.6211, Test F1 Macro: 0.5942, Test F1 Micro: 0.6097, Test RMSE: 1.3427

Epoch [9/20], Time: 7.60s, 
Train Loss: 0.2774, Train Acc: 0.9009, Train F1 Macro: 0.7031, Train F1 Micro: 0.7109, Train RMSE: 1.1026, 
Val Loss: 1.4354, Val Acc: 0.6030, Val F1 Macro: 0.5846, Val F1 Micro: 0.5975, Val RMSE: 1.3640, 
Test Loss: 1.3399, Test Acc: 0.6250, Test F1 Macro: 0.5962, Test F1 Micro: 0.6114, Test RMSE: 1.3351

Epoch [10/20], Time: 7.72s, 
Train Loss: 0.2030, Train Acc: 0.9305, Train F1 Macro: 0.7260, Train F1 Micro: 0.7328, Train RMSE: 1.0571, 
Val Loss: 1.5393, Val Acc: 0.5938, Val F1 Macro: 0.5843, Val F1 Micro: 0.5971, Val RMSE: 1.3634, 
Test Loss: 1.4527, Test Acc: 0.6163, Test F1 Macro: 0.5968, Test F1 Micro: 0.6119, Test RMSE: 1.3332

Epoch [11/20], Time: 7.82s, 
Train Loss: 0.1698, Train Acc: 0.9407, Train F1 Macro: 0.7456, Train F1 Micro: 0.7517, Train RMSE: 1.0169, 
Val Loss: 1.6856, Val Acc: 0.5951, Val F1 Macro: 0.5845, Val F1 Micro: 0.5969, Val RMSE: 1.3578, 
Test Loss: 1.5614, Test Acc: 0.6102, Test F1 Macro: 0.5970, Test F1 Micro: 0.6117, Test RMSE: 1.3282

Epoch [12/20], Time: 8.02s, 
Train Loss: 0.1463, Train Acc: 0.9494, Train F1 Macro: 0.7627, Train F1 Micro: 0.7682, Train RMSE: 0.9807, 
Val Loss: 1.9074, Val Acc: 0.5947, Val F1 Macro: 0.5843, Val F1 Micro: 0.5968, Val RMSE: 1.3614, 
Test Loss: 1.7713, Test Acc: 0.6206, Test F1 Macro: 0.5978, Test F1 Micro: 0.6125, Test RMSE: 1.3267

Epoch [13/20], Time: 8.43s, 
Train Loss: 0.1191, Train Acc: 0.9579, Train F1 Macro: 0.7778, Train F1 Micro: 0.7828, Train RMSE: 0.9485, 
Val Loss: 1.9593, Val Acc: 0.5847, Val F1 Macro: 0.5835, Val F1 Micro: 0.5958, Val RMSE: 1.3566, 
Test Loss: 1.8263, Test Acc: 0.6024, Test F1 Macro: 0.5970, Test F1 Micro: 0.6117, Test RMSE: 1.3226

Epoch [14/20], Time: 7.85s, 
Train Loss: 0.0963, Train Acc: 0.9672, Train F1 Macro: 0.7914, Train F1 Micro: 0.7960, Train RMSE: 0.9183, 
Val Loss: 2.0707, Val Acc: 0.5960, Val F1 Macro: 0.5837, Val F1 Micro: 0.5958, Val RMSE: 1.3549, 
Test Loss: 1.9115, Test Acc: 0.6115, Test F1 Macro: 0.5970, Test F1 Micro: 0.6117, Test RMSE: 1.3206

Epoch [15/20], Time: 8.05s, 
Train Loss: 0.0938, Train Acc: 0.9679, Train F1 Macro: 0.8032, Train F1 Micro: 0.8074, Train RMSE: 0.8915, 
Val Loss: 2.2484, Val Acc: 0.5790, Val F1 Macro: 0.5826, Val F1 Micro: 0.5947, Val RMSE: 1.3526, 
Test Loss: 2.0886, Test Acc: 0.6002, Test F1 Macro: 0.5964, Test F1 Micro: 0.6109, Test RMSE: 1.3192

Epoch [16/20], Time: 7.62s, 
Train Loss: 0.0948, Train Acc: 0.9682, Train F1 Macro: 0.8136, Train F1 Micro: 0.8175, Train RMSE: 0.8676, 
Val Loss: 2.2346, Val Acc: 0.5877, Val F1 Macro: 0.5823, Val F1 Micro: 0.5943, Val RMSE: 1.3522, 
Test Loss: 2.0683, Test Acc: 0.6115, Test F1 Macro: 0.5965, Test F1 Micro: 0.6110, Test RMSE: 1.3188

Epoch [17/20], Time: 7.68s, 
Train Loss: 0.0959, Train Acc: 0.9681, Train F1 Macro: 0.8227, Train F1 Micro: 0.8263, Train RMSE: 0.8458, 
Val Loss: 2.3720, Val Acc: 0.5943, Val F1 Macro: 0.5823, Val F1 Micro: 0.5943, Val RMSE: 1.3514, 
Test Loss: 2.1732, Test Acc: 0.6132, Test F1 Macro: 0.5966, Test F1 Micro: 0.6111, Test RMSE: 1.3193

Epoch [18/20], Time: 7.92s, 
Train Loss: 0.0805, Train Acc: 0.9726, Train F1 Macro: 0.8310, Train F1 Micro: 0.8345, Train RMSE: 0.8252, 
Val Loss: 2.4078, Val Acc: 0.5738, Val F1 Macro: 0.5813, Val F1 Micro: 0.5931, Val RMSE: 1.3497, 
Test Loss: 2.1924, Test Acc: 0.6037, Test F1 Macro: 0.5964, Test F1 Micro: 0.6107, Test RMSE: 1.3174

Epoch [19/20], Time: 8.05s, 
Train Loss: 0.0723, Train Acc: 0.9762, Train F1 Macro: 0.8387, Train F1 Micro: 0.8419, Train RMSE: 0.8062, 
Val Loss: 2.5068, Val Acc: 0.5855, Val F1 Macro: 0.5809, Val F1 Micro: 0.5927, Val RMSE: 1.3508, 
Test Loss: 2.2965, Test Acc: 0.6137, Test F1 Macro: 0.5965, Test F1 Micro: 0.6108, Test RMSE: 1.3193

Epoch [20/20], Time: 7.94s, 
Train Loss: 0.0669, Train Acc: 0.9781, Train F1 Macro: 0.8457, Train F1 Micro: 0.8487, Train RMSE: 0.7884, 
Val Loss: 2.5142, Val Acc: 0.5886, Val F1 Macro: 0.5809, Val F1 Micro: 0.5925, Val RMSE: 1.3506, 
Test Loss: 2.2753, Test Acc: 0.6089, Test F1 Macro: 0.5966, Test F1 Micro: 0.6107, Test RMSE: 1.3194

Total Training Time: 155.48s

Test Loss: 0.9711, Test Acc: 0.6215, Test F1 Macro: 0.6063, Test F1 Micro: 0.6215, Test RMSE: 1.2563
===== SEED 77 =====
PyTorch Version : 2.11.0+cu128
cuda
2.2.date.pt
***** Best Result Updated at Epoch 1, Val Loss: 1.1249 *****
Epoch [1/20], Time: 7.91s, 
Train Loss: 1.3147, Train Acc: 0.4780, Train F1 Macro: 0.4550, Train F1 Micro: 0.4780, Train RMSE: 1.6106, 
Val Loss: 1.1249, Val Acc: 0.5581, Val F1 Macro: 0.5507, Val F1 Micro: 0.5581, Val RMSE: 1.4520, 
Test Loss: 1.0724, Test Acc: 0.5814, Test F1 Macro: 0.5727, Test F1 Micro: 0.5814, Test RMSE: 1.3761

***** Best Result Updated at Epoch 2, Val Loss: 1.0424 *****
Epoch [2/20], Time: 7.34s, 
Train Loss: 1.0880, Train Acc: 0.5795, Train F1 Macro: 0.5111, Train F1 Micro: 0.5287, Train RMSE: 1.5194, 
Val Loss: 1.0424, Val Acc: 0.5995, Val F1 Macro: 0.5665, Val F1 Micro: 0.5788, Val RMSE: 1.4116, 
Test Loss: 0.9905, Test Acc: 0.6119, Test F1 Macro: 0.5841, Test F1 Micro: 0.5967, Test RMSE: 1.3525

***** Best Result Updated at Epoch 3, Val Loss: 1.0223 *****
Epoch [3/20], Time: 7.18s, 
Train Loss: 0.9807, Train Acc: 0.6222, Train F1 Macro: 0.5447, Train F1 Micro: 0.5599, Train RMSE: 1.4547, 
Val Loss: 1.0223, Val Acc: 0.5999, Val F1 Macro: 0.5716, Val F1 Micro: 0.5858, Val RMSE: 1.4130, 
Test Loss: 0.9723, Test Acc: 0.6132, Test F1 Macro: 0.5885, Test F1 Micro: 0.6022, Test RMSE: 1.3656

Epoch [4/20], Time: 7.16s, 
Train Loss: 0.8788, Train Acc: 0.6630, Train F1 Macro: 0.5720, Train F1 Micro: 0.5857, Train RMSE: 1.3974, 
Val Loss: 1.0345, Val Acc: 0.5903, Val F1 Macro: 0.5726, Val F1 Micro: 0.5870, Val RMSE: 1.4137, 
Test Loss: 0.9984, Test Acc: 0.6041, Test F1 Macro: 0.5879, Test F1 Micro: 0.6027, Test RMSE: 1.3660

Epoch [5/20], Time: 7.34s, 
Train Loss: 0.7521, Train Acc: 0.7150, Train F1 Macro: 0.5996, Train F1 Micro: 0.6116, Train RMSE: 1.3371, 
Val Loss: 1.0407, Val Acc: 0.6034, Val F1 Macro: 0.5767, Val F1 Micro: 0.5902, Val RMSE: 1.3929, 
Test Loss: 1.0046, Test Acc: 0.6137, Test F1 Macro: 0.5906, Test F1 Micro: 0.6049, Test RMSE: 1.3563

Epoch [6/20], Time: 7.48s, 
Train Loss: 0.6131, Train Acc: 0.7690, Train F1 Macro: 0.6272, Train F1 Micro: 0.6378, Train RMSE: 1.2786, 
Val Loss: 1.1100, Val Acc: 0.6030, Val F1 Macro: 0.5802, Val F1 Micro: 0.5924, Val RMSE: 1.3938, 
Test Loss: 1.0554, Test Acc: 0.6084, Test F1 Macro: 0.5915, Test F1 Micro: 0.6055, Test RMSE: 1.3515

Epoch [7/20], Time: 7.70s, 
Train Loss: 0.4834, Train Acc: 0.8216, Train F1 Macro: 0.6547, Train F1 Micro: 0.6640, Train RMSE: 1.2207, 
Val Loss: 1.2124, Val Acc: 0.6095, Val F1 Macro: 0.5827, Val F1 Micro: 0.5948, Val RMSE: 1.3832, 
Test Loss: 1.1492, Test Acc: 0.6224, Test F1 Macro: 0.5940, Test F1 Micro: 0.6079, Test RMSE: 1.3446

Epoch [8/20], Time: 7.32s, 
Train Loss: 0.3573, Train Acc: 0.8707, Train F1 Macro: 0.6816, Train F1 Micro: 0.6899, Train RMSE: 1.1654, 
Val Loss: 1.3386, Val Acc: 0.6043, Val F1 Macro: 0.5843, Val F1 Micro: 0.5960, Val RMSE: 1.3789, 
Test Loss: 1.2710, Test Acc: 0.6141, Test F1 Macro: 0.5949, Test F1 Micro: 0.6087, Test RMSE: 1.3431

Epoch [9/20], Time: 7.40s, 
Train Loss: 0.2657, Train Acc: 0.9064, Train F1 Macro: 0.7066, Train F1 Micro: 0.7139, Train RMSE: 1.1143, 
Val Loss: 1.4230, Val Acc: 0.5899, Val F1 Macro: 0.5843, Val F1 Micro: 0.5953, Val RMSE: 1.3746, 
Test Loss: 1.3478, Test Acc: 0.6071, Test F1 Macro: 0.5951, Test F1 Micro: 0.6085, Test RMSE: 1.3436

Epoch [10/20], Time: 8.02s, 
Train Loss: 0.2077, Train Acc: 0.9254, Train F1 Macro: 0.7286, Train F1 Micro: 0.7351, Train RMSE: 1.0688, 
Val Loss: 1.5430, Val Acc: 0.5916, Val F1 Macro: 0.5845, Val F1 Micro: 0.5949, Val RMSE: 1.3656, 
Test Loss: 1.4810, Test Acc: 0.5976, Test F1 Macro: 0.5946, Test F1 Micro: 0.6074, Test RMSE: 1.3383

Epoch [11/20], Time: 7.84s, 
Train Loss: 0.1647, Train Acc: 0.9429, Train F1 Macro: 0.7482, Train F1 Micro: 0.7540, Train RMSE: 1.0273, 
Val Loss: 1.7217, Val Acc: 0.5973, Val F1 Macro: 0.5846, Val F1 Micro: 0.5952, Val RMSE: 1.3606, 
Test Loss: 1.6397, Test Acc: 0.5984, Test F1 Macro: 0.5939, Test F1 Micro: 0.6066, Test RMSE: 1.3354

Epoch [12/20], Time: 7.30s, 
Train Loss: 0.1435, Train Acc: 0.9494, Train F1 Macro: 0.7650, Train F1 Micro: 0.7703, Train RMSE: 0.9911, 
Val Loss: 1.8951, Val Acc: 0.5956, Val F1 Macro: 0.5846, Val F1 Micro: 0.5952, Val RMSE: 1.3612, 
Test Loss: 1.7958, Test Acc: 0.6080, Test F1 Macro: 0.5938, Test F1 Micro: 0.6067, Test RMSE: 1.3366

Epoch [13/20], Time: 6.92s, 
Train Loss: 0.1291, Train Acc: 0.9558, Train F1 Macro: 0.7798, Train F1 Micro: 0.7845, Train RMSE: 0.9586, 
Val Loss: 1.9266, Val Acc: 0.5786, Val F1 Macro: 0.5835, Val F1 Micro: 0.5939, Val RMSE: 1.3557, 
Test Loss: 1.8470, Test Acc: 0.5875, Test F1 Macro: 0.5924, Test F1 Micro: 0.6052, Test RMSE: 1.3357

Epoch [14/20], Time: 6.86s, 
Train Loss: 0.1067, Train Acc: 0.9628, Train F1 Macro: 0.7929, Train F1 Micro: 0.7973, Train RMSE: 0.9288, 
Val Loss: 1.9816, Val Acc: 0.5912, Val F1 Macro: 0.5836, Val F1 Micro: 0.5937, Val RMSE: 1.3532, 
Test Loss: 1.8909, Test Acc: 0.5976, Test F1 Macro: 0.5920, Test F1 Micro: 0.6047, Test RMSE: 1.3358

Epoch [15/20], Time: 6.88s, 
Train Loss: 0.0913, Train Acc: 0.9690, Train F1 Macro: 0.8047, Train F1 Micro: 0.8087, Train RMSE: 0.9012, 
Val Loss: 2.2251, Val Acc: 0.5882, Val F1 Macro: 0.5833, Val F1 Micro: 0.5934, Val RMSE: 1.3537, 
Test Loss: 2.1107, Test Acc: 0.6063, Test F1 Macro: 0.5922, Test F1 Micro: 0.6048, Test RMSE: 1.3380

Epoch [16/20], Time: 6.89s, 
Train Loss: 0.0905, Train Acc: 0.9680, Train F1 Macro: 0.8149, Train F1 Micro: 0.8187, Train RMSE: 0.8769, 
Val Loss: 2.3201, Val Acc: 0.5812, Val F1 Macro: 0.5824, Val F1 Micro: 0.5926, Val RMSE: 1.3519, 
Test Loss: 2.2255, Test Acc: 0.5871, Test F1 Macro: 0.5908, Test F1 Micro: 0.6037, Test RMSE: 1.3378

Epoch [17/20], Time: 7.06s, 
Train Loss: 0.0792, Train Acc: 0.9729, Train F1 Macro: 0.8243, Train F1 Micro: 0.8277, Train RMSE: 0.8540, 
Val Loss: 2.4021, Val Acc: 0.5877, Val F1 Macro: 0.5821, Val F1 Micro: 0.5923, Val RMSE: 1.3522, 
Test Loss: 2.2927, Test Acc: 0.5949, Test F1 Macro: 0.5903, Test F1 Micro: 0.6032, Test RMSE: 1.3387

Epoch [18/20], Time: 7.30s, 
Train Loss: 0.0763, Train Acc: 0.9733, Train F1 Macro: 0.8326, Train F1 Micro: 0.8358, Train RMSE: 0.8336, 
Val Loss: 2.5280, Val Acc: 0.5795, Val F1 Macro: 0.5817, Val F1 Micro: 0.5916, Val RMSE: 1.3553, 
Test Loss: 2.3863, Test Acc: 0.5897, Test F1 Macro: 0.5897, Test F1 Micro: 0.6024, Test RMSE: 1.3414

Epoch [19/20], Time: 6.97s, 
Train Loss: 0.0755, Train Acc: 0.9740, Train F1 Macro: 0.8400, Train F1 Micro: 0.8431, Train RMSE: 0.8143, 
Val Loss: 2.5559, Val Acc: 0.5825, Val F1 Macro: 0.5814, Val F1 Micro: 0.5911, Val RMSE: 1.3548, 
Test Loss: 2.4365, Test Acc: 0.5954, Test F1 Macro: 0.5893, Test F1 Micro: 0.6021, Test RMSE: 1.3423

Epoch [20/20], Time: 7.08s, 
Train Loss: 0.0687, Train Acc: 0.9759, Train F1 Macro: 0.8468, Train F1 Micro: 0.8497, Train RMSE: 0.7964, 
Val Loss: 2.6400, Val Acc: 0.5851, Val F1 Macro: 0.5810, Val F1 Micro: 0.5908, Val RMSE: 1.3547, 
Test Loss: 2.4848, Test Acc: 0.5958, Test F1 Macro: 0.5889, Test F1 Micro: 0.6017, Test RMSE: 1.3413

Total Training Time: 145.96s

Test Loss: 0.9723, Test Acc: 0.6132, Test F1 Macro: 0.6002, Test F1 Micro: 0.6132, Test RMSE: 1.3914
===== SEED 123 =====
PyTorch Version : 2.11.0+cu128
cuda
2.2.date.pt
***** Best Result Updated at Epoch 1, Val Loss: 1.0709 *****
Epoch [1/20], Time: 8.37s, 
Train Loss: 1.2975, Train Acc: 0.4866, Train F1 Macro: 0.4618, Train F1 Micro: 0.4866, Train RMSE: 1.6066, 
Val Loss: 1.0709, Val Acc: 0.5781, Val F1 Macro: 0.5616, Val F1 Micro: 0.5781, Val RMSE: 1.4231, 
Test Loss: 1.0260, Test Acc: 0.5915, Test F1 Macro: 0.5745, Test F1 Micro: 0.5915, Test RMSE: 1.3862

***** Best Result Updated at Epoch 2, Val Loss: 1.0084 *****
Epoch [2/20], Time: 7.76s, 
Train Loss: 1.0676, Train Acc: 0.5892, Train F1 Macro: 0.5195, Train F1 Micro: 0.5379, Train RMSE: 1.5065, 
Val Loss: 1.0084, Val Acc: 0.6108, Val F1 Macro: 0.5795, Val F1 Micro: 0.5945, Val RMSE: 1.3761, 
Test Loss: 0.9703, Test Acc: 0.6193, Test F1 Macro: 0.5910, Test F1 Micro: 0.6054, Test RMSE: 1.3504

***** Best Result Updated at Epoch 3, Val Loss: 0.9945 *****
Epoch [3/20], Time: 7.62s, 
Train Loss: 0.9683, Train Acc: 0.6300, Train F1 Macro: 0.5530, Train F1 Micro: 0.5686, Train RMSE: 1.4371, 
Val Loss: 0.9945, Val Acc: 0.6186, Val F1 Macro: 0.5858, Val F1 Micro: 0.6025, Val RMSE: 1.3700, 
Test Loss: 0.9666, Test Acc: 0.6233, Test F1 Macro: 0.5971, Test F1 Micro: 0.6114, Test RMSE: 1.3444

Epoch [4/20], Time: 7.80s, 
Train Loss: 0.8469, Train Acc: 0.6791, Train F1 Macro: 0.5828, Train F1 Micro: 0.5962, Train RMSE: 1.3734, 
Val Loss: 1.0258, Val Acc: 0.5973, Val F1 Macro: 0.5865, Val F1 Micro: 0.6012, Val RMSE: 1.3784, 
Test Loss: 0.9853, Test Acc: 0.6154, Test F1 Macro: 0.5980, Test F1 Micro: 0.6124, Test RMSE: 1.3523

Epoch [5/20], Time: 7.81s, 
Train Loss: 0.7361, Train Acc: 0.7184, Train F1 Macro: 0.6091, Train F1 Micro: 0.6207, Train RMSE: 1.3168, 
Val Loss: 1.0286, Val Acc: 0.6030, Val F1 Macro: 0.5865, Val F1 Micro: 0.6016, Val RMSE: 1.3669, 
Test Loss: 0.9963, Test Acc: 0.6220, Test F1 Macro: 0.5994, Test F1 Micro: 0.6143, Test RMSE: 1.3429

Epoch [6/20], Time: 7.98s, 
Train Loss: 0.5888, Train Acc: 0.7813, Train F1 Macro: 0.6376, Train F1 Micro: 0.6474, Train RMSE: 1.2568, 
Val Loss: 1.0845, Val Acc: 0.5929, Val F1 Macro: 0.5857, Val F1 Micro: 0.6001, Val RMSE: 1.3482, 
Test Loss: 1.0435, Test Acc: 0.6159, Test F1 Macro: 0.6003, Test F1 Micro: 0.6145, Test RMSE: 1.3286

Epoch [7/20], Time: 7.97s, 
Train Loss: 0.4496, Train Acc: 0.8361, Train F1 Macro: 0.6660, Train F1 Micro: 0.6744, Train RMSE: 1.1974, 
Val Loss: 1.1688, Val Acc: 0.6025, Val F1 Macro: 0.5868, Val F1 Micro: 0.6005, Val RMSE: 1.3391, 
Test Loss: 1.1026, Test Acc: 0.6259, Test F1 Macro: 0.6025, Test F1 Micro: 0.6162, Test RMSE: 1.3218

Epoch [8/20], Time: 7.73s, 
Train Loss: 0.3282, Train Acc: 0.8819, Train F1 Macro: 0.6930, Train F1 Micro: 0.7003, Train RMSE: 1.1421, 
Val Loss: 1.3174, Val Acc: 0.6095, Val F1 Macro: 0.5874, Val F1 Micro: 0.6016, Val RMSE: 1.3311, 
Test Loss: 1.2615, Test Acc: 0.6176, Test F1 Macro: 0.6025, Test F1 Micro: 0.6163, Test RMSE: 1.3248

Epoch [9/20], Time: 7.85s, 
Train Loss: 0.2496, Train Acc: 0.9085, Train F1 Macro: 0.7171, Train F1 Micro: 0.7235, Train RMSE: 1.0923, 
Val Loss: 1.4458, Val Acc: 0.5916, Val F1 Macro: 0.5865, Val F1 Micro: 0.6005, Val RMSE: 1.3330, 
Test Loss: 1.3644, Test Acc: 0.6137, Test F1 Macro: 0.6023, Test F1 Micro: 0.6160, Test RMSE: 1.3271

Epoch [10/20], Time: 8.09s, 
Train Loss: 0.1861, Train Acc: 0.9353, Train F1 Macro: 0.7391, Train F1 Micro: 0.7446, Train RMSE: 1.0466, 
Val Loss: 1.7153, Val Acc: 0.5921, Val F1 Macro: 0.5859, Val F1 Micro: 0.5997, Val RMSE: 1.3350, 
Test Loss: 1.5828, Test Acc: 0.6220, Test F1 Macro: 0.6033, Test F1 Micro: 0.6166, Test RMSE: 1.3258

Epoch [11/20], Time: 6.98s, 
Train Loss: 0.1583, Train Acc: 0.9451, Train F1 Macro: 0.7580, Train F1 Micro: 0.7629, Train RMSE: 1.0065, 
Val Loss: 1.7997, Val Acc: 0.5864, Val F1 Macro: 0.5845, Val F1 Micro: 0.5984, Val RMSE: 1.3312, 
Test Loss: 1.6750, Test Acc: 0.6098, Test F1 Macro: 0.6024, Test F1 Micro: 0.6160, Test RMSE: 1.3233

Epoch [12/20], Time: 7.20s, 
Train Loss: 0.1321, Train Acc: 0.9535, Train F1 Macro: 0.7744, Train F1 Micro: 0.7787, Train RMSE: 0.9699, 
Val Loss: 1.9285, Val Acc: 0.5943, Val F1 Macro: 0.5839, Val F1 Micro: 0.5981, Val RMSE: 1.3317, 
Test Loss: 1.8551, Test Acc: 0.6080, Test F1 Macro: 0.6018, Test F1 Micro: 0.6153, Test RMSE: 1.3258

Epoch [13/20], Time: 6.99s, 
Train Loss: 0.1092, Train Acc: 0.9607, Train F1 Macro: 0.7888, Train F1 Micro: 0.7927, Train RMSE: 0.9373, 
Val Loss: 2.1643, Val Acc: 0.5873, Val F1 Macro: 0.5830, Val F1 Micro: 0.5973, Val RMSE: 1.3356, 
Test Loss: 1.9948, Test Acc: 0.6228, Test F1 Macro: 0.6026, Test F1 Micro: 0.6159, Test RMSE: 1.3255

Epoch [14/20], Time: 6.96s, 
Train Loss: 0.1022, Train Acc: 0.9662, Train F1 Macro: 0.8015, Train F1 Micro: 0.8051, Train RMSE: 0.9084, 
Val Loss: 2.1142, Val Acc: 0.5869, Val F1 Macro: 0.5823, Val F1 Micro: 0.5965, Val RMSE: 1.3368, 
Test Loss: 1.9401, Test Acc: 0.6054, Test F1 Macro: 0.6019, Test F1 Micro: 0.6152, Test RMSE: 1.3276

Epoch [15/20], Time: 7.01s, 
Train Loss: 0.0954, Train Acc: 0.9680, Train F1 Macro: 0.8127, Train F1 Micro: 0.8160, Train RMSE: 0.8822, 
Val Loss: 2.2063, Val Acc: 0.5838, Val F1 Macro: 0.5815, Val F1 Micro: 0.5957, Val RMSE: 1.3375, 
Test Loss: 2.0402, Test Acc: 0.6145, Test F1 Macro: 0.6020, Test F1 Micro: 0.6151, Test RMSE: 1.3271

Epoch [16/20], Time: 7.06s, 
Train Loss: 0.0933, Train Acc: 0.9681, Train F1 Macro: 0.8224, Train F1 Micro: 0.8255, Train RMSE: 0.8586, 
Val Loss: 2.3217, Val Acc: 0.5625, Val F1 Macro: 0.5797, Val F1 Micro: 0.5936, Val RMSE: 1.3391, 
Test Loss: 2.1526, Test Acc: 0.5897, Test F1 Macro: 0.6008, Test F1 Micro: 0.6135, Test RMSE: 1.3275

Epoch [17/20], Time: 7.01s, 
Train Loss: 0.0830, Train Acc: 0.9708, Train F1 Macro: 0.8312, Train F1 Micro: 0.8341, Train RMSE: 0.8369, 
Val Loss: 2.4069, Val Acc: 0.5855, Val F1 Macro: 0.5792, Val F1 Micro: 0.5931, Val RMSE: 1.3386, 
Test Loss: 2.2507, Test Acc: 0.6041, Test F1 Macro: 0.6002, Test F1 Micro: 0.6130, Test RMSE: 1.3262

Epoch [18/20], Time: 7.40s, 
Train Loss: 0.0768, Train Acc: 0.9742, Train F1 Macro: 0.8392, Train F1 Micro: 0.8418, Train RMSE: 0.8168, 
Val Loss: 2.5352, Val Acc: 0.5677, Val F1 Macro: 0.5782, Val F1 Micro: 0.5917, Val RMSE: 1.3381, 
Test Loss: 2.3268, Test Acc: 0.6015, Test F1 Macro: 0.5998, Test F1 Micro: 0.6123, Test RMSE: 1.3252

Epoch [19/20], Time: 7.06s, 
Train Loss: 0.0676, Train Acc: 0.9778, Train F1 Macro: 0.8465, Train F1 Micro: 0.8490, Train RMSE: 0.7976, 
Val Loss: 2.7299, Val Acc: 0.5773, Val F1 Macro: 0.5773, Val F1 Micro: 0.5910, Val RMSE: 1.3377, 
Test Loss: 2.4992, Test Acc: 0.6145, Test F1 Macro: 0.5998, Test F1 Micro: 0.6125, Test RMSE: 1.3237

Epoch [20/20], Time: 7.16s, 
Train Loss: 0.0643, Train Acc: 0.9784, Train F1 Macro: 0.8531, Train F1 Micro: 0.8555, Train RMSE: 0.7800, 
Val Loss: 2.6806, Val Acc: 0.5803, Val F1 Macro: 0.5768, Val F1 Micro: 0.5904, Val RMSE: 1.3392, 
Test Loss: 2.5118, Test Acc: 0.6054, Test F1 Macro: 0.5995, Test F1 Micro: 0.6121, Test RMSE: 1.3253

Total Training Time: 149.79s

Test Loss: 0.9666, Test Acc: 0.6233, Test F1 Macro: 0.6092, Test F1 Micro: 0.6233, Test RMSE: 1.3324
