===== SEED 42 =====
PyTorch Version : 2.11.0+cu128
cuda
2.3.subject.pt
***** Best Result Updated at Epoch 1, Val Loss: 1.0980 *****
Epoch [1/20], Time: 5.35s, 
Train Loss: 1.2978, Train Acc: 0.4850, Train F1 Macro: 0.4584, Train F1 Micro: 0.4850, Train RMSE: 1.5779, 
Val Loss: 1.0980, Val Acc: 0.5755, Val F1 Macro: 0.5501, Val F1 Micro: 0.5755, Val RMSE: 1.4400, 
Test Loss: 1.0493, Test Acc: 0.5801, Test F1 Macro: 0.5576, Test F1 Micro: 0.5801, Test RMSE: 1.4541

***** Best Result Updated at Epoch 2, Val Loss: 1.0607 *****
Epoch [2/20], Time: 4.86s, 
Train Loss: 1.0665, Train Acc: 0.5851, Train F1 Macro: 0.5171, Train F1 Micro: 0.5350, Train RMSE: 1.4892, 
Val Loss: 1.0607, Val Acc: 0.5790, Val F1 Macro: 0.5537, Val F1 Micro: 0.5773, Val RMSE: 1.4130, 
Test Loss: 1.0192, Test Acc: 0.5949, Test F1 Macro: 0.5639, Test F1 Micro: 0.5875, Test RMSE: 1.4162

***** Best Result Updated at Epoch 3, Val Loss: 1.0197 *****
Epoch [3/20], Time: 5.04s, 
Train Loss: 0.9660, Train Acc: 0.6296, Train F1 Macro: 0.5513, Train F1 Micro: 0.5666, Train RMSE: 1.4209, 
Val Loss: 1.0197, Val Acc: 0.5973, Val F1 Macro: 0.5603, Val F1 Micro: 0.5840, Val RMSE: 1.3859, 
Test Loss: 0.9728, Test Acc: 0.6163, Test F1 Macro: 0.5739, Test F1 Micro: 0.5971, Test RMSE: 1.3788

***** Best Result Updated at Epoch 4, Val Loss: 1.0062 *****
Epoch [4/20], Time: 5.03s, 
Train Loss: 0.8516, Train Acc: 0.6737, Train F1 Macro: 0.5803, Train F1 Micro: 0.5934, Train RMSE: 1.3602, 
Val Loss: 1.0062, Val Acc: 0.6108, Val F1 Macro: 0.5710, Val F1 Micro: 0.5907, Val RMSE: 1.3721, 
Test Loss: 0.9527, Test Acc: 0.6311, Test F1 Macro: 0.5861, Test F1 Micro: 0.6056, Test RMSE: 1.3627

Epoch [5/20], Time: 4.91s, 
Train Loss: 0.7211, Train Acc: 0.7251, Train F1 Macro: 0.6084, Train F1 Micro: 0.6197, Train RMSE: 1.2989, 
Val Loss: 1.0427, Val Acc: 0.6025, Val F1 Macro: 0.5760, Val F1 Micro: 0.5930, Val RMSE: 1.3652, 
Test Loss: 0.9907, Test Acc: 0.6206, Test F1 Macro: 0.5904, Test F1 Micro: 0.6086, Test RMSE: 1.3489

Epoch [6/20], Time: 4.88s, 
Train Loss: 0.5963, Train Acc: 0.7756, Train F1 Macro: 0.6358, Train F1 Micro: 0.6457, Train RMSE: 1.2413, 
Val Loss: 1.1102, Val Acc: 0.6017, Val F1 Macro: 0.5800, Val F1 Micro: 0.5945, Val RMSE: 1.3578, 
Test Loss: 1.0370, Test Acc: 0.6246, Test F1 Macro: 0.5956, Test F1 Micro: 0.6113, Test RMSE: 1.3375

Epoch [7/20], Time: 4.86s, 
Train Loss: 0.4577, Train Acc: 0.8294, Train F1 Macro: 0.6634, Train F1 Micro: 0.6719, Train RMSE: 1.1841, 
Val Loss: 1.2652, Val Acc: 0.5986, Val F1 Macro: 0.5804, Val F1 Micro: 0.5951, Val RMSE: 1.3430, 
Test Loss: 1.1846, Test Acc: 0.6167, Test F1 Macro: 0.5963, Test F1 Micro: 0.6121, Test RMSE: 1.3250

Epoch [8/20], Time: 5.05s, 
Train Loss: 0.3453, Train Acc: 0.8762, Train F1 Macro: 0.6900, Train F1 Micro: 0.6975, Train RMSE: 1.1293, 
Val Loss: 1.3712, Val Acc: 0.5956, Val F1 Macro: 0.5808, Val F1 Micro: 0.5951, Val RMSE: 1.3360, 
Test Loss: 1.2616, Test Acc: 0.6254, Test F1 Macro: 0.5987, Test F1 Micro: 0.6137, Test RMSE: 1.3156

Epoch [9/20], Time: 4.93s, 
Train Loss: 0.2739, Train Acc: 0.9017, Train F1 Macro: 0.7137, Train F1 Micro: 0.7202, Train RMSE: 1.0806, 
Val Loss: 1.5342, Val Acc: 0.5951, Val F1 Macro: 0.5814, Val F1 Micro: 0.5951, Val RMSE: 1.3302, 
Test Loss: 1.4245, Test Acc: 0.6067, Test F1 Macro: 0.5986, Test F1 Micro: 0.6130, Test RMSE: 1.3107

Epoch [10/20], Time: 4.96s, 
Train Loss: 0.1969, Train Acc: 0.9310, Train F1 Macro: 0.7355, Train F1 Micro: 0.7412, Train RMSE: 1.0357, 
Val Loss: 1.6532, Val Acc: 0.5899, Val F1 Macro: 0.5814, Val F1 Micro: 0.5946, Val RMSE: 1.3261, 
Test Loss: 1.5368, Test Acc: 0.6137, Test F1 Macro: 0.5991, Test F1 Micro: 0.6130, Test RMSE: 1.3059

Epoch [11/20], Time: 5.01s, 
Train Loss: 0.1670, Train Acc: 0.9410, Train F1 Macro: 0.7543, Train F1 Micro: 0.7594, Train RMSE: 0.9971, 
Val Loss: 1.8258, Val Acc: 0.5921, Val F1 Macro: 0.5808, Val F1 Micro: 0.5944, Val RMSE: 1.3213, 
Test Loss: 1.7034, Test Acc: 0.6111, Test F1 Macro: 0.5989, Test F1 Micro: 0.6128, Test RMSE: 1.3017

Epoch [12/20], Time: 4.99s, 
Train Loss: 0.1386, Train Acc: 0.9514, Train F1 Macro: 0.7708, Train F1 Micro: 0.7754, Train RMSE: 0.9613, 
Val Loss: 1.9410, Val Acc: 0.5799, Val F1 Macro: 0.5799, Val F1 Micro: 0.5932, Val RMSE: 1.3219, 
Test Loss: 1.8213, Test Acc: 0.5963, Test F1 Macro: 0.5975, Test F1 Micro: 0.6115, Test RMSE: 1.3019

Epoch [13/20], Time: 5.19s, 
Train Loss: 0.1204, Train Acc: 0.9575, Train F1 Macro: 0.7852, Train F1 Micro: 0.7894, Train RMSE: 0.9297, 
Val Loss: 2.0537, Val Acc: 0.5773, Val F1 Macro: 0.5791, Val F1 Micro: 0.5919, Val RMSE: 1.3198, 
Test Loss: 1.9337, Test Acc: 0.5963, Test F1 Macro: 0.5965, Test F1 Micro: 0.6103, Test RMSE: 1.3016

Epoch [14/20], Time: 5.15s, 
Train Loss: 0.1078, Train Acc: 0.9625, Train F1 Macro: 0.7980, Train F1 Micro: 0.8018, Train RMSE: 0.9006, 
Val Loss: 2.1895, Val Acc: 0.5799, Val F1 Macro: 0.5786, Val F1 Micro: 0.5911, Val RMSE: 1.3219, 
Test Loss: 2.0831, Test Acc: 0.6084, Test F1 Macro: 0.5964, Test F1 Micro: 0.6102, Test RMSE: 1.3028

Epoch [15/20], Time: 5.06s, 
Train Loss: 0.0973, Train Acc: 0.9654, Train F1 Macro: 0.8092, Train F1 Micro: 0.8127, Train RMSE: 0.8747, 
Val Loss: 2.3652, Val Acc: 0.5803, Val F1 Macro: 0.5780, Val F1 Micro: 0.5904, Val RMSE: 1.3215, 
Test Loss: 2.2372, Test Acc: 0.6102, Test F1 Macro: 0.5964, Test F1 Micro: 0.6102, Test RMSE: 1.3011

Epoch [16/20], Time: 5.05s, 
Train Loss: 0.0854, Train Acc: 0.9711, Train F1 Macro: 0.8193, Train F1 Micro: 0.8226, Train RMSE: 0.8509, 
Val Loss: 2.4329, Val Acc: 0.5842, Val F1 Macro: 0.5778, Val F1 Micro: 0.5900, Val RMSE: 1.3226, 
Test Loss: 2.3451, Test Acc: 0.6093, Test F1 Macro: 0.5964, Test F1 Micro: 0.6101, Test RMSE: 1.3019

Epoch [17/20], Time: 5.05s, 
Train Loss: 0.0864, Train Acc: 0.9703, Train F1 Macro: 0.8283, Train F1 Micro: 0.8313, Train RMSE: 0.8294, 
Val Loss: 2.5594, Val Acc: 0.5777, Val F1 Macro: 0.5770, Val F1 Micro: 0.5893, Val RMSE: 1.3236, 
Test Loss: 2.4743, Test Acc: 0.5967, Test F1 Macro: 0.5957, Test F1 Micro: 0.6093, Test RMSE: 1.3025

Epoch [18/20], Time: 5.28s, 
Train Loss: 0.0750, Train Acc: 0.9741, Train F1 Macro: 0.8364, Train F1 Micro: 0.8392, Train RMSE: 0.8089, 
Val Loss: 2.5943, Val Acc: 0.5712, Val F1 Macro: 0.5759, Val F1 Micro: 0.5883, Val RMSE: 1.3246, 
Test Loss: 2.5241, Test Acc: 0.5897, Test F1 Macro: 0.5944, Test F1 Micro: 0.6082, Test RMSE: 1.3029

Epoch [19/20], Time: 5.09s, 
Train Loss: 0.0757, Train Acc: 0.9750, Train F1 Macro: 0.8437, Train F1 Micro: 0.8464, Train RMSE: 0.7902, 
Val Loss: 2.7256, Val Acc: 0.5664, Val F1 Macro: 0.5744, Val F1 Micro: 0.5871, Val RMSE: 1.3256, 
Test Loss: 2.6201, Test Acc: 0.5936, Test F1 Macro: 0.5935, Test F1 Micro: 0.6075, Test RMSE: 1.3026

Epoch [20/20], Time: 5.12s, 
Train Loss: 0.0676, Train Acc: 0.9781, Train F1 Macro: 0.8504, Train F1 Micro: 0.8530, Train RMSE: 0.7730, 
Val Loss: 2.7095, Val Acc: 0.5629, Val F1 Macro: 0.5731, Val F1 Micro: 0.5859, Val RMSE: 1.3261, 
Test Loss: 2.5976, Test Acc: 0.5906, Test F1 Macro: 0.5927, Test F1 Micro: 0.6066, Test RMSE: 1.3027

Total Training Time: 100.87s

Test Loss: 0.9527, Test Acc: 0.6311, Test F1 Macro: 0.6175, Test F1 Micro: 0.6311, Test RMSE: 1.3130
===== SEED 7 =====
PyTorch Version : 2.11.0+cu128
cuda
2.3.subject.pt
***** Best Result Updated at Epoch 1, Val Loss: 1.1431 *****
Epoch [1/20], Time: 8.12s, 
Train Loss: 1.3213, Train Acc: 0.4740, Train F1 Macro: 0.4416, Train F1 Micro: 0.4740, Train RMSE: 1.6131, 
Val Loss: 1.1431, Val Acc: 0.5468, Val F1 Macro: 0.5296, Val F1 Micro: 0.5468, Val RMSE: 1.6135, 
Test Loss: 1.0945, Test Acc: 0.5736, Test F1 Macro: 0.5526, Test F1 Micro: 0.5736, Test RMSE: 1.5584

***** Best Result Updated at Epoch 2, Val Loss: 1.0455 *****
Epoch [2/20], Time: 7.40s, 
Train Loss: 1.0937, Train Acc: 0.5760, Train F1 Macro: 0.5024, Train F1 Micro: 0.5250, Train RMSE: 1.5323, 
Val Loss: 1.0455, Val Acc: 0.6034, Val F1 Macro: 0.5593, Val F1 Micro: 0.5751, Val RMSE: 1.5127, 
Test Loss: 1.0009, Test Acc: 0.6063, Test F1 Macro: 0.5712, Test F1 Micro: 0.5899, Test RMSE: 1.4547

***** Best Result Updated at Epoch 3, Val Loss: 1.0140 *****
Epoch [3/20], Time: 7.10s, 
Train Loss: 0.9802, Train Acc: 0.6220, Train F1 Macro: 0.5398, Train F1 Micro: 0.5573, Train RMSE: 1.4673, 
Val Loss: 1.0140, Val Acc: 0.6064, Val F1 Macro: 0.5711, Val F1 Micro: 0.5855, Val RMSE: 1.4680, 
Test Loss: 0.9708, Test Acc: 0.6119, Test F1 Macro: 0.5803, Test F1 Micro: 0.5973, Test RMSE: 1.4185

***** Best Result Updated at Epoch 4, Val Loss: 1.0022 *****
Epoch [4/20], Time: 6.99s, 
Train Loss: 0.8647, Train Acc: 0.6725, Train F1 Macro: 0.5709, Train F1 Micro: 0.5861, Train RMSE: 1.4046, 
Val Loss: 1.0022, Val Acc: 0.6169, Val F1 Macro: 0.5797, Val F1 Micro: 0.5934, Val RMSE: 1.4245, 
Test Loss: 0.9599, Test Acc: 0.6176, Test F1 Macro: 0.5866, Test F1 Micro: 0.6024, Test RMSE: 1.3845

Epoch [5/20], Time: 7.03s, 
Train Loss: 0.7375, Train Acc: 0.7187, Train F1 Macro: 0.5996, Train F1 Micro: 0.6126, Train RMSE: 1.3427, 
Val Loss: 1.1063, Val Acc: 0.6130, Val F1 Macro: 0.5838, Val F1 Micro: 0.5973, Val RMSE: 1.4155, 
Test Loss: 1.0542, Test Acc: 0.6220, Test F1 Macro: 0.5914, Test F1 Micro: 0.6063, Test RMSE: 1.3825

Epoch [6/20], Time: 7.25s, 
Train Loss: 0.5846, Train Acc: 0.7799, Train F1 Macro: 0.6291, Train F1 Micro: 0.6405, Train RMSE: 1.2792, 
Val Loss: 1.1005, Val Acc: 0.6069, Val F1 Macro: 0.5869, Val F1 Micro: 0.5989, Val RMSE: 1.3974, 
Test Loss: 1.0458, Test Acc: 0.6246, Test F1 Macro: 0.5960, Test F1 Micro: 0.6093, Test RMSE: 1.3723

Epoch [7/20], Time: 7.80s, 
Train Loss: 0.4560, Train Acc: 0.8333, Train F1 Macro: 0.6582, Train F1 Micro: 0.6680, Train RMSE: 1.2232, 
Val Loss: 1.2430, Val Acc: 0.5934, Val F1 Macro: 0.5863, Val F1 Micro: 0.5981, Val RMSE: 1.3834, 
Test Loss: 1.1718, Test Acc: 0.6084, Test F1 Macro: 0.5962, Test F1 Micro: 0.6092, Test RMSE: 1.3617

Epoch [8/20], Time: 7.68s, 
Train Loss: 0.3455, Train Acc: 0.8775, Train F1 Macro: 0.6858, Train F1 Micro: 0.6942, Train RMSE: 1.1666, 
Val Loss: 1.3757, Val Acc: 0.6121, Val F1 Macro: 0.5882, Val F1 Micro: 0.5999, Val RMSE: 1.3753, 
Test Loss: 1.2973, Test Acc: 0.6228, Test F1 Macro: 0.5985, Test F1 Micro: 0.6109, Test RMSE: 1.3590

Epoch [9/20], Time: 7.24s, 
Train Loss: 0.2488, Train Acc: 0.9115, Train F1 Macro: 0.7111, Train F1 Micro: 0.7184, Train RMSE: 1.1148, 
Val Loss: 1.5259, Val Acc: 0.6025, Val F1 Macro: 0.5884, Val F1 Micro: 0.6002, Val RMSE: 1.3731, 
Test Loss: 1.4533, Test Acc: 0.6128, Test F1 Macro: 0.5984, Test F1 Micro: 0.6111, Test RMSE: 1.3597

Epoch [10/20], Time: 7.75s, 
Train Loss: 0.2083, Train Acc: 0.9286, Train F1 Macro: 0.7329, Train F1 Micro: 0.7394, Train RMSE: 1.0698, 
Val Loss: 1.6484, Val Acc: 0.5969, Val F1 Macro: 0.5874, Val F1 Micro: 0.5998, Val RMSE: 1.3645, 
Test Loss: 1.5770, Test Acc: 0.6045, Test F1 Macro: 0.5976, Test F1 Micro: 0.6105, Test RMSE: 1.3580

Epoch [11/20], Time: 7.65s, 
Train Loss: 0.1593, Train Acc: 0.9456, Train F1 Macro: 0.7524, Train F1 Micro: 0.7581, Train RMSE: 1.0280, 
Val Loss: 1.7328, Val Acc: 0.5829, Val F1 Macro: 0.5860, Val F1 Micro: 0.5983, Val RMSE: 1.3585, 
Test Loss: 1.6663, Test Acc: 0.5980, Test F1 Macro: 0.5967, Test F1 Micro: 0.6093, Test RMSE: 1.3542

Epoch [12/20], Time: 7.61s, 
Train Loss: 0.1356, Train Acc: 0.9529, Train F1 Macro: 0.7692, Train F1 Micro: 0.7744, Train RMSE: 0.9914, 
Val Loss: 1.8590, Val Acc: 0.5960, Val F1 Macro: 0.5859, Val F1 Micro: 0.5981, Val RMSE: 1.3579, 
Test Loss: 1.7678, Test Acc: 0.6076, Test F1 Macro: 0.5968, Test F1 Micro: 0.6092, Test RMSE: 1.3557

Epoch [13/20], Time: 7.67s, 
Train Loss: 0.1222, Train Acc: 0.9568, Train F1 Macro: 0.7837, Train F1 Micro: 0.7884, Train RMSE: 0.9584, 
Val Loss: 2.1261, Val Acc: 0.5781, Val F1 Macro: 0.5839, Val F1 Micro: 0.5966, Val RMSE: 1.3551, 
Test Loss: 2.0376, Test Acc: 0.5906, Test F1 Macro: 0.5949, Test F1 Micro: 0.6077, Test RMSE: 1.3546

Epoch [14/20], Time: 7.66s, 
Train Loss: 0.1183, Train Acc: 0.9609, Train F1 Macro: 0.7964, Train F1 Micro: 0.8007, Train RMSE: 0.9292, 
Val Loss: 2.0419, Val Acc: 0.5947, Val F1 Macro: 0.5838, Val F1 Micro: 0.5964, Val RMSE: 1.3526, 
Test Loss: 1.9546, Test Acc: 0.6063, Test F1 Macro: 0.5948, Test F1 Micro: 0.6076, Test RMSE: 1.3526

Epoch [15/20], Time: 7.62s, 
Train Loss: 0.1158, Train Acc: 0.9592, Train F1 Macro: 0.8073, Train F1 Micro: 0.8113, Train RMSE: 0.9039, 
Val Loss: 2.1275, Val Acc: 0.5982, Val F1 Macro: 0.5840, Val F1 Micro: 0.5965, Val RMSE: 1.3514, 
Test Loss: 2.0944, Test Acc: 0.5923, Test F1 Macro: 0.5938, Test F1 Micro: 0.6066, Test RMSE: 1.3531

Epoch [16/20], Time: 7.54s, 
Train Loss: 0.0891, Train Acc: 0.9692, Train F1 Macro: 0.8174, Train F1 Micro: 0.8212, Train RMSE: 0.8792, 
Val Loss: 2.3114, Val Acc: 0.5855, Val F1 Macro: 0.5831, Val F1 Micro: 0.5959, Val RMSE: 1.3525, 
Test Loss: 2.2141, Test Acc: 0.5945, Test F1 Macro: 0.5927, Test F1 Micro: 0.6059, Test RMSE: 1.3534

Epoch [17/20], Time: 7.55s, 
Train Loss: 0.0697, Train Acc: 0.9754, Train F1 Macro: 0.8268, Train F1 Micro: 0.8302, Train RMSE: 0.8560, 
Val Loss: 2.3142, Val Acc: 0.5912, Val F1 Macro: 0.5831, Val F1 Micro: 0.5956, Val RMSE: 1.3514, 
Test Loss: 2.2669, Test Acc: 0.6006, Test F1 Macro: 0.5926, Test F1 Micro: 0.6056, Test RMSE: 1.3520

Epoch [18/20], Time: 7.90s, 
Train Loss: 0.0769, Train Acc: 0.9743, Train F1 Macro: 0.8350, Train F1 Micro: 0.8382, Train RMSE: 0.8348, 
Val Loss: 2.4797, Val Acc: 0.5851, Val F1 Macro: 0.5824, Val F1 Micro: 0.5950, Val RMSE: 1.3493, 
Test Loss: 2.4144, Test Acc: 0.5980, Test F1 Macro: 0.5924, Test F1 Micro: 0.6051, Test RMSE: 1.3499

Epoch [19/20], Time: 7.66s, 
Train Loss: 0.0759, Train Acc: 0.9746, Train F1 Macro: 0.8424, Train F1 Micro: 0.8454, Train RMSE: 0.8158, 
Val Loss: 2.4915, Val Acc: 0.5882, Val F1 Macro: 0.5820, Val F1 Micro: 0.5946, Val RMSE: 1.3499, 
Test Loss: 2.4423, Test Acc: 0.6037, Test F1 Macro: 0.5924, Test F1 Micro: 0.6051, Test RMSE: 1.3502

Epoch [20/20], Time: 7.98s, 
Train Loss: 0.0677, Train Acc: 0.9771, Train F1 Macro: 0.8491, Train F1 Micro: 0.8520, Train RMSE: 0.7980, 
Val Loss: 2.6249, Val Acc: 0.5873, Val F1 Macro: 0.5816, Val F1 Micro: 0.5943, Val RMSE: 1.3507, 
Test Loss: 2.5407, Test Acc: 0.6037, Test F1 Macro: 0.5922, Test F1 Micro: 0.6050, Test RMSE: 1.3509

Total Training Time: 151.19s

Test Loss: 0.9599, Test Acc: 0.6176, Test F1 Macro: 0.6044, Test F1 Micro: 0.6176, Test RMSE: 1.2768
===== SEED 13 =====
PyTorch Version : 2.11.0+cu128
cuda
2.3.subject.pt
***** Best Result Updated at Epoch 1, Val Loss: 1.1572 *****
Epoch [1/20], Time: 8.08s, 
Train Loss: 1.3175, Train Acc: 0.4762, Train F1 Macro: 0.4479, Train F1 Micro: 0.4762, Train RMSE: 1.5707, 
Val Loss: 1.1572, Val Acc: 0.5490, Val F1 Macro: 0.5185, Val F1 Micro: 0.5490, Val RMSE: 1.6061, 
Test Loss: 1.1213, Test Acc: 0.5653, Test F1 Macro: 0.5368, Test F1 Micro: 0.5653, Test RMSE: 1.5999

***** Best Result Updated at Epoch 2, Val Loss: 1.0417 *****
Epoch [2/20], Time: 7.69s, 
Train Loss: 1.0846, Train Acc: 0.5801, Train F1 Macro: 0.5079, Train F1 Micro: 0.5281, Train RMSE: 1.4892, 
Val Loss: 1.0417, Val Acc: 0.5973, Val F1 Macro: 0.5565, Val F1 Micro: 0.5731, Val RMSE: 1.4996, 
Test Loss: 0.9971, Test Acc: 0.6172, Test F1 Macro: 0.5761, Test F1 Micro: 0.5912, Test RMSE: 1.4753

***** Best Result Updated at Epoch 3, Val Loss: 1.0187 *****
Epoch [3/20], Time: 7.35s, 
Train Loss: 0.9807, Train Acc: 0.6214, Train F1 Macro: 0.5420, Train F1 Micro: 0.5592, Train RMSE: 1.4296, 
Val Loss: 1.0187, Val Acc: 0.5995, Val F1 Macro: 0.5662, Val F1 Micro: 0.5819, Val RMSE: 1.4627, 
Test Loss: 0.9807, Test Acc: 0.6145, Test F1 Macro: 0.5834, Test F1 Micro: 0.5990, Test RMSE: 1.4432

***** Best Result Updated at Epoch 4, Val Loss: 1.0118 *****
Epoch [4/20], Time: 7.07s, 
Train Loss: 0.8839, Train Acc: 0.6612, Train F1 Macro: 0.5697, Train F1 Micro: 0.5847, Train RMSE: 1.3724, 
Val Loss: 1.0118, Val Acc: 0.6017, Val F1 Macro: 0.5714, Val F1 Micro: 0.5869, Val RMSE: 1.4230, 
Test Loss: 0.9629, Test Acc: 0.6172, Test F1 Macro: 0.5879, Test F1 Micro: 0.6035, Test RMSE: 1.4002

Epoch [5/20], Time: 7.74s, 
Train Loss: 0.7664, Train Acc: 0.7073, Train F1 Macro: 0.5958, Train F1 Micro: 0.6092, Train RMSE: 1.3186, 
Val Loss: 1.0145, Val Acc: 0.6208, Val F1 Macro: 0.5785, Val F1 Micro: 0.5936, Val RMSE: 1.3990, 
Test Loss: 0.9652, Test Acc: 0.6341, Test F1 Macro: 0.5942, Test F1 Micro: 0.6097, Test RMSE: 1.3757

Epoch [6/20], Time: 8.20s, 
Train Loss: 0.6290, Train Acc: 0.7642, Train F1 Macro: 0.6231, Train F1 Micro: 0.6350, Train RMSE: 1.2613, 
Val Loss: 1.0953, Val Acc: 0.6152, Val F1 Macro: 0.5827, Val F1 Micro: 0.5972, Val RMSE: 1.3838, 
Test Loss: 1.0138, Test Acc: 0.6289, Test F1 Macro: 0.5980, Test F1 Micro: 0.6129, Test RMSE: 1.3577

Epoch [7/20], Time: 7.71s, 
Train Loss: 0.4957, Train Acc: 0.8147, Train F1 Macro: 0.6502, Train F1 Micro: 0.6607, Train RMSE: 1.2084, 
Val Loss: 1.1733, Val Acc: 0.5899, Val F1 Macro: 0.5827, Val F1 Micro: 0.5962, Val RMSE: 1.3693, 
Test Loss: 1.1029, Test Acc: 0.6041, Test F1 Macro: 0.5966, Test F1 Micro: 0.6116, Test RMSE: 1.3461

Epoch [8/20], Time: 7.32s, 
Train Loss: 0.3700, Train Acc: 0.8672, Train F1 Macro: 0.6772, Train F1 Micro: 0.6865, Train RMSE: 1.1544, 
Val Loss: 1.3901, Val Acc: 0.5951, Val F1 Macro: 0.5830, Val F1 Micro: 0.5960, Val RMSE: 1.3737, 
Test Loss: 1.2967, Test Acc: 0.6233, Test F1 Macro: 0.5983, Test F1 Micro: 0.6131, Test RMSE: 1.3462

Epoch [9/20], Time: 7.44s, 
Train Loss: 0.3004, Train Acc: 0.8911, Train F1 Macro: 0.7011, Train F1 Micro: 0.7092, Train RMSE: 1.1063, 
Val Loss: 1.4589, Val Acc: 0.5977, Val F1 Macro: 0.5833, Val F1 Micro: 0.5962, Val RMSE: 1.3668, 
Test Loss: 1.3317, Test Acc: 0.6254, Test F1 Macro: 0.5999, Test F1 Micro: 0.6145, Test RMSE: 1.3359

Epoch [10/20], Time: 8.08s, 
Train Loss: 0.2015, Train Acc: 0.9285, Train F1 Macro: 0.7240, Train F1 Micro: 0.7312, Train RMSE: 1.0607, 
Val Loss: 1.5446, Val Acc: 0.6017, Val F1 Macro: 0.5842, Val F1 Micro: 0.5968, Val RMSE: 1.3634, 
Test Loss: 1.4194, Test Acc: 0.6276, Test F1 Macro: 0.6015, Test F1 Micro: 0.6158, Test RMSE: 1.3331

Epoch [11/20], Time: 7.58s, 
Train Loss: 0.1791, Train Acc: 0.9373, Train F1 Macro: 0.7435, Train F1 Micro: 0.7499, Train RMSE: 1.0206, 
Val Loss: 1.7000, Val Acc: 0.5990, Val F1 Macro: 0.5846, Val F1 Micro: 0.5970, Val RMSE: 1.3614, 
Test Loss: 1.5443, Test Acc: 0.6233, Test F1 Macro: 0.6022, Test F1 Micro: 0.6164, Test RMSE: 1.3278

Epoch [12/20], Time: 7.75s, 
Train Loss: 0.1372, Train Acc: 0.9527, Train F1 Macro: 0.7611, Train F1 Micro: 0.7668, Train RMSE: 0.9841, 
Val Loss: 1.8282, Val Acc: 0.5999, Val F1 Macro: 0.5850, Val F1 Micro: 0.5972, Val RMSE: 1.3590, 
Test Loss: 1.6481, Test Acc: 0.6241, Test F1 Macro: 0.6029, Test F1 Micro: 0.6171, Test RMSE: 1.3236

Epoch [13/20], Time: 7.64s, 
Train Loss: 0.1203, Train Acc: 0.9577, Train F1 Macro: 0.7762, Train F1 Micro: 0.7815, Train RMSE: 0.9513, 
Val Loss: 1.9114, Val Acc: 0.5986, Val F1 Macro: 0.5853, Val F1 Micro: 0.5973, Val RMSE: 1.3567, 
Test Loss: 1.7410, Test Acc: 0.6111, Test F1 Macro: 0.6026, Test F1 Micro: 0.6166, Test RMSE: 1.3248

Epoch [14/20], Time: 7.73s, 
Train Loss: 0.1052, Train Acc: 0.9643, Train F1 Macro: 0.7897, Train F1 Micro: 0.7945, Train RMSE: 0.9215, 
Val Loss: 2.1336, Val Acc: 0.5895, Val F1 Macro: 0.5848, Val F1 Micro: 0.5968, Val RMSE: 1.3520, 
Test Loss: 1.9471, Test Acc: 0.6071, Test F1 Macro: 0.6018, Test F1 Micro: 0.6159, Test RMSE: 1.3229

Epoch [15/20], Time: 7.72s, 
Train Loss: 0.0988, Train Acc: 0.9651, Train F1 Macro: 0.8015, Train F1 Micro: 0.8059, Train RMSE: 0.8953, 
Val Loss: 2.2310, Val Acc: 0.5903, Val F1 Macro: 0.5843, Val F1 Micro: 0.5963, Val RMSE: 1.3512, 
Test Loss: 2.0480, Test Acc: 0.6185, Test F1 Macro: 0.6018, Test F1 Micro: 0.6161, Test RMSE: 1.3215

Epoch [16/20], Time: 7.69s, 
Train Loss: 0.0869, Train Acc: 0.9696, Train F1 Macro: 0.8120, Train F1 Micro: 0.8162, Train RMSE: 0.8706, 
Val Loss: 2.2623, Val Acc: 0.5925, Val F1 Macro: 0.5840, Val F1 Micro: 0.5961, Val RMSE: 1.3495, 
Test Loss: 2.0902, Test Acc: 0.6198, Test F1 Macro: 0.6020, Test F1 Micro: 0.6163, Test RMSE: 1.3200

Epoch [17/20], Time: 7.59s, 
Train Loss: 0.0782, Train Acc: 0.9743, Train F1 Macro: 0.8216, Train F1 Micro: 0.8255, Train RMSE: 0.8475, 
Val Loss: 2.4847, Val Acc: 0.5873, Val F1 Macro: 0.5834, Val F1 Micro: 0.5956, Val RMSE: 1.3503, 
Test Loss: 2.2602, Test Acc: 0.6150, Test F1 Macro: 0.6017, Test F1 Micro: 0.6163, Test RMSE: 1.3184

Epoch [18/20], Time: 7.89s, 
Train Loss: 0.0876, Train Acc: 0.9708, Train F1 Macro: 0.8299, Train F1 Micro: 0.8335, Train RMSE: 0.8270, 
Val Loss: 2.4041, Val Acc: 0.5903, Val F1 Macro: 0.5833, Val F1 Micro: 0.5953, Val RMSE: 1.3484, 
Test Loss: 2.1984, Test Acc: 0.5971, Test F1 Macro: 0.6006, Test F1 Micro: 0.6152, Test RMSE: 1.3170

Epoch [19/20], Time: 7.99s, 
Train Loss: 0.0755, Train Acc: 0.9748, Train F1 Macro: 0.8376, Train F1 Micro: 0.8410, Train RMSE: 0.8076, 
Val Loss: 2.4950, Val Acc: 0.5873, Val F1 Macro: 0.5829, Val F1 Micro: 0.5949, Val RMSE: 1.3476, 
Test Loss: 2.2954, Test Acc: 0.6167, Test F1 Macro: 0.6008, Test F1 Micro: 0.6153, Test RMSE: 1.3173

Epoch [20/20], Time: 8.02s, 
Train Loss: 0.0735, Train Acc: 0.9744, Train F1 Macro: 0.8445, Train F1 Micro: 0.8476, Train RMSE: 0.7901, 
Val Loss: 2.5485, Val Acc: 0.5873, Val F1 Macro: 0.5825, Val F1 Micro: 0.5945, Val RMSE: 1.3480, 
Test Loss: 2.3423, Test Acc: 0.6080, Test F1 Macro: 0.6004, Test F1 Micro: 0.6149, Test RMSE: 1.3169

Total Training Time: 154.28s

Test Loss: 0.9629, Test Acc: 0.6172, Test F1 Macro: 0.6023, Test F1 Micro: 0.6172, Test RMSE: 1.2622
===== SEED 77 =====
PyTorch Version : 2.11.0+cu128
cuda
2.3.subject.pt
***** Best Result Updated at Epoch 1, Val Loss: 1.1333 *****
Epoch [1/20], Time: 8.55s, 
Train Loss: 1.3181, Train Acc: 0.4790, Train F1 Macro: 0.4554, Train F1 Micro: 0.4790, Train RMSE: 1.6126, 
Val Loss: 1.1333, Val Acc: 0.5477, Val F1 Macro: 0.5411, Val F1 Micro: 0.5477, Val RMSE: 1.4885, 
Test Loss: 1.0751, Test Acc: 0.5758, Test F1 Macro: 0.5696, Test F1 Micro: 0.5758, Test RMSE: 1.4026

***** Best Result Updated at Epoch 2, Val Loss: 1.0427 *****
Epoch [2/20], Time: 5.56s, 
Train Loss: 1.0908, Train Acc: 0.5772, Train F1 Macro: 0.5101, Train F1 Micro: 0.5281, Train RMSE: 1.5236, 
Val Loss: 1.0427, Val Acc: 0.5947, Val F1 Macro: 0.5577, Val F1 Micro: 0.5712, Val RMSE: 1.4379, 
Test Loss: 0.9883, Test Acc: 0.6159, Test F1 Macro: 0.5840, Test F1 Micro: 0.5958, Test RMSE: 1.3632

***** Best Result Updated at Epoch 3, Val Loss: 1.0213 *****
Epoch [3/20], Time: 5.12s, 
Train Loss: 0.9778, Train Acc: 0.6264, Train F1 Macro: 0.5456, Train F1 Micro: 0.5609, Train RMSE: 1.4524, 
Val Loss: 1.0213, Val Acc: 0.6008, Val F1 Macro: 0.5650, Val F1 Micro: 0.5810, Val RMSE: 1.4255, 
Test Loss: 0.9705, Test Acc: 0.6163, Test F1 Macro: 0.5890, Test F1 Micro: 0.6026, Test RMSE: 1.3709

Epoch [4/20], Time: 5.17s, 
Train Loss: 0.8763, Train Acc: 0.6659, Train F1 Macro: 0.5735, Train F1 Micro: 0.5871, Train RMSE: 1.3926, 
Val Loss: 1.0239, Val Acc: 0.6025, Val F1 Macro: 0.5701, Val F1 Micro: 0.5864, Val RMSE: 1.4152, 
Test Loss: 0.9733, Test Acc: 0.6211, Test F1 Macro: 0.5934, Test F1 Micro: 0.6073, Test RMSE: 1.3634

***** Best Result Updated at Epoch 5, Val Loss: 1.0201 *****
Epoch [5/20], Time: 5.07s, 
Train Loss: 0.7505, Train Acc: 0.7153, Train F1 Macro: 0.6007, Train F1 Micro: 0.6128, Train RMSE: 1.3324, 
Val Loss: 1.0201, Val Acc: 0.6082, Val F1 Macro: 0.5763, Val F1 Micro: 0.5908, Val RMSE: 1.3940, 
Test Loss: 0.9713, Test Acc: 0.6220, Test F1 Macro: 0.5964, Test F1 Micro: 0.6102, Test RMSE: 1.3509

Epoch [6/20], Time: 5.00s, 
Train Loss: 0.6095, Train Acc: 0.7705, Train F1 Macro: 0.6285, Train F1 Micro: 0.6390, Train RMSE: 1.2760, 
Val Loss: 1.0655, Val Acc: 0.6095, Val F1 Macro: 0.5813, Val F1 Micro: 0.5939, Val RMSE: 1.3850, 
Test Loss: 1.0009, Test Acc: 0.6333, Test F1 Macro: 0.6010, Test F1 Micro: 0.6140, Test RMSE: 1.3390

Epoch [7/20], Time: 5.76s, 
Train Loss: 0.4696, Train Acc: 0.8260, Train F1 Macro: 0.6564, Train F1 Micro: 0.6657, Train RMSE: 1.2180, 
Val Loss: 1.2312, Val Acc: 0.6043, Val F1 Macro: 0.5818, Val F1 Micro: 0.5954, Val RMSE: 1.3796, 
Test Loss: 1.1539, Test Acc: 0.6211, Test F1 Macro: 0.6016, Test F1 Micro: 0.6150, Test RMSE: 1.3335

Epoch [8/20], Time: 5.78s, 
Train Loss: 0.3539, Train Acc: 0.8708, Train F1 Macro: 0.6831, Train F1 Micro: 0.6914, Train RMSE: 1.1641, 
Val Loss: 1.3177, Val Acc: 0.5943, Val F1 Macro: 0.5823, Val F1 Micro: 0.5952, Val RMSE: 1.3767, 
Test Loss: 1.2384, Test Acc: 0.6185, Test F1 Macro: 0.6023, Test F1 Micro: 0.6155, Test RMSE: 1.3304

Epoch [9/20], Time: 5.12s, 
Train Loss: 0.2586, Train Acc: 0.9077, Train F1 Macro: 0.7082, Train F1 Micro: 0.7154, Train RMSE: 1.1131, 
Val Loss: 1.4734, Val Acc: 0.5912, Val F1 Macro: 0.5823, Val F1 Micro: 0.5948, Val RMSE: 1.3725, 
Test Loss: 1.3740, Test Acc: 0.6041, Test F1 Macro: 0.6009, Test F1 Micro: 0.6142, Test RMSE: 1.3300

Epoch [10/20], Time: 5.06s, 
Train Loss: 0.2016, Train Acc: 0.9294, Train F1 Macro: 0.7304, Train F1 Micro: 0.7368, Train RMSE: 1.0678, 
Val Loss: 1.5750, Val Acc: 0.5899, Val F1 Macro: 0.5823, Val F1 Micro: 0.5943, Val RMSE: 1.3648, 
Test Loss: 1.4702, Test Acc: 0.6058, Test F1 Macro: 0.6002, Test F1 Micro: 0.6134, Test RMSE: 1.3235

Epoch [11/20], Time: 5.37s, 
Train Loss: 0.1626, Train Acc: 0.9423, Train F1 Macro: 0.7498, Train F1 Micro: 0.7555, Train RMSE: 1.0268, 
Val Loss: 1.7266, Val Acc: 0.5864, Val F1 Macro: 0.5815, Val F1 Micro: 0.5936, Val RMSE: 1.3585, 
Test Loss: 1.6100, Test Acc: 0.6063, Test F1 Macro: 0.5993, Test F1 Micro: 0.6127, Test RMSE: 1.3179

Epoch [12/20], Time: 5.55s, 
Train Loss: 0.1400, Train Acc: 0.9511, Train F1 Macro: 0.7666, Train F1 Micro: 0.7718, Train RMSE: 0.9900, 
Val Loss: 1.8816, Val Acc: 0.5877, Val F1 Macro: 0.5808, Val F1 Micro: 0.5931, Val RMSE: 1.3609, 
Test Loss: 1.7462, Test Acc: 0.6150, Test F1 Macro: 0.5996, Test F1 Micro: 0.6129, Test RMSE: 1.3162

Epoch [13/20], Time: 5.18s, 
Train Loss: 0.1291, Train Acc: 0.9565, Train F1 Macro: 0.7814, Train F1 Micro: 0.7860, Train RMSE: 0.9575, 
Val Loss: 1.9323, Val Acc: 0.5908, Val F1 Macro: 0.5805, Val F1 Micro: 0.5929, Val RMSE: 1.3592, 
Test Loss: 1.8076, Test Acc: 0.6041, Test F1 Macro: 0.5989, Test F1 Micro: 0.6122, Test RMSE: 1.3160

Epoch [14/20], Time: 5.14s, 
Train Loss: 0.1088, Train Acc: 0.9625, Train F1 Macro: 0.7944, Train F1 Micro: 0.7986, Train RMSE: 0.9280, 
Val Loss: 2.0483, Val Acc: 0.5895, Val F1 Macro: 0.5800, Val F1 Micro: 0.5927, Val RMSE: 1.3578, 
Test Loss: 1.9805, Test Acc: 0.6058, Test F1 Macro: 0.5984, Test F1 Micro: 0.6118, Test RMSE: 1.3165

Epoch [15/20], Time: 5.19s, 
Train Loss: 0.0843, Train Acc: 0.9704, Train F1 Macro: 0.8062, Train F1 Micro: 0.8101, Train RMSE: 0.9006, 
Val Loss: 2.2619, Val Acc: 0.5821, Val F1 Macro: 0.5792, Val F1 Micro: 0.5920, Val RMSE: 1.3573, 
Test Loss: 2.1130, Test Acc: 0.5945, Test F1 Macro: 0.5969, Test F1 Micro: 0.6106, Test RMSE: 1.3165

Epoch [16/20], Time: 5.17s, 
Train Loss: 0.0922, Train Acc: 0.9689, Train F1 Macro: 0.8164, Train F1 Micro: 0.8200, Train RMSE: 0.8764, 
Val Loss: 2.3025, Val Acc: 0.5790, Val F1 Macro: 0.5786, Val F1 Micro: 0.5912, Val RMSE: 1.3592, 
Test Loss: 2.1748, Test Acc: 0.5967, Test F1 Macro: 0.5960, Test F1 Micro: 0.6098, Test RMSE: 1.3182

Epoch [17/20], Time: 5.21s, 
Train Loss: 0.0841, Train Acc: 0.9708, Train F1 Macro: 0.8255, Train F1 Micro: 0.8289, Train RMSE: 0.8537, 
Val Loss: 2.4867, Val Acc: 0.5825, Val F1 Macro: 0.5780, Val F1 Micro: 0.5906, Val RMSE: 1.3595, 
Test Loss: 2.3000, Test Acc: 0.6054, Test F1 Macro: 0.5958, Test F1 Micro: 0.6095, Test RMSE: 1.3189

Epoch [18/20], Time: 5.43s, 
Train Loss: 0.0820, Train Acc: 0.9723, Train F1 Macro: 0.8336, Train F1 Micro: 0.8368, Train RMSE: 0.8333, 
Val Loss: 2.4251, Val Acc: 0.5812, Val F1 Macro: 0.5778, Val F1 Micro: 0.5901, Val RMSE: 1.3613, 
Test Loss: 2.2552, Test Acc: 0.6045, Test F1 Macro: 0.5957, Test F1 Micro: 0.6092, Test RMSE: 1.3202

Epoch [19/20], Time: 5.28s, 
Train Loss: 0.0734, Train Acc: 0.9746, Train F1 Macro: 0.8411, Train F1 Micro: 0.8441, Train RMSE: 0.8137, 
Val Loss: 2.5052, Val Acc: 0.5825, Val F1 Macro: 0.5776, Val F1 Micro: 0.5897, Val RMSE: 1.3650, 
Test Loss: 2.3686, Test Acc: 0.5993, Test F1 Macro: 0.5954, Test F1 Micro: 0.6087, Test RMSE: 1.3215

Epoch [20/20], Time: 5.45s, 
Train Loss: 0.0624, Train Acc: 0.9788, Train F1 Macro: 0.8480, Train F1 Micro: 0.8508, Train RMSE: 0.7956, 
Val Loss: 2.5690, Val Acc: 0.5808, Val F1 Macro: 0.5773, Val F1 Micro: 0.5893, Val RMSE: 1.3663, 
Test Loss: 2.4077, Test Acc: 0.6041, Test F1 Macro: 0.5953, Test F1 Micro: 0.6085, Test RMSE: 1.3210

Total Training Time: 109.16s

Test Loss: 0.9713, Test Acc: 0.6220, Test F1 Macro: 0.6097, Test F1 Micro: 0.6220, Test RMSE: 1.2998
===== SEED 123 =====
PyTorch Version : 2.11.0+cu128
cuda
2.3.subject.pt
***** Best Result Updated at Epoch 1, Val Loss: 1.0799 *****
Epoch [1/20], Time: 5.96s, 
Train Loss: 1.3021, Train Acc: 0.4880, Train F1 Macro: 0.4628, Train F1 Micro: 0.4880, Train RMSE: 1.5954, 
Val Loss: 1.0799, Val Acc: 0.5755, Val F1 Macro: 0.5566, Val F1 Micro: 0.5755, Val RMSE: 1.4014, 
Test Loss: 1.0337, Test Acc: 0.5889, Test F1 Macro: 0.5656, Test F1 Micro: 0.5889, Test RMSE: 1.3733

***** Best Result Updated at Epoch 2, Val Loss: 1.0087 *****
Epoch [2/20], Time: 5.25s, 
Train Loss: 1.0702, Train Acc: 0.5888, Train F1 Macro: 0.5196, Train F1 Micro: 0.5384, Train RMSE: 1.4942, 
Val Loss: 1.0087, Val Acc: 0.6077, Val F1 Macro: 0.5764, Val F1 Micro: 0.5916, Val RMSE: 1.3742, 
Test Loss: 0.9627, Test Acc: 0.6254, Test F1 Macro: 0.5901, Test F1 Micro: 0.6071, Test RMSE: 1.3403

***** Best Result Updated at Epoch 3, Val Loss: 0.9968 *****
Epoch [3/20], Time: 5.16s, 
Train Loss: 0.9689, Train Acc: 0.6274, Train F1 Macro: 0.5520, Train F1 Micro: 0.5681, Train RMSE: 1.4320, 
Val Loss: 0.9968, Val Acc: 0.6165, Val F1 Macro: 0.5830, Val F1 Micro: 0.5999, Val RMSE: 1.3474, 
Test Loss: 0.9593, Test Acc: 0.6189, Test F1 Macro: 0.5949, Test F1 Micro: 0.6111, Test RMSE: 1.3261

Epoch [4/20], Time: 5.06s, 
Train Loss: 0.8445, Train Acc: 0.6767, Train F1 Macro: 0.5816, Train F1 Micro: 0.5952, Train RMSE: 1.3690, 
Val Loss: 1.0329, Val Acc: 0.6003, Val F1 Macro: 0.5850, Val F1 Micro: 0.6000, Val RMSE: 1.3588, 
Test Loss: 0.9955, Test Acc: 0.6189, Test F1 Macro: 0.5972, Test F1 Micro: 0.6130, Test RMSE: 1.3335

Epoch [5/20], Time: 5.01s, 
Train Loss: 0.7323, Train Acc: 0.7225, Train F1 Macro: 0.6089, Train F1 Micro: 0.6207, Train RMSE: 1.3115, 
Val Loss: 1.0371, Val Acc: 0.6043, Val F1 Macro: 0.5859, Val F1 Micro: 0.6009, Val RMSE: 1.3528, 
Test Loss: 1.0041, Test Acc: 0.6189, Test F1 Macro: 0.5981, Test F1 Micro: 0.6142, Test RMSE: 1.3310

Epoch [6/20], Time: 5.06s, 
Train Loss: 0.5861, Train Acc: 0.7813, Train F1 Macro: 0.6373, Train F1 Micro: 0.6475, Train RMSE: 1.2524, 
Val Loss: 1.0778, Val Acc: 0.5964, Val F1 Macro: 0.5858, Val F1 Micro: 0.6001, Val RMSE: 1.3356, 
Test Loss: 1.0296, Test Acc: 0.6115, Test F1 Macro: 0.5985, Test F1 Micro: 0.6137, Test RMSE: 1.3178

Epoch [7/20], Time: 5.38s, 
Train Loss: 0.4482, Train Acc: 0.8365, Train F1 Macro: 0.6658, Train F1 Micro: 0.6745, Train RMSE: 1.1943, 
Val Loss: 1.1905, Val Acc: 0.5882, Val F1 Macro: 0.5846, Val F1 Micro: 0.5984, Val RMSE: 1.3307, 
Test Loss: 1.1035, Test Acc: 0.6267, Test F1 Macro: 0.6011, Test F1 Micro: 0.6156, Test RMSE: 1.3093

Epoch [8/20], Time: 5.02s, 
Train Loss: 0.3243, Train Acc: 0.8856, Train F1 Macro: 0.6933, Train F1 Micro: 0.7009, Train RMSE: 1.1391, 
Val Loss: 1.3354, Val Acc: 0.5999, Val F1 Macro: 0.5847, Val F1 Micro: 0.5986, Val RMSE: 1.3228, 
Test Loss: 1.2385, Test Acc: 0.6198, Test F1 Macro: 0.6017, Test F1 Micro: 0.6161, Test RMSE: 1.3045

Epoch [9/20], Time: 5.67s, 
Train Loss: 0.2528, Train Acc: 0.9109, Train F1 Macro: 0.7176, Train F1 Micro: 0.7242, Train RMSE: 1.0897, 
Val Loss: 1.4499, Val Acc: 0.5947, Val F1 Macro: 0.5848, Val F1 Micro: 0.5982, Val RMSE: 1.3203, 
Test Loss: 1.3390, Test Acc: 0.6241, Test F1 Macro: 0.6029, Test F1 Micro: 0.6170, Test RMSE: 1.3022

Epoch [10/20], Time: 5.43s, 
Train Loss: 0.1999, Train Acc: 0.9314, Train F1 Macro: 0.7391, Train F1 Micro: 0.7449, Train RMSE: 1.0448, 
Val Loss: 1.6159, Val Acc: 0.5877, Val F1 Macro: 0.5846, Val F1 Micro: 0.5971, Val RMSE: 1.3191, 
Test Loss: 1.4804, Test Acc: 0.6185, Test F1 Macro: 0.6033, Test F1 Micro: 0.6172, Test RMSE: 1.3001

Epoch [11/20], Time: 5.33s, 
Train Loss: 0.1548, Train Acc: 0.9459, Train F1 Macro: 0.7581, Train F1 Micro: 0.7632, Train RMSE: 1.0045, 
Val Loss: 1.8068, Val Acc: 0.5847, Val F1 Macro: 0.5837, Val F1 Micro: 0.5960, Val RMSE: 1.3203, 
Test Loss: 1.6416, Test Acc: 0.6215, Test F1 Macro: 0.6038, Test F1 Micro: 0.6176, Test RMSE: 1.3001

Epoch [12/20], Time: 5.89s, 
Train Loss: 0.1338, Train Acc: 0.9526, Train F1 Macro: 0.7744, Train F1 Micro: 0.7790, Train RMSE: 0.9685, 
Val Loss: 1.9952, Val Acc: 0.5851, Val F1 Macro: 0.5823, Val F1 Micro: 0.5951, Val RMSE: 1.3210, 
Test Loss: 1.8537, Test Acc: 0.6137, Test F1 Macro: 0.6033, Test F1 Micro: 0.6172, Test RMSE: 1.3048

Epoch [13/20], Time: 5.17s, 
Train Loss: 0.1107, Train Acc: 0.9618, Train F1 Macro: 0.7889, Train F1 Micro: 0.7930, Train RMSE: 0.9363, 
Val Loss: 2.0790, Val Acc: 0.5903, Val F1 Macro: 0.5821, Val F1 Micro: 0.5947, Val RMSE: 1.3204, 
Test Loss: 1.8819, Test Acc: 0.6145, Test F1 Macro: 0.6031, Test F1 Micro: 0.6170, Test RMSE: 1.3068

Epoch [14/20], Time: 5.14s, 
Train Loss: 0.1078, Train Acc: 0.9642, Train F1 Macro: 0.8015, Train F1 Micro: 0.8053, Train RMSE: 0.9071, 
Val Loss: 2.0975, Val Acc: 0.5616, Val F1 Macro: 0.5803, Val F1 Micro: 0.5924, Val RMSE: 1.3197, 
Test Loss: 1.9274, Test Acc: 0.5893, Test F1 Macro: 0.6016, Test F1 Micro: 0.6150, Test RMSE: 1.3069

Epoch [15/20], Time: 5.07s, 
Train Loss: 0.0921, Train Acc: 0.9682, Train F1 Macro: 0.8127, Train F1 Micro: 0.8161, Train RMSE: 0.8811, 
Val Loss: 2.2734, Val Acc: 0.5847, Val F1 Macro: 0.5797, Val F1 Micro: 0.5918, Val RMSE: 1.3242, 
Test Loss: 2.1402, Test Acc: 0.6041, Test F1 Macro: 0.6007, Test F1 Micro: 0.6143, Test RMSE: 1.3125

Epoch [16/20], Time: 5.07s, 
Train Loss: 0.0819, Train Acc: 0.9720, Train F1 Macro: 0.8227, Train F1 Micro: 0.8259, Train RMSE: 0.8570, 
Val Loss: 2.3364, Val Acc: 0.5812, Val F1 Macro: 0.5790, Val F1 Micro: 0.5912, Val RMSE: 1.3252, 
Test Loss: 2.1166, Test Acc: 0.6028, Test F1 Macro: 0.6001, Test F1 Micro: 0.6136, Test RMSE: 1.3148

Epoch [17/20], Time: 5.07s, 
Train Loss: 0.0824, Train Acc: 0.9721, Train F1 Macro: 0.8315, Train F1 Micro: 0.8345, Train RMSE: 0.8357, 
Val Loss: 2.4196, Val Acc: 0.5694, Val F1 Macro: 0.5782, Val F1 Micro: 0.5899, Val RMSE: 1.3274, 
Test Loss: 2.1630, Test Acc: 0.6098, Test F1 Macro: 0.6001, Test F1 Micro: 0.6134, Test RMSE: 1.3136

Epoch [18/20], Time: 5.33s, 
Train Loss: 0.0799, Train Acc: 0.9739, Train F1 Macro: 0.8395, Train F1 Micro: 0.8422, Train RMSE: 0.8155, 
Val Loss: 2.6844, Val Acc: 0.5664, Val F1 Macro: 0.5768, Val F1 Micro: 0.5886, Val RMSE: 1.3279, 
Test Loss: 2.4174, Test Acc: 0.6041, Test F1 Macro: 0.5996, Test F1 Micro: 0.6129, Test RMSE: 1.3126

Epoch [19/20], Time: 5.10s, 
Train Loss: 0.0857, Train Acc: 0.9714, Train F1 Macro: 0.8464, Train F1 Micro: 0.8490, Train RMSE: 0.7968, 
Val Loss: 2.6620, Val Acc: 0.5712, Val F1 Macro: 0.5757, Val F1 Micro: 0.5877, Val RMSE: 1.3320, 
Test Loss: 2.4621, Test Acc: 0.6067, Test F1 Macro: 0.5992, Test F1 Micro: 0.6125, Test RMSE: 1.3136

Epoch [20/20], Time: 5.14s, 
Train Loss: 0.0692, Train Acc: 0.9767, Train F1 Macro: 0.8529, Train F1 Micro: 0.8554, Train RMSE: 0.7792, 
Val Loss: 2.7340, Val Acc: 0.5686, Val F1 Macro: 0.5749, Val F1 Micro: 0.5867, Val RMSE: 1.3337, 
Test Loss: 2.4363, Test Acc: 0.6032, Test F1 Macro: 0.5988, Test F1 Micro: 0.6121, Test RMSE: 1.3136

Total Training Time: 105.32s

Test Loss: 0.9593, Test Acc: 0.6189, Test F1 Macro: 0.6041, Test F1 Micro: 0.6189, Test RMSE: 1.2971
