===== SEED 42 =====
PyTorch Version : 2.11.0+cu128
cuda
2.4.speaker.pt
***** Best Result Updated at Epoch 1, Val Loss: 1.0983 *****
Epoch [1/20], Time: 5.12s, 
Train Loss: 1.2943, Train Acc: 0.4841, Train F1 Macro: 0.4580, Train F1 Micro: 0.4841, Train RMSE: 1.5814, 
Val Loss: 1.0983, Val Acc: 0.5712, Val F1 Macro: 0.5430, Val F1 Micro: 0.5712, Val RMSE: 1.4720, 
Test Loss: 1.0549, Test Acc: 0.5836, Test F1 Macro: 0.5610, Test F1 Micro: 0.5836, Test RMSE: 1.4537

***** Best Result Updated at Epoch 2, Val Loss: 1.0576 *****
Epoch [2/20], Time: 4.77s, 
Train Loss: 1.0621, Train Acc: 0.5859, Train F1 Macro: 0.5172, Train F1 Micro: 0.5350, Train RMSE: 1.4883, 
Val Loss: 1.0576, Val Acc: 0.5895, Val F1 Macro: 0.5539, Val F1 Micro: 0.5803, Val RMSE: 1.4445, 
Test Loss: 1.0207, Test Acc: 0.6002, Test F1 Macro: 0.5687, Test F1 Micro: 0.5919, Test RMSE: 1.4225

***** Best Result Updated at Epoch 3, Val Loss: 1.0206 *****
Epoch [3/20], Time: 4.72s, 
Train Loss: 0.9640, Train Acc: 0.6301, Train F1 Macro: 0.5517, Train F1 Micro: 0.5667, Train RMSE: 1.4203, 
Val Loss: 1.0206, Val Acc: 0.6056, Val F1 Macro: 0.5628, Val F1 Micro: 0.5887, Val RMSE: 1.4207, 
Test Loss: 0.9698, Test Acc: 0.6080, Test F1 Macro: 0.5757, Test F1 Micro: 0.5973, Test RMSE: 1.3950

***** Best Result Updated at Epoch 4, Val Loss: 1.0100 *****
Epoch [4/20], Time: 4.72s, 
Train Loss: 0.8519, Train Acc: 0.6761, Train F1 Macro: 0.5812, Train F1 Micro: 0.5940, Train RMSE: 1.3608, 
Val Loss: 1.0100, Val Acc: 0.6104, Val F1 Macro: 0.5716, Val F1 Micro: 0.5941, Val RMSE: 1.3988, 
Test Loss: 0.9564, Test Acc: 0.6302, Test F1 Macro: 0.5886, Test F1 Micro: 0.6055, Test RMSE: 1.3761

Epoch [5/20], Time: 4.68s, 
Train Loss: 0.7271, Train Acc: 0.7222, Train F1 Macro: 0.6085, Train F1 Micro: 0.6197, Train RMSE: 1.3021, 
Val Loss: 1.0346, Val Acc: 0.6069, Val F1 Macro: 0.5761, Val F1 Micro: 0.5967, Val RMSE: 1.3856, 
Test Loss: 0.9861, Test Acc: 0.6233, Test F1 Macro: 0.5937, Test F1 Micro: 0.6091, Test RMSE: 1.3584

Epoch [6/20], Time: 4.70s, 
Train Loss: 0.5989, Train Acc: 0.7716, Train F1 Macro: 0.6352, Train F1 Micro: 0.6450, Train RMSE: 1.2457, 
Val Loss: 1.1022, Val Acc: 0.6017, Val F1 Macro: 0.5799, Val F1 Micro: 0.5975, Val RMSE: 1.3810, 
Test Loss: 1.0502, Test Acc: 0.6193, Test F1 Macro: 0.5972, Test F1 Micro: 0.6108, Test RMSE: 1.3521

Epoch [7/20], Time: 4.86s, 
Train Loss: 0.4631, Train Acc: 0.8272, Train F1 Macro: 0.6626, Train F1 Micro: 0.6710, Train RMSE: 1.1887, 
Val Loss: 1.2519, Val Acc: 0.5969, Val F1 Macro: 0.5805, Val F1 Micro: 0.5974, Val RMSE: 1.3675, 
Test Loss: 1.2083, Test Acc: 0.6050, Test F1 Macro: 0.5961, Test F1 Micro: 0.6099, Test RMSE: 1.3417

Epoch [8/20], Time: 4.73s, 
Train Loss: 0.3347, Train Acc: 0.8780, Train F1 Macro: 0.6896, Train F1 Micro: 0.6969, Train RMSE: 1.1333, 
Val Loss: 1.3870, Val Acc: 0.5951, Val F1 Macro: 0.5814, Val F1 Micro: 0.5971, Val RMSE: 1.3559, 
Test Loss: 1.3023, Test Acc: 0.6137, Test F1 Macro: 0.5970, Test F1 Micro: 0.6104, Test RMSE: 1.3326

Epoch [9/20], Time: 4.82s, 
Train Loss: 0.2725, Train Acc: 0.9041, Train F1 Macro: 0.7135, Train F1 Micro: 0.7199, Train RMSE: 1.0844, 
Val Loss: 1.5239, Val Acc: 0.5890, Val F1 Macro: 0.5806, Val F1 Micro: 0.5962, Val RMSE: 1.3567, 
Test Loss: 1.4479, Test Acc: 0.6141, Test F1 Macro: 0.5975, Test F1 Micro: 0.6108, Test RMSE: 1.3306

Epoch [10/20], Time: 4.81s, 
Train Loss: 0.2011, Train Acc: 0.9309, Train F1 Macro: 0.7354, Train F1 Micro: 0.7410, Train RMSE: 1.0394, 
Val Loss: 1.6730, Val Acc: 0.5947, Val F1 Macro: 0.5810, Val F1 Micro: 0.5961, Val RMSE: 1.3584, 
Test Loss: 1.6081, Test Acc: 0.6115, Test F1 Macro: 0.5978, Test F1 Micro: 0.6109, Test RMSE: 1.3319

Epoch [11/20], Time: 4.79s, 
Train Loss: 0.1603, Train Acc: 0.9446, Train F1 Macro: 0.7545, Train F1 Micro: 0.7595, Train RMSE: 0.9998, 
Val Loss: 1.7815, Val Acc: 0.5855, Val F1 Macro: 0.5803, Val F1 Micro: 0.5951, Val RMSE: 1.3578, 
Test Loss: 1.7024, Test Acc: 0.6041, Test F1 Macro: 0.5975, Test F1 Micro: 0.6103, Test RMSE: 1.3299

Epoch [12/20], Time: 4.97s, 
Train Loss: 0.1354, Train Acc: 0.9518, Train F1 Macro: 0.7711, Train F1 Micro: 0.7755, Train RMSE: 0.9641, 
Val Loss: 1.9083, Val Acc: 0.5808, Val F1 Macro: 0.5793, Val F1 Micro: 0.5939, Val RMSE: 1.3577, 
Test Loss: 1.8270, Test Acc: 0.6058, Test F1 Macro: 0.5972, Test F1 Micro: 0.6099, Test RMSE: 1.3295

Epoch [13/20], Time: 4.82s, 
Train Loss: 0.1299, Train Acc: 0.9545, Train F1 Macro: 0.7852, Train F1 Micro: 0.7893, Train RMSE: 0.9326, 
Val Loss: 2.1138, Val Acc: 0.5799, Val F1 Macro: 0.5786, Val F1 Micro: 0.5928, Val RMSE: 1.3532, 
Test Loss: 1.9534, Test Acc: 0.5984, Test F1 Macro: 0.5963, Test F1 Micro: 0.6090, Test RMSE: 1.3239

Epoch [14/20], Time: 4.83s, 
Train Loss: 0.1062, Train Acc: 0.9634, Train F1 Macro: 0.7980, Train F1 Micro: 0.8017, Train RMSE: 0.9036, 
Val Loss: 2.1937, Val Acc: 0.5890, Val F1 Macro: 0.5785, Val F1 Micro: 0.5926, Val RMSE: 1.3531, 
Test Loss: 2.0714, Test Acc: 0.6080, Test F1 Macro: 0.5963, Test F1 Micro: 0.6089, Test RMSE: 1.3228

Epoch [15/20], Time: 4.90s, 
Train Loss: 0.0948, Train Acc: 0.9662, Train F1 Macro: 0.8093, Train F1 Micro: 0.8127, Train RMSE: 0.8770, 
Val Loss: 2.3985, Val Acc: 0.5860, Val F1 Macro: 0.5784, Val F1 Micro: 0.5921, Val RMSE: 1.3493, 
Test Loss: 2.1898, Test Acc: 0.6080, Test F1 Macro: 0.5962, Test F1 Micro: 0.6089, Test RMSE: 1.3211

Epoch [16/20], Time: 4.86s, 
Train Loss: 0.0847, Train Acc: 0.9709, Train F1 Macro: 0.8195, Train F1 Micro: 0.8226, Train RMSE: 0.8526, 
Val Loss: 2.5235, Val Acc: 0.5825, Val F1 Macro: 0.5777, Val F1 Micro: 0.5915, Val RMSE: 1.3510, 
Test Loss: 2.4422, Test Acc: 0.6058, Test F1 Macro: 0.5958, Test F1 Micro: 0.6087, Test RMSE: 1.3238

Epoch [17/20], Time: 4.91s, 
Train Loss: 0.0788, Train Acc: 0.9726, Train F1 Macro: 0.8285, Train F1 Micro: 0.8314, Train RMSE: 0.8305, 
Val Loss: 2.5613, Val Acc: 0.5681, Val F1 Macro: 0.5767, Val F1 Micro: 0.5902, Val RMSE: 1.3524, 
Test Loss: 2.3839, Test Acc: 0.5980, Test F1 Macro: 0.5955, Test F1 Micro: 0.6081, Test RMSE: 1.3222

Epoch [18/20], Time: 5.07s, 
Train Loss: 0.0738, Train Acc: 0.9752, Train F1 Macro: 0.8367, Train F1 Micro: 0.8394, Train RMSE: 0.8098, 
Val Loss: 2.7184, Val Acc: 0.5795, Val F1 Macro: 0.5764, Val F1 Micro: 0.5896, Val RMSE: 1.3561, 
Test Loss: 2.5955, Test Acc: 0.5993, Test F1 Macro: 0.5951, Test F1 Micro: 0.6076, Test RMSE: 1.3253

Epoch [19/20], Time: 4.90s, 
Train Loss: 0.0781, Train Acc: 0.9737, Train F1 Macro: 0.8439, Train F1 Micro: 0.8465, Train RMSE: 0.7913, 
Val Loss: 2.7783, Val Acc: 0.5838, Val F1 Macro: 0.5761, Val F1 Micro: 0.5893, Val RMSE: 1.3558, 
Test Loss: 2.6265, Test Acc: 0.6010, Test F1 Macro: 0.5947, Test F1 Micro: 0.6072, Test RMSE: 1.3251

Epoch [20/20], Time: 4.92s, 
Train Loss: 0.0712, Train Acc: 0.9751, Train F1 Macro: 0.8505, Train F1 Micro: 0.8529, Train RMSE: 0.7741, 
Val Loss: 2.8537, Val Acc: 0.5760, Val F1 Macro: 0.5754, Val F1 Micro: 0.5886, Val RMSE: 1.3547, 
Test Loss: 2.6522, Test Acc: 0.6024, Test F1 Macro: 0.5945, Test F1 Micro: 0.6070, Test RMSE: 1.3236

Total Training Time: 96.91s

Test Loss: 0.9564, Test Acc: 0.6302, Test F1 Macro: 0.6211, Test F1 Micro: 0.6302, Test RMSE: 1.3178
===== SEED 7 =====
PyTorch Version : 2.11.0+cu128
cuda
2.4.speaker.pt
***** Best Result Updated at Epoch 1, Val Loss: 1.1467 *****
Epoch [1/20], Time: 5.38s, 
Train Loss: 1.3178, Train Acc: 0.4743, Train F1 Macro: 0.4425, Train F1 Micro: 0.4743, Train RMSE: 1.6115, 
Val Loss: 1.1467, Val Acc: 0.5490, Val F1 Macro: 0.5241, Val F1 Micro: 0.5490, Val RMSE: 1.6142, 
Test Loss: 1.1022, Test Acc: 0.5588, Test F1 Macro: 0.5330, Test F1 Micro: 0.5588, Test RMSE: 1.6106

***** Best Result Updated at Epoch 2, Val Loss: 1.0460 *****
Epoch [2/20], Time: 4.93s, 
Train Loss: 1.0879, Train Acc: 0.5802, Train F1 Macro: 0.5053, Train F1 Micro: 0.5273, Train RMSE: 1.5278, 
Val Loss: 1.0460, Val Acc: 0.6030, Val F1 Macro: 0.5547, Val F1 Micro: 0.5760, Val RMSE: 1.5264, 
Test Loss: 1.0068, Test Acc: 0.5967, Test F1 Macro: 0.5542, Test F1 Micro: 0.5777, Test RMSE: 1.5088

***** Best Result Updated at Epoch 3, Val Loss: 1.0146 *****
Epoch [3/20], Time: 4.89s, 
Train Loss: 0.9759, Train Acc: 0.6258, Train F1 Macro: 0.5429, Train F1 Micro: 0.5601, Train RMSE: 1.4580, 
Val Loss: 1.0146, Val Acc: 0.6086, Val F1 Macro: 0.5683, Val F1 Micro: 0.5869, Val RMSE: 1.4749, 
Test Loss: 0.9851, Test Acc: 0.6119, Test F1 Macro: 0.5697, Test F1 Micro: 0.5891, Test RMSE: 1.4626

***** Best Result Updated at Epoch 4, Val Loss: 1.0014 *****
Epoch [4/20], Time: 5.11s, 
Train Loss: 0.8670, Train Acc: 0.6716, Train F1 Macro: 0.5729, Train F1 Micro: 0.5880, Train RMSE: 1.3971, 
Val Loss: 1.0014, Val Acc: 0.6199, Val F1 Macro: 0.5776, Val F1 Micro: 0.5951, Val RMSE: 1.4403, 
Test Loss: 0.9593, Test Acc: 0.6211, Test F1 Macro: 0.5797, Test F1 Micro: 0.5971, Test RMSE: 1.4286

Epoch [5/20], Time: 4.81s, 
Train Loss: 0.7430, Train Acc: 0.7157, Train F1 Macro: 0.6007, Train F1 Micro: 0.6135, Train RMSE: 1.3362, 
Val Loss: 1.0748, Val Acc: 0.6034, Val F1 Macro: 0.5808, Val F1 Micro: 0.5968, Val RMSE: 1.4283, 
Test Loss: 1.0223, Test Acc: 0.6193, Test F1 Macro: 0.5861, Test F1 Micro: 0.6016, Test RMSE: 1.4102

Epoch [6/20], Time: 4.84s, 
Train Loss: 0.5864, Train Acc: 0.7797, Train F1 Macro: 0.6303, Train F1 Micro: 0.6412, Train RMSE: 1.2729, 
Val Loss: 1.0810, Val Acc: 0.6130, Val F1 Macro: 0.5850, Val F1 Micro: 0.5995, Val RMSE: 1.4158, 
Test Loss: 1.0268, Test Acc: 0.6228, Test F1 Macro: 0.5907, Test F1 Micro: 0.6051, Test RMSE: 1.3964

Epoch [7/20], Time: 4.97s, 
Train Loss: 0.4564, Train Acc: 0.8351, Train F1 Macro: 0.6595, Train F1 Micro: 0.6689, Train RMSE: 1.2152, 
Val Loss: 1.2059, Val Acc: 0.5977, Val F1 Macro: 0.5845, Val F1 Micro: 0.5992, Val RMSE: 1.4007, 
Test Loss: 1.1485, Test Acc: 0.5989, Test F1 Macro: 0.5895, Test F1 Micro: 0.6042, Test RMSE: 1.3808

Epoch [8/20], Time: 4.85s, 
Train Loss: 0.3402, Train Acc: 0.8779, Train F1 Macro: 0.6869, Train F1 Micro: 0.6951, Train RMSE: 1.1589, 
Val Loss: 1.3898, Val Acc: 0.6086, Val F1 Macro: 0.5862, Val F1 Micro: 0.6004, Val RMSE: 1.3996, 
Test Loss: 1.3271, Test Acc: 0.6180, Test F1 Macro: 0.5916, Test F1 Micro: 0.6059, Test RMSE: 1.3787

Epoch [9/20], Time: 4.86s, 
Train Loss: 0.2630, Train Acc: 0.9064, Train F1 Macro: 0.7114, Train F1 Micro: 0.7185, Train RMSE: 1.1087, 
Val Loss: 1.4858, Val Acc: 0.6104, Val F1 Macro: 0.5874, Val F1 Micro: 0.6015, Val RMSE: 1.3958, 
Test Loss: 1.4326, Test Acc: 0.6076, Test F1 Macro: 0.5916, Test F1 Micro: 0.6061, Test RMSE: 1.3807

Epoch [10/20], Time: 4.88s, 
Train Loss: 0.2104, Train Acc: 0.9255, Train F1 Macro: 0.7329, Train F1 Micro: 0.7392, Train RMSE: 1.0645, 
Val Loss: 1.5943, Val Acc: 0.6030, Val F1 Macro: 0.5874, Val F1 Micro: 0.6017, Val RMSE: 1.3901, 
Test Loss: 1.5263, Test Acc: 0.5941, Test F1 Macro: 0.5905, Test F1 Micro: 0.6049, Test RMSE: 1.3763

Epoch [11/20], Time: 4.98s, 
Train Loss: 0.1574, Train Acc: 0.9452, Train F1 Macro: 0.7524, Train F1 Micro: 0.7580, Train RMSE: 1.0229, 
Val Loss: 1.7021, Val Acc: 0.5912, Val F1 Macro: 0.5870, Val F1 Micro: 0.6007, Val RMSE: 1.3894, 
Test Loss: 1.6283, Test Acc: 0.6067, Test F1 Macro: 0.5912, Test F1 Micro: 0.6051, Test RMSE: 1.3740

Epoch [12/20], Time: 5.22s, 
Train Loss: 0.1433, Train Acc: 0.9498, Train F1 Macro: 0.7689, Train F1 Micro: 0.7739, Train RMSE: 0.9865, 
Val Loss: 1.9212, Val Acc: 0.6021, Val F1 Macro: 0.5872, Val F1 Micro: 0.6008, Val RMSE: 1.3879, 
Test Loss: 1.8004, Test Acc: 0.6124, Test F1 Macro: 0.5922, Test F1 Micro: 0.6057, Test RMSE: 1.3748

Epoch [13/20], Time: 5.04s, 
Train Loss: 0.1319, Train Acc: 0.9520, Train F1 Macro: 0.7830, Train F1 Micro: 0.7876, Train RMSE: 0.9543, 
Val Loss: 1.9236, Val Acc: 0.5912, Val F1 Macro: 0.5863, Val F1 Micro: 0.6001, Val RMSE: 1.3819, 
Test Loss: 1.8580, Test Acc: 0.5945, Test F1 Macro: 0.5912, Test F1 Micro: 0.6048, Test RMSE: 1.3682

Epoch [14/20], Time: 5.02s, 
Train Loss: 0.1127, Train Acc: 0.9610, Train F1 Macro: 0.7958, Train F1 Micro: 0.8000, Train RMSE: 0.9248, 
Val Loss: 1.9943, Val Acc: 0.5943, Val F1 Macro: 0.5856, Val F1 Micro: 0.5997, Val RMSE: 1.3797, 
Test Loss: 1.9254, Test Acc: 0.5958, Test F1 Macro: 0.5905, Test F1 Micro: 0.6042, Test RMSE: 1.3665

Epoch [15/20], Time: 5.03s, 
Train Loss: 0.0897, Train Acc: 0.9699, Train F1 Macro: 0.8074, Train F1 Micro: 0.8113, Train RMSE: 0.8974, 
Val Loss: 2.1359, Val Acc: 0.5938, Val F1 Macro: 0.5853, Val F1 Micro: 0.5993, Val RMSE: 1.3767, 
Test Loss: 2.0537, Test Acc: 0.5963, Test F1 Macro: 0.5903, Test F1 Micro: 0.6037, Test RMSE: 1.3635

Epoch [16/20], Time: 5.09s, 
Train Loss: 0.0952, Train Acc: 0.9660, Train F1 Macro: 0.8174, Train F1 Micro: 0.8210, Train RMSE: 0.8732, 
Val Loss: 2.3019, Val Acc: 0.5716, Val F1 Macro: 0.5833, Val F1 Micro: 0.5975, Val RMSE: 1.3751, 
Test Loss: 2.1751, Test Acc: 0.5836, Test F1 Macro: 0.5886, Test F1 Micro: 0.6024, Test RMSE: 1.3641

Epoch [17/20], Time: 5.07s, 
Train Loss: 0.0753, Train Acc: 0.9759, Train F1 Macro: 0.8268, Train F1 Micro: 0.8301, Train RMSE: 0.8502, 
Val Loss: 2.3229, Val Acc: 0.5834, Val F1 Macro: 0.5827, Val F1 Micro: 0.5967, Val RMSE: 1.3756, 
Test Loss: 2.2167, Test Acc: 0.5963, Test F1 Macro: 0.5886, Test F1 Micro: 0.6020, Test RMSE: 1.3637

Epoch [18/20], Time: 5.28s, 
Train Loss: 0.0755, Train Acc: 0.9751, Train F1 Macro: 0.8350, Train F1 Micro: 0.8382, Train RMSE: 0.8293, 
Val Loss: 2.4658, Val Acc: 0.5908, Val F1 Macro: 0.5821, Val F1 Micro: 0.5964, Val RMSE: 1.3748, 
Test Loss: 2.3395, Test Acc: 0.5971, Test F1 Macro: 0.5881, Test F1 Micro: 0.6018, Test RMSE: 1.3618

Epoch [19/20], Time: 5.09s, 
Train Loss: 0.0740, Train Acc: 0.9762, Train F1 Macro: 0.8425, Train F1 Micro: 0.8454, Train RMSE: 0.8100, 
Val Loss: 2.5662, Val Acc: 0.5995, Val F1 Macro: 0.5822, Val F1 Micro: 0.5965, Val RMSE: 1.3745, 
Test Loss: 2.4368, Test Acc: 0.5963, Test F1 Macro: 0.5878, Test F1 Micro: 0.6015, Test RMSE: 1.3614

Epoch [20/20], Time: 5.12s, 
Train Loss: 0.0698, Train Acc: 0.9741, Train F1 Macro: 0.8491, Train F1 Micro: 0.8519, Train RMSE: 0.7926, 
Val Loss: 2.5464, Val Acc: 0.5838, Val F1 Macro: 0.5816, Val F1 Micro: 0.5959, Val RMSE: 1.3732, 
Test Loss: 2.4195, Test Acc: 0.5897, Test F1 Macro: 0.5871, Test F1 Micro: 0.6009, Test RMSE: 1.3610

Total Training Time: 100.45s

Test Loss: 0.9593, Test Acc: 0.6211, Test F1 Macro: 0.6091, Test F1 Micro: 0.6211, Test RMSE: 1.3214
===== SEED 13 =====
PyTorch Version : 2.11.0+cu128
cuda
2.4.speaker.pt
***** Best Result Updated at Epoch 1, Val Loss: 1.1886 *****
Epoch [1/20], Time: 5.28s, 
Train Loss: 1.3145, Train Acc: 0.4768, Train F1 Macro: 0.4496, Train F1 Micro: 0.4768, Train RMSE: 1.5727, 
Val Loss: 1.1886, Val Acc: 0.5451, Val F1 Macro: 0.5149, Val F1 Micro: 0.5451, Val RMSE: 1.6452, 
Test Loss: 1.1552, Test Acc: 0.5492, Test F1 Macro: 0.5105, Test F1 Micro: 0.5492, Test RMSE: 1.6815

***** Best Result Updated at Epoch 2, Val Loss: 1.0366 *****
Epoch [2/20], Time: 4.93s, 
Train Loss: 1.0823, Train Acc: 0.5821, Train F1 Macro: 0.5105, Train F1 Micro: 0.5295, Train RMSE: 1.4874, 
Val Loss: 1.0366, Val Acc: 0.5999, Val F1 Macro: 0.5541, Val F1 Micro: 0.5725, Val RMSE: 1.5196, 
Test Loss: 1.0026, Test Acc: 0.6045, Test F1 Macro: 0.5566, Test F1 Micro: 0.5769, Test RMSE: 1.5312

***** Best Result Updated at Epoch 3, Val Loss: 1.0139 *****
Epoch [3/20], Time: 4.80s, 
Train Loss: 0.9777, Train Acc: 0.6214, Train F1 Macro: 0.5439, Train F1 Micro: 0.5601, Train RMSE: 1.4260, 
Val Loss: 1.0139, Val Acc: 0.5951, Val F1 Macro: 0.5629, Val F1 Micro: 0.5800, Val RMSE: 1.4844, 
Test Loss: 0.9892, Test Acc: 0.6128, Test F1 Macro: 0.5707, Test F1 Micro: 0.5889, Test RMSE: 1.4846

***** Best Result Updated at Epoch 4, Val Loss: 0.9977 *****
Epoch [4/20], Time: 4.81s, 
Train Loss: 0.8842, Train Acc: 0.6617, Train F1 Macro: 0.5711, Train F1 Micro: 0.5855, Train RMSE: 1.3733, 
Val Loss: 0.9977, Val Acc: 0.6134, Val F1 Macro: 0.5725, Val F1 Micro: 0.5884, Val RMSE: 1.4421, 
Test Loss: 0.9658, Test Acc: 0.6189, Test F1 Macro: 0.5786, Test F1 Micro: 0.5964, Test RMSE: 1.4398

Epoch [5/20], Time: 4.77s, 
Train Loss: 0.7668, Train Acc: 0.7115, Train F1 Macro: 0.5978, Train F1 Micro: 0.6107, Train RMSE: 1.3169, 
Val Loss: 1.0140, Val Acc: 0.6130, Val F1 Macro: 0.5770, Val F1 Micro: 0.5933, Val RMSE: 1.4159, 
Test Loss: 0.9818, Test Acc: 0.6211, Test F1 Macro: 0.5838, Test F1 Micro: 0.6013, Test RMSE: 1.4131

Epoch [6/20], Time: 4.81s, 
Train Loss: 0.6290, Train Acc: 0.7668, Train F1 Macro: 0.6252, Train F1 Micro: 0.6367, Train RMSE: 1.2574, 
Val Loss: 1.0559, Val Acc: 0.6173, Val F1 Macro: 0.5819, Val F1 Micro: 0.5973, Val RMSE: 1.3918, 
Test Loss: 0.9994, Test Acc: 0.6315, Test F1 Macro: 0.5901, Test F1 Micro: 0.6063, Test RMSE: 1.3813

Epoch [7/20], Time: 4.96s, 
Train Loss: 0.5000, Train Acc: 0.8133, Train F1 Macro: 0.6518, Train F1 Micro: 0.6619, Train RMSE: 1.2051, 
Val Loss: 1.1709, Val Acc: 0.5821, Val F1 Macro: 0.5800, Val F1 Micro: 0.5951, Val RMSE: 1.3848, 
Test Loss: 1.1184, Test Acc: 0.6111, Test F1 Macro: 0.5902, Test F1 Micro: 0.6070, Test RMSE: 1.3734

Epoch [8/20], Time: 4.86s, 
Train Loss: 0.3686, Train Acc: 0.8697, Train F1 Macro: 0.6790, Train F1 Micro: 0.6879, Train RMSE: 1.1518, 
Val Loss: 1.2905, Val Acc: 0.6077, Val F1 Macro: 0.5821, Val F1 Micro: 0.5967, Val RMSE: 1.3803, 
Test Loss: 1.2326, Test Acc: 0.6254, Test F1 Macro: 0.5930, Test F1 Micro: 0.6093, Test RMSE: 1.3644

Epoch [9/20], Time: 4.86s, 
Train Loss: 0.2774, Train Acc: 0.8975, Train F1 Macro: 0.7034, Train F1 Micro: 0.7112, Train RMSE: 1.1023, 
Val Loss: 1.4291, Val Acc: 0.6012, Val F1 Macro: 0.5828, Val F1 Micro: 0.5972, Val RMSE: 1.3712, 
Test Loss: 1.3266, Test Acc: 0.6246, Test F1 Macro: 0.5953, Test F1 Micro: 0.6110, Test RMSE: 1.3515

Epoch [10/20], Time: 4.89s, 
Train Loss: 0.2104, Train Acc: 0.9269, Train F1 Macro: 0.7258, Train F1 Micro: 0.7328, Train RMSE: 1.0569, 
Val Loss: 1.6283, Val Acc: 0.6021, Val F1 Macro: 0.5834, Val F1 Micro: 0.5977, Val RMSE: 1.3683, 
Test Loss: 1.5178, Test Acc: 0.6206, Test F1 Macro: 0.5962, Test F1 Micro: 0.6120, Test RMSE: 1.3460

Epoch [11/20], Time: 4.89s, 
Train Loss: 0.1977, Train Acc: 0.9313, Train F1 Macro: 0.7446, Train F1 Micro: 0.7508, Train RMSE: 1.0186, 
Val Loss: 1.7025, Val Acc: 0.5912, Val F1 Macro: 0.5828, Val F1 Micro: 0.5971, Val RMSE: 1.3647, 
Test Loss: 1.5617, Test Acc: 0.6193, Test F1 Macro: 0.5970, Test F1 Micro: 0.6126, Test RMSE: 1.3407

Epoch [12/20], Time: 5.05s, 
Train Loss: 0.1391, Train Acc: 0.9523, Train F1 Macro: 0.7620, Train F1 Micro: 0.7676, Train RMSE: 0.9823, 
Val Loss: 1.7906, Val Acc: 0.5869, Val F1 Macro: 0.5821, Val F1 Micro: 0.5962, Val RMSE: 1.3660, 
Test Loss: 1.6662, Test Acc: 0.6250, Test F1 Macro: 0.5986, Test F1 Micro: 0.6137, Test RMSE: 1.3383

Epoch [13/20], Time: 4.92s, 
Train Loss: 0.1185, Train Acc: 0.9582, Train F1 Macro: 0.7772, Train F1 Micro: 0.7823, Train RMSE: 0.9492, 
Val Loss: 1.9334, Val Acc: 0.5929, Val F1 Macro: 0.5821, Val F1 Micro: 0.5960, Val RMSE: 1.3633, 
Test Loss: 1.7506, Test Acc: 0.6172, Test F1 Macro: 0.5989, Test F1 Micro: 0.6139, Test RMSE: 1.3345

Epoch [14/20], Time: 4.93s, 
Train Loss: 0.0994, Train Acc: 0.9653, Train F1 Macro: 0.7906, Train F1 Micro: 0.7953, Train RMSE: 0.9198, 
Val Loss: 2.1554, Val Acc: 0.5864, Val F1 Macro: 0.5815, Val F1 Micro: 0.5953, Val RMSE: 1.3627, 
Test Loss: 1.9915, Test Acc: 0.6111, Test F1 Macro: 0.5986, Test F1 Micro: 0.6137, Test RMSE: 1.3328

Epoch [15/20], Time: 4.96s, 
Train Loss: 0.0940, Train Acc: 0.9683, Train F1 Macro: 0.8025, Train F1 Micro: 0.8069, Train RMSE: 0.8928, 
Val Loss: 2.1762, Val Acc: 0.5890, Val F1 Macro: 0.5813, Val F1 Micro: 0.5949, Val RMSE: 1.3653, 
Test Loss: 1.9794, Test Acc: 0.6189, Test F1 Macro: 0.5992, Test F1 Micro: 0.6141, Test RMSE: 1.3333

Epoch [16/20], Time: 4.98s, 
Train Loss: 0.0905, Train Acc: 0.9708, Train F1 Macro: 0.8131, Train F1 Micro: 0.8171, Train RMSE: 0.8685, 
Val Loss: 2.2901, Val Acc: 0.5895, Val F1 Macro: 0.5814, Val F1 Micro: 0.5946, Val RMSE: 1.3678, 
Test Loss: 2.0644, Test Acc: 0.6185, Test F1 Macro: 0.5997, Test F1 Micro: 0.6144, Test RMSE: 1.3347

Epoch [17/20], Time: 4.99s, 
Train Loss: 0.0835, Train Acc: 0.9708, Train F1 Macro: 0.8224, Train F1 Micro: 0.8262, Train RMSE: 0.8466, 
Val Loss: 2.3764, Val Acc: 0.5825, Val F1 Macro: 0.5810, Val F1 Micro: 0.5938, Val RMSE: 1.3689, 
Test Loss: 2.1297, Test Acc: 0.6150, Test F1 Macro: 0.6000, Test F1 Micro: 0.6144, Test RMSE: 1.3351

Epoch [18/20], Time: 5.23s, 
Train Loss: 0.0769, Train Acc: 0.9746, Train F1 Macro: 0.8309, Train F1 Micro: 0.8344, Train RMSE: 0.8257, 
Val Loss: 2.4586, Val Acc: 0.5803, Val F1 Macro: 0.5804, Val F1 Micro: 0.5931, Val RMSE: 1.3693, 
Test Loss: 2.2321, Test Acc: 0.6067, Test F1 Macro: 0.5996, Test F1 Micro: 0.6140, Test RMSE: 1.3352

Epoch [19/20], Time: 5.02s, 
Train Loss: 0.0784, Train Acc: 0.9731, Train F1 Macro: 0.8384, Train F1 Micro: 0.8417, Train RMSE: 0.8067, 
Val Loss: 2.4091, Val Acc: 0.5825, Val F1 Macro: 0.5799, Val F1 Micro: 0.5925, Val RMSE: 1.3684, 
Test Loss: 2.2192, Test Acc: 0.6084, Test F1 Macro: 0.5992, Test F1 Micro: 0.6137, Test RMSE: 1.3342

Epoch [20/20], Time: 5.02s, 
Train Loss: 0.0688, Train Acc: 0.9768, Train F1 Macro: 0.8453, Train F1 Micro: 0.8485, Train RMSE: 0.7890, 
Val Loss: 2.5568, Val Acc: 0.5808, Val F1 Macro: 0.5795, Val F1 Micro: 0.5919, Val RMSE: 1.3666, 
Test Loss: 2.3427, Test Acc: 0.6050, Test F1 Macro: 0.5990, Test F1 Micro: 0.6132, Test RMSE: 1.3331

Total Training Time: 98.97s

Test Loss: 0.9658, Test Acc: 0.6189, Test F1 Macro: 0.6041, Test F1 Micro: 0.6189, Test RMSE: 1.2959
===== SEED 77 =====
PyTorch Version : 2.11.0+cu128
cuda
2.4.speaker.pt
***** Best Result Updated at Epoch 1, Val Loss: 1.1251 *****
Epoch [1/20], Time: 5.29s, 
Train Loss: 1.3109, Train Acc: 0.4797, Train F1 Macro: 0.4565, Train F1 Micro: 0.4797, Train RMSE: 1.6097, 
Val Loss: 1.1251, Val Acc: 0.5599, Val F1 Macro: 0.5529, Val F1 Micro: 0.5599, Val RMSE: 1.4699, 
Test Loss: 1.0754, Test Acc: 0.5841, Test F1 Macro: 0.5766, Test F1 Micro: 0.5841, Test RMSE: 1.3850

***** Best Result Updated at Epoch 2, Val Loss: 1.0427 *****
Epoch [2/20], Time: 4.96s, 
Train Loss: 1.0842, Train Acc: 0.5778, Train F1 Macro: 0.5110, Train F1 Micro: 0.5287, Train RMSE: 1.5237, 
Val Loss: 1.0427, Val Acc: 0.5943, Val F1 Macro: 0.5644, Val F1 Micro: 0.5771, Val RMSE: 1.4453, 
Test Loss: 0.9982, Test Acc: 0.6015, Test F1 Macro: 0.5797, Test F1 Micro: 0.5928, Test RMSE: 1.3879

***** Best Result Updated at Epoch 3, Val Loss: 1.0206 *****
Epoch [3/20], Time: 4.83s, 
Train Loss: 0.9759, Train Acc: 0.6226, Train F1 Macro: 0.5449, Train F1 Micro: 0.5600, Train RMSE: 1.4586, 
Val Loss: 1.0206, Val Acc: 0.6003, Val F1 Macro: 0.5700, Val F1 Micro: 0.5848, Val RMSE: 1.4368, 
Test Loss: 0.9777, Test Acc: 0.6159, Test F1 Macro: 0.5865, Test F1 Micro: 0.6005, Test RMSE: 1.3822

***** Best Result Updated at Epoch 4, Val Loss: 1.0167 *****
Epoch [4/20], Time: 4.83s, 
Train Loss: 0.8717, Train Acc: 0.6669, Train F1 Macro: 0.5734, Train F1 Micro: 0.5867, Train RMSE: 1.3988, 
Val Loss: 1.0167, Val Acc: 0.6091, Val F1 Macro: 0.5759, Val F1 Micro: 0.5909, Val RMSE: 1.4263, 
Test Loss: 0.9778, Test Acc: 0.6124, Test F1 Macro: 0.5892, Test F1 Micro: 0.6034, Test RMSE: 1.3781

Epoch [5/20], Time: 4.83s, 
Train Loss: 0.7477, Train Acc: 0.7146, Train F1 Macro: 0.6005, Train F1 Micro: 0.6123, Train RMSE: 1.3390, 
Val Loss: 1.0211, Val Acc: 0.6199, Val F1 Macro: 0.5828, Val F1 Micro: 0.5967, Val RMSE: 1.4055, 
Test Loss: 0.9850, Test Acc: 0.6267, Test F1 Macro: 0.5943, Test F1 Micro: 0.6081, Test RMSE: 1.3710

Epoch [6/20], Time: 4.83s, 
Train Loss: 0.6047, Train Acc: 0.7740, Train F1 Macro: 0.6288, Train F1 Micro: 0.6393, Train RMSE: 1.2802, 
Val Loss: 1.0938, Val Acc: 0.6030, Val F1 Macro: 0.5850, Val F1 Micro: 0.5977, Val RMSE: 1.3975, 
Test Loss: 1.0398, Test Acc: 0.6206, Test F1 Macro: 0.5970, Test F1 Micro: 0.6102, Test RMSE: 1.3590

Epoch [7/20], Time: 4.97s, 
Train Loss: 0.4792, Train Acc: 0.8256, Train F1 Macro: 0.6566, Train F1 Micro: 0.6659, Train RMSE: 1.2219, 
Val Loss: 1.1942, Val Acc: 0.6030, Val F1 Macro: 0.5852, Val F1 Micro: 0.5985, Val RMSE: 1.3904, 
Test Loss: 1.1326, Test Acc: 0.6185, Test F1 Macro: 0.5980, Test F1 Micro: 0.6114, Test RMSE: 1.3532

Epoch [8/20], Time: 4.90s, 
Train Loss: 0.3520, Train Acc: 0.8706, Train F1 Macro: 0.6832, Train F1 Micro: 0.6915, Train RMSE: 1.1677, 
Val Loss: 1.3268, Val Acc: 0.5982, Val F1 Macro: 0.5857, Val F1 Micro: 0.5984, Val RMSE: 1.3866, 
Test Loss: 1.2570, Test Acc: 0.6159, Test F1 Macro: 0.5987, Test F1 Micro: 0.6119, Test RMSE: 1.3524

Epoch [9/20], Time: 4.94s, 
Train Loss: 0.2601, Train Acc: 0.9065, Train F1 Macro: 0.7081, Train F1 Micro: 0.7154, Train RMSE: 1.1167, 
Val Loss: 1.4137, Val Acc: 0.6025, Val F1 Macro: 0.5866, Val F1 Micro: 0.5989, Val RMSE: 1.3760, 
Test Loss: 1.3394, Test Acc: 0.6145, Test F1 Macro: 0.5989, Test F1 Micro: 0.6122, Test RMSE: 1.3479

Epoch [10/20], Time: 4.88s, 
Train Loss: 0.1984, Train Acc: 0.9307, Train F1 Macro: 0.7306, Train F1 Micro: 0.7369, Train RMSE: 1.0704, 
Val Loss: 1.5614, Val Acc: 0.5895, Val F1 Macro: 0.5860, Val F1 Micro: 0.5980, Val RMSE: 1.3706, 
Test Loss: 1.4916, Test Acc: 0.5993, Test F1 Macro: 0.5976, Test F1 Micro: 0.6109, Test RMSE: 1.3446

Epoch [11/20], Time: 4.92s, 
Train Loss: 0.1615, Train Acc: 0.9438, Train F1 Macro: 0.7500, Train F1 Micro: 0.7557, Train RMSE: 1.0286, 
Val Loss: 1.8170, Val Acc: 0.5895, Val F1 Macro: 0.5851, Val F1 Micro: 0.5972, Val RMSE: 1.3654, 
Test Loss: 1.7337, Test Acc: 0.6067, Test F1 Macro: 0.5970, Test F1 Micro: 0.6105, Test RMSE: 1.3405

Epoch [12/20], Time: 5.09s, 
Train Loss: 0.1345, Train Acc: 0.9518, Train F1 Macro: 0.7669, Train F1 Micro: 0.7720, Train RMSE: 0.9918, 
Val Loss: 1.8478, Val Acc: 0.5838, Val F1 Macro: 0.5839, Val F1 Micro: 0.5961, Val RMSE: 1.3649, 
Test Loss: 1.7412, Test Acc: 0.6106, Test F1 Macro: 0.5970, Test F1 Micro: 0.6106, Test RMSE: 1.3386

Epoch [13/20], Time: 4.95s, 
Train Loss: 0.1248, Train Acc: 0.9569, Train F1 Macro: 0.7816, Train F1 Micro: 0.7863, Train RMSE: 0.9592, 
Val Loss: 1.9609, Val Acc: 0.5781, Val F1 Macro: 0.5824, Val F1 Micro: 0.5947, Val RMSE: 1.3653, 
Test Loss: 1.8633, Test Acc: 0.6010, Test F1 Macro: 0.5963, Test F1 Micro: 0.6098, Test RMSE: 1.3389

Epoch [14/20], Time: 4.95s, 
Train Loss: 0.1125, Train Acc: 0.9604, Train F1 Macro: 0.7944, Train F1 Micro: 0.7987, Train RMSE: 0.9297, 
Val Loss: 2.0466, Val Acc: 0.5781, Val F1 Macro: 0.5816, Val F1 Micro: 0.5935, Val RMSE: 1.3649, 
Test Loss: 1.9417, Test Acc: 0.5976, Test F1 Macro: 0.5956, Test F1 Micro: 0.6089, Test RMSE: 1.3385

Epoch [15/20], Time: 4.98s, 
Train Loss: 0.0955, Train Acc: 0.9668, Train F1 Macro: 0.8059, Train F1 Micro: 0.8099, Train RMSE: 0.9029, 
Val Loss: 2.1621, Val Acc: 0.5764, Val F1 Macro: 0.5804, Val F1 Micro: 0.5924, Val RMSE: 1.3628, 
Test Loss: 2.0597, Test Acc: 0.5976, Test F1 Macro: 0.5947, Test F1 Micro: 0.6082, Test RMSE: 1.3363

Epoch [16/20], Time: 4.99s, 
Train Loss: 0.0848, Train Acc: 0.9704, Train F1 Macro: 0.8162, Train F1 Micro: 0.8199, Train RMSE: 0.8786, 
Val Loss: 2.3349, Val Acc: 0.5725, Val F1 Macro: 0.5792, Val F1 Micro: 0.5911, Val RMSE: 1.3619, 
Test Loss: 2.2099, Test Acc: 0.6041, Test F1 Macro: 0.5945, Test F1 Micro: 0.6079, Test RMSE: 1.3350

Epoch [17/20], Time: 5.00s, 
Train Loss: 0.0807, Train Acc: 0.9717, Train F1 Macro: 0.8254, Train F1 Micro: 0.8289, Train RMSE: 0.8561, 
Val Loss: 2.4075, Val Acc: 0.5712, Val F1 Macro: 0.5779, Val F1 Micro: 0.5900, Val RMSE: 1.3611, 
Test Loss: 2.2817, Test Acc: 0.5980, Test F1 Macro: 0.5938, Test F1 Micro: 0.6073, Test RMSE: 1.3335

Epoch [18/20], Time: 5.21s, 
Train Loss: 0.0762, Train Acc: 0.9735, Train F1 Macro: 0.8337, Train F1 Micro: 0.8369, Train RMSE: 0.8351, 
Val Loss: 2.4370, Val Acc: 0.5825, Val F1 Macro: 0.5775, Val F1 Micro: 0.5895, Val RMSE: 1.3604, 
Test Loss: 2.3158, Test Acc: 0.5997, Test F1 Macro: 0.5934, Test F1 Micro: 0.6069, Test RMSE: 1.3342

Epoch [19/20], Time: 5.04s, 
Train Loss: 0.0676, Train Acc: 0.9774, Train F1 Macro: 0.8412, Train F1 Micro: 0.8443, Train RMSE: 0.8154, 
Val Loss: 2.5341, Val Acc: 0.5890, Val F1 Macro: 0.5776, Val F1 Micro: 0.5895, Val RMSE: 1.3613, 
Test Loss: 2.3643, Test Acc: 0.6137, Test F1 Macro: 0.5939, Test F1 Micro: 0.6073, Test RMSE: 1.3340

Epoch [20/20], Time: 5.04s, 
Train Loss: 0.0666, Train Acc: 0.9770, Train F1 Macro: 0.8481, Train F1 Micro: 0.8509, Train RMSE: 0.7975, 
Val Loss: 2.7539, Val Acc: 0.5712, Val F1 Macro: 0.5765, Val F1 Micro: 0.5886, Val RMSE: 1.3611, 
Test Loss: 2.5386, Test Acc: 0.6010, Test F1 Macro: 0.5933, Test F1 Micro: 0.6070, Test RMSE: 1.3327

Total Training Time: 99.43s

Test Loss: 0.9778, Test Acc: 0.6124, Test F1 Macro: 0.5987, Test F1 Micro: 0.6124, Test RMSE: 1.3656
===== SEED 123 =====
PyTorch Version : 2.11.0+cu128
cuda
2.4.speaker.pt
***** Best Result Updated at Epoch 1, Val Loss: 1.0790 *****
Epoch [1/20], Time: 5.29s, 
Train Loss: 1.2981, Train Acc: 0.4877, Train F1 Macro: 0.4627, Train F1 Micro: 0.4877, Train RMSE: 1.6014, 
Val Loss: 1.0790, Val Acc: 0.5786, Val F1 Macro: 0.5589, Val F1 Micro: 0.5786, Val RMSE: 1.4371, 
Test Loss: 1.0363, Test Acc: 0.5862, Test F1 Macro: 0.5640, Test F1 Micro: 0.5862, Test RMSE: 1.3973

***** Best Result Updated at Epoch 2, Val Loss: 1.0084 *****
Epoch [2/20], Time: 4.92s, 
Train Loss: 1.0654, Train Acc: 0.5879, Train F1 Macro: 0.5188, Train F1 Micro: 0.5378, Train RMSE: 1.4991, 
Val Loss: 1.0084, Val Acc: 0.6091, Val F1 Macro: 0.5765, Val F1 Micro: 0.5938, Val RMSE: 1.3963, 
Test Loss: 0.9712, Test Acc: 0.6237, Test F1 Macro: 0.5901, Test F1 Micro: 0.6050, Test RMSE: 1.3632

***** Best Result Updated at Epoch 3, Val Loss: 0.9964 *****
Epoch [3/20], Time: 4.79s, 
Train Loss: 0.9634, Train Acc: 0.6269, Train F1 Macro: 0.5514, Train F1 Micro: 0.5675, Train RMSE: 1.4356, 
Val Loss: 0.9964, Val Acc: 0.6117, Val F1 Macro: 0.5813, Val F1 Micro: 0.5998, Val RMSE: 1.3672, 
Test Loss: 0.9621, Test Acc: 0.6128, Test F1 Macro: 0.5922, Test F1 Micro: 0.6076, Test RMSE: 1.3535

Epoch [4/20], Time: 4.81s, 
Train Loss: 0.8409, Train Acc: 0.6804, Train F1 Macro: 0.5820, Train F1 Micro: 0.5957, Train RMSE: 1.3703, 
Val Loss: 1.0324, Val Acc: 0.6008, Val F1 Macro: 0.5833, Val F1 Micro: 0.6000, Val RMSE: 1.3739, 
Test Loss: 0.9982, Test Acc: 0.6150, Test F1 Macro: 0.5944, Test F1 Micro: 0.6094, Test RMSE: 1.3597

Epoch [5/20], Time: 4.81s, 
Train Loss: 0.7321, Train Acc: 0.7214, Train F1 Macro: 0.6090, Train F1 Micro: 0.6209, Train RMSE: 1.3118, 
Val Loss: 1.0342, Val Acc: 0.6056, Val F1 Macro: 0.5839, Val F1 Micro: 0.6011, Val RMSE: 1.3641, 
Test Loss: 0.9929, Test Acc: 0.6172, Test F1 Macro: 0.5956, Test F1 Micro: 0.6110, Test RMSE: 1.3549

Epoch [6/20], Time: 4.80s, 
Train Loss: 0.5845, Train Acc: 0.7864, Train F1 Macro: 0.6383, Train F1 Micro: 0.6484, Train RMSE: 1.2498, 
Val Loss: 1.0791, Val Acc: 0.6003, Val F1 Macro: 0.5847, Val F1 Micro: 0.6010, Val RMSE: 1.3467, 
Test Loss: 1.0195, Test Acc: 0.6185, Test F1 Macro: 0.5974, Test F1 Micro: 0.6122, Test RMSE: 1.3371

Epoch [7/20], Time: 4.96s, 
Train Loss: 0.4556, Train Acc: 0.8341, Train F1 Macro: 0.6662, Train F1 Micro: 0.6750, Train RMSE: 1.1937, 
Val Loss: 1.1734, Val Acc: 0.5973, Val F1 Macro: 0.5847, Val F1 Micro: 0.6005, Val RMSE: 1.3388, 
Test Loss: 1.0935, Test Acc: 0.6276, Test F1 Macro: 0.5998, Test F1 Micro: 0.6144, Test RMSE: 1.3296

Epoch [8/20], Time: 4.83s, 
Train Loss: 0.3372, Train Acc: 0.8804, Train F1 Macro: 0.6931, Train F1 Micro: 0.7006, Train RMSE: 1.1402, 
Val Loss: 1.3031, Val Acc: 0.6086, Val F1 Macro: 0.5856, Val F1 Micro: 0.6015, Val RMSE: 1.3326, 
Test Loss: 1.2165, Test Acc: 0.6180, Test F1 Macro: 0.6005, Test F1 Micro: 0.6149, Test RMSE: 1.3238

Epoch [9/20], Time: 4.87s, 
Train Loss: 0.2470, Train Acc: 0.9113, Train F1 Macro: 0.7175, Train F1 Micro: 0.7241, Train RMSE: 1.0902, 
Val Loss: 1.4417, Val Acc: 0.5999, Val F1 Macro: 0.5858, Val F1 Micro: 0.6013, Val RMSE: 1.3319, 
Test Loss: 1.3284, Test Acc: 0.6193, Test F1 Macro: 0.6013, Test F1 Micro: 0.6154, Test RMSE: 1.3186

Epoch [10/20], Time: 4.89s, 
Train Loss: 0.1912, Train Acc: 0.9314, Train F1 Macro: 0.7391, Train F1 Micro: 0.7448, Train RMSE: 1.0454, 
Val Loss: 1.6195, Val Acc: 0.5799, Val F1 Macro: 0.5842, Val F1 Micro: 0.5992, Val RMSE: 1.3303, 
Test Loss: 1.4672, Test Acc: 0.6198, Test F1 Macro: 0.6021, Test F1 Micro: 0.6158, Test RMSE: 1.3083

Epoch [11/20], Time: 4.90s, 
Train Loss: 0.1550, Train Acc: 0.9475, Train F1 Macro: 0.7582, Train F1 Micro: 0.7632, Train RMSE: 1.0047, 
Val Loss: 1.7919, Val Acc: 0.5799, Val F1 Macro: 0.5825, Val F1 Micro: 0.5974, Val RMSE: 1.3327, 
Test Loss: 1.6563, Test Acc: 0.6185, Test F1 Macro: 0.6022, Test F1 Micro: 0.6161, Test RMSE: 1.3053

Epoch [12/20], Time: 5.06s, 
Train Loss: 0.1322, Train Acc: 0.9528, Train F1 Macro: 0.7745, Train F1 Micro: 0.7790, Train RMSE: 0.9682, 
Val Loss: 1.9310, Val Acc: 0.5747, Val F1 Macro: 0.5806, Val F1 Micro: 0.5955, Val RMSE: 1.3336, 
Test Loss: 1.7820, Test Acc: 0.6198, Test F1 Macro: 0.6025, Test F1 Micro: 0.6164, Test RMSE: 1.3046

Epoch [13/20], Time: 4.95s, 
Train Loss: 0.1123, Train Acc: 0.9623, Train F1 Macro: 0.7891, Train F1 Micro: 0.7931, Train RMSE: 0.9356, 
Val Loss: 2.0296, Val Acc: 0.5795, Val F1 Macro: 0.5795, Val F1 Micro: 0.5943, Val RMSE: 1.3354, 
Test Loss: 1.8522, Test Acc: 0.6119, Test F1 Macro: 0.6021, Test F1 Micro: 0.6160, Test RMSE: 1.3019

Epoch [14/20], Time: 4.94s, 
Train Loss: 0.1086, Train Acc: 0.9634, Train F1 Macro: 0.8016, Train F1 Micro: 0.8053, Train RMSE: 0.9069, 
Val Loss: 2.0977, Val Acc: 0.5742, Val F1 Macro: 0.5785, Val F1 Micro: 0.5929, Val RMSE: 1.3395, 
Test Loss: 1.8847, Test Acc: 0.6067, Test F1 Macro: 0.6016, Test F1 Micro: 0.6154, Test RMSE: 1.3025

Epoch [15/20], Time: 4.95s, 
Train Loss: 0.0988, Train Acc: 0.9679, Train F1 Macro: 0.8127, Train F1 Micro: 0.8161, Train RMSE: 0.8809, 
Val Loss: 2.2538, Val Acc: 0.5781, Val F1 Macro: 0.5776, Val F1 Micro: 0.5919, Val RMSE: 1.3403, 
Test Loss: 2.0451, Test Acc: 0.6010, Test F1 Macro: 0.6005, Test F1 Micro: 0.6144, Test RMSE: 1.3026

Epoch [16/20], Time: 4.97s, 
Train Loss: 0.0910, Train Acc: 0.9701, Train F1 Macro: 0.8226, Train F1 Micro: 0.8257, Train RMSE: 0.8566, 
Val Loss: 2.2780, Val Acc: 0.5690, Val F1 Macro: 0.5769, Val F1 Micro: 0.5904, Val RMSE: 1.3417, 
Test Loss: 2.0380, Test Acc: 0.6024, Test F1 Macro: 0.6001, Test F1 Micro: 0.6136, Test RMSE: 1.3039

Epoch [17/20], Time: 4.99s, 
Train Loss: 0.0764, Train Acc: 0.9733, Train F1 Macro: 0.8315, Train F1 Micro: 0.8344, Train RMSE: 0.8344, 
Val Loss: 2.4266, Val Acc: 0.5751, Val F1 Macro: 0.5761, Val F1 Micro: 0.5895, Val RMSE: 1.3431, 
Test Loss: 2.1744, Test Acc: 0.6137, Test F1 Macro: 0.6000, Test F1 Micro: 0.6137, Test RMSE: 1.3032

Epoch [18/20], Time: 5.20s, 
Train Loss: 0.0726, Train Acc: 0.9755, Train F1 Macro: 0.8395, Train F1 Micro: 0.8423, Train RMSE: 0.8140, 
Val Loss: 2.5303, Val Acc: 0.5764, Val F1 Macro: 0.5755, Val F1 Micro: 0.5888, Val RMSE: 1.3445, 
Test Loss: 2.2728, Test Acc: 0.6106, Test F1 Macro: 0.5998, Test F1 Micro: 0.6135, Test RMSE: 1.3040

Epoch [19/20], Time: 4.99s, 
Train Loss: 0.0697, Train Acc: 0.9765, Train F1 Macro: 0.8468, Train F1 Micro: 0.8493, Train RMSE: 0.7953, 
Val Loss: 2.7567, Val Acc: 0.5821, Val F1 Macro: 0.5747, Val F1 Micro: 0.5885, Val RMSE: 1.3467, 
Test Loss: 2.5588, Test Acc: 0.6089, Test F1 Macro: 0.5994, Test F1 Micro: 0.6132, Test RMSE: 1.3066

Epoch [20/20], Time: 5.04s, 
Train Loss: 0.0659, Train Acc: 0.9775, Train F1 Macro: 0.8533, Train F1 Micro: 0.8557, Train RMSE: 0.7777, 
Val Loss: 2.6479, Val Acc: 0.5747, Val F1 Macro: 0.5742, Val F1 Micro: 0.5878, Val RMSE: 1.3489, 
Test Loss: 2.4352, Test Acc: 0.6028, Test F1 Macro: 0.5988, Test F1 Micro: 0.6127, Test RMSE: 1.3085

Total Training Time: 98.96s

Test Loss: 0.9621, Test Acc: 0.6128, Test F1 Macro: 0.5955, Test F1 Micro: 0.6128, Test RMSE: 1.3337
