===== SEED 42 =====
PyTorch Version : 2.11.0+cu128
cuda
2.4.speaker.pt
***** Best Result Updated at Epoch 1, Val Loss: 1.0907 *****
Epoch [1/20], Time: 5.30s, 
Train Loss: 1.2943, Train Acc: 0.4841, Train F1 Macro: 0.4580, Train F1 Micro: 0.4841, Train RMSE: 1.5814, 
Val Loss: 1.0907, Val Acc: 0.5760, Val F1 Macro: 0.5509, Val F1 Micro: 0.5760, Val RMSE: 1.4537, 
Test Loss: 1.0469, Test Acc: 0.5858, Test F1 Macro: 0.5642, Test F1 Micro: 0.5858, Test RMSE: 1.4376

***** Best Result Updated at Epoch 2, Val Loss: 1.0508 *****
Epoch [2/20], Time: 4.92s, 
Train Loss: 1.0621, Train Acc: 0.5859, Train F1 Macro: 0.5172, Train F1 Micro: 0.5350, Train RMSE: 1.4883, 
Val Loss: 1.0508, Val Acc: 0.5816, Val F1 Macro: 0.5538, Val F1 Micro: 0.5788, Val RMSE: 1.4316, 
Test Loss: 1.0149, Test Acc: 0.6002, Test F1 Macro: 0.5701, Test F1 Micro: 0.5930, Test RMSE: 1.4076

***** Best Result Updated at Epoch 3, Val Loss: 1.0130 *****
Epoch [3/20], Time: 5.15s, 
Train Loss: 0.9640, Train Acc: 0.6301, Train F1 Macro: 0.5517, Train F1 Micro: 0.5667, Train RMSE: 1.4203, 
Val Loss: 1.0130, Val Acc: 0.6086, Val F1 Macro: 0.5645, Val F1 Micro: 0.5887, Val RMSE: 1.3994, 
Test Loss: 0.9619, Test Acc: 0.6141, Test F1 Macro: 0.5793, Test F1 Micro: 0.6000, Test RMSE: 1.3718

***** Best Result Updated at Epoch 4, Val Loss: 1.0072 *****
Epoch [4/20], Time: 4.95s, 
Train Loss: 0.8519, Train Acc: 0.6761, Train F1 Macro: 0.5812, Train F1 Micro: 0.5940, Train RMSE: 1.3608, 
Val Loss: 1.0072, Val Acc: 0.6191, Val F1 Macro: 0.5753, Val F1 Micro: 0.5963, Val RMSE: 1.3761, 
Test Loss: 0.9511, Test Acc: 0.6320, Test F1 Macro: 0.5914, Test F1 Micro: 0.6080, Test RMSE: 1.3566

Epoch [5/20], Time: 4.92s, 
Train Loss: 0.7271, Train Acc: 0.7222, Train F1 Macro: 0.6085, Train F1 Micro: 0.6197, Train RMSE: 1.3021, 
Val Loss: 1.0306, Val Acc: 0.6099, Val F1 Macro: 0.5806, Val F1 Micro: 0.5990, Val RMSE: 1.3662, 
Test Loss: 0.9804, Test Acc: 0.6220, Test F1 Macro: 0.5957, Test F1 Micro: 0.6108, Test RMSE: 1.3423

Epoch [6/20], Time: 4.93s, 
Train Loss: 0.5989, Train Acc: 0.7716, Train F1 Macro: 0.6352, Train F1 Micro: 0.6450, Train RMSE: 1.2457, 
Val Loss: 1.1040, Val Acc: 0.6043, Val F1 Macro: 0.5841, Val F1 Micro: 0.5999, Val RMSE: 1.3635, 
Test Loss: 1.0489, Test Acc: 0.6185, Test F1 Macro: 0.5985, Test F1 Micro: 0.6121, Test RMSE: 1.3383

Epoch [7/20], Time: 4.96s, 
Train Loss: 0.4631, Train Acc: 0.8272, Train F1 Macro: 0.6626, Train F1 Micro: 0.6710, Train RMSE: 1.1887, 
Val Loss: 1.2521, Val Acc: 0.5960, Val F1 Macro: 0.5840, Val F1 Micro: 0.5994, Val RMSE: 1.3517, 
Test Loss: 1.2057, Test Acc: 0.6071, Test F1 Macro: 0.5977, Test F1 Micro: 0.6114, Test RMSE: 1.3278

Epoch [8/20], Time: 5.12s, 
Train Loss: 0.3347, Train Acc: 0.8780, Train F1 Macro: 0.6896, Train F1 Micro: 0.6969, Train RMSE: 1.1333, 
Val Loss: 1.3894, Val Acc: 0.5982, Val F1 Macro: 0.5847, Val F1 Micro: 0.5992, Val RMSE: 1.3408, 
Test Loss: 1.3026, Test Acc: 0.6106, Test F1 Macro: 0.5981, Test F1 Micro: 0.6113, Test RMSE: 1.3206

Epoch [9/20], Time: 5.00s, 
Train Loss: 0.2725, Train Acc: 0.9041, Train F1 Macro: 0.7135, Train F1 Micro: 0.7199, Train RMSE: 1.0844, 
Val Loss: 1.5222, Val Acc: 0.5938, Val F1 Macro: 0.5841, Val F1 Micro: 0.5986, Val RMSE: 1.3403, 
Test Loss: 1.4443, Test Acc: 0.6145, Test F1 Macro: 0.5986, Test F1 Micro: 0.6116, Test RMSE: 1.3183

Epoch [10/20], Time: 4.95s, 
Train Loss: 0.2011, Train Acc: 0.9309, Train F1 Macro: 0.7354, Train F1 Micro: 0.7410, Train RMSE: 1.0394, 
Val Loss: 1.6755, Val Acc: 0.5956, Val F1 Macro: 0.5842, Val F1 Micro: 0.5983, Val RMSE: 1.3435, 
Test Loss: 1.6069, Test Acc: 0.6106, Test F1 Macro: 0.5987, Test F1 Micro: 0.6115, Test RMSE: 1.3201

Epoch [11/20], Time: 4.95s, 
Train Loss: 0.1603, Train Acc: 0.9446, Train F1 Macro: 0.7545, Train F1 Micro: 0.7595, Train RMSE: 0.9998, 
Val Loss: 1.7785, Val Acc: 0.5860, Val F1 Macro: 0.5832, Val F1 Micro: 0.5972, Val RMSE: 1.3433, 
Test Loss: 1.6964, Test Acc: 0.6050, Test F1 Macro: 0.5983, Test F1 Micro: 0.6109, Test RMSE: 1.3190

Epoch [12/20], Time: 4.97s, 
Train Loss: 0.1354, Train Acc: 0.9518, Train F1 Macro: 0.7711, Train F1 Micro: 0.7755, Train RMSE: 0.9641, 
Val Loss: 1.9105, Val Acc: 0.5847, Val F1 Macro: 0.5823, Val F1 Micro: 0.5961, Val RMSE: 1.3429, 
Test Loss: 1.8269, Test Acc: 0.6089, Test F1 Macro: 0.5982, Test F1 Micro: 0.6108, Test RMSE: 1.3190

Epoch [13/20], Time: 5.36s, 
Train Loss: 0.1299, Train Acc: 0.9545, Train F1 Macro: 0.7852, Train F1 Micro: 0.7893, Train RMSE: 0.9326, 
Val Loss: 2.1274, Val Acc: 0.5803, Val F1 Macro: 0.5815, Val F1 Micro: 0.5949, Val RMSE: 1.3389, 
Test Loss: 1.9562, Test Acc: 0.5989, Test F1 Macro: 0.5973, Test F1 Micro: 0.6099, Test RMSE: 1.3143

Epoch [14/20], Time: 5.18s, 
Train Loss: 0.1062, Train Acc: 0.9634, Train F1 Macro: 0.7980, Train F1 Micro: 0.8017, Train RMSE: 0.9036, 
Val Loss: 2.1958, Val Acc: 0.5899, Val F1 Macro: 0.5812, Val F1 Micro: 0.5946, Val RMSE: 1.3403, 
Test Loss: 2.0665, Test Acc: 0.6067, Test F1 Macro: 0.5970, Test F1 Micro: 0.6096, Test RMSE: 1.3146

Epoch [15/20], Time: 5.10s, 
Train Loss: 0.0948, Train Acc: 0.9662, Train F1 Macro: 0.8093, Train F1 Micro: 0.8127, Train RMSE: 0.8770, 
Val Loss: 2.4074, Val Acc: 0.5895, Val F1 Macro: 0.5811, Val F1 Micro: 0.5942, Val RMSE: 1.3362, 
Test Loss: 2.1866, Test Acc: 0.6084, Test F1 Macro: 0.5969, Test F1 Micro: 0.6096, Test RMSE: 1.3129

Epoch [16/20], Time: 5.05s, 
Train Loss: 0.0847, Train Acc: 0.9709, Train F1 Macro: 0.8195, Train F1 Micro: 0.8226, Train RMSE: 0.8526, 
Val Loss: 2.5046, Val Acc: 0.5838, Val F1 Macro: 0.5804, Val F1 Micro: 0.5936, Val RMSE: 1.3384, 
Test Loss: 2.4212, Test Acc: 0.6058, Test F1 Macro: 0.5965, Test F1 Micro: 0.6093, Test RMSE: 1.3153

Epoch [17/20], Time: 5.08s, 
Train Loss: 0.0788, Train Acc: 0.9726, Train F1 Macro: 0.8285, Train F1 Micro: 0.8314, Train RMSE: 0.8305, 
Val Loss: 2.5634, Val Acc: 0.5681, Val F1 Macro: 0.5793, Val F1 Micro: 0.5921, Val RMSE: 1.3398, 
Test Loss: 2.3791, Test Acc: 0.5976, Test F1 Macro: 0.5962, Test F1 Micro: 0.6086, Test RMSE: 1.3143

Epoch [18/20], Time: 5.29s, 
Train Loss: 0.0738, Train Acc: 0.9752, Train F1 Macro: 0.8367, Train F1 Micro: 0.8394, Train RMSE: 0.8098, 
Val Loss: 2.7236, Val Acc: 0.5795, Val F1 Macro: 0.5789, Val F1 Micro: 0.5914, Val RMSE: 1.3444, 
Test Loss: 2.5858, Test Acc: 0.6028, Test F1 Macro: 0.5959, Test F1 Micro: 0.6083, Test RMSE: 1.3164

Epoch [19/20], Time: 5.30s, 
Train Loss: 0.0781, Train Acc: 0.9737, Train F1 Macro: 0.8439, Train F1 Micro: 0.8465, Train RMSE: 0.7913, 
Val Loss: 2.7737, Val Acc: 0.5855, Val F1 Macro: 0.5785, Val F1 Micro: 0.5911, Val RMSE: 1.3441, 
Test Loss: 2.6129, Test Acc: 0.6028, Test F1 Macro: 0.5955, Test F1 Micro: 0.6080, Test RMSE: 1.3153

Epoch [20/20], Time: 5.23s, 
Train Loss: 0.0712, Train Acc: 0.9751, Train F1 Macro: 0.8505, Train F1 Micro: 0.8529, Train RMSE: 0.7741, 
Val Loss: 2.8494, Val Acc: 0.5760, Val F1 Macro: 0.5778, Val F1 Micro: 0.5903, Val RMSE: 1.3439, 
Test Loss: 2.6390, Test Acc: 0.6041, Test F1 Macro: 0.5954, Test F1 Micro: 0.6078, Test RMSE: 1.3136

Total Training Time: 101.69s

Test Loss: 0.9511, Test Acc: 0.6320, Test F1 Macro: 0.6221, Test F1 Micro: 0.6320, Test RMSE: 1.3098
===== SEED 7 =====
PyTorch Version : 2.11.0+cu128
cuda
2.4.speaker.pt
***** Best Result Updated at Epoch 1, Val Loss: 1.1381 *****
Epoch [1/20], Time: 5.34s, 
Train Loss: 1.3178, Train Acc: 0.4743, Train F1 Macro: 0.4425, Train F1 Micro: 0.4743, Train RMSE: 1.6115, 
Val Loss: 1.1381, Val Acc: 0.5542, Val F1 Macro: 0.5348, Val F1 Micro: 0.5542, Val RMSE: 1.5930, 
Test Loss: 1.0913, Test Acc: 0.5740, Test F1 Macro: 0.5534, Test F1 Micro: 0.5740, Test RMSE: 1.5323

***** Best Result Updated at Epoch 2, Val Loss: 1.0381 *****
Epoch [2/20], Time: 4.97s, 
Train Loss: 1.0879, Train Acc: 0.5802, Train F1 Macro: 0.5053, Train F1 Micro: 0.5273, Train RMSE: 1.5278, 
Val Loss: 1.0381, Val Acc: 0.6073, Val F1 Macro: 0.5626, Val F1 Micro: 0.5808, Val RMSE: 1.4958, 
Test Loss: 0.9981, Test Acc: 0.6058, Test F1 Macro: 0.5706, Test F1 Micro: 0.5899, Test RMSE: 1.4475

***** Best Result Updated at Epoch 3, Val Loss: 1.0093 *****
Epoch [3/20], Time: 4.82s, 
Train Loss: 0.9759, Train Acc: 0.6258, Train F1 Macro: 0.5429, Train F1 Micro: 0.5601, Train RMSE: 1.4580, 
Val Loss: 1.0093, Val Acc: 0.6091, Val F1 Macro: 0.5740, Val F1 Micro: 0.5902, Val RMSE: 1.4517, 
Test Loss: 0.9785, Test Acc: 0.6154, Test F1 Macro: 0.5811, Test F1 Micro: 0.5984, Test RMSE: 1.4114

***** Best Result Updated at Epoch 4, Val Loss: 0.9971 *****
Epoch [4/20], Time: 4.81s, 
Train Loss: 0.8670, Train Acc: 0.6716, Train F1 Macro: 0.5729, Train F1 Micro: 0.5880, Train RMSE: 1.3971, 
Val Loss: 0.9971, Val Acc: 0.6226, Val F1 Macro: 0.5832, Val F1 Micro: 0.5983, Val RMSE: 1.4117, 
Test Loss: 0.9523, Test Acc: 0.6254, Test F1 Macro: 0.5893, Test F1 Micro: 0.6052, Test RMSE: 1.3835

Epoch [5/20], Time: 4.80s, 
Train Loss: 0.7430, Train Acc: 0.7157, Train F1 Macro: 0.6007, Train F1 Micro: 0.6135, Train RMSE: 1.3362, 
Val Loss: 1.0736, Val Acc: 0.6034, Val F1 Macro: 0.5848, Val F1 Micro: 0.5993, Val RMSE: 1.4017, 
Test Loss: 1.0197, Test Acc: 0.6206, Test F1 Macro: 0.5937, Test F1 Micro: 0.6083, Test RMSE: 1.3723

Epoch [6/20], Time: 4.81s, 
Train Loss: 0.5864, Train Acc: 0.7797, Train F1 Macro: 0.6303, Train F1 Micro: 0.6412, Train RMSE: 1.2729, 
Val Loss: 1.0847, Val Acc: 0.6138, Val F1 Macro: 0.5886, Val F1 Micro: 0.6017, Val RMSE: 1.3917, 
Test Loss: 1.0273, Test Acc: 0.6254, Test F1 Macro: 0.5977, Test F1 Micro: 0.6111, Test RMSE: 1.3623

Epoch [7/20], Time: 4.98s, 
Train Loss: 0.4564, Train Acc: 0.8351, Train F1 Macro: 0.6595, Train F1 Micro: 0.6689, Train RMSE: 1.2152, 
Val Loss: 1.2081, Val Acc: 0.6012, Val F1 Macro: 0.5883, Val F1 Micro: 0.6017, Val RMSE: 1.3782, 
Test Loss: 1.1484, Test Acc: 0.6010, Test F1 Macro: 0.5960, Test F1 Micro: 0.6097, Test RMSE: 1.3492

Epoch [8/20], Time: 4.86s, 
Train Loss: 0.3402, Train Acc: 0.8779, Train F1 Macro: 0.6869, Train F1 Micro: 0.6951, Train RMSE: 1.1589, 
Val Loss: 1.3922, Val Acc: 0.6121, Val F1 Macro: 0.5899, Val F1 Micro: 0.6030, Val RMSE: 1.3771, 
Test Loss: 1.3239, Test Acc: 0.6180, Test F1 Macro: 0.5974, Test F1 Micro: 0.6107, Test RMSE: 1.3495

Epoch [9/20], Time: 4.86s, 
Train Loss: 0.2630, Train Acc: 0.9064, Train F1 Macro: 0.7114, Train F1 Micro: 0.7185, Train RMSE: 1.1087, 
Val Loss: 1.4816, Val Acc: 0.6130, Val F1 Macro: 0.5911, Val F1 Micro: 0.6041, Val RMSE: 1.3733, 
Test Loss: 1.4221, Test Acc: 0.6111, Test F1 Macro: 0.5973, Test F1 Micro: 0.6108, Test RMSE: 1.3520

Epoch [10/20], Time: 4.90s, 
Train Loss: 0.2104, Train Acc: 0.9255, Train F1 Macro: 0.7329, Train F1 Micro: 0.7392, Train RMSE: 1.0645, 
Val Loss: 1.5911, Val Acc: 0.6012, Val F1 Macro: 0.5908, Val F1 Micro: 0.6038, Val RMSE: 1.3688, 
Test Loss: 1.5178, Test Acc: 0.5967, Test F1 Macro: 0.5959, Test F1 Micro: 0.6094, Test RMSE: 1.3481

Epoch [11/20], Time: 4.93s, 
Train Loss: 0.1574, Train Acc: 0.9452, Train F1 Macro: 0.7524, Train F1 Micro: 0.7580, Train RMSE: 1.0229, 
Val Loss: 1.7118, Val Acc: 0.5925, Val F1 Macro: 0.5902, Val F1 Micro: 0.6028, Val RMSE: 1.3678, 
Test Loss: 1.6290, Test Acc: 0.6080, Test F1 Macro: 0.5964, Test F1 Micro: 0.6092, Test RMSE: 1.3463

Epoch [12/20], Time: 5.10s, 
Train Loss: 0.1433, Train Acc: 0.9498, Train F1 Macro: 0.7689, Train F1 Micro: 0.7739, Train RMSE: 0.9865, 
Val Loss: 1.9323, Val Acc: 0.6060, Val F1 Macro: 0.5904, Val F1 Micro: 0.6030, Val RMSE: 1.3660, 
Test Loss: 1.7994, Test Acc: 0.6159, Test F1 Macro: 0.5971, Test F1 Micro: 0.6098, Test RMSE: 1.3457

Epoch [13/20], Time: 5.04s, 
Train Loss: 0.1319, Train Acc: 0.9520, Train F1 Macro: 0.7830, Train F1 Micro: 0.7876, Train RMSE: 0.9543, 
Val Loss: 1.9212, Val Acc: 0.5925, Val F1 Macro: 0.5895, Val F1 Micro: 0.6022, Val RMSE: 1.3608, 
Test Loss: 1.8486, Test Acc: 0.5958, Test F1 Macro: 0.5960, Test F1 Micro: 0.6087, Test RMSE: 1.3401

Epoch [14/20], Time: 4.94s, 
Train Loss: 0.1127, Train Acc: 0.9610, Train F1 Macro: 0.7958, Train F1 Micro: 0.8000, Train RMSE: 0.9248, 
Val Loss: 1.9963, Val Acc: 0.5964, Val F1 Macro: 0.5889, Val F1 Micro: 0.6018, Val RMSE: 1.3586, 
Test Loss: 1.9153, Test Acc: 0.5976, Test F1 Macro: 0.5953, Test F1 Micro: 0.6079, Test RMSE: 1.3377

Epoch [15/20], Time: 4.95s, 
Train Loss: 0.0897, Train Acc: 0.9699, Train F1 Macro: 0.8074, Train F1 Micro: 0.8113, Train RMSE: 0.8974, 
Val Loss: 2.1423, Val Acc: 0.5964, Val F1 Macro: 0.5886, Val F1 Micro: 0.6015, Val RMSE: 1.3555, 
Test Loss: 2.0516, Test Acc: 0.5967, Test F1 Macro: 0.5948, Test F1 Micro: 0.6072, Test RMSE: 1.3351

Epoch [16/20], Time: 4.97s, 
Train Loss: 0.0952, Train Acc: 0.9660, Train F1 Macro: 0.8174, Train F1 Micro: 0.8210, Train RMSE: 0.8732, 
Val Loss: 2.2933, Val Acc: 0.5721, Val F1 Macro: 0.5865, Val F1 Micro: 0.5996, Val RMSE: 1.3549, 
Test Loss: 2.1567, Test Acc: 0.5880, Test F1 Macro: 0.5932, Test F1 Micro: 0.6060, Test RMSE: 1.3360

Epoch [17/20], Time: 5.00s, 
Train Loss: 0.0753, Train Acc: 0.9759, Train F1 Macro: 0.8268, Train F1 Micro: 0.8301, Train RMSE: 0.8502, 
Val Loss: 2.3306, Val Acc: 0.5877, Val F1 Macro: 0.5860, Val F1 Micro: 0.5989, Val RMSE: 1.3549, 
Test Loss: 2.2122, Test Acc: 0.6024, Test F1 Macro: 0.5933, Test F1 Micro: 0.6058, Test RMSE: 1.3357

Epoch [18/20], Time: 5.22s, 
Train Loss: 0.0755, Train Acc: 0.9751, Train F1 Macro: 0.8350, Train F1 Micro: 0.8382, Train RMSE: 0.8293, 
Val Loss: 2.4602, Val Acc: 0.5916, Val F1 Macro: 0.5854, Val F1 Micro: 0.5985, Val RMSE: 1.3543, 
Test Loss: 2.3265, Test Acc: 0.5967, Test F1 Macro: 0.5926, Test F1 Micro: 0.6053, Test RMSE: 1.3347

Epoch [19/20], Time: 5.01s, 
Train Loss: 0.0740, Train Acc: 0.9762, Train F1 Macro: 0.8425, Train F1 Micro: 0.8454, Train RMSE: 0.8100, 
Val Loss: 2.5737, Val Acc: 0.5990, Val F1 Macro: 0.5853, Val F1 Micro: 0.5985, Val RMSE: 1.3537, 
Test Loss: 2.4307, Test Acc: 0.5993, Test F1 Macro: 0.5923, Test F1 Micro: 0.6049, Test RMSE: 1.3346

Epoch [20/20], Time: 5.02s, 
Train Loss: 0.0698, Train Acc: 0.9741, Train F1 Macro: 0.8491, Train F1 Micro: 0.8519, Train RMSE: 0.7926, 
Val Loss: 2.5565, Val Acc: 0.5886, Val F1 Macro: 0.5848, Val F1 Micro: 0.5980, Val RMSE: 1.3529, 
Test Loss: 2.4151, Test Acc: 0.5897, Test F1 Macro: 0.5914, Test F1 Micro: 0.6042, Test RMSE: 1.3346

Total Training Time: 99.34s

Test Loss: 0.9523, Test Acc: 0.6254, Test F1 Macro: 0.6134, Test F1 Micro: 0.6254, Test RMSE: 1.2963
===== SEED 13 =====
PyTorch Version : 2.11.0+cu128
cuda
2.4.speaker.pt
***** Best Result Updated at Epoch 1, Val Loss: 1.1693 *****
Epoch [1/20], Time: 26.15s, 
Train Loss: 1.3145, Train Acc: 0.4768, Train F1 Macro: 0.4496, Train F1 Micro: 0.4768, Train RMSE: 1.5727, 
Val Loss: 1.1693, Val Acc: 0.5516, Val F1 Macro: 0.5197, Val F1 Micro: 0.5516, Val RMSE: 1.6249, 
Test Loss: 1.1380, Test Acc: 0.5592, Test F1 Macro: 0.5276, Test F1 Micro: 0.5592, Test RMSE: 1.6168

***** Best Result Updated at Epoch 2, Val Loss: 1.0312 *****
Epoch [2/20], Time: 25.59s, 
Train Loss: 1.0823, Train Acc: 0.5821, Train F1 Macro: 0.5105, Train F1 Micro: 0.5295, Train RMSE: 1.4874, 
Val Loss: 1.0312, Val Acc: 0.6047, Val F1 Macro: 0.5602, Val F1 Micro: 0.5781, Val RMSE: 1.5040, 
Test Loss: 0.9966, Test Acc: 0.6098, Test F1 Macro: 0.5668, Test F1 Micro: 0.5845, Test RMSE: 1.4773

***** Best Result Updated at Epoch 3, Val Loss: 1.0080 *****
Epoch [3/20], Time: 25.37s, 
Train Loss: 0.9777, Train Acc: 0.6214, Train F1 Macro: 0.5439, Train F1 Micro: 0.5601, Train RMSE: 1.4260, 
Val Loss: 1.0080, Val Acc: 0.5982, Val F1 Macro: 0.5682, Val F1 Micro: 0.5848, Val RMSE: 1.4684, 
Test Loss: 0.9834, Test Acc: 0.6189, Test F1 Macro: 0.5795, Test F1 Micro: 0.5960, Test RMSE: 1.4405

***** Best Result Updated at Epoch 4, Val Loss: 0.9908 *****
Epoch [4/20], Time: 25.34s, 
Train Loss: 0.8842, Train Acc: 0.6617, Train F1 Macro: 0.5711, Train F1 Micro: 0.5855, Train RMSE: 1.3733, 
Val Loss: 0.9908, Val Acc: 0.6117, Val F1 Macro: 0.5760, Val F1 Micro: 0.5915, Val RMSE: 1.4255, 
Test Loss: 0.9591, Test Acc: 0.6233, Test F1 Macro: 0.5872, Test F1 Micro: 0.6028, Test RMSE: 1.4005

Epoch [5/20], Time: 25.37s, 
Train Loss: 0.7668, Train Acc: 0.7115, Train F1 Macro: 0.5978, Train F1 Micro: 0.6107, Train RMSE: 1.3169, 
Val Loss: 1.0123, Val Acc: 0.6117, Val F1 Macro: 0.5796, Val F1 Micro: 0.5956, Val RMSE: 1.4013, 
Test Loss: 0.9796, Test Acc: 0.6202, Test F1 Macro: 0.5907, Test F1 Micro: 0.6063, Test RMSE: 1.3825

Epoch [6/20], Time: 25.37s, 
Train Loss: 0.6290, Train Acc: 0.7668, Train F1 Macro: 0.6252, Train F1 Micro: 0.6367, Train RMSE: 1.2574, 
Val Loss: 1.0543, Val Acc: 0.6169, Val F1 Macro: 0.5843, Val F1 Micro: 0.5991, Val RMSE: 1.3798, 
Test Loss: 0.9965, Test Acc: 0.6302, Test F1 Macro: 0.5957, Test F1 Micro: 0.6103, Test RMSE: 1.3542

Epoch [7/20], Time: 25.42s, 
Train Loss: 0.5000, Train Acc: 0.8133, Train F1 Macro: 0.6518, Train F1 Micro: 0.6619, Train RMSE: 1.2051, 
Val Loss: 1.1678, Val Acc: 0.5825, Val F1 Macro: 0.5823, Val F1 Micro: 0.5967, Val RMSE: 1.3734, 
Test Loss: 1.1125, Test Acc: 0.6102, Test F1 Macro: 0.5951, Test F1 Micro: 0.6103, Test RMSE: 1.3485

Epoch [8/20], Time: 25.30s, 
Train Loss: 0.3686, Train Acc: 0.8697, Train F1 Macro: 0.6790, Train F1 Micro: 0.6879, Train RMSE: 1.1518, 
Val Loss: 1.2899, Val Acc: 0.6091, Val F1 Macro: 0.5844, Val F1 Micro: 0.5983, Val RMSE: 1.3695, 
Test Loss: 1.2280, Test Acc: 0.6259, Test F1 Macro: 0.5975, Test F1 Micro: 0.6122, Test RMSE: 1.3423

Epoch [9/20], Time: 25.40s, 
Train Loss: 0.2774, Train Acc: 0.8975, Train F1 Macro: 0.7034, Train F1 Micro: 0.7112, Train RMSE: 1.1023, 
Val Loss: 1.4307, Val Acc: 0.6025, Val F1 Macro: 0.5852, Val F1 Micro: 0.5988, Val RMSE: 1.3628, 
Test Loss: 1.3255, Test Acc: 0.6211, Test F1 Macro: 0.5989, Test F1 Micro: 0.6132, Test RMSE: 1.3323

Epoch [10/20], Time: 25.43s, 
Train Loss: 0.2104, Train Acc: 0.9269, Train F1 Macro: 0.7258, Train F1 Micro: 0.7328, Train RMSE: 1.0569, 
Val Loss: 1.6288, Val Acc: 0.6043, Val F1 Macro: 0.5858, Val F1 Micro: 0.5993, Val RMSE: 1.3591, 
Test Loss: 1.5138, Test Acc: 0.6202, Test F1 Macro: 0.5995, Test F1 Micro: 0.6139, Test RMSE: 1.3290

Epoch [11/20], Time: 25.51s, 
Train Loss: 0.1977, Train Acc: 0.9313, Train F1 Macro: 0.7446, Train F1 Micro: 0.7508, Train RMSE: 1.0186, 
Val Loss: 1.7019, Val Acc: 0.5938, Val F1 Macro: 0.5853, Val F1 Micro: 0.5988, Val RMSE: 1.3552, 
Test Loss: 1.5584, Test Acc: 0.6228, Test F1 Macro: 0.6004, Test F1 Micro: 0.6147, Test RMSE: 1.3240

Epoch [12/20], Time: 25.71s, 
Train Loss: 0.1391, Train Acc: 0.9523, Train F1 Macro: 0.7620, Train F1 Micro: 0.7676, Train RMSE: 0.9823, 
Val Loss: 1.7945, Val Acc: 0.5890, Val F1 Macro: 0.5846, Val F1 Micro: 0.5980, Val RMSE: 1.3575, 
Test Loss: 1.6612, Test Acc: 0.6246, Test F1 Macro: 0.6018, Test F1 Micro: 0.6155, Test RMSE: 1.3226

Epoch [13/20], Time: 25.54s, 
Train Loss: 0.1185, Train Acc: 0.9582, Train F1 Macro: 0.7772, Train F1 Micro: 0.7823, Train RMSE: 0.9492, 
Val Loss: 1.9340, Val Acc: 0.5908, Val F1 Macro: 0.5842, Val F1 Micro: 0.5974, Val RMSE: 1.3550, 
Test Loss: 1.7461, Test Acc: 0.6198, Test F1 Macro: 0.6022, Test F1 Micro: 0.6159, Test RMSE: 1.3194

Epoch [14/20], Time: 25.56s, 
Train Loss: 0.0994, Train Acc: 0.9653, Train F1 Macro: 0.7906, Train F1 Micro: 0.7953, Train RMSE: 0.9198, 
Val Loss: 2.1584, Val Acc: 0.5869, Val F1 Macro: 0.5834, Val F1 Micro: 0.5967, Val RMSE: 1.3532, 
Test Loss: 1.9855, Test Acc: 0.6111, Test F1 Macro: 0.6016, Test F1 Micro: 0.6155, Test RMSE: 1.3187

Epoch [15/20], Time: 25.50s, 
Train Loss: 0.0940, Train Acc: 0.9683, Train F1 Macro: 0.8025, Train F1 Micro: 0.8069, Train RMSE: 0.8928, 
Val Loss: 2.1783, Val Acc: 0.5921, Val F1 Macro: 0.5834, Val F1 Micro: 0.5964, Val RMSE: 1.3557, 
Test Loss: 1.9700, Test Acc: 0.6176, Test F1 Macro: 0.6019, Test F1 Micro: 0.6157, Test RMSE: 1.3192

Epoch [16/20], Time: 25.51s, 
Train Loss: 0.0905, Train Acc: 0.9708, Train F1 Macro: 0.8131, Train F1 Micro: 0.8171, Train RMSE: 0.8685, 
Val Loss: 2.2940, Val Acc: 0.5912, Val F1 Macro: 0.5834, Val F1 Micro: 0.5960, Val RMSE: 1.3581, 
Test Loss: 2.0592, Test Acc: 0.6176, Test F1 Macro: 0.6022, Test F1 Micro: 0.6158, Test RMSE: 1.3211

Epoch [17/20], Time: 25.52s, 
Train Loss: 0.0835, Train Acc: 0.9708, Train F1 Macro: 0.8224, Train F1 Micro: 0.8262, Train RMSE: 0.8466, 
Val Loss: 2.3782, Val Acc: 0.5829, Val F1 Macro: 0.5830, Val F1 Micro: 0.5953, Val RMSE: 1.3594, 
Test Loss: 2.1231, Test Acc: 0.6154, Test F1 Macro: 0.6024, Test F1 Micro: 0.6158, Test RMSE: 1.3216

Epoch [18/20], Time: 25.71s, 
Train Loss: 0.0769, Train Acc: 0.9746, Train F1 Macro: 0.8309, Train F1 Micro: 0.8344, Train RMSE: 0.8257, 
Val Loss: 2.4620, Val Acc: 0.5786, Val F1 Macro: 0.5822, Val F1 Micro: 0.5944, Val RMSE: 1.3594, 
Test Loss: 2.2276, Test Acc: 0.6076, Test F1 Macro: 0.6019, Test F1 Micro: 0.6153, Test RMSE: 1.3222

Epoch [19/20], Time: 25.49s, 
Train Loss: 0.0784, Train Acc: 0.9731, Train F1 Macro: 0.8384, Train F1 Micro: 0.8417, Train RMSE: 0.8067, 
Val Loss: 2.4139, Val Acc: 0.5838, Val F1 Macro: 0.5817, Val F1 Micro: 0.5938, Val RMSE: 1.3587, 
Test Loss: 2.2185, Test Acc: 0.6111, Test F1 Macro: 0.6016, Test F1 Micro: 0.6151, Test RMSE: 1.3218

Epoch [20/20], Time: 25.62s, 
Train Loss: 0.0688, Train Acc: 0.9768, Train F1 Macro: 0.8453, Train F1 Micro: 0.8485, Train RMSE: 0.7890, 
Val Loss: 2.5492, Val Acc: 0.5825, Val F1 Macro: 0.5812, Val F1 Micro: 0.5932, Val RMSE: 1.3572, 
Test Loss: 2.3302, Test Acc: 0.6067, Test F1 Macro: 0.6014, Test F1 Micro: 0.6147, Test RMSE: 1.3206

Total Training Time: 510.42s

Test Loss: 0.9591, Test Acc: 0.6233, Test F1 Macro: 0.6109, Test F1 Micro: 0.6233, Test RMSE: 1.2730
===== SEED 77 =====
PyTorch Version : 2.11.0+cu128
cuda
2.4.speaker.pt
***** Best Result Updated at Epoch 1, Val Loss: 1.1234 *****
Epoch [1/20], Time: 25.73s, 
Train Loss: 1.3109, Train Acc: 0.4797, Train F1 Macro: 0.4565, Train F1 Micro: 0.4797, Train RMSE: 1.6097, 
Val Loss: 1.1234, Val Acc: 0.5581, Val F1 Macro: 0.5529, Val F1 Micro: 0.5581, Val RMSE: 1.4699, 
Test Loss: 1.0695, Test Acc: 0.5806, Test F1 Macro: 0.5766, Test F1 Micro: 0.5806, Test RMSE: 1.3828

***** Best Result Updated at Epoch 2, Val Loss: 1.0345 *****
Epoch [2/20], Time: 25.54s, 
Train Loss: 1.0842, Train Acc: 0.5778, Train F1 Macro: 0.5110, Train F1 Micro: 0.5287, Train RMSE: 1.5237, 
Val Loss: 1.0345, Val Acc: 0.5938, Val F1 Macro: 0.5647, Val F1 Micro: 0.5760, Val RMSE: 1.4344, 
Test Loss: 0.9898, Test Acc: 0.6089, Test F1 Macro: 0.5840, Test F1 Micro: 0.5947, Test RMSE: 1.3685

***** Best Result Updated at Epoch 3, Val Loss: 1.0169 *****
Epoch [3/20], Time: 25.51s, 
Train Loss: 0.9759, Train Acc: 0.6226, Train F1 Macro: 0.5449, Train F1 Micro: 0.5600, Train RMSE: 1.4586, 
Val Loss: 1.0169, Val Acc: 0.5964, Val F1 Macro: 0.5682, Val F1 Micro: 0.5828, Val RMSE: 1.4242, 
Test Loss: 0.9735, Test Acc: 0.6176, Test F1 Macro: 0.5899, Test F1 Micro: 0.6024, Test RMSE: 1.3674

***** Best Result Updated at Epoch 4, Val Loss: 1.0081 *****
Epoch [4/20], Time: 25.44s, 
Train Loss: 0.8717, Train Acc: 0.6669, Train F1 Macro: 0.5734, Train F1 Micro: 0.5867, Train RMSE: 1.3988, 
Val Loss: 1.0081, Val Acc: 0.6099, Val F1 Macro: 0.5749, Val F1 Micro: 0.5896, Val RMSE: 1.4089, 
Test Loss: 0.9692, Test Acc: 0.6124, Test F1 Macro: 0.5918, Test F1 Micro: 0.6049, Test RMSE: 1.3641

Epoch [5/20], Time: 25.44s, 
Train Loss: 0.7477, Train Acc: 0.7146, Train F1 Macro: 0.6005, Train F1 Micro: 0.6123, Train RMSE: 1.3390, 
Val Loss: 1.0173, Val Acc: 0.6173, Val F1 Macro: 0.5815, Val F1 Micro: 0.5951, Val RMSE: 1.3905, 
Test Loss: 0.9806, Test Acc: 0.6276, Test F1 Macro: 0.5965, Test F1 Micro: 0.6094, Test RMSE: 1.3585

Epoch [6/20], Time: 25.47s, 
Train Loss: 0.6047, Train Acc: 0.7740, Train F1 Macro: 0.6288, Train F1 Micro: 0.6393, Train RMSE: 1.2802, 
Val Loss: 1.1030, Val Acc: 0.6069, Val F1 Macro: 0.5845, Val F1 Micro: 0.5971, Val RMSE: 1.3835, 
Test Loss: 1.0452, Test Acc: 0.6159, Test F1 Macro: 0.5981, Test F1 Micro: 0.6105, Test RMSE: 1.3488

Epoch [7/20], Time: 25.60s, 
Train Loss: 0.4792, Train Acc: 0.8256, Train F1 Macro: 0.6566, Train F1 Micro: 0.6659, Train RMSE: 1.2219, 
Val Loss: 1.1987, Val Acc: 0.6017, Val F1 Macro: 0.5848, Val F1 Micro: 0.5977, Val RMSE: 1.3779, 
Test Loss: 1.1317, Test Acc: 0.6185, Test F1 Macro: 0.5990, Test F1 Micro: 0.6116, Test RMSE: 1.3457

Epoch [8/20], Time: 25.47s, 
Train Loss: 0.3520, Train Acc: 0.8706, Train F1 Macro: 0.6832, Train F1 Micro: 0.6915, Train RMSE: 1.1677, 
Val Loss: 1.3332, Val Acc: 0.5995, Val F1 Macro: 0.5855, Val F1 Micro: 0.5980, Val RMSE: 1.3730, 
Test Loss: 1.2552, Test Acc: 0.6124, Test F1 Macro: 0.5992, Test F1 Micro: 0.6117, Test RMSE: 1.3455

Epoch [9/20], Time: 25.51s, 
Train Loss: 0.2601, Train Acc: 0.9065, Train F1 Macro: 0.7081, Train F1 Micro: 0.7154, Train RMSE: 1.1167, 
Val Loss: 1.4160, Val Acc: 0.6038, Val F1 Macro: 0.5866, Val F1 Micro: 0.5986, Val RMSE: 1.3623, 
Test Loss: 1.3365, Test Acc: 0.6141, Test F1 Macro: 0.5994, Test F1 Micro: 0.6120, Test RMSE: 1.3437

Epoch [10/20], Time: 25.58s, 
Train Loss: 0.1984, Train Acc: 0.9307, Train F1 Macro: 0.7306, Train F1 Micro: 0.7369, Train RMSE: 1.0704, 
Val Loss: 1.5679, Val Acc: 0.5903, Val F1 Macro: 0.5860, Val F1 Micro: 0.5978, Val RMSE: 1.3586, 
Test Loss: 1.4905, Test Acc: 0.6006, Test F1 Macro: 0.5982, Test F1 Micro: 0.6108, Test RMSE: 1.3414

Epoch [11/20], Time: 25.62s, 
Train Loss: 0.1615, Train Acc: 0.9438, Train F1 Macro: 0.7500, Train F1 Micro: 0.7557, Train RMSE: 1.0286, 
Val Loss: 1.8140, Val Acc: 0.5903, Val F1 Macro: 0.5852, Val F1 Micro: 0.5971, Val RMSE: 1.3548, 
Test Loss: 1.7275, Test Acc: 0.6089, Test F1 Macro: 0.5978, Test F1 Micro: 0.6107, Test RMSE: 1.3368

Epoch [12/20], Time: 25.79s, 
Train Loss: 0.1345, Train Acc: 0.9518, Train F1 Macro: 0.7669, Train F1 Micro: 0.7720, Train RMSE: 0.9918, 
Val Loss: 1.8602, Val Acc: 0.5847, Val F1 Macro: 0.5842, Val F1 Micro: 0.5961, Val RMSE: 1.3542, 
Test Loss: 1.7453, Test Acc: 0.6115, Test F1 Macro: 0.5978, Test F1 Micro: 0.6107, Test RMSE: 1.3349

Epoch [13/20], Time: 25.54s, 
Train Loss: 0.1248, Train Acc: 0.9569, Train F1 Macro: 0.7816, Train F1 Micro: 0.7863, Train RMSE: 0.9592, 
Val Loss: 1.9681, Val Acc: 0.5781, Val F1 Macro: 0.5829, Val F1 Micro: 0.5947, Val RMSE: 1.3535, 
Test Loss: 1.8622, Test Acc: 0.5989, Test F1 Macro: 0.5968, Test F1 Micro: 0.6098, Test RMSE: 1.3359

Epoch [14/20], Time: 25.53s, 
Train Loss: 0.1125, Train Acc: 0.9604, Train F1 Macro: 0.7944, Train F1 Micro: 0.7987, Train RMSE: 0.9297, 
Val Loss: 2.0501, Val Acc: 0.5786, Val F1 Macro: 0.5821, Val F1 Micro: 0.5935, Val RMSE: 1.3535, 
Test Loss: 1.9374, Test Acc: 0.5997, Test F1 Macro: 0.5962, Test F1 Micro: 0.6091, Test RMSE: 1.3350

Epoch [15/20], Time: 25.57s, 
Train Loss: 0.0955, Train Acc: 0.9668, Train F1 Macro: 0.8059, Train F1 Micro: 0.8099, Train RMSE: 0.9029, 
Val Loss: 2.1679, Val Acc: 0.5768, Val F1 Macro: 0.5810, Val F1 Micro: 0.5924, Val RMSE: 1.3521, 
Test Loss: 2.0610, Test Acc: 0.5941, Test F1 Macro: 0.5951, Test F1 Micro: 0.6081, Test RMSE: 1.3336

Epoch [16/20], Time: 25.59s, 
Train Loss: 0.0848, Train Acc: 0.9704, Train F1 Macro: 0.8162, Train F1 Micro: 0.8199, Train RMSE: 0.8786, 
Val Loss: 2.3405, Val Acc: 0.5768, Val F1 Macro: 0.5801, Val F1 Micro: 0.5915, Val RMSE: 1.3511, 
Test Loss: 2.2060, Test Acc: 0.6045, Test F1 Macro: 0.5949, Test F1 Micro: 0.6079, Test RMSE: 1.3318

Epoch [17/20], Time: 25.66s, 
Train Loss: 0.0807, Train Acc: 0.9717, Train F1 Macro: 0.8254, Train F1 Micro: 0.8289, Train RMSE: 0.8561, 
Val Loss: 2.4087, Val Acc: 0.5721, Val F1 Macro: 0.5788, Val F1 Micro: 0.5903, Val RMSE: 1.3509, 
Test Loss: 2.2774, Test Acc: 0.5963, Test F1 Macro: 0.5942, Test F1 Micro: 0.6072, Test RMSE: 1.3305

Epoch [18/20], Time: 25.83s, 
Train Loss: 0.0762, Train Acc: 0.9735, Train F1 Macro: 0.8337, Train F1 Micro: 0.8369, Train RMSE: 0.8351, 
Val Loss: 2.4434, Val Acc: 0.5803, Val F1 Macro: 0.5783, Val F1 Micro: 0.5898, Val RMSE: 1.3515, 
Test Loss: 2.3122, Test Acc: 0.6006, Test F1 Macro: 0.5938, Test F1 Micro: 0.6068, Test RMSE: 1.3311

Epoch [19/20], Time: 25.64s, 
Train Loss: 0.0676, Train Acc: 0.9774, Train F1 Macro: 0.8412, Train F1 Micro: 0.8443, Train RMSE: 0.8154, 
Val Loss: 2.5407, Val Acc: 0.5882, Val F1 Macro: 0.5784, Val F1 Micro: 0.5897, Val RMSE: 1.3525, 
Test Loss: 2.3623, Test Acc: 0.6115, Test F1 Macro: 0.5942, Test F1 Micro: 0.6071, Test RMSE: 1.3305

Epoch [20/20], Time: 25.59s, 
Train Loss: 0.0666, Train Acc: 0.9770, Train F1 Macro: 0.8481, Train F1 Micro: 0.8509, Train RMSE: 0.7975, 
Val Loss: 2.7575, Val Acc: 0.5716, Val F1 Macro: 0.5772, Val F1 Micro: 0.5888, Val RMSE: 1.3527, 
Test Loss: 2.5338, Test Acc: 0.6028, Test F1 Macro: 0.5937, Test F1 Micro: 0.6069, Test RMSE: 1.3284

Total Training Time: 511.64s

Test Loss: 0.9692, Test Acc: 0.6124, Test F1 Macro: 0.5997, Test F1 Micro: 0.6124, Test RMSE: 1.3540
===== SEED 123 =====
PyTorch Version : 2.11.0+cu128
cuda
2.4.speaker.pt
***** Best Result Updated at Epoch 1, Val Loss: 1.0713 *****
Epoch [1/20], Time: 26.22s, 
Train Loss: 1.2981, Train Acc: 0.4877, Train F1 Macro: 0.4627, Train F1 Micro: 0.4877, Train RMSE: 1.6014, 
Val Loss: 1.0713, Val Acc: 0.5847, Val F1 Macro: 0.5668, Val F1 Micro: 0.5847, Val RMSE: 1.3930, 
Test Loss: 1.0273, Test Acc: 0.5902, Test F1 Macro: 0.5714, Test F1 Micro: 0.5902, Test RMSE: 1.3656

***** Best Result Updated at Epoch 2, Val Loss: 1.0025 *****
Epoch [2/20], Time: 25.55s, 
Train Loss: 1.0654, Train Acc: 0.5879, Train F1 Macro: 0.5188, Train F1 Micro: 0.5378, Train RMSE: 1.4991, 
Val Loss: 1.0025, Val Acc: 0.6112, Val F1 Macro: 0.5829, Val F1 Micro: 0.5980, Val RMSE: 1.3574, 
Test Loss: 0.9650, Test Acc: 0.6254, Test F1 Macro: 0.5938, Test F1 Micro: 0.6078, Test RMSE: 1.3321

***** Best Result Updated at Epoch 3, Val Loss: 0.9899 *****
Epoch [3/20], Time: 25.53s, 
Train Loss: 0.9634, Train Acc: 0.6269, Train F1 Macro: 0.5514, Train F1 Micro: 0.5675, Train RMSE: 1.4356, 
Val Loss: 0.9899, Val Acc: 0.6134, Val F1 Macro: 0.5866, Val F1 Micro: 0.6031, Val RMSE: 1.3349, 
Test Loss: 0.9547, Test Acc: 0.6176, Test F1 Macro: 0.5970, Test F1 Micro: 0.6111, Test RMSE: 1.3194

Epoch [4/20], Time: 25.50s, 
Train Loss: 0.8409, Train Acc: 0.6804, Train F1 Macro: 0.5820, Train F1 Micro: 0.5957, Train RMSE: 1.3703, 
Val Loss: 1.0298, Val Acc: 0.6043, Val F1 Macro: 0.5883, Val F1 Micro: 0.6034, Val RMSE: 1.3443, 
Test Loss: 0.9951, Test Acc: 0.6215, Test F1 Macro: 0.5993, Test F1 Micro: 0.6137, Test RMSE: 1.3236

Epoch [5/20], Time: 25.43s, 
Train Loss: 0.7321, Train Acc: 0.7214, Train F1 Macro: 0.6090, Train F1 Micro: 0.6209, Train RMSE: 1.3118, 
Val Loss: 1.0271, Val Acc: 0.6069, Val F1 Macro: 0.5883, Val F1 Micro: 0.6041, Val RMSE: 1.3372, 
Test Loss: 0.9845, Test Acc: 0.6224, Test F1 Macro: 0.6009, Test F1 Micro: 0.6154, Test RMSE: 1.3201

Epoch [6/20], Time: 25.42s, 
Train Loss: 0.5845, Train Acc: 0.7864, Train F1 Macro: 0.6383, Train F1 Micro: 0.6484, Train RMSE: 1.2498, 
Val Loss: 1.0794, Val Acc: 0.5951, Val F1 Macro: 0.5877, Val F1 Micro: 0.6026, Val RMSE: 1.3218, 
Test Loss: 1.0182, Test Acc: 0.6172, Test F1 Macro: 0.6015, Test F1 Micro: 0.6157, Test RMSE: 1.3062

Epoch [7/20], Time: 25.64s, 
Train Loss: 0.4556, Train Acc: 0.8341, Train F1 Macro: 0.6662, Train F1 Micro: 0.6750, Train RMSE: 1.1937, 
Val Loss: 1.1758, Val Acc: 0.5990, Val F1 Macro: 0.5874, Val F1 Micro: 0.6021, Val RMSE: 1.3160, 
Test Loss: 1.0940, Test Acc: 0.6267, Test F1 Macro: 0.6032, Test F1 Micro: 0.6173, Test RMSE: 1.3018

Epoch [8/20], Time: 25.46s, 
Train Loss: 0.3372, Train Acc: 0.8804, Train F1 Macro: 0.6931, Train F1 Micro: 0.7006, Train RMSE: 1.1402, 
Val Loss: 1.3032, Val Acc: 0.6077, Val F1 Macro: 0.5882, Val F1 Micro: 0.6028, Val RMSE: 1.3128, 
Test Loss: 1.2150, Test Acc: 0.6215, Test F1 Macro: 0.6039, Test F1 Micro: 0.6178, Test RMSE: 1.2989

Epoch [9/20], Time: 25.49s, 
Train Loss: 0.2470, Train Acc: 0.9113, Train F1 Macro: 0.7175, Train F1 Micro: 0.7241, Train RMSE: 1.0902, 
Val Loss: 1.4478, Val Acc: 0.5999, Val F1 Macro: 0.5880, Val F1 Micro: 0.6025, Val RMSE: 1.3112, 
Test Loss: 1.3324, Test Acc: 0.6211, Test F1 Macro: 0.6045, Test F1 Micro: 0.6182, Test RMSE: 1.2967

Epoch [10/20], Time: 25.50s, 
Train Loss: 0.1912, Train Acc: 0.9314, Train F1 Macro: 0.7391, Train F1 Micro: 0.7448, Train RMSE: 1.0454, 
Val Loss: 1.6260, Val Acc: 0.5816, Val F1 Macro: 0.5863, Val F1 Micro: 0.6004, Val RMSE: 1.3110, 
Test Loss: 1.4689, Test Acc: 0.6180, Test F1 Macro: 0.6047, Test F1 Micro: 0.6182, Test RMSE: 1.2894

Epoch [11/20], Time: 25.56s, 
Train Loss: 0.1550, Train Acc: 0.9475, Train F1 Macro: 0.7582, Train F1 Micro: 0.7632, Train RMSE: 1.0047, 
Val Loss: 1.7950, Val Acc: 0.5825, Val F1 Macro: 0.5847, Val F1 Micro: 0.5988, Val RMSE: 1.3136, 
Test Loss: 1.6549, Test Acc: 0.6172, Test F1 Macro: 0.6045, Test F1 Micro: 0.6181, Test RMSE: 1.2892

Epoch [12/20], Time: 25.78s, 
Train Loss: 0.1322, Train Acc: 0.9528, Train F1 Macro: 0.7745, Train F1 Micro: 0.7790, Train RMSE: 0.9682, 
Val Loss: 1.9248, Val Acc: 0.5808, Val F1 Macro: 0.5832, Val F1 Micro: 0.5973, Val RMSE: 1.3143, 
Test Loss: 1.7748, Test Acc: 0.6215, Test F1 Macro: 0.6048, Test F1 Micro: 0.6184, Test RMSE: 1.2888

Epoch [13/20], Time: 25.71s, 
Train Loss: 0.1123, Train Acc: 0.9623, Train F1 Macro: 0.7891, Train F1 Micro: 0.7931, Train RMSE: 0.9356, 
Val Loss: 2.0314, Val Acc: 0.5834, Val F1 Macro: 0.5824, Val F1 Micro: 0.5962, Val RMSE: 1.3152, 
Test Loss: 1.8528, Test Acc: 0.6124, Test F1 Macro: 0.6042, Test F1 Micro: 0.6179, Test RMSE: 1.2878

Epoch [14/20], Time: 25.70s, 
Train Loss: 0.1086, Train Acc: 0.9634, Train F1 Macro: 0.8016, Train F1 Micro: 0.8053, Train RMSE: 0.9069, 
Val Loss: 2.0991, Val Acc: 0.5747, Val F1 Macro: 0.5812, Val F1 Micro: 0.5947, Val RMSE: 1.3185, 
Test Loss: 1.8865, Test Acc: 0.6080, Test F1 Macro: 0.6035, Test F1 Micro: 0.6172, Test RMSE: 1.2888

Epoch [15/20], Time: 25.72s, 
Train Loss: 0.0988, Train Acc: 0.9679, Train F1 Macro: 0.8127, Train F1 Micro: 0.8161, Train RMSE: 0.8809, 
Val Loss: 2.2556, Val Acc: 0.5786, Val F1 Macro: 0.5800, Val F1 Micro: 0.5936, Val RMSE: 1.3196, 
Test Loss: 2.0456, Test Acc: 0.6032, Test F1 Macro: 0.6025, Test F1 Micro: 0.6163, Test RMSE: 1.2896

Epoch [16/20], Time: 25.62s, 
Train Loss: 0.0910, Train Acc: 0.9701, Train F1 Macro: 0.8226, Train F1 Micro: 0.8257, Train RMSE: 0.8566, 
Val Loss: 2.2778, Val Acc: 0.5677, Val F1 Macro: 0.5790, Val F1 Micro: 0.5920, Val RMSE: 1.3218, 
Test Loss: 2.0356, Test Acc: 0.6050, Test F1 Macro: 0.6021, Test F1 Micro: 0.6156, Test RMSE: 1.2908

Epoch [17/20], Time: 25.68s, 
Train Loss: 0.0764, Train Acc: 0.9733, Train F1 Macro: 0.8315, Train F1 Micro: 0.8344, Train RMSE: 0.8344, 
Val Loss: 2.4257, Val Acc: 0.5834, Val F1 Macro: 0.5786, Val F1 Micro: 0.5915, Val RMSE: 1.3225, 
Test Loss: 2.1723, Test Acc: 0.6172, Test F1 Macro: 0.6022, Test F1 Micro: 0.6156, Test RMSE: 1.2905

Epoch [18/20], Time: 25.92s, 
Train Loss: 0.0726, Train Acc: 0.9755, Train F1 Macro: 0.8395, Train F1 Micro: 0.8423, Train RMSE: 0.8140, 
Val Loss: 2.5374, Val Acc: 0.5751, Val F1 Macro: 0.5779, Val F1 Micro: 0.5906, Val RMSE: 1.3251, 
Test Loss: 2.2747, Test Acc: 0.6102, Test F1 Macro: 0.6019, Test F1 Micro: 0.6153, Test RMSE: 1.2924

Epoch [19/20], Time: 25.80s, 
Train Loss: 0.0697, Train Acc: 0.9765, Train F1 Macro: 0.8468, Train F1 Micro: 0.8493, Train RMSE: 0.7953, 
Val Loss: 2.7651, Val Acc: 0.5838, Val F1 Macro: 0.5772, Val F1 Micro: 0.5902, Val RMSE: 1.3281, 
Test Loss: 2.5642, Test Acc: 0.6106, Test F1 Macro: 0.6015, Test F1 Micro: 0.6151, Test RMSE: 1.2955

Epoch [20/20], Time: 25.75s, 
Train Loss: 0.0659, Train Acc: 0.9775, Train F1 Macro: 0.8533, Train F1 Micro: 0.8557, Train RMSE: 0.7777, 
Val Loss: 2.6508, Val Acc: 0.5777, Val F1 Macro: 0.5766, Val F1 Micro: 0.5896, Val RMSE: 1.3305, 
Test Loss: 2.4328, Test Acc: 0.6019, Test F1 Macro: 0.6007, Test F1 Micro: 0.6144, Test RMSE: 1.2980

Total Training Time: 512.97s

Test Loss: 0.9547, Test Acc: 0.6176, Test F1 Macro: 0.6031, Test F1 Micro: 0.6176, Test RMSE: 1.2934
