===== SEED 42 =====
PyTorch Version : 2.11.0+cu128
cuda
2.5.description.pt
***** Best Result Updated at Epoch 1, Val Loss: 0.9347 *****
Epoch [1/20], Time: 5.94s, 
Train Loss: 1.2199, Train Acc: 0.5209, Train F1 Macro: 0.4922, Train F1 Micro: 0.5209, Train RMSE: 1.4396, 
Val Loss: 0.9347, Val Acc: 0.6495, Val F1 Macro: 0.6325, Val F1 Micro: 0.6495, Val RMSE: 1.2540, 
Test Loss: 0.8864, Test Acc: 0.6699, Test F1 Macro: 0.6569, Test F1 Micro: 0.6699, Test RMSE: 1.1655

***** Best Result Updated at Epoch 2, Val Loss: 0.8390 *****
Epoch [2/20], Time: 5.40s, 
Train Loss: 0.8683, Train Acc: 0.6691, Train F1 Macro: 0.5780, Train F1 Micro: 0.5950, Train RMSE: 1.3202, 
Val Loss: 0.8390, Val Acc: 0.6726, Val F1 Macro: 0.6465, Val F1 Micro: 0.6611, Val RMSE: 1.2225, 
Test Loss: 0.7943, Test Acc: 0.6851, Test F1 Macro: 0.6661, Test F1 Micro: 0.6775, Test RMSE: 1.1355

***** Best Result Updated at Epoch 3, Val Loss: 0.8101 *****
Epoch [3/20], Time: 5.22s, 
Train Loss: 0.7713, Train Acc: 0.7068, Train F1 Macro: 0.6190, Train F1 Micro: 0.6323, Train RMSE: 1.2547, 
Val Loss: 0.8101, Val Acc: 0.6913, Val F1 Macro: 0.6570, Val F1 Micro: 0.6712, Val RMSE: 1.1913, 
Test Loss: 0.7571, Test Acc: 0.7021, Test F1 Macro: 0.6746, Test F1 Micro: 0.6857, Test RMSE: 1.1021

***** Best Result Updated at Epoch 4, Val Loss: 0.7895 *****
Epoch [4/20], Time: 5.22s, 
Train Loss: 0.6724, Train Acc: 0.7445, Train F1 Macro: 0.6493, Train F1 Micro: 0.6603, Train RMSE: 1.1942, 
Val Loss: 0.7895, Val Acc: 0.6909, Val F1 Macro: 0.6643, Val F1 Micro: 0.6761, Val RMSE: 1.1797, 
Test Loss: 0.7425, Test Acc: 0.7025, Test F1 Macro: 0.6802, Test F1 Micro: 0.6899, Test RMSE: 1.1002

Epoch [5/20], Time: 5.15s, 
Train Loss: 0.5669, Train Acc: 0.7858, Train F1 Macro: 0.6761, Train F1 Micro: 0.6854, Train RMSE: 1.1417, 
Val Loss: 0.8095, Val Acc: 0.6926, Val F1 Macro: 0.6690, Val F1 Micro: 0.6794, Val RMSE: 1.1726, 
Test Loss: 0.7730, Test Acc: 0.6969, Test F1 Macro: 0.6820, Test F1 Micro: 0.6913, Test RMSE: 1.0987

Epoch [6/20], Time: 5.25s, 
Train Loss: 0.4600, Train Acc: 0.8306, Train F1 Macro: 0.7017, Train F1 Micro: 0.7096, Train RMSE: 1.0879, 
Val Loss: 0.8600, Val Acc: 0.6831, Val F1 Macro: 0.6703, Val F1 Micro: 0.6800, Val RMSE: 1.1656, 
Test Loss: 0.8047, Test Acc: 0.7025, Test F1 Macro: 0.6843, Test F1 Micro: 0.6932, Test RMSE: 1.0912

Epoch [7/20], Time: 5.34s, 
Train Loss: 0.3599, Train Acc: 0.8677, Train F1 Macro: 0.7255, Train F1 Micro: 0.7322, Train RMSE: 1.0394, 
Val Loss: 0.9970, Val Acc: 0.6818, Val F1 Macro: 0.6704, Val F1 Micro: 0.6803, Val RMSE: 1.1609, 
Test Loss: 0.9427, Test Acc: 0.6938, Test F1 Macro: 0.6849, Test F1 Micro: 0.6933, Test RMSE: 1.0916

Epoch [8/20], Time: 5.43s, 
Train Loss: 0.2641, Train Acc: 0.9044, Train F1 Macro: 0.7478, Train F1 Micro: 0.7537, Train RMSE: 0.9922, 
Val Loss: 1.0557, Val Acc: 0.6870, Val F1 Macro: 0.6715, Val F1 Micro: 0.6811, Val RMSE: 1.1581, 
Test Loss: 0.9655, Test Acc: 0.7017, Test F1 Macro: 0.6861, Test F1 Micro: 0.6943, Test RMSE: 1.0909

Epoch [9/20], Time: 5.26s, 
Train Loss: 0.2047, Train Acc: 0.9283, Train F1 Macro: 0.7679, Train F1 Micro: 0.7731, Train RMSE: 0.9499, 
Val Loss: 1.1881, Val Acc: 0.6726, Val F1 Macro: 0.6706, Val F1 Micro: 0.6802, Val RMSE: 1.1538, 
Test Loss: 1.1000, Test Acc: 0.6899, Test F1 Macro: 0.6858, Test F1 Micro: 0.6938, Test RMSE: 1.0879

Epoch [10/20], Time: 5.29s, 
Train Loss: 0.1528, Train Acc: 0.9466, Train F1 Macro: 0.7859, Train F1 Micro: 0.7905, Train RMSE: 0.9109, 
Val Loss: 1.2862, Val Acc: 0.6805, Val F1 Macro: 0.6707, Val F1 Micro: 0.6802, Val RMSE: 1.1563, 
Test Loss: 1.1947, Test Acc: 0.6986, Test F1 Macro: 0.6863, Test F1 Micro: 0.6943, Test RMSE: 1.0893

Epoch [11/20], Time: 5.30s, 
Train Loss: 0.1330, Train Acc: 0.9553, Train F1 Macro: 0.8014, Train F1 Micro: 0.8055, Train RMSE: 0.8769, 
Val Loss: 1.3667, Val Acc: 0.6778, Val F1 Macro: 0.6705, Val F1 Micro: 0.6800, Val RMSE: 1.1555, 
Test Loss: 1.2694, Test Acc: 0.6921, Test F1 Macro: 0.6861, Test F1 Micro: 0.6941, Test RMSE: 1.0919

Epoch [12/20], Time: 5.50s, 
Train Loss: 0.1139, Train Acc: 0.9599, Train F1 Macro: 0.8146, Train F1 Micro: 0.8183, Train RMSE: 0.8461, 
Val Loss: 1.4567, Val Acc: 0.6687, Val F1 Macro: 0.6697, Val F1 Micro: 0.6790, Val RMSE: 1.1556, 
Test Loss: 1.3483, Test Acc: 0.6895, Test F1 Macro: 0.6856, Test F1 Micro: 0.6937, Test RMSE: 1.0924

Epoch [13/20], Time: 5.69s, 
Train Loss: 0.0845, Train Acc: 0.9717, Train F1 Macro: 0.8267, Train F1 Micro: 0.8301, Train RMSE: 0.8171, 
Val Loss: 1.5406, Val Acc: 0.6752, Val F1 Macro: 0.6696, Val F1 Micro: 0.6787, Val RMSE: 1.1548, 
Test Loss: 1.4257, Test Acc: 0.6855, Test F1 Macro: 0.6851, Test F1 Micro: 0.6931, Test RMSE: 1.0944

Epoch [14/20], Time: 5.30s, 
Train Loss: 0.0763, Train Acc: 0.9739, Train F1 Macro: 0.8373, Train F1 Micro: 0.8404, Train RMSE: 0.7915, 
Val Loss: 1.6763, Val Acc: 0.6674, Val F1 Macro: 0.6688, Val F1 Micro: 0.6779, Val RMSE: 1.1571, 
Test Loss: 1.5427, Test Acc: 0.6960, Test F1 Macro: 0.6851, Test F1 Micro: 0.6933, Test RMSE: 1.0951

Epoch [15/20], Time: 5.28s, 
Train Loss: 0.0743, Train Acc: 0.9737, Train F1 Macro: 0.8464, Train F1 Micro: 0.8493, Train RMSE: 0.7686, 
Val Loss: 1.8989, Val Acc: 0.6648, Val F1 Macro: 0.6678, Val F1 Micro: 0.6771, Val RMSE: 1.1580, 
Test Loss: 1.7577, Test Acc: 0.6847, Test F1 Macro: 0.6844, Test F1 Micro: 0.6927, Test RMSE: 1.0969

Epoch [16/20], Time: 5.47s, 
Train Loss: 0.0719, Train Acc: 0.9756, Train F1 Macro: 0.8545, Train F1 Micro: 0.8572, Train RMSE: 0.7484, 
Val Loss: 1.7616, Val Acc: 0.6678, Val F1 Macro: 0.6674, Val F1 Micro: 0.6765, Val RMSE: 1.1596, 
Test Loss: 1.6700, Test Acc: 0.6929, Test F1 Macro: 0.6844, Test F1 Micro: 0.6927, Test RMSE: 1.0985

Epoch [17/20], Time: 5.41s, 
Train Loss: 0.0704, Train Acc: 0.9760, Train F1 Macro: 0.8617, Train F1 Micro: 0.8642, Train RMSE: 0.7297, 
Val Loss: 1.8084, Val Acc: 0.6744, Val F1 Macro: 0.6672, Val F1 Micro: 0.6764, Val RMSE: 1.1605, 
Test Loss: 1.6984, Test Acc: 0.6834, Test F1 Macro: 0.6838, Test F1 Micro: 0.6922, Test RMSE: 1.1005

Epoch [18/20], Time: 5.61s, 
Train Loss: 0.0635, Train Acc: 0.9782, Train F1 Macro: 0.8682, Train F1 Micro: 0.8705, Train RMSE: 0.7125, 
Val Loss: 1.9236, Val Acc: 0.6704, Val F1 Macro: 0.6668, Val F1 Micro: 0.6760, Val RMSE: 1.1616, 
Test Loss: 1.8220, Test Acc: 0.6943, Test F1 Macro: 0.6838, Test F1 Micro: 0.6923, Test RMSE: 1.1026

Epoch [19/20], Time: 5.53s, 
Train Loss: 0.0552, Train Acc: 0.9813, Train F1 Macro: 0.8741, Train F1 Micro: 0.8763, Train RMSE: 0.6960, 
Val Loss: 2.0384, Val Acc: 0.6635, Val F1 Macro: 0.6660, Val F1 Micro: 0.6754, Val RMSE: 1.1613, 
Test Loss: 1.9232, Test Acc: 0.6860, Test F1 Macro: 0.6835, Test F1 Micro: 0.6920, Test RMSE: 1.1014

Epoch [20/20], Time: 5.38s, 
Train Loss: 0.0544, Train Acc: 0.9827, Train F1 Macro: 0.8796, Train F1 Micro: 0.8817, Train RMSE: 0.6808, 
Val Loss: 2.0390, Val Acc: 0.6731, Val F1 Macro: 0.6658, Val F1 Micro: 0.6753, Val RMSE: 1.1621, 
Test Loss: 1.9610, Test Acc: 0.6838, Test F1 Macro: 0.6830, Test F1 Micro: 0.6916, Test RMSE: 1.1020

Total Training Time: 107.99s

Test Loss: 0.7425, Test Acc: 0.7025, Test F1 Macro: 0.6953, Test F1 Micro: 0.7025, Test RMSE: 1.0942
===== SEED 7 =====
PyTorch Version : 2.11.0+cu128
cuda
2.5.description.pt
***** Best Result Updated at Epoch 1, Val Loss: 0.9587 *****
Epoch [1/20], Time: 5.28s, 
Train Loss: 1.2302, Train Acc: 0.5212, Train F1 Macro: 0.4946, Train F1 Micro: 0.5212, Train RMSE: 1.4497, 
Val Loss: 0.9587, Val Acc: 0.6387, Val F1 Macro: 0.6285, Val F1 Micro: 0.6387, Val RMSE: 1.3430, 
Test Loss: 0.9079, Test Acc: 0.6533, Test F1 Macro: 0.6376, Test F1 Micro: 0.6533, Test RMSE: 1.2664

***** Best Result Updated at Epoch 2, Val Loss: 0.8189 *****
Epoch [2/20], Time: 4.93s, 
Train Loss: 0.8865, Train Acc: 0.6691, Train F1 Macro: 0.5782, Train F1 Micro: 0.5951, Train RMSE: 1.3385, 
Val Loss: 0.8189, Val Acc: 0.6813, Val F1 Macro: 0.6510, Val F1 Micro: 0.6600, Val RMSE: 1.2897, 
Test Loss: 0.7798, Test Acc: 0.6973, Test F1 Macro: 0.6622, Test F1 Micro: 0.6753, Test RMSE: 1.1934

***** Best Result Updated at Epoch 3, Val Loss: 0.7806 *****
Epoch [3/20], Time: 4.79s, 
Train Loss: 0.7665, Train Acc: 0.7068, Train F1 Macro: 0.6196, Train F1 Micro: 0.6324, Train RMSE: 1.2743, 
Val Loss: 0.7806, Val Acc: 0.6979, Val F1 Macro: 0.6660, Val F1 Micro: 0.6726, Val RMSE: 1.2595, 
Test Loss: 0.7570, Test Acc: 0.7008, Test F1 Macro: 0.6722, Test F1 Micro: 0.6838, Test RMSE: 1.1871

***** Best Result Updated at Epoch 4, Val Loss: 0.7718 *****
Epoch [4/20], Time: 4.78s, 
Train Loss: 0.6766, Train Acc: 0.7427, Train F1 Macro: 0.6491, Train F1 Micro: 0.6599, Train RMSE: 1.2213, 
Val Loss: 0.7718, Val Acc: 0.7057, Val F1 Macro: 0.6754, Val F1 Micro: 0.6809, Val RMSE: 1.2374, 
Test Loss: 0.7378, Test Acc: 0.7038, Test F1 Macro: 0.6782, Test F1 Micro: 0.6888, Test RMSE: 1.1750

Epoch [5/20], Time: 4.78s, 
Train Loss: 0.5686, Train Acc: 0.7873, Train F1 Macro: 0.6764, Train F1 Micro: 0.6854, Train RMSE: 1.1657, 
Val Loss: 0.8727, Val Acc: 0.6926, Val F1 Macro: 0.6777, Val F1 Micro: 0.6832, Val RMSE: 1.2229, 
Test Loss: 0.8342, Test Acc: 0.6999, Test F1 Macro: 0.6804, Test F1 Micro: 0.6910, Test RMSE: 1.1690

Epoch [6/20], Time: 4.82s, 
Train Loss: 0.4520, Train Acc: 0.8308, Train F1 Macro: 0.7019, Train F1 Micro: 0.7096, Train RMSE: 1.1120, 
Val Loss: 0.8292, Val Acc: 0.6992, Val F1 Macro: 0.6805, Val F1 Micro: 0.6859, Val RMSE: 1.2175, 
Test Loss: 0.7876, Test Acc: 0.7099, Test F1 Macro: 0.6840, Test F1 Micro: 0.6942, Test RMSE: 1.1634

Epoch [7/20], Time: 4.96s, 
Train Loss: 0.3478, Train Acc: 0.8762, Train F1 Macro: 0.7267, Train F1 Micro: 0.7334, Train RMSE: 1.0626, 
Val Loss: 0.9300, Val Acc: 0.6961, Val F1 Macro: 0.6816, Val F1 Micro: 0.6874, Val RMSE: 1.2023, 
Test Loss: 0.8964, Test Acc: 0.6908, Test F1 Macro: 0.6833, Test F1 Micro: 0.6937, Test RMSE: 1.1554

Epoch [8/20], Time: 4.88s, 
Train Loss: 0.2707, Train Acc: 0.9001, Train F1 Macro: 0.7483, Train F1 Micro: 0.7543, Train RMSE: 1.0166, 
Val Loss: 0.9973, Val Acc: 0.6992, Val F1 Macro: 0.6831, Val F1 Micro: 0.6888, Val RMSE: 1.1938, 
Test Loss: 0.9601, Test Acc: 0.7104, Test F1 Macro: 0.6855, Test F1 Micro: 0.6958, Test RMSE: 1.1493

Epoch [9/20], Time: 4.91s, 
Train Loss: 0.1984, Train Acc: 0.9331, Train F1 Macro: 0.7689, Train F1 Micro: 0.7741, Train RMSE: 0.9729, 
Val Loss: 1.1484, Val Acc: 0.6992, Val F1 Macro: 0.6842, Val F1 Micro: 0.6900, Val RMSE: 1.1884, 
Test Loss: 1.1141, Test Acc: 0.6999, Test F1 Macro: 0.6859, Test F1 Micro: 0.6962, Test RMSE: 1.1497

Epoch [10/20], Time: 4.93s, 
Train Loss: 0.1701, Train Acc: 0.9406, Train F1 Macro: 0.7861, Train F1 Micro: 0.7908, Train RMSE: 0.9368, 
Val Loss: 1.2054, Val Acc: 0.6874, Val F1 Macro: 0.6836, Val F1 Micro: 0.6897, Val RMSE: 1.1872, 
Test Loss: 1.1648, Test Acc: 0.6925, Test F1 Macro: 0.6857, Test F1 Micro: 0.6959, Test RMSE: 1.1522

Epoch [11/20], Time: 4.96s, 
Train Loss: 0.1387, Train Acc: 0.9520, Train F1 Macro: 0.8013, Train F1 Micro: 0.8054, Train RMSE: 0.9018, 
Val Loss: 1.2124, Val Acc: 0.6913, Val F1 Macro: 0.6838, Val F1 Micro: 0.6899, Val RMSE: 1.1813, 
Test Loss: 1.1729, Test Acc: 0.6995, Test F1 Macro: 0.6861, Test F1 Micro: 0.6962, Test RMSE: 1.1465

Epoch [12/20], Time: 5.11s, 
Train Loss: 0.1047, Train Acc: 0.9642, Train F1 Macro: 0.8149, Train F1 Micro: 0.8187, Train RMSE: 0.8697, 
Val Loss: 1.3728, Val Acc: 0.6883, Val F1 Macro: 0.6836, Val F1 Micro: 0.6897, Val RMSE: 1.1797, 
Test Loss: 1.3238, Test Acc: 0.6929, Test F1 Macro: 0.6857, Test F1 Micro: 0.6959, Test RMSE: 1.1473

Epoch [13/20], Time: 5.02s, 
Train Loss: 0.0950, Train Acc: 0.9665, Train F1 Macro: 0.8266, Train F1 Micro: 0.8300, Train RMSE: 0.8409, 
Val Loss: 1.3876, Val Acc: 0.6892, Val F1 Macro: 0.6832, Val F1 Micro: 0.6897, Val RMSE: 1.1797, 
Test Loss: 1.3111, Test Acc: 0.6969, Test F1 Macro: 0.6859, Test F1 Micro: 0.6960, Test RMSE: 1.1464

Epoch [14/20], Time: 4.98s, 
Train Loss: 0.0811, Train Acc: 0.9734, Train F1 Macro: 0.8371, Train F1 Micro: 0.8403, Train RMSE: 0.8147, 
Val Loss: 1.4607, Val Acc: 0.6844, Val F1 Macro: 0.6826, Val F1 Micro: 0.6893, Val RMSE: 1.1788, 
Test Loss: 1.3995, Test Acc: 0.6834, Test F1 Macro: 0.6850, Test F1 Micro: 0.6951, Test RMSE: 1.1441

Epoch [15/20], Time: 5.00s, 
Train Loss: 0.0969, Train Acc: 0.9670, Train F1 Macro: 0.8458, Train F1 Micro: 0.8487, Train RMSE: 0.7934, 
Val Loss: 1.5661, Val Acc: 0.6857, Val F1 Macro: 0.6824, Val F1 Micro: 0.6891, Val RMSE: 1.1793, 
Test Loss: 1.4890, Test Acc: 0.6977, Test F1 Macro: 0.6855, Test F1 Micro: 0.6953, Test RMSE: 1.1423

Epoch [16/20], Time: 5.02s, 
Train Loss: 0.0770, Train Acc: 0.9735, Train F1 Macro: 0.8538, Train F1 Micro: 0.8565, Train RMSE: 0.7729, 
Val Loss: 1.6001, Val Acc: 0.6739, Val F1 Macro: 0.6814, Val F1 Micro: 0.6881, Val RMSE: 1.1808, 
Test Loss: 1.5309, Test Acc: 0.6890, Test F1 Macro: 0.6852, Test F1 Micro: 0.6949, Test RMSE: 1.1412

Epoch [17/20], Time: 5.04s, 
Train Loss: 0.0625, Train Acc: 0.9788, Train F1 Macro: 0.8611, Train F1 Micro: 0.8637, Train RMSE: 0.7531, 
Val Loss: 1.6734, Val Acc: 0.6926, Val F1 Macro: 0.6816, Val F1 Micro: 0.6884, Val RMSE: 1.1794, 
Test Loss: 1.6170, Test Acc: 0.6938, Test F1 Macro: 0.6853, Test F1 Micro: 0.6948, Test RMSE: 1.1410

Epoch [18/20], Time: 5.26s, 
Train Loss: 0.0548, Train Acc: 0.9814, Train F1 Macro: 0.8678, Train F1 Micro: 0.8703, Train RMSE: 0.7346, 
Val Loss: 1.6837, Val Acc: 0.6909, Val F1 Macro: 0.6816, Val F1 Micro: 0.6885, Val RMSE: 1.1792, 
Test Loss: 1.6223, Test Acc: 0.6929, Test F1 Macro: 0.6852, Test F1 Micro: 0.6947, Test RMSE: 1.1403

Epoch [19/20], Time: 5.12s, 
Train Loss: 0.0566, Train Acc: 0.9796, Train F1 Macro: 0.8737, Train F1 Micro: 0.8760, Train RMSE: 0.7179, 
Val Loss: 1.7688, Val Acc: 0.6813, Val F1 Macro: 0.6811, Val F1 Micro: 0.6882, Val RMSE: 1.1815, 
Test Loss: 1.6809, Test Acc: 0.6877, Test F1 Macro: 0.6848, Test F1 Micro: 0.6943, Test RMSE: 1.1393

Epoch [20/20], Time: 5.11s, 
Train Loss: 0.0429, Train Acc: 0.9852, Train F1 Macro: 0.8793, Train F1 Micro: 0.8815, Train RMSE: 0.7019, 
Val Loss: 1.8548, Val Acc: 0.6831, Val F1 Macro: 0.6808, Val F1 Micro: 0.6879, Val RMSE: 1.1824, 
Test Loss: 1.7605, Test Acc: 0.6925, Test F1 Macro: 0.6849, Test F1 Micro: 0.6943, Test RMSE: 1.1384

Total Training Time: 99.67s

Test Loss: 0.7378, Test Acc: 0.7038, Test F1 Macro: 0.6954, Test F1 Micro: 0.7038, Test RMSE: 1.1379
===== SEED 13 =====
PyTorch Version : 2.11.0+cu128
cuda
2.5.description.pt
***** Best Result Updated at Epoch 1, Val Loss: 0.9648 *****
Epoch [1/20], Time: 5.25s, 
Train Loss: 1.2184, Train Acc: 0.5270, Train F1 Macro: 0.5014, Train F1 Micro: 0.5270, Train RMSE: 1.4139, 
Val Loss: 0.9648, Val Acc: 0.6395, Val F1 Macro: 0.6284, Val F1 Micro: 0.6395, Val RMSE: 1.4059, 
Test Loss: 0.9290, Test Acc: 0.6529, Test F1 Macro: 0.6410, Test F1 Micro: 0.6529, Test RMSE: 1.3956

***** Best Result Updated at Epoch 2, Val Loss: 0.8199 *****
Epoch [2/20], Time: 4.97s, 
Train Loss: 0.8689, Train Acc: 0.6752, Train F1 Macro: 0.5848, Train F1 Micro: 0.6011, Train RMSE: 1.3041, 
Val Loss: 0.8199, Val Acc: 0.6848, Val F1 Macro: 0.6537, Val F1 Micro: 0.6622, Val RMSE: 1.3014, 
Test Loss: 0.7744, Test Acc: 0.7073, Test F1 Macro: 0.6715, Test F1 Micro: 0.6801, Test RMSE: 1.2588

***** Best Result Updated at Epoch 3, Val Loss: 0.7986 *****
Epoch [3/20], Time: 4.83s, 
Train Loss: 0.7638, Train Acc: 0.7108, Train F1 Macro: 0.6246, Train F1 Micro: 0.6377, Train RMSE: 1.2423, 
Val Loss: 0.7986, Val Acc: 0.6879, Val F1 Macro: 0.6613, Val F1 Micro: 0.6707, Val RMSE: 1.2621, 
Test Loss: 0.7682, Test Acc: 0.6999, Test F1 Macro: 0.6778, Test F1 Micro: 0.6867, Test RMSE: 1.2139

***** Best Result Updated at Epoch 4, Val Loss: 0.7794 *****
Epoch [4/20], Time: 5.16s, 
Train Loss: 0.6884, Train Acc: 0.7371, Train F1 Macro: 0.6510, Train F1 Micro: 0.6625, Train RMSE: 1.1941, 
Val Loss: 0.7794, Val Acc: 0.7035, Val F1 Macro: 0.6700, Val F1 Micro: 0.6789, Val RMSE: 1.2206, 
Test Loss: 0.7398, Test Acc: 0.7017, Test F1 Macro: 0.6813, Test F1 Micro: 0.6904, Test RMSE: 1.1776

***** Best Result Updated at Epoch 5, Val Loss: 0.7768 *****
Epoch [5/20], Time: 4.83s, 
Train Loss: 0.5920, Train Acc: 0.7766, Train F1 Macro: 0.6749, Train F1 Micro: 0.6853, Train RMSE: 1.1463, 
Val Loss: 0.7768, Val Acc: 0.7040, Val F1 Macro: 0.6753, Val F1 Micro: 0.6839, Val RMSE: 1.2006, 
Test Loss: 0.7346, Test Acc: 0.7125, Test F1 Macro: 0.6857, Test F1 Micro: 0.6949, Test RMSE: 1.1546

Epoch [6/20], Time: 4.78s, 
Train Loss: 0.4751, Train Acc: 0.8214, Train F1 Macro: 0.6987, Train F1 Micro: 0.7080, Train RMSE: 1.0984, 
Val Loss: 0.8363, Val Acc: 0.7022, Val F1 Macro: 0.6787, Val F1 Micro: 0.6870, Val RMSE: 1.1861, 
Test Loss: 0.7939, Test Acc: 0.7069, Test F1 Macro: 0.6875, Test F1 Micro: 0.6969, Test RMSE: 1.1435

Epoch [7/20], Time: 4.95s, 
Train Loss: 0.3665, Train Acc: 0.8632, Train F1 Macro: 0.7220, Train F1 Micro: 0.7302, Train RMSE: 1.0526, 
Val Loss: 0.8726, Val Acc: 0.6887, Val F1 Macro: 0.6798, Val F1 Micro: 0.6872, Val RMSE: 1.1774, 
Test Loss: 0.8448, Test Acc: 0.6956, Test F1 Macro: 0.6876, Test F1 Micro: 0.6967, Test RMSE: 1.1348

Epoch [8/20], Time: 4.87s, 
Train Loss: 0.2781, Train Acc: 0.9011, Train F1 Macro: 0.7443, Train F1 Micro: 0.7515, Train RMSE: 1.0061, 
Val Loss: 0.9720, Val Acc: 0.6944, Val F1 Macro: 0.6807, Val F1 Micro: 0.6881, Val RMSE: 1.1767, 
Test Loss: 0.9423, Test Acc: 0.7043, Test F1 Macro: 0.6885, Test F1 Micro: 0.6976, Test RMSE: 1.1331

Epoch [9/20], Time: 4.86s, 
Train Loss: 0.2220, Train Acc: 0.9188, Train F1 Macro: 0.7637, Train F1 Micro: 0.7701, Train RMSE: 0.9647, 
Val Loss: 1.0581, Val Acc: 0.6922, Val F1 Macro: 0.6813, Val F1 Micro: 0.6886, Val RMSE: 1.1717, 
Test Loss: 1.0060, Test Acc: 0.7069, Test F1 Macro: 0.6898, Test F1 Micro: 0.6987, Test RMSE: 1.1271

Epoch [10/20], Time: 4.91s, 
Train Loss: 0.1552, Train Acc: 0.9464, Train F1 Macro: 0.7819, Train F1 Micro: 0.7878, Train RMSE: 0.9253, 
Val Loss: 1.1595, Val Acc: 0.6900, Val F1 Macro: 0.6817, Val F1 Micro: 0.6887, Val RMSE: 1.1714, 
Test Loss: 1.0931, Test Acc: 0.6995, Test F1 Macro: 0.6899, Test F1 Micro: 0.6987, Test RMSE: 1.1280

Epoch [11/20], Time: 4.90s, 
Train Loss: 0.1312, Train Acc: 0.9553, Train F1 Macro: 0.7978, Train F1 Micro: 0.8030, Train RMSE: 0.8908, 
Val Loss: 1.4051, Val Acc: 0.6874, Val F1 Macro: 0.6812, Val F1 Micro: 0.6886, Val RMSE: 1.1706, 
Test Loss: 1.2687, Test Acc: 0.6977, Test F1 Macro: 0.6896, Test F1 Micro: 0.6986, Test RMSE: 1.1238

Epoch [12/20], Time: 5.07s, 
Train Loss: 0.1017, Train Acc: 0.9627, Train F1 Macro: 0.8116, Train F1 Micro: 0.8163, Train RMSE: 0.8592, 
Val Loss: 1.3236, Val Acc: 0.6861, Val F1 Macro: 0.6811, Val F1 Micro: 0.6884, Val RMSE: 1.1704, 
Test Loss: 1.2340, Test Acc: 0.7017, Test F1 Macro: 0.6899, Test F1 Micro: 0.6989, Test RMSE: 1.1238

Epoch [13/20], Time: 4.94s, 
Train Loss: 0.0928, Train Acc: 0.9673, Train F1 Macro: 0.8236, Train F1 Micro: 0.8279, Train RMSE: 0.8311, 
Val Loss: 1.4100, Val Acc: 0.6744, Val F1 Macro: 0.6801, Val F1 Micro: 0.6873, Val RMSE: 1.1677, 
Test Loss: 1.3178, Test Acc: 0.7030, Test F1 Macro: 0.6904, Test F1 Micro: 0.6992, Test RMSE: 1.1206

Epoch [14/20], Time: 4.91s, 
Train Loss: 0.0798, Train Acc: 0.9727, Train F1 Macro: 0.8343, Train F1 Micro: 0.8382, Train RMSE: 0.8053, 
Val Loss: 1.5472, Val Acc: 0.6800, Val F1 Macro: 0.6796, Val F1 Micro: 0.6868, Val RMSE: 1.1703, 
Test Loss: 1.4313, Test Acc: 0.6982, Test F1 Macro: 0.6903, Test F1 Micro: 0.6991, Test RMSE: 1.1198

Epoch [15/20], Time: 4.97s, 
Train Loss: 0.0772, Train Acc: 0.9734, Train F1 Macro: 0.8435, Train F1 Micro: 0.8473, Train RMSE: 0.7826, 
Val Loss: 1.5611, Val Acc: 0.6739, Val F1 Macro: 0.6787, Val F1 Micro: 0.6859, Val RMSE: 1.1696, 
Test Loss: 1.4405, Test Acc: 0.7034, Test F1 Macro: 0.6906, Test F1 Micro: 0.6994, Test RMSE: 1.1179

Epoch [16/20], Time: 4.96s, 
Train Loss: 0.0705, Train Acc: 0.9762, Train F1 Macro: 0.8518, Train F1 Micro: 0.8553, Train RMSE: 0.7610, 
Val Loss: 1.5615, Val Acc: 0.6709, Val F1 Macro: 0.6778, Val F1 Micro: 0.6850, Val RMSE: 1.1706, 
Test Loss: 1.4660, Test Acc: 0.6973, Test F1 Macro: 0.6906, Test F1 Micro: 0.6993, Test RMSE: 1.1201

Epoch [17/20], Time: 5.00s, 
Train Loss: 0.0617, Train Acc: 0.9794, Train F1 Macro: 0.8593, Train F1 Micro: 0.8626, Train RMSE: 0.7415, 
Val Loss: 1.6930, Val Acc: 0.6770, Val F1 Macro: 0.6775, Val F1 Micro: 0.6845, Val RMSE: 1.1702, 
Test Loss: 1.5179, Test Acc: 0.7030, Test F1 Macro: 0.6909, Test F1 Micro: 0.6995, Test RMSE: 1.1194

Epoch [18/20], Time: 5.24s, 
Train Loss: 0.0634, Train Acc: 0.9776, Train F1 Macro: 0.8659, Train F1 Micro: 0.8690, Train RMSE: 0.7234, 
Val Loss: 1.6706, Val Acc: 0.6839, Val F1 Macro: 0.6775, Val F1 Micro: 0.6845, Val RMSE: 1.1691, 
Test Loss: 1.5109, Test Acc: 0.7025, Test F1 Macro: 0.6910, Test F1 Micro: 0.6997, Test RMSE: 1.1180

Epoch [19/20], Time: 5.03s, 
Train Loss: 0.0588, Train Acc: 0.9807, Train F1 Macro: 0.8720, Train F1 Micro: 0.8749, Train RMSE: 0.7067, 
Val Loss: 1.8420, Val Acc: 0.6696, Val F1 Macro: 0.6768, Val F1 Micro: 0.6837, Val RMSE: 1.1707, 
Test Loss: 1.6931, Test Acc: 0.6990, Test F1 Macro: 0.6910, Test F1 Micro: 0.6996, Test RMSE: 1.1174

Epoch [20/20], Time: 5.04s, 
Train Loss: 0.0569, Train Acc: 0.9814, Train F1 Macro: 0.8775, Train F1 Micro: 0.8802, Train RMSE: 0.6914, 
Val Loss: 1.7372, Val Acc: 0.6748, Val F1 Macro: 0.6764, Val F1 Micro: 0.6833, Val RMSE: 1.1694, 
Test Loss: 1.6240, Test Acc: 0.6986, Test F1 Macro: 0.6909, Test F1 Micro: 0.6996, Test RMSE: 1.1165

Total Training Time: 99.47s

Test Loss: 0.7346, Test Acc: 0.7125, Test F1 Macro: 0.7030, Test F1 Micro: 0.7125, Test RMSE: 1.0580
===== SEED 77 =====
PyTorch Version : 2.11.0+cu128
cuda
2.5.description.pt
***** Best Result Updated at Epoch 1, Val Loss: 0.9621 *****
Epoch [1/20], Time: 5.32s, 
Train Loss: 1.2210, Train Acc: 0.5264, Train F1 Macro: 0.4986, Train F1 Micro: 0.5264, Train RMSE: 1.4298, 
Val Loss: 0.9621, Val Acc: 0.6291, Val F1 Macro: 0.6166, Val F1 Micro: 0.6291, Val RMSE: 1.2453, 
Test Loss: 0.8970, Test Acc: 0.6742, Test F1 Macro: 0.6627, Test F1 Micro: 0.6742, Test RMSE: 1.1366

***** Best Result Updated at Epoch 2, Val Loss: 0.8445 *****
Epoch [2/20], Time: 4.94s, 
Train Loss: 0.9020, Train Acc: 0.6598, Train F1 Macro: 0.5743, Train F1 Micro: 0.5931, Train RMSE: 1.3313, 
Val Loss: 0.8445, Val Acc: 0.6813, Val F1 Macro: 0.6441, Val F1 Micro: 0.6552, Val RMSE: 1.2181, 
Test Loss: 0.7870, Test Acc: 0.7056, Test F1 Macro: 0.6789, Test F1 Micro: 0.6899, Test RMSE: 1.1012

***** Best Result Updated at Epoch 3, Val Loss: 0.7902 *****
Epoch [3/20], Time: 4.81s, 
Train Loss: 0.7813, Train Acc: 0.7049, Train F1 Macro: 0.6157, Train F1 Micro: 0.6304, Train RMSE: 1.2672, 
Val Loss: 0.7902, Val Acc: 0.6979, Val F1 Macro: 0.6591, Val F1 Micro: 0.6694, Val RMSE: 1.2016, 
Test Loss: 0.7473, Test Acc: 0.7082, Test F1 Macro: 0.6854, Test F1 Micro: 0.6960, Test RMSE: 1.1035

Epoch [4/20], Time: 4.81s, 
Train Loss: 0.6917, Train Acc: 0.7387, Train F1 Macro: 0.6451, Train F1 Micro: 0.6574, Train RMSE: 1.2116, 
Val Loss: 0.7914, Val Acc: 0.6879, Val F1 Macro: 0.6647, Val F1 Micro: 0.6740, Val RMSE: 1.1876, 
Test Loss: 0.7470, Test Acc: 0.7017, Test F1 Macro: 0.6869, Test F1 Micro: 0.6974, Test RMSE: 1.0996

Epoch [5/20], Time: 4.80s, 
Train Loss: 0.5843, Train Acc: 0.7801, Train F1 Macro: 0.6715, Train F1 Micro: 0.6820, Train RMSE: 1.1575, 
Val Loss: 0.7922, Val Acc: 0.6896, Val F1 Macro: 0.6689, Val F1 Micro: 0.6771, Val RMSE: 1.1774, 
Test Loss: 0.7509, Test Acc: 0.7121, Test F1 Macro: 0.6908, Test F1 Micro: 0.7003, Test RMSE: 1.0909

Epoch [6/20], Time: 4.81s, 
Train Loss: 0.4620, Train Acc: 0.8290, Train F1 Macro: 0.6974, Train F1 Micro: 0.7065, Train RMSE: 1.1041, 
Val Loss: 0.8257, Val Acc: 0.6931, Val F1 Macro: 0.6721, Val F1 Micro: 0.6798, Val RMSE: 1.1732, 
Test Loss: 0.7795, Test Acc: 0.7034, Test F1 Macro: 0.6920, Test F1 Micro: 0.7009, Test RMSE: 1.0846

Epoch [7/20], Time: 5.00s, 
Train Loss: 0.3613, Train Acc: 0.8685, Train F1 Macro: 0.7217, Train F1 Micro: 0.7296, Train RMSE: 1.0543, 
Val Loss: 0.9706, Val Acc: 0.6865, Val F1 Macro: 0.6730, Val F1 Micro: 0.6808, Val RMSE: 1.1742, 
Test Loss: 0.9008, Test Acc: 0.7069, Test F1 Macro: 0.6929, Test F1 Micro: 0.7017, Test RMSE: 1.0825

Epoch [8/20], Time: 4.85s, 
Train Loss: 0.2714, Train Acc: 0.9032, Train F1 Macro: 0.7443, Train F1 Micro: 0.7513, Train RMSE: 1.0076, 
Val Loss: 1.0194, Val Acc: 0.6857, Val F1 Macro: 0.6737, Val F1 Micro: 0.6814, Val RMSE: 1.1725, 
Test Loss: 0.9598, Test Acc: 0.7043, Test F1 Macro: 0.6933, Test F1 Micro: 0.7020, Test RMSE: 1.0843

Epoch [9/20], Time: 4.85s, 
Train Loss: 0.2056, Train Acc: 0.9269, Train F1 Macro: 0.7646, Train F1 Micro: 0.7708, Train RMSE: 0.9653, 
Val Loss: 1.1092, Val Acc: 0.6909, Val F1 Macro: 0.6751, Val F1 Micro: 0.6824, Val RMSE: 1.1725, 
Test Loss: 1.0544, Test Acc: 0.6960, Test F1 Macro: 0.6928, Test F1 Micro: 0.7014, Test RMSE: 1.0873

Epoch [10/20], Time: 4.88s, 
Train Loss: 0.1563, Train Acc: 0.9437, Train F1 Macro: 0.7826, Train F1 Micro: 0.7881, Train RMSE: 0.9268, 
Val Loss: 1.1352, Val Acc: 0.6809, Val F1 Macro: 0.6752, Val F1 Micro: 0.6823, Val RMSE: 1.1691, 
Test Loss: 1.0992, Test Acc: 0.6890, Test F1 Macro: 0.6919, Test F1 Micro: 0.7001, Test RMSE: 1.0893

Epoch [11/20], Time: 4.91s, 
Train Loss: 0.1254, Train Acc: 0.9560, Train F1 Macro: 0.7984, Train F1 Micro: 0.8034, Train RMSE: 0.8913, 
Val Loss: 1.2284, Val Acc: 0.6822, Val F1 Macro: 0.6752, Val F1 Micro: 0.6823, Val RMSE: 1.1684, 
Test Loss: 1.1786, Test Acc: 0.6934, Test F1 Macro: 0.6914, Test F1 Micro: 0.6995, Test RMSE: 1.0892

Epoch [12/20], Time: 5.06s, 
Train Loss: 0.0979, Train Acc: 0.9646, Train F1 Macro: 0.8123, Train F1 Micro: 0.8168, Train RMSE: 0.8598, 
Val Loss: 1.4506, Val Acc: 0.6857, Val F1 Macro: 0.6754, Val F1 Micro: 0.6826, Val RMSE: 1.1672, 
Test Loss: 1.3474, Test Acc: 0.6951, Test F1 Macro: 0.6910, Test F1 Micro: 0.6992, Test RMSE: 1.0891

Epoch [13/20], Time: 4.94s, 
Train Loss: 0.1029, Train Acc: 0.9658, Train F1 Macro: 0.8242, Train F1 Micro: 0.8283, Train RMSE: 0.8319, 
Val Loss: 1.3920, Val Acc: 0.6800, Val F1 Macro: 0.6754, Val F1 Micro: 0.6824, Val RMSE: 1.1660, 
Test Loss: 1.3083, Test Acc: 0.6903, Test F1 Macro: 0.6905, Test F1 Micro: 0.6985, Test RMSE: 1.0901

Epoch [14/20], Time: 4.92s, 
Train Loss: 0.0924, Train Acc: 0.9669, Train F1 Macro: 0.8344, Train F1 Micro: 0.8382, Train RMSE: 0.8067, 
Val Loss: 1.4918, Val Acc: 0.6691, Val F1 Macro: 0.6747, Val F1 Micro: 0.6814, Val RMSE: 1.1679, 
Test Loss: 1.3951, Test Acc: 0.6812, Test F1 Macro: 0.6896, Test F1 Micro: 0.6972, Test RMSE: 1.0939

Epoch [15/20], Time: 4.98s, 
Train Loss: 0.0675, Train Acc: 0.9762, Train F1 Macro: 0.8439, Train F1 Micro: 0.8474, Train RMSE: 0.7828, 
Val Loss: 1.5923, Val Acc: 0.6791, Val F1 Macro: 0.6745, Val F1 Micro: 0.6813, Val RMSE: 1.1689, 
Test Loss: 1.5091, Test Acc: 0.6908, Test F1 Macro: 0.6891, Test F1 Micro: 0.6968, Test RMSE: 1.0960

Epoch [16/20], Time: 5.00s, 
Train Loss: 0.0704, Train Acc: 0.9770, Train F1 Macro: 0.8523, Train F1 Micro: 0.8555, Train RMSE: 0.7617, 
Val Loss: 1.6908, Val Acc: 0.6696, Val F1 Macro: 0.6738, Val F1 Micro: 0.6805, Val RMSE: 1.1707, 
Test Loss: 1.5745, Test Acc: 0.6855, Test F1 Macro: 0.6885, Test F1 Micro: 0.6961, Test RMSE: 1.0977

Epoch [17/20], Time: 4.99s, 
Train Loss: 0.0617, Train Acc: 0.9772, Train F1 Macro: 0.8596, Train F1 Micro: 0.8626, Train RMSE: 0.7422, 
Val Loss: 1.7538, Val Acc: 0.6639, Val F1 Macro: 0.6729, Val F1 Micro: 0.6796, Val RMSE: 1.1692, 
Test Loss: 1.6137, Test Acc: 0.6860, Test F1 Macro: 0.6881, Test F1 Micro: 0.6955, Test RMSE: 1.0977

Epoch [18/20], Time: 5.20s, 
Train Loss: 0.0640, Train Acc: 0.9780, Train F1 Macro: 0.8662, Train F1 Micro: 0.8690, Train RMSE: 0.7245, 
Val Loss: 1.8248, Val Acc: 0.6665, Val F1 Macro: 0.6723, Val F1 Micro: 0.6788, Val RMSE: 1.1720, 
Test Loss: 1.7382, Test Acc: 0.6773, Test F1 Macro: 0.6871, Test F1 Micro: 0.6945, Test RMSE: 1.1015

Epoch [19/20], Time: 5.06s, 
Train Loss: 0.0649, Train Acc: 0.9775, Train F1 Macro: 0.8721, Train F1 Micro: 0.8748, Train RMSE: 0.7087, 
Val Loss: 1.8868, Val Acc: 0.6678, Val F1 Macro: 0.6718, Val F1 Micro: 0.6783, Val RMSE: 1.1739, 
Test Loss: 1.7131, Test Acc: 0.6790, Test F1 Macro: 0.6863, Test F1 Micro: 0.6937, Test RMSE: 1.1028

Epoch [20/20], Time: 5.03s, 
Train Loss: 0.0535, Train Acc: 0.9823, Train F1 Macro: 0.8776, Train F1 Micro: 0.8801, Train RMSE: 0.6932, 
Val Loss: 1.8837, Val Acc: 0.6596, Val F1 Macro: 0.6709, Val F1 Micro: 0.6773, Val RMSE: 1.1762, 
Test Loss: 1.7363, Test Acc: 0.6764, Test F1 Macro: 0.6854, Test F1 Micro: 0.6928, Test RMSE: 1.1049

Total Training Time: 99.18s

Test Loss: 0.7473, Test Acc: 0.7082, Test F1 Macro: 0.6998, Test F1 Micro: 0.7082, Test RMSE: 1.1081
===== SEED 123 =====
PyTorch Version : 2.11.0+cu128
cuda
2.5.description.pt
***** Best Result Updated at Epoch 1, Val Loss: 0.8999 *****
Epoch [1/20], Time: 5.27s, 
Train Loss: 1.2237, Train Acc: 0.5263, Train F1 Macro: 0.5024, Train F1 Micro: 0.5263, Train RMSE: 1.4536, 
Val Loss: 0.8999, Val Acc: 0.6752, Val F1 Macro: 0.6663, Val F1 Micro: 0.6752, Val RMSE: 1.1975, 
Test Loss: 0.8582, Test Acc: 0.6886, Test F1 Macro: 0.6776, Test F1 Micro: 0.6886, Test RMSE: 1.1578

***** Best Result Updated at Epoch 2, Val Loss: 0.7938 *****
Epoch [2/20], Time: 4.94s, 
Train Loss: 0.8688, Train Acc: 0.6756, Train F1 Macro: 0.5847, Train F1 Micro: 0.6010, Train RMSE: 1.3304, 
Val Loss: 0.7938, Val Acc: 0.7009, Val F1 Macro: 0.6792, Val F1 Micro: 0.6881, Val RMSE: 1.1745, 
Test Loss: 0.7726, Test Acc: 0.7025, Test F1 Macro: 0.6842, Test F1 Micro: 0.6956, Test RMSE: 1.1361

***** Best Result Updated at Epoch 3, Val Loss: 0.7629 *****
Epoch [3/20], Time: 4.83s, 
Train Loss: 0.7587, Train Acc: 0.7132, Train F1 Macro: 0.6252, Train F1 Micro: 0.6384, Train RMSE: 1.2574, 
Val Loss: 0.7629, Val Acc: 0.7162, Val F1 Macro: 0.6886, Val F1 Micro: 0.6974, Val RMSE: 1.1551, 
Test Loss: 0.7368, Test Acc: 0.7139, Test F1 Macro: 0.6914, Test F1 Micro: 0.7017, Test RMSE: 1.1176

Epoch [4/20], Time: 4.78s, 
Train Loss: 0.6517, Train Acc: 0.7504, Train F1 Macro: 0.6554, Train F1 Micro: 0.6664, Train RMSE: 1.1980, 
Val Loss: 0.7814, Val Acc: 0.6948, Val F1 Macro: 0.6887, Val F1 Micro: 0.6968, Val RMSE: 1.1536, 
Test Loss: 0.7443, Test Acc: 0.7060, Test F1 Macro: 0.6930, Test F1 Micro: 0.7027, Test RMSE: 1.1261

Epoch [5/20], Time: 4.80s, 
Train Loss: 0.5650, Train Acc: 0.7865, Train F1 Macro: 0.6811, Train F1 Micro: 0.6904, Train RMSE: 1.1463, 
Val Loss: 0.7837, Val Acc: 0.7040, Val F1 Macro: 0.6904, Val F1 Micro: 0.6982, Val RMSE: 1.1474, 
Test Loss: 0.7500, Test Acc: 0.7152, Test F1 Macro: 0.6955, Test F1 Micro: 0.7052, Test RMSE: 1.1204

Epoch [6/20], Time: 4.80s, 
Train Loss: 0.4497, Train Acc: 0.8316, Train F1 Macro: 0.7061, Train F1 Micro: 0.7139, Train RMSE: 1.0923, 
Val Loss: 0.7953, Val Acc: 0.7074, Val F1 Macro: 0.6924, Val F1 Micro: 0.6998, Val RMSE: 1.1421, 
Test Loss: 0.7771, Test Acc: 0.7160, Test F1 Macro: 0.6974, Test F1 Micro: 0.7070, Test RMSE: 1.1121

Epoch [7/20], Time: 5.00s, 
Train Loss: 0.3415, Train Acc: 0.8770, Train F1 Macro: 0.7305, Train F1 Micro: 0.7372, Train RMSE: 1.0415, 
Val Loss: 0.9032, Val Acc: 0.6922, Val F1 Macro: 0.6914, Val F1 Micro: 0.6987, Val RMSE: 1.1463, 
Test Loss: 0.8720, Test Acc: 0.7165, Test F1 Macro: 0.6987, Test F1 Micro: 0.7084, Test RMSE: 1.1120

Epoch [8/20], Time: 4.84s, 
Train Loss: 0.2582, Train Acc: 0.9069, Train F1 Macro: 0.7527, Train F1 Micro: 0.7585, Train RMSE: 0.9946, 
Val Loss: 1.0284, Val Acc: 0.6822, Val F1 Macro: 0.6890, Val F1 Micro: 0.6966, Val RMSE: 1.1475, 
Test Loss: 0.9624, Test Acc: 0.7056, Test F1 Macro: 0.6981, Test F1 Micro: 0.7080, Test RMSE: 1.1087

Epoch [9/20], Time: 4.87s, 
Train Loss: 0.1910, Train Acc: 0.9335, Train F1 Macro: 0.7728, Train F1 Micro: 0.7779, Train RMSE: 0.9521, 
Val Loss: 1.1192, Val Acc: 0.6722, Val F1 Macro: 0.6863, Val F1 Micro: 0.6939, Val RMSE: 1.1513, 
Test Loss: 1.0518, Test Acc: 0.6995, Test F1 Macro: 0.6969, Test F1 Micro: 0.7071, Test RMSE: 1.1115

Epoch [10/20], Time: 4.90s, 
Train Loss: 0.1410, Train Acc: 0.9523, Train F1 Macro: 0.7908, Train F1 Micro: 0.7953, Train RMSE: 0.9116, 
Val Loss: 1.2100, Val Acc: 0.6918, Val F1 Macro: 0.6861, Val F1 Micro: 0.6937, Val RMSE: 1.1497, 
Test Loss: 1.1217, Test Acc: 0.7152, Test F1 Macro: 0.6977, Test F1 Micro: 0.7079, Test RMSE: 1.1098

Epoch [11/20], Time: 4.90s, 
Train Loss: 0.1181, Train Acc: 0.9587, Train F1 Macro: 0.8062, Train F1 Micro: 0.8102, Train RMSE: 0.8760, 
Val Loss: 1.3535, Val Acc: 0.6805, Val F1 Macro: 0.6847, Val F1 Micro: 0.6925, Val RMSE: 1.1523, 
Test Loss: 1.2648, Test Acc: 0.7034, Test F1 Macro: 0.6971, Test F1 Micro: 0.7075, Test RMSE: 1.1119

Epoch [12/20], Time: 5.08s, 
Train Loss: 0.0978, Train Acc: 0.9657, Train F1 Macro: 0.8196, Train F1 Micro: 0.8231, Train RMSE: 0.8447, 
Val Loss: 1.5262, Val Acc: 0.6778, Val F1 Macro: 0.6833, Val F1 Micro: 0.6913, Val RMSE: 1.1563, 
Test Loss: 1.4293, Test Acc: 0.7064, Test F1 Macro: 0.6972, Test F1 Micro: 0.7074, Test RMSE: 1.1169

Epoch [13/20], Time: 4.94s, 
Train Loss: 0.0849, Train Acc: 0.9699, Train F1 Macro: 0.8312, Train F1 Micro: 0.8344, Train RMSE: 0.8169, 
Val Loss: 1.5795, Val Acc: 0.6709, Val F1 Macro: 0.6815, Val F1 Micro: 0.6897, Val RMSE: 1.1609, 
Test Loss: 1.4737, Test Acc: 0.7056, Test F1 Macro: 0.6969, Test F1 Micro: 0.7073, Test RMSE: 1.1200

Epoch [14/20], Time: 4.93s, 
Train Loss: 0.0906, Train Acc: 0.9666, Train F1 Macro: 0.8409, Train F1 Micro: 0.8439, Train RMSE: 0.7921, 
Val Loss: 1.4686, Val Acc: 0.6700, Val F1 Macro: 0.6801, Val F1 Micro: 0.6883, Val RMSE: 1.1635, 
Test Loss: 1.4117, Test Acc: 0.6921, Test F1 Macro: 0.6957, Test F1 Micro: 0.7062, Test RMSE: 1.1246

Epoch [15/20], Time: 4.97s, 
Train Loss: 0.0839, Train Acc: 0.9696, Train F1 Macro: 0.8495, Train F1 Micro: 0.8523, Train RMSE: 0.7705, 
Val Loss: 1.5831, Val Acc: 0.6748, Val F1 Macro: 0.6792, Val F1 Micro: 0.6874, Val RMSE: 1.1655, 
Test Loss: 1.4669, Test Acc: 0.7038, Test F1 Macro: 0.6955, Test F1 Micro: 0.7060, Test RMSE: 1.1261

Epoch [16/20], Time: 4.98s, 
Train Loss: 0.0697, Train Acc: 0.9767, Train F1 Macro: 0.8575, Train F1 Micro: 0.8600, Train RMSE: 0.7495, 
Val Loss: 1.6478, Val Acc: 0.6822, Val F1 Macro: 0.6790, Val F1 Micro: 0.6871, Val RMSE: 1.1638, 
Test Loss: 1.5419, Test Acc: 0.7121, Test F1 Macro: 0.6959, Test F1 Micro: 0.7064, Test RMSE: 1.1248

Epoch [17/20], Time: 4.98s, 
Train Loss: 0.0602, Train Acc: 0.9794, Train F1 Macro: 0.8647, Train F1 Micro: 0.8671, Train RMSE: 0.7300, 
Val Loss: 1.6734, Val Acc: 0.6731, Val F1 Macro: 0.6782, Val F1 Micro: 0.6862, Val RMSE: 1.1623, 
Test Loss: 1.5861, Test Acc: 0.6886, Test F1 Macro: 0.6947, Test F1 Micro: 0.7053, Test RMSE: 1.1251

Epoch [18/20], Time: 5.20s, 
Train Loss: 0.0600, Train Acc: 0.9792, Train F1 Macro: 0.8710, Train F1 Micro: 0.8733, Train RMSE: 0.7122, 
Val Loss: 1.7233, Val Acc: 0.6796, Val F1 Macro: 0.6779, Val F1 Micro: 0.6859, Val RMSE: 1.1616, 
Test Loss: 1.6309, Test Acc: 0.7030, Test F1 Macro: 0.6946, Test F1 Micro: 0.7052, Test RMSE: 1.1248

Epoch [19/20], Time: 5.02s, 
Train Loss: 0.0605, Train Acc: 0.9808, Train F1 Macro: 0.8768, Train F1 Micro: 0.8789, Train RMSE: 0.6957, 
Val Loss: 1.9276, Val Acc: 0.6700, Val F1 Macro: 0.6770, Val F1 Micro: 0.6850, Val RMSE: 1.1636, 
Test Loss: 1.8651, Test Acc: 0.6925, Test F1 Macro: 0.6939, Test F1 Micro: 0.7045, Test RMSE: 1.1282

Epoch [20/20], Time: 5.13s, 
Train Loss: 0.0528, Train Acc: 0.9826, Train F1 Macro: 0.8821, Train F1 Micro: 0.8841, Train RMSE: 0.6806, 
Val Loss: 1.8199, Val Acc: 0.6622, Val F1 Macro: 0.6758, Val F1 Micro: 0.6839, Val RMSE: 1.1666, 
Test Loss: 1.7436, Test Acc: 0.6842, Test F1 Macro: 0.6928, Test F1 Micro: 0.7035, Test RMSE: 1.1317

Total Training Time: 99.17s

Test Loss: 0.7368, Test Acc: 0.7139, Test F1 Macro: 0.7060, Test F1 Micro: 0.7139, Test RMSE: 1.0796
