===== SEED 42 =====
PyTorch Version : 2.11.0+cu128
cuda
2.5.description.pt
***** Best Result Updated at Epoch 1, Val Loss: 1.1022 *****
Epoch [1/20], Time: 5.13s, 
Train Loss: 1.2918, Train Acc: 0.4830, Train F1 Macro: 0.4579, Train F1 Micro: 0.4830, Train RMSE: 1.5704, 
Val Loss: 1.1022, Val Acc: 0.5686, Val F1 Macro: 0.5405, Val F1 Micro: 0.5686, Val RMSE: 1.4827, 
Test Loss: 1.0584, Test Acc: 0.5849, Test F1 Macro: 0.5598, Test F1 Micro: 0.5849, Test RMSE: 1.4601

***** Best Result Updated at Epoch 2, Val Loss: 1.0508 *****
Epoch [2/20], Time: 4.79s, 
Train Loss: 1.0594, Train Acc: 0.5883, Train F1 Macro: 0.5188, Train F1 Micro: 0.5357, Train RMSE: 1.4817, 
Val Loss: 1.0508, Val Acc: 0.5990, Val F1 Macro: 0.5602, Val F1 Micro: 0.5838, Val RMSE: 1.4276, 
Test Loss: 1.0142, Test Acc: 0.5976, Test F1 Macro: 0.5682, Test F1 Micro: 0.5912, Test RMSE: 1.4194

***** Best Result Updated at Epoch 3, Val Loss: 1.0186 *****
Epoch [3/20], Time: 4.68s, 
Train Loss: 0.9615, Train Acc: 0.6283, Train F1 Macro: 0.5519, Train F1 Micro: 0.5665, Train RMSE: 1.4195, 
Val Loss: 1.0186, Val Acc: 0.6056, Val F1 Macro: 0.5677, Val F1 Micro: 0.5911, Val RMSE: 1.4062, 
Test Loss: 0.9763, Test Acc: 0.6137, Test F1 Macro: 0.5771, Test F1 Micro: 0.5987, Test RMSE: 1.3957

***** Best Result Updated at Epoch 4, Val Loss: 1.0154 *****
Epoch [4/20], Time: 4.70s, 
Train Loss: 0.8494, Train Acc: 0.6729, Train F1 Macro: 0.5807, Train F1 Micro: 0.5931, Train RMSE: 1.3610, 
Val Loss: 1.0154, Val Acc: 0.6047, Val F1 Macro: 0.5736, Val F1 Micro: 0.5945, Val RMSE: 1.3977, 
Test Loss: 0.9741, Test Acc: 0.6263, Test F1 Macro: 0.5880, Test F1 Micro: 0.6056, Test RMSE: 1.3841

Epoch [5/20], Time: 4.72s, 
Train Loss: 0.7246, Train Acc: 0.7224, Train F1 Macro: 0.6081, Train F1 Micro: 0.6190, Train RMSE: 1.3017, 
Val Loss: 1.0413, Val Acc: 0.6043, Val F1 Macro: 0.5778, Val F1 Micro: 0.5964, Val RMSE: 1.3864, 
Test Loss: 0.9880, Test Acc: 0.6189, Test F1 Macro: 0.5922, Test F1 Micro: 0.6083, Test RMSE: 1.3667

Epoch [6/20], Time: 4.71s, 
Train Loss: 0.5938, Train Acc: 0.7781, Train F1 Macro: 0.6361, Train F1 Micro: 0.6455, Train RMSE: 1.2420, 
Val Loss: 1.0961, Val Acc: 0.6003, Val F1 Macro: 0.5807, Val F1 Micro: 0.5971, Val RMSE: 1.3734, 
Test Loss: 1.0382, Test Acc: 0.6176, Test F1 Macro: 0.5954, Test F1 Micro: 0.6098, Test RMSE: 1.3604

Epoch [7/20], Time: 4.86s, 
Train Loss: 0.4547, Train Acc: 0.8305, Train F1 Macro: 0.6637, Train F1 Micro: 0.6719, Train RMSE: 1.1841, 
Val Loss: 1.2583, Val Acc: 0.6034, Val F1 Macro: 0.5817, Val F1 Micro: 0.5980, Val RMSE: 1.3647, 
Test Loss: 1.1870, Test Acc: 0.6132, Test F1 Macro: 0.5956, Test F1 Micro: 0.6103, Test RMSE: 1.3505

Epoch [8/20], Time: 4.76s, 
Train Loss: 0.3425, Train Acc: 0.8762, Train F1 Macro: 0.6903, Train F1 Micro: 0.6975, Train RMSE: 1.1284, 
Val Loss: 1.3807, Val Acc: 0.5877, Val F1 Macro: 0.5805, Val F1 Micro: 0.5967, Val RMSE: 1.3580, 
Test Loss: 1.2757, Test Acc: 0.6137, Test F1 Macro: 0.5966, Test F1 Micro: 0.6107, Test RMSE: 1.3402

Epoch [9/20], Time: 4.73s, 
Train Loss: 0.2732, Train Acc: 0.9006, Train F1 Macro: 0.7137, Train F1 Micro: 0.7200, Train RMSE: 1.0812, 
Val Loss: 1.5288, Val Acc: 0.5869, Val F1 Macro: 0.5802, Val F1 Micro: 0.5956, Val RMSE: 1.3593, 
Test Loss: 1.4249, Test Acc: 0.6106, Test F1 Macro: 0.5971, Test F1 Micro: 0.6107, Test RMSE: 1.3386

Epoch [10/20], Time: 4.79s, 
Train Loss: 0.2024, Train Acc: 0.9300, Train F1 Macro: 0.7355, Train F1 Micro: 0.7410, Train RMSE: 1.0371, 
Val Loss: 1.6334, Val Acc: 0.5882, Val F1 Macro: 0.5799, Val F1 Micro: 0.5949, Val RMSE: 1.3592, 
Test Loss: 1.5062, Test Acc: 0.6089, Test F1 Macro: 0.5969, Test F1 Micro: 0.6105, Test RMSE: 1.3372

Epoch [11/20], Time: 4.77s, 
Train Loss: 0.1667, Train Acc: 0.9417, Train F1 Macro: 0.7543, Train F1 Micro: 0.7593, Train RMSE: 0.9975, 
Val Loss: 1.8094, Val Acc: 0.5860, Val F1 Macro: 0.5790, Val F1 Micro: 0.5941, Val RMSE: 1.3552, 
Test Loss: 1.6940, Test Acc: 0.6024, Test F1 Macro: 0.5961, Test F1 Micro: 0.6098, Test RMSE: 1.3340

Epoch [12/20], Time: 4.97s, 
Train Loss: 0.1413, Train Acc: 0.9515, Train F1 Macro: 0.7709, Train F1 Micro: 0.7753, Train RMSE: 0.9623, 
Val Loss: 1.9631, Val Acc: 0.5890, Val F1 Macro: 0.5785, Val F1 Micro: 0.5936, Val RMSE: 1.3567, 
Test Loss: 1.8491, Test Acc: 0.6102, Test F1 Macro: 0.5962, Test F1 Micro: 0.6098, Test RMSE: 1.3346

Epoch [13/20], Time: 4.82s, 
Train Loss: 0.1156, Train Acc: 0.9598, Train F1 Macro: 0.7855, Train F1 Micro: 0.7895, Train RMSE: 0.9295, 
Val Loss: 2.1277, Val Acc: 0.5799, Val F1 Macro: 0.5775, Val F1 Micro: 0.5926, Val RMSE: 1.3535, 
Test Loss: 1.9862, Test Acc: 0.5958, Test F1 Macro: 0.5952, Test F1 Micro: 0.6088, Test RMSE: 1.3317

Epoch [14/20], Time: 4.87s, 
Train Loss: 0.1101, Train Acc: 0.9612, Train F1 Macro: 0.7981, Train F1 Micro: 0.8018, Train RMSE: 0.9006, 
Val Loss: 2.1254, Val Acc: 0.5873, Val F1 Macro: 0.5773, Val F1 Micro: 0.5922, Val RMSE: 1.3524, 
Test Loss: 2.0226, Test Acc: 0.5993, Test F1 Macro: 0.5944, Test F1 Micro: 0.6081, Test RMSE: 1.3307

Epoch [15/20], Time: 4.86s, 
Train Loss: 0.0907, Train Acc: 0.9679, Train F1 Macro: 0.8095, Train F1 Micro: 0.8128, Train RMSE: 0.8741, 
Val Loss: 2.3655, Val Acc: 0.5738, Val F1 Macro: 0.5765, Val F1 Micro: 0.5910, Val RMSE: 1.3509, 
Test Loss: 2.1917, Test Acc: 0.5958, Test F1 Macro: 0.5940, Test F1 Micro: 0.6073, Test RMSE: 1.3281

Epoch [16/20], Time: 4.88s, 
Train Loss: 0.0887, Train Acc: 0.9696, Train F1 Macro: 0.8195, Train F1 Micro: 0.8226, Train RMSE: 0.8504, 
Val Loss: 2.3995, Val Acc: 0.5864, Val F1 Macro: 0.5762, Val F1 Micro: 0.5907, Val RMSE: 1.3499, 
Test Loss: 2.2832, Test Acc: 0.6058, Test F1 Macro: 0.5938, Test F1 Micro: 0.6072, Test RMSE: 1.3273

Epoch [17/20], Time: 4.88s, 
Train Loss: 0.0877, Train Acc: 0.9699, Train F1 Macro: 0.8284, Train F1 Micro: 0.8313, Train RMSE: 0.8286, 
Val Loss: 2.4726, Val Acc: 0.5781, Val F1 Macro: 0.5756, Val F1 Micro: 0.5900, Val RMSE: 1.3486, 
Test Loss: 2.3561, Test Acc: 0.6019, Test F1 Macro: 0.5936, Test F1 Micro: 0.6069, Test RMSE: 1.3265

Epoch [18/20], Time: 5.09s, 
Train Loss: 0.0777, Train Acc: 0.9740, Train F1 Macro: 0.8365, Train F1 Micro: 0.8392, Train RMSE: 0.8085, 
Val Loss: 2.5823, Val Acc: 0.5768, Val F1 Macro: 0.5750, Val F1 Micro: 0.5892, Val RMSE: 1.3480, 
Test Loss: 2.4006, Test Acc: 0.6063, Test F1 Macro: 0.5935, Test F1 Micro: 0.6068, Test RMSE: 1.3241

Epoch [19/20], Time: 4.91s, 
Train Loss: 0.0783, Train Acc: 0.9734, Train F1 Macro: 0.8437, Train F1 Micro: 0.8463, Train RMSE: 0.7901, 
Val Loss: 2.7311, Val Acc: 0.5764, Val F1 Macro: 0.5741, Val F1 Micro: 0.5885, Val RMSE: 1.3461, 
Test Loss: 2.5436, Test Acc: 0.6058, Test F1 Macro: 0.5933, Test F1 Micro: 0.6068, Test RMSE: 1.3219

Epoch [20/20], Time: 5.24s, 
Train Loss: 0.0717, Train Acc: 0.9772, Train F1 Macro: 0.8504, Train F1 Micro: 0.8528, Train RMSE: 0.7728, 
Val Loss: 2.6764, Val Acc: 0.5694, Val F1 Macro: 0.5733, Val F1 Micro: 0.5876, Val RMSE: 1.3469, 
Test Loss: 2.5314, Test Acc: 0.5910, Test F1 Macro: 0.5924, Test F1 Micro: 0.6060, Test RMSE: 1.3219

Total Training Time: 97.14s

Test Loss: 0.9741, Test Acc: 0.6263, Test F1 Macro: 0.6164, Test F1 Micro: 0.6263, Test RMSE: 1.3490
===== SEED 7 =====
PyTorch Version : 2.11.0+cu128
cuda
2.5.description.pt
***** Best Result Updated at Epoch 1, Val Loss: 1.1446 *****
Epoch [1/20], Time: 5.33s, 
Train Loss: 1.3172, Train Acc: 0.4750, Train F1 Macro: 0.4428, Train F1 Micro: 0.4750, Train RMSE: 1.6134, 
Val Loss: 1.1446, Val Acc: 0.5503, Val F1 Macro: 0.5290, Val F1 Micro: 0.5503, Val RMSE: 1.6135, 
Test Loss: 1.1029, Test Acc: 0.5566, Test F1 Macro: 0.5324, Test F1 Micro: 0.5566, Test RMSE: 1.6171

***** Best Result Updated at Epoch 2, Val Loss: 1.0448 *****
Epoch [2/20], Time: 4.96s, 
Train Loss: 1.0867, Train Acc: 0.5783, Train F1 Macro: 0.5047, Train F1 Micro: 0.5266, Train RMSE: 1.5296, 
Val Loss: 1.0448, Val Acc: 0.5912, Val F1 Macro: 0.5513, Val F1 Micro: 0.5707, Val RMSE: 1.5336, 
Test Loss: 1.0065, Test Acc: 0.5963, Test F1 Macro: 0.5545, Test F1 Micro: 0.5764, Test RMSE: 1.5174

***** Best Result Updated at Epoch 3, Val Loss: 1.0093 *****
Epoch [3/20], Time: 4.83s, 
Train Loss: 0.9728, Train Acc: 0.6257, Train F1 Macro: 0.5422, Train F1 Micro: 0.5596, Train RMSE: 1.4622, 
Val Loss: 1.0093, Val Acc: 0.6056, Val F1 Macro: 0.5656, Val F1 Micro: 0.5824, Val RMSE: 1.4755, 
Test Loss: 0.9811, Test Acc: 0.6180, Test F1 Macro: 0.5716, Test F1 Micro: 0.5903, Test RMSE: 1.4567

***** Best Result Updated at Epoch 4, Val Loss: 0.9990 *****
Epoch [4/20], Time: 4.85s, 
Train Loss: 0.8660, Train Acc: 0.6718, Train F1 Macro: 0.5727, Train F1 Micro: 0.5877, Train RMSE: 1.4005, 
Val Loss: 0.9990, Val Acc: 0.6256, Val F1 Macro: 0.5777, Val F1 Micro: 0.5932, Val RMSE: 1.4328, 
Test Loss: 0.9637, Test Acc: 0.6211, Test F1 Macro: 0.5810, Test F1 Micro: 0.5980, Test RMSE: 1.4201

Epoch [5/20], Time: 4.80s, 
Train Loss: 0.7380, Train Acc: 0.7207, Train F1 Macro: 0.6017, Train F1 Micro: 0.6143, Train RMSE: 1.3393, 
Val Loss: 1.0652, Val Acc: 0.6104, Val F1 Macro: 0.5813, Val F1 Micro: 0.5966, Val RMSE: 1.4150, 
Test Loss: 1.0188, Test Acc: 0.6206, Test F1 Macro: 0.5860, Test F1 Micro: 0.6025, Test RMSE: 1.4026

Epoch [6/20], Time: 4.84s, 
Train Loss: 0.5899, Train Acc: 0.7786, Train F1 Macro: 0.6308, Train F1 Micro: 0.6417, Train RMSE: 1.2780, 
Val Loss: 1.0685, Val Acc: 0.6138, Val F1 Macro: 0.5861, Val F1 Micro: 0.5995, Val RMSE: 1.4039, 
Test Loss: 1.0280, Test Acc: 0.6172, Test F1 Macro: 0.5904, Test F1 Micro: 0.6050, Test RMSE: 1.3895

Epoch [7/20], Time: 4.99s, 
Train Loss: 0.4539, Train Acc: 0.8341, Train F1 Macro: 0.6598, Train F1 Micro: 0.6692, Train RMSE: 1.2214, 
Val Loss: 1.1866, Val Acc: 0.5995, Val F1 Macro: 0.5864, Val F1 Micro: 0.5995, Val RMSE: 1.3917, 
Test Loss: 1.1401, Test Acc: 0.6024, Test F1 Macro: 0.5902, Test F1 Micro: 0.6046, Test RMSE: 1.3799

Epoch [8/20], Time: 4.86s, 
Train Loss: 0.3359, Train Acc: 0.8779, Train F1 Macro: 0.6871, Train F1 Micro: 0.6953, Train RMSE: 1.1646, 
Val Loss: 1.3507, Val Acc: 0.6108, Val F1 Macro: 0.5876, Val F1 Micro: 0.6009, Val RMSE: 1.3837, 
Test Loss: 1.3000, Test Acc: 0.6041, Test F1 Macro: 0.5902, Test F1 Micro: 0.6045, Test RMSE: 1.3799

Epoch [9/20], Time: 4.87s, 
Train Loss: 0.2536, Train Acc: 0.9114, Train F1 Macro: 0.7122, Train F1 Micro: 0.7193, Train RMSE: 1.1141, 
Val Loss: 1.5992, Val Acc: 0.6091, Val F1 Macro: 0.5886, Val F1 Micro: 0.6018, Val RMSE: 1.3831, 
Test Loss: 1.5570, Test Acc: 0.6076, Test F1 Macro: 0.5907, Test F1 Micro: 0.6049, Test RMSE: 1.3837

Epoch [10/20], Time: 4.91s, 
Train Loss: 0.2082, Train Acc: 0.9261, Train F1 Macro: 0.7336, Train F1 Micro: 0.7399, Train RMSE: 1.0696, 
Val Loss: 1.5485, Val Acc: 0.6108, Val F1 Macro: 0.5895, Val F1 Micro: 0.6027, Val RMSE: 1.3757, 
Test Loss: 1.5133, Test Acc: 0.6015, Test F1 Macro: 0.5904, Test F1 Micro: 0.6045, Test RMSE: 1.3813

Epoch [11/20], Time: 4.89s, 
Train Loss: 0.1573, Train Acc: 0.9445, Train F1 Macro: 0.7529, Train F1 Micro: 0.7585, Train RMSE: 1.0288, 
Val Loss: 1.7363, Val Acc: 0.6008, Val F1 Macro: 0.5892, Val F1 Micro: 0.6025, Val RMSE: 1.3720, 
Test Loss: 1.6485, Test Acc: 0.6111, Test F1 Macro: 0.5912, Test F1 Micro: 0.6051, Test RMSE: 1.3782

Epoch [12/20], Time: 5.08s, 
Train Loss: 0.1353, Train Acc: 0.9536, Train F1 Macro: 0.7697, Train F1 Micro: 0.7748, Train RMSE: 0.9927, 
Val Loss: 1.8815, Val Acc: 0.6086, Val F1 Macro: 0.5897, Val F1 Micro: 0.6030, Val RMSE: 1.3694, 
Test Loss: 1.7866, Test Acc: 0.6054, Test F1 Macro: 0.5913, Test F1 Micro: 0.6051, Test RMSE: 1.3769

Epoch [13/20], Time: 4.96s, 
Train Loss: 0.1266, Train Acc: 0.9547, Train F1 Macro: 0.7840, Train F1 Micro: 0.7886, Train RMSE: 0.9596, 
Val Loss: 1.9701, Val Acc: 0.5921, Val F1 Macro: 0.5890, Val F1 Micro: 0.6022, Val RMSE: 1.3644, 
Test Loss: 1.8448, Test Acc: 0.5976, Test F1 Macro: 0.5908, Test F1 Micro: 0.6046, Test RMSE: 1.3719

Epoch [14/20], Time: 4.96s, 
Train Loss: 0.1051, Train Acc: 0.9633, Train F1 Macro: 0.7969, Train F1 Micro: 0.8011, Train RMSE: 0.9303, 
Val Loss: 2.0982, Val Acc: 0.5903, Val F1 Macro: 0.5880, Val F1 Micro: 0.6013, Val RMSE: 1.3608, 
Test Loss: 1.9850, Test Acc: 0.6071, Test F1 Macro: 0.5909, Test F1 Micro: 0.6047, Test RMSE: 1.3696

Epoch [15/20], Time: 4.96s, 
Train Loss: 0.0961, Train Acc: 0.9681, Train F1 Macro: 0.8083, Train F1 Micro: 0.8122, Train RMSE: 0.9031, 
Val Loss: 2.1963, Val Acc: 0.5851, Val F1 Macro: 0.5868, Val F1 Micro: 0.6003, Val RMSE: 1.3579, 
Test Loss: 2.0707, Test Acc: 0.5958, Test F1 Macro: 0.5902, Test F1 Micro: 0.6042, Test RMSE: 1.3663

Epoch [16/20], Time: 4.99s, 
Train Loss: 0.0893, Train Acc: 0.9701, Train F1 Macro: 0.8185, Train F1 Micro: 0.8221, Train RMSE: 0.8785, 
Val Loss: 2.3393, Val Acc: 0.5938, Val F1 Macro: 0.5863, Val F1 Micro: 0.5999, Val RMSE: 1.3579, 
Test Loss: 2.2396, Test Acc: 0.5963, Test F1 Macro: 0.5896, Test F1 Micro: 0.6037, Test RMSE: 1.3671

Epoch [17/20], Time: 5.00s, 
Train Loss: 0.0822, Train Acc: 0.9715, Train F1 Macro: 0.8275, Train F1 Micro: 0.8309, Train RMSE: 0.8560, 
Val Loss: 2.3151, Val Acc: 0.5973, Val F1 Macro: 0.5866, Val F1 Micro: 0.5997, Val RMSE: 1.3572, 
Test Loss: 2.2077, Test Acc: 0.5954, Test F1 Macro: 0.5892, Test F1 Micro: 0.6032, Test RMSE: 1.3652

Epoch [18/20], Time: 5.19s, 
Train Loss: 0.0764, Train Acc: 0.9748, Train F1 Macro: 0.8357, Train F1 Micro: 0.8389, Train RMSE: 0.8349, 
Val Loss: 2.3732, Val Acc: 0.6043, Val F1 Macro: 0.5870, Val F1 Micro: 0.6000, Val RMSE: 1.3563, 
Test Loss: 2.3148, Test Acc: 0.5997, Test F1 Macro: 0.5889, Test F1 Micro: 0.6030, Test RMSE: 1.3648

Epoch [19/20], Time: 5.01s, 
Train Loss: 0.0742, Train Acc: 0.9747, Train F1 Macro: 0.8430, Train F1 Micro: 0.8460, Train RMSE: 0.8157, 
Val Loss: 2.4179, Val Acc: 0.5847, Val F1 Macro: 0.5864, Val F1 Micro: 0.5992, Val RMSE: 1.3565, 
Test Loss: 2.3326, Test Acc: 0.5867, Test F1 Macro: 0.5881, Test F1 Micro: 0.6021, Test RMSE: 1.3645

Epoch [20/20], Time: 5.02s, 
Train Loss: 0.0695, Train Acc: 0.9759, Train F1 Macro: 0.8497, Train F1 Micro: 0.8525, Train RMSE: 0.7979, 
Val Loss: 2.5918, Val Acc: 0.5977, Val F1 Macro: 0.5866, Val F1 Micro: 0.5991, Val RMSE: 1.3572, 
Test Loss: 2.4779, Test Acc: 0.5993, Test F1 Macro: 0.5879, Test F1 Micro: 0.6020, Test RMSE: 1.3657

Total Training Time: 99.31s

Test Loss: 0.9637, Test Acc: 0.6211, Test F1 Macro: 0.6087, Test F1 Micro: 0.6211, Test RMSE: 1.3038
===== SEED 13 =====
PyTorch Version : 2.11.0+cu128
cuda
2.5.description.pt
***** Best Result Updated at Epoch 1, Val Loss: 1.1818 *****
Epoch [1/20], Time: 5.33s, 
Train Loss: 1.3134, Train Acc: 0.4791, Train F1 Macro: 0.4513, Train F1 Micro: 0.4791, Train RMSE: 1.5697, 
Val Loss: 1.1818, Val Acc: 0.5438, Val F1 Macro: 0.5124, Val F1 Micro: 0.5438, Val RMSE: 1.6468, 
Test Loss: 1.1513, Test Acc: 0.5501, Test F1 Macro: 0.5146, Test F1 Micro: 0.5501, Test RMSE: 1.6715

***** Best Result Updated at Epoch 2, Val Loss: 1.0420 *****
Epoch [2/20], Time: 4.97s, 
Train Loss: 1.0833, Train Acc: 0.5830, Train F1 Macro: 0.5118, Train F1 Micro: 0.5311, Train RMSE: 1.4861, 
Val Loss: 1.0420, Val Acc: 0.5956, Val F1 Macro: 0.5513, Val F1 Micro: 0.5697, Val RMSE: 1.5279, 
Test Loss: 1.0051, Test Acc: 0.6080, Test F1 Macro: 0.5612, Test F1 Micro: 0.5791, Test RMSE: 1.5428

***** Best Result Updated at Epoch 3, Val Loss: 1.0169 *****
Epoch [3/20], Time: 4.82s, 
Train Loss: 0.9784, Train Acc: 0.6222, Train F1 Macro: 0.5453, Train F1 Micro: 0.5615, Train RMSE: 1.4280, 
Val Loss: 1.0169, Val Acc: 0.6025, Val F1 Macro: 0.5642, Val F1 Micro: 0.5806, Val RMSE: 1.4794, 
Test Loss: 0.9845, Test Acc: 0.6185, Test F1 Macro: 0.5755, Test F1 Micro: 0.5922, Test RMSE: 1.4876

***** Best Result Updated at Epoch 4, Val Loss: 1.0030 *****
Epoch [4/20], Time: 4.82s, 
Train Loss: 0.8814, Train Acc: 0.6618, Train F1 Macro: 0.5725, Train F1 Micro: 0.5865, Train RMSE: 1.3743, 
Val Loss: 1.0030, Val Acc: 0.6064, Val F1 Macro: 0.5711, Val F1 Micro: 0.5871, Val RMSE: 1.4366, 
Test Loss: 0.9641, Test Acc: 0.6246, Test F1 Macro: 0.5841, Test F1 Micro: 0.6003, Test RMSE: 1.4394

Epoch [5/20], Time: 4.82s, 
Train Loss: 0.7632, Train Acc: 0.7097, Train F1 Macro: 0.5985, Train F1 Micro: 0.6112, Train RMSE: 1.3191, 
Val Loss: 1.0098, Val Acc: 0.6147, Val F1 Macro: 0.5773, Val F1 Micro: 0.5926, Val RMSE: 1.4116, 
Test Loss: 0.9656, Test Acc: 0.6350, Test F1 Macro: 0.5916, Test F1 Micro: 0.6072, Test RMSE: 1.4092

Epoch [6/20], Time: 4.86s, 
Train Loss: 0.6219, Train Acc: 0.7646, Train F1 Macro: 0.6252, Train F1 Micro: 0.6367, Train RMSE: 1.2608, 
Val Loss: 1.0619, Val Acc: 0.6134, Val F1 Macro: 0.5819, Val F1 Micro: 0.5961, Val RMSE: 1.3942, 
Test Loss: 1.0068, Test Acc: 0.6272, Test F1 Macro: 0.5959, Test F1 Micro: 0.6106, Test RMSE: 1.3886

Epoch [7/20], Time: 5.05s, 
Train Loss: 0.4909, Train Acc: 0.8178, Train F1 Macro: 0.6525, Train F1 Micro: 0.6626, Train RMSE: 1.2067, 
Val Loss: 1.1557, Val Acc: 0.5925, Val F1 Macro: 0.5823, Val F1 Micro: 0.5956, Val RMSE: 1.3845, 
Test Loss: 1.1142, Test Acc: 0.6132, Test F1 Macro: 0.5963, Test F1 Micro: 0.6109, Test RMSE: 1.3758

Epoch [8/20], Time: 4.84s, 
Train Loss: 0.3641, Train Acc: 0.8664, Train F1 Macro: 0.6792, Train F1 Micro: 0.6881, Train RMSE: 1.1534, 
Val Loss: 1.3748, Val Acc: 0.6030, Val F1 Macro: 0.5836, Val F1 Micro: 0.5965, Val RMSE: 1.3874, 
Test Loss: 1.3236, Test Acc: 0.6172, Test F1 Macro: 0.5972, Test F1 Micro: 0.6117, Test RMSE: 1.3771

Epoch [9/20], Time: 4.88s, 
Train Loss: 0.2946, Train Acc: 0.8922, Train F1 Macro: 0.7029, Train F1 Micro: 0.7108, Train RMSE: 1.1049, 
Val Loss: 1.4397, Val Acc: 0.6025, Val F1 Macro: 0.5851, Val F1 Micro: 0.5972, Val RMSE: 1.3818, 
Test Loss: 1.3597, Test Acc: 0.6172, Test F1 Macro: 0.5980, Test F1 Micro: 0.6123, Test RMSE: 1.3694

Epoch [10/20], Time: 4.90s, 
Train Loss: 0.2041, Train Acc: 0.9293, Train F1 Macro: 0.7257, Train F1 Micro: 0.7326, Train RMSE: 1.0590, 
Val Loss: 1.5142, Val Acc: 0.5973, Val F1 Macro: 0.5854, Val F1 Micro: 0.5972, Val RMSE: 1.3783, 
Test Loss: 1.4557, Test Acc: 0.6259, Test F1 Macro: 0.5995, Test F1 Micro: 0.6137, Test RMSE: 1.3667

Epoch [11/20], Time: 4.89s, 
Train Loss: 0.1623, Train Acc: 0.9421, Train F1 Macro: 0.7455, Train F1 Micro: 0.7517, Train RMSE: 1.0187, 
Val Loss: 1.6702, Val Acc: 0.5929, Val F1 Macro: 0.5853, Val F1 Micro: 0.5968, Val RMSE: 1.3768, 
Test Loss: 1.5918, Test Acc: 0.6180, Test F1 Macro: 0.5999, Test F1 Micro: 0.6141, Test RMSE: 1.3615

Epoch [12/20], Time: 5.07s, 
Train Loss: 0.1401, Train Acc: 0.9506, Train F1 Macro: 0.7627, Train F1 Micro: 0.7682, Train RMSE: 0.9827, 
Val Loss: 1.8521, Val Acc: 0.5781, Val F1 Macro: 0.5840, Val F1 Micro: 0.5952, Val RMSE: 1.3790, 
Test Loss: 1.7422, Test Acc: 0.6167, Test F1 Macro: 0.6004, Test F1 Micro: 0.6143, Test RMSE: 1.3588

Epoch [13/20], Time: 4.93s, 
Train Loss: 0.1306, Train Acc: 0.9537, Train F1 Macro: 0.7774, Train F1 Micro: 0.7825, Train RMSE: 0.9506, 
Val Loss: 1.9318, Val Acc: 0.5869, Val F1 Macro: 0.5834, Val F1 Micro: 0.5946, Val RMSE: 1.3792, 
Test Loss: 1.8113, Test Acc: 0.6137, Test F1 Macro: 0.6004, Test F1 Micro: 0.6142, Test RMSE: 1.3567

Epoch [14/20], Time: 4.94s, 
Train Loss: 0.1060, Train Acc: 0.9635, Train F1 Macro: 0.7907, Train F1 Micro: 0.7954, Train RMSE: 0.9208, 
Val Loss: 2.1070, Val Acc: 0.5943, Val F1 Macro: 0.5835, Val F1 Micro: 0.5946, Val RMSE: 1.3791, 
Test Loss: 1.9694, Test Acc: 0.6119, Test F1 Macro: 0.6002, Test F1 Micro: 0.6141, Test RMSE: 1.3566

Epoch [15/20], Time: 4.97s, 
Train Loss: 0.0955, Train Acc: 0.9659, Train F1 Macro: 0.8025, Train F1 Micro: 0.8068, Train RMSE: 0.8942, 
Val Loss: 2.2025, Val Acc: 0.5851, Val F1 Macro: 0.5829, Val F1 Micro: 0.5939, Val RMSE: 1.3774, 
Test Loss: 2.0437, Test Acc: 0.6124, Test F1 Macro: 0.6001, Test F1 Micro: 0.6140, Test RMSE: 1.3543

Epoch [16/20], Time: 4.98s, 
Train Loss: 0.0831, Train Acc: 0.9711, Train F1 Macro: 0.8131, Train F1 Micro: 0.8171, Train RMSE: 0.8696, 
Val Loss: 2.3257, Val Acc: 0.5842, Val F1 Macro: 0.5826, Val F1 Micro: 0.5933, Val RMSE: 1.3770, 
Test Loss: 2.1651, Test Acc: 0.6115, Test F1 Macro: 0.5999, Test F1 Micro: 0.6138, Test RMSE: 1.3528

Epoch [17/20], Time: 5.00s, 
Train Loss: 0.0881, Train Acc: 0.9688, Train F1 Macro: 0.8223, Train F1 Micro: 0.8260, Train RMSE: 0.8476, 
Val Loss: 2.3704, Val Acc: 0.5877, Val F1 Macro: 0.5824, Val F1 Micro: 0.5930, Val RMSE: 1.3755, 
Test Loss: 2.2647, Test Acc: 0.6076, Test F1 Macro: 0.5996, Test F1 Micro: 0.6134, Test RMSE: 1.3513

Epoch [18/20], Time: 5.21s, 
Train Loss: 0.0735, Train Acc: 0.9744, Train F1 Macro: 0.8308, Train F1 Micro: 0.8342, Train RMSE: 0.8269, 
Val Loss: 2.4230, Val Acc: 0.5882, Val F1 Macro: 0.5823, Val F1 Micro: 0.5927, Val RMSE: 1.3741, 
Test Loss: 2.2905, Test Acc: 0.6058, Test F1 Macro: 0.5992, Test F1 Micro: 0.6130, Test RMSE: 1.3485

Epoch [19/20], Time: 5.03s, 
Train Loss: 0.0759, Train Acc: 0.9742, Train F1 Macro: 0.8384, Train F1 Micro: 0.8416, Train RMSE: 0.8078, 
Val Loss: 2.6140, Val Acc: 0.5947, Val F1 Macro: 0.5825, Val F1 Micro: 0.5928, Val RMSE: 1.3738, 
Test Loss: 2.4616, Test Acc: 0.6145, Test F1 Macro: 0.5993, Test F1 Micro: 0.6131, Test RMSE: 1.3494

Epoch [20/20], Time: 5.04s, 
Train Loss: 0.0707, Train Acc: 0.9757, Train F1 Macro: 0.8453, Train F1 Micro: 0.8483, Train RMSE: 0.7899, 
Val Loss: 2.5615, Val Acc: 0.5825, Val F1 Macro: 0.5819, Val F1 Micro: 0.5923, Val RMSE: 1.3734, 
Test Loss: 2.3473, Test Acc: 0.6163, Test F1 Macro: 0.5994, Test F1 Micro: 0.6133, Test RMSE: 1.3471

Total Training Time: 99.33s

Test Loss: 0.9641, Test Acc: 0.6246, Test F1 Macro: 0.6111, Test F1 Micro: 0.6246, Test RMSE: 1.2843
===== SEED 77 =====
PyTorch Version : 2.11.0+cu128
cuda
2.5.description.pt
***** Best Result Updated at Epoch 1, Val Loss: 1.1280 *****
Epoch [1/20], Time: 5.30s, 
Train Loss: 1.3110, Train Acc: 0.4808, Train F1 Macro: 0.4566, Train F1 Micro: 0.4808, Train RMSE: 1.6034, 
Val Loss: 1.1280, Val Acc: 0.5577, Val F1 Macro: 0.5522, Val F1 Micro: 0.5577, Val RMSE: 1.4672, 
Test Loss: 1.0798, Test Acc: 0.5823, Test F1 Macro: 0.5758, Test F1 Micro: 0.5823, Test RMSE: 1.3989

***** Best Result Updated at Epoch 2, Val Loss: 1.0426 *****
Epoch [2/20], Time: 4.96s, 
Train Loss: 1.0812, Train Acc: 0.5802, Train F1 Macro: 0.5125, Train F1 Micro: 0.5305, Train RMSE: 1.5144, 
Val Loss: 1.0426, Val Acc: 0.5890, Val F1 Macro: 0.5616, Val F1 Micro: 0.5734, Val RMSE: 1.4554, 
Test Loss: 0.9951, Test Acc: 0.6054, Test F1 Macro: 0.5807, Test F1 Micro: 0.5939, Test RMSE: 1.3824

***** Best Result Updated at Epoch 3, Val Loss: 1.0168 *****
Epoch [3/20], Time: 4.84s, 
Train Loss: 0.9757, Train Acc: 0.6270, Train F1 Macro: 0.5471, Train F1 Micro: 0.5627, Train RMSE: 1.4476, 
Val Loss: 1.0168, Val Acc: 0.6077, Val F1 Macro: 0.5712, Val F1 Micro: 0.5848, Val RMSE: 1.4291, 
Test Loss: 0.9698, Test Acc: 0.6154, Test F1 Macro: 0.5872, Test F1 Micro: 0.6010, Test RMSE: 1.3739

Epoch [4/20], Time: 4.81s, 
Train Loss: 0.8731, Train Acc: 0.6625, Train F1 Macro: 0.5738, Train F1 Micro: 0.5876, Train RMSE: 1.3908, 
Val Loss: 1.0275, Val Acc: 0.6025, Val F1 Macro: 0.5747, Val F1 Micro: 0.5892, Val RMSE: 1.4249, 
Test Loss: 0.9853, Test Acc: 0.6189, Test F1 Macro: 0.5914, Test F1 Micro: 0.6055, Test RMSE: 1.3761

Epoch [5/20], Time: 4.81s, 
Train Loss: 0.7485, Train Acc: 0.7164, Train F1 Macro: 0.6012, Train F1 Micro: 0.6134, Train RMSE: 1.3334, 
Val Loss: 1.0249, Val Acc: 0.6178, Val F1 Macro: 0.5809, Val F1 Micro: 0.5949, Val RMSE: 1.4077, 
Test Loss: 0.9905, Test Acc: 0.6250, Test F1 Macro: 0.5959, Test F1 Micro: 0.6094, Test RMSE: 1.3721

Epoch [6/20], Time: 4.82s, 
Train Loss: 0.5986, Train Acc: 0.7768, Train F1 Macro: 0.6298, Train F1 Micro: 0.6406, Train RMSE: 1.2737, 
Val Loss: 1.0684, Val Acc: 0.6099, Val F1 Macro: 0.5843, Val F1 Micro: 0.5974, Val RMSE: 1.3967, 
Test Loss: 1.0090, Test Acc: 0.6298, Test F1 Macro: 0.5997, Test F1 Micro: 0.6128, Test RMSE: 1.3593

Epoch [7/20], Time: 5.00s, 
Train Loss: 0.4732, Train Acc: 0.8254, Train F1 Macro: 0.6575, Train F1 Micro: 0.6670, Train RMSE: 1.2163, 
Val Loss: 1.1960, Val Acc: 0.6077, Val F1 Macro: 0.5856, Val F1 Micro: 0.5989, Val RMSE: 1.3902, 
Test Loss: 1.1311, Test Acc: 0.6193, Test F1 Macro: 0.6005, Test F1 Micro: 0.6137, Test RMSE: 1.3530

Epoch [8/20], Time: 4.87s, 
Train Loss: 0.3486, Train Acc: 0.8745, Train F1 Macro: 0.6845, Train F1 Micro: 0.6929, Train RMSE: 1.1623, 
Val Loss: 1.3383, Val Acc: 0.5960, Val F1 Macro: 0.5855, Val F1 Micro: 0.5986, Val RMSE: 1.3932, 
Test Loss: 1.2532, Test Acc: 0.6241, Test F1 Macro: 0.6021, Test F1 Micro: 0.6150, Test RMSE: 1.3520

Epoch [9/20], Time: 4.89s, 
Train Loss: 0.2624, Train Acc: 0.9053, Train F1 Macro: 0.7090, Train F1 Micro: 0.7165, Train RMSE: 1.1121, 
Val Loss: 1.4024, Val Acc: 0.5921, Val F1 Macro: 0.5852, Val F1 Micro: 0.5978, Val RMSE: 1.3887, 
Test Loss: 1.3575, Test Acc: 0.6150, Test F1 Macro: 0.6022, Test F1 Micro: 0.6150, Test RMSE: 1.3436

Epoch [10/20], Time: 4.88s, 
Train Loss: 0.1980, Train Acc: 0.9302, Train F1 Macro: 0.7313, Train F1 Micro: 0.7379, Train RMSE: 1.0665, 
Val Loss: 1.5197, Val Acc: 0.5873, Val F1 Macro: 0.5845, Val F1 Micro: 0.5968, Val RMSE: 1.3885, 
Test Loss: 1.4539, Test Acc: 0.6071, Test F1 Macro: 0.6015, Test F1 Micro: 0.6142, Test RMSE: 1.3394

Epoch [11/20], Time: 4.89s, 
Train Loss: 0.1612, Train Acc: 0.9441, Train F1 Macro: 0.7508, Train F1 Micro: 0.7567, Train RMSE: 1.0256, 
Val Loss: 1.6650, Val Acc: 0.5842, Val F1 Macro: 0.5834, Val F1 Micro: 0.5956, Val RMSE: 1.3845, 
Test Loss: 1.5626, Test Acc: 0.6098, Test F1 Macro: 0.6010, Test F1 Micro: 0.6138, Test RMSE: 1.3357

Epoch [12/20], Time: 5.10s, 
Train Loss: 0.1465, Train Acc: 0.9486, Train F1 Macro: 0.7673, Train F1 Micro: 0.7726, Train RMSE: 0.9899, 
Val Loss: 1.8393, Val Acc: 0.5929, Val F1 Macro: 0.5828, Val F1 Micro: 0.5954, Val RMSE: 1.3879, 
Test Loss: 1.7452, Test Acc: 0.6111, Test F1 Macro: 0.6006, Test F1 Micro: 0.6136, Test RMSE: 1.3377

Epoch [13/20], Time: 4.96s, 
Train Loss: 0.1194, Train Acc: 0.9593, Train F1 Macro: 0.7822, Train F1 Micro: 0.7870, Train RMSE: 0.9569, 
Val Loss: 1.8600, Val Acc: 0.5764, Val F1 Macro: 0.5817, Val F1 Micro: 0.5940, Val RMSE: 1.3848, 
Test Loss: 1.7880, Test Acc: 0.6037, Test F1 Macro: 0.5999, Test F1 Micro: 0.6128, Test RMSE: 1.3354

Epoch [14/20], Time: 4.97s, 
Train Loss: 0.1067, Train Acc: 0.9633, Train F1 Macro: 0.7951, Train F1 Micro: 0.7996, Train RMSE: 0.9270, 
Val Loss: 2.0679, Val Acc: 0.5808, Val F1 Macro: 0.5806, Val F1 Micro: 0.5930, Val RMSE: 1.3835, 
Test Loss: 1.9289, Test Acc: 0.6137, Test F1 Macro: 0.5998, Test F1 Micro: 0.6129, Test RMSE: 1.3329

Epoch [15/20], Time: 4.97s, 
Train Loss: 0.0872, Train Acc: 0.9698, Train F1 Macro: 0.8068, Train F1 Micro: 0.8109, Train RMSE: 0.9001, 
Val Loss: 2.1833, Val Acc: 0.5908, Val F1 Macro: 0.5808, Val F1 Micro: 0.5929, Val RMSE: 1.3802, 
Test Loss: 2.0201, Test Acc: 0.6006, Test F1 Macro: 0.5988, Test F1 Micro: 0.6121, Test RMSE: 1.3336

Epoch [16/20], Time: 5.01s, 
Train Loss: 0.0935, Train Acc: 0.9680, Train F1 Macro: 0.8169, Train F1 Micro: 0.8208, Train RMSE: 0.8761, 
Val Loss: 2.2319, Val Acc: 0.5786, Val F1 Macro: 0.5799, Val F1 Micro: 0.5920, Val RMSE: 1.3783, 
Test Loss: 2.0878, Test Acc: 0.6002, Test F1 Macro: 0.5980, Test F1 Micro: 0.6113, Test RMSE: 1.3325

Epoch [17/20], Time: 5.00s, 
Train Loss: 0.0758, Train Acc: 0.9740, Train F1 Macro: 0.8262, Train F1 Micro: 0.8298, Train RMSE: 0.8532, 
Val Loss: 2.4327, Val Acc: 0.5816, Val F1 Macro: 0.5793, Val F1 Micro: 0.5914, Val RMSE: 1.3784, 
Test Loss: 2.2662, Test Acc: 0.6093, Test F1 Macro: 0.5977, Test F1 Micro: 0.6112, Test RMSE: 1.3338

Epoch [18/20], Time: 5.22s, 
Train Loss: 0.0693, Train Acc: 0.9759, Train F1 Macro: 0.8345, Train F1 Micro: 0.8379, Train RMSE: 0.8321, 
Val Loss: 2.3988, Val Acc: 0.5795, Val F1 Macro: 0.5788, Val F1 Micro: 0.5907, Val RMSE: 1.3780, 
Test Loss: 2.2441, Test Acc: 0.6002, Test F1 Macro: 0.5971, Test F1 Micro: 0.6106, Test RMSE: 1.3349

Epoch [19/20], Time: 5.02s, 
Train Loss: 0.0716, Train Acc: 0.9753, Train F1 Macro: 0.8420, Train F1 Micro: 0.8451, Train RMSE: 0.8129, 
Val Loss: 2.5666, Val Acc: 0.5799, Val F1 Macro: 0.5783, Val F1 Micro: 0.5901, Val RMSE: 1.3771, 
Test Loss: 2.3867, Test Acc: 0.5941, Test F1 Macro: 0.5963, Test F1 Micro: 0.6097, Test RMSE: 1.3344

Epoch [20/20], Time: 5.07s, 
Train Loss: 0.0675, Train Acc: 0.9774, Train F1 Macro: 0.8488, Train F1 Micro: 0.8517, Train RMSE: 0.7952, 
Val Loss: 2.7199, Val Acc: 0.5781, Val F1 Macro: 0.5775, Val F1 Micro: 0.5895, Val RMSE: 1.3781, 
Test Loss: 2.4867, Test Acc: 0.6067, Test F1 Macro: 0.5962, Test F1 Micro: 0.6096, Test RMSE: 1.3345

Total Training Time: 99.41s

Test Loss: 0.9698, Test Acc: 0.6154, Test F1 Macro: 0.6031, Test F1 Micro: 0.6154, Test RMSE: 1.3568
===== SEED 123 =====
PyTorch Version : 2.11.0+cu128
cuda
2.5.description.pt
***** Best Result Updated at Epoch 1, Val Loss: 1.0748 *****
Epoch [1/20], Time: 5.33s, 
Train Loss: 1.2971, Train Acc: 0.4890, Train F1 Macro: 0.4642, Train F1 Micro: 0.4890, Train RMSE: 1.6038, 
Val Loss: 1.0748, Val Acc: 0.5795, Val F1 Macro: 0.5593, Val F1 Micro: 0.5795, Val RMSE: 1.4696, 
Test Loss: 1.0358, Test Acc: 0.5871, Test F1 Macro: 0.5648, Test F1 Micro: 0.5871, Test RMSE: 1.4108

***** Best Result Updated at Epoch 2, Val Loss: 1.0057 *****
Epoch [2/20], Time: 4.96s, 
Train Loss: 1.0641, Train Acc: 0.5885, Train F1 Macro: 0.5202, Train F1 Micro: 0.5387, Train RMSE: 1.4999, 
Val Loss: 1.0057, Val Acc: 0.6199, Val F1 Macro: 0.5854, Val F1 Micro: 0.5997, Val RMSE: 1.4023, 
Test Loss: 0.9743, Test Acc: 0.6193, Test F1 Macro: 0.5873, Test F1 Micro: 0.6032, Test RMSE: 1.3699

***** Best Result Updated at Epoch 3, Val Loss: 0.9900 *****
Epoch [3/20], Time: 4.81s, 
Train Loss: 0.9622, Train Acc: 0.6306, Train F1 Macro: 0.5537, Train F1 Micro: 0.5694, Train RMSE: 1.4353, 
Val Loss: 0.9900, Val Acc: 0.6221, Val F1 Macro: 0.5910, Val F1 Micro: 0.6072, Val RMSE: 1.3734, 
Test Loss: 0.9663, Test Acc: 0.6172, Test F1 Macro: 0.5921, Test F1 Micro: 0.6079, Test RMSE: 1.3607

Epoch [4/20], Time: 4.79s, 
Train Loss: 0.8415, Train Acc: 0.6768, Train F1 Macro: 0.5829, Train F1 Micro: 0.5962, Train RMSE: 1.3703, 
Val Loss: 1.0320, Val Acc: 0.5947, Val F1 Macro: 0.5893, Val F1 Micro: 0.6040, Val RMSE: 1.3854, 
Test Loss: 1.0046, Test Acc: 0.6154, Test F1 Macro: 0.5948, Test F1 Micro: 0.6098, Test RMSE: 1.3649

Epoch [5/20], Time: 4.80s, 
Train Loss: 0.7288, Train Acc: 0.7245, Train F1 Macro: 0.6104, Train F1 Micro: 0.6219, Train RMSE: 1.3113, 
Val Loss: 1.0307, Val Acc: 0.5995, Val F1 Macro: 0.5882, Val F1 Micro: 0.6031, Val RMSE: 1.3779, 
Test Loss: 1.0127, Test Acc: 0.6198, Test F1 Macro: 0.5964, Test F1 Micro: 0.6118, Test RMSE: 1.3576

Epoch [6/20], Time: 4.83s, 
Train Loss: 0.5772, Train Acc: 0.7840, Train F1 Macro: 0.6391, Train F1 Micro: 0.6489, Train RMSE: 1.2508, 
Val Loss: 1.0912, Val Acc: 0.5960, Val F1 Macro: 0.5879, Val F1 Micro: 0.6019, Val RMSE: 1.3584, 
Test Loss: 1.0597, Test Acc: 0.6115, Test F1 Macro: 0.5964, Test F1 Micro: 0.6117, Test RMSE: 1.3409

Epoch [7/20], Time: 4.97s, 
Train Loss: 0.4557, Train Acc: 0.8343, Train F1 Macro: 0.6669, Train F1 Micro: 0.6754, Train RMSE: 1.1928, 
Val Loss: 1.1557, Val Acc: 0.5999, Val F1 Macro: 0.5885, Val F1 Micro: 0.6017, Val RMSE: 1.3479, 
Test Loss: 1.1255, Test Acc: 0.6285, Test F1 Macro: 0.5997, Test F1 Micro: 0.6141, Test RMSE: 1.3319

Epoch [8/20], Time: 4.83s, 
Train Loss: 0.3264, Train Acc: 0.8828, Train F1 Macro: 0.6939, Train F1 Micro: 0.7013, Train RMSE: 1.1379, 
Val Loss: 1.2784, Val Acc: 0.6021, Val F1 Macro: 0.5885, Val F1 Micro: 0.6017, Val RMSE: 1.3438, 
Test Loss: 1.2667, Test Acc: 0.6154, Test F1 Macro: 0.5997, Test F1 Micro: 0.6143, Test RMSE: 1.3348

Epoch [9/20], Time: 4.85s, 
Train Loss: 0.2403, Train Acc: 0.9142, Train F1 Macro: 0.7185, Train F1 Micro: 0.7250, Train RMSE: 1.0870, 
Val Loss: 1.3901, Val Acc: 0.5934, Val F1 Macro: 0.5881, Val F1 Micro: 0.6008, Val RMSE: 1.3426, 
Test Loss: 1.3463, Test Acc: 0.6233, Test F1 Macro: 0.6009, Test F1 Micro: 0.6153, Test RMSE: 1.3316

Epoch [10/20], Time: 4.90s, 
Train Loss: 0.1899, Train Acc: 0.9352, Train F1 Macro: 0.7404, Train F1 Micro: 0.7460, Train RMSE: 1.0429, 
Val Loss: 1.6250, Val Acc: 0.5869, Val F1 Macro: 0.5869, Val F1 Micro: 0.5994, Val RMSE: 1.3354, 
Test Loss: 1.5474, Test Acc: 0.6189, Test F1 Macro: 0.6013, Test F1 Micro: 0.6156, Test RMSE: 1.3239

Epoch [11/20], Time: 4.95s, 
Train Loss: 0.1792, Train Acc: 0.9382, Train F1 Macro: 0.7584, Train F1 Micro: 0.7635, Train RMSE: 1.0039, 
Val Loss: 1.7257, Val Acc: 0.5829, Val F1 Macro: 0.5853, Val F1 Micro: 0.5979, Val RMSE: 1.3383, 
Test Loss: 1.6459, Test Acc: 0.6167, Test F1 Macro: 0.6014, Test F1 Micro: 0.6157, Test RMSE: 1.3243

Epoch [12/20], Time: 5.10s, 
Train Loss: 0.1339, Train Acc: 0.9549, Train F1 Macro: 0.7750, Train F1 Micro: 0.7794, Train RMSE: 0.9676, 
Val Loss: 1.8665, Val Acc: 0.5882, Val F1 Macro: 0.5843, Val F1 Micro: 0.5971, Val RMSE: 1.3394, 
Test Loss: 1.7941, Test Acc: 0.6159, Test F1 Macro: 0.6011, Test F1 Micro: 0.6157, Test RMSE: 1.3252

Epoch [13/20], Time: 4.94s, 
Train Loss: 0.1057, Train Acc: 0.9635, Train F1 Macro: 0.7895, Train F1 Micro: 0.7936, Train RMSE: 0.9352, 
Val Loss: 1.9644, Val Acc: 0.5751, Val F1 Macro: 0.5831, Val F1 Micro: 0.5954, Val RMSE: 1.3404, 
Test Loss: 1.8321, Test Acc: 0.6159, Test F1 Macro: 0.6012, Test F1 Micro: 0.6158, Test RMSE: 1.3244

Epoch [14/20], Time: 4.95s, 
Train Loss: 0.1081, Train Acc: 0.9634, Train F1 Macro: 0.8020, Train F1 Micro: 0.8057, Train RMSE: 0.9062, 
Val Loss: 2.0107, Val Acc: 0.5786, Val F1 Macro: 0.5821, Val F1 Micro: 0.5942, Val RMSE: 1.3418, 
Test Loss: 1.8775, Test Acc: 0.6137, Test F1 Macro: 0.6011, Test F1 Micro: 0.6156, Test RMSE: 1.3250

Epoch [15/20], Time: 4.97s, 
Train Loss: 0.1076, Train Acc: 0.9629, Train F1 Macro: 0.8129, Train F1 Micro: 0.8162, Train RMSE: 0.8808, 
Val Loss: 2.1944, Val Acc: 0.5747, Val F1 Macro: 0.5808, Val F1 Micro: 0.5929, Val RMSE: 1.3419, 
Test Loss: 2.0010, Test Acc: 0.6233, Test F1 Macro: 0.6016, Test F1 Micro: 0.6161, Test RMSE: 1.3227

Epoch [16/20], Time: 4.97s, 
Train Loss: 0.0843, Train Acc: 0.9708, Train F1 Macro: 0.8228, Train F1 Micro: 0.8259, Train RMSE: 0.8564, 
Val Loss: 2.2075, Val Acc: 0.5816, Val F1 Macro: 0.5804, Val F1 Micro: 0.5922, Val RMSE: 1.3433, 
Test Loss: 2.0326, Test Acc: 0.6176, Test F1 Macro: 0.6020, Test F1 Micro: 0.6162, Test RMSE: 1.3217

Epoch [17/20], Time: 4.99s, 
Train Loss: 0.0709, Train Acc: 0.9760, Train F1 Macro: 0.8318, Train F1 Micro: 0.8347, Train RMSE: 0.8340, 
Val Loss: 2.4334, Val Acc: 0.5751, Val F1 Macro: 0.5793, Val F1 Micro: 0.5912, Val RMSE: 1.3445, 
Test Loss: 2.2653, Test Acc: 0.6084, Test F1 Macro: 0.6012, Test F1 Micro: 0.6158, Test RMSE: 1.3193

Epoch [18/20], Time: 5.23s, 
Train Loss: 0.0749, Train Acc: 0.9734, Train F1 Macro: 0.8397, Train F1 Micro: 0.8424, Train RMSE: 0.8137, 
Val Loss: 2.4694, Val Acc: 0.5825, Val F1 Macro: 0.5789, Val F1 Micro: 0.5907, Val RMSE: 1.3437, 
Test Loss: 2.3200, Test Acc: 0.6006, Test F1 Macro: 0.6003, Test F1 Micro: 0.6149, Test RMSE: 1.3187

Epoch [19/20], Time: 5.03s, 
Train Loss: 0.0686, Train Acc: 0.9765, Train F1 Macro: 0.8469, Train F1 Micro: 0.8495, Train RMSE: 0.7947, 
Val Loss: 2.6421, Val Acc: 0.5664, Val F1 Macro: 0.5778, Val F1 Micro: 0.5894, Val RMSE: 1.3465, 
Test Loss: 2.4602, Test Acc: 0.6076, Test F1 Macro: 0.5999, Test F1 Micro: 0.6145, Test RMSE: 1.3205

Epoch [20/20], Time: 5.05s, 
Train Loss: 0.0693, Train Acc: 0.9760, Train F1 Macro: 0.8534, Train F1 Micro: 0.8558, Train RMSE: 0.7775, 
Val Loss: 2.6963, Val Acc: 0.5633, Val F1 Macro: 0.5765, Val F1 Micro: 0.5881, Val RMSE: 1.3469, 
Test Loss: 2.4368, Test Acc: 0.6024, Test F1 Macro: 0.5994, Test F1 Micro: 0.6139, Test RMSE: 1.3198

Total Training Time: 99.26s

Test Loss: 0.9663, Test Acc: 0.6172, Test F1 Macro: 0.6008, Test F1 Micro: 0.6172, Test RMSE: 1.3420
