===== SEED 42 =====
PyTorch Version : 2.11.0+cu128
cuda
2.8.context.pt
***** Best Result Updated at Epoch 1, Val Loss: 1.0964 *****
Epoch [1/20], Time: 5.13s, 
Train Loss: 1.2931, Train Acc: 0.4845, Train F1 Macro: 0.4584, Train F1 Micro: 0.4845, Train RMSE: 1.5800, 
Val Loss: 1.0964, Val Acc: 0.5786, Val F1 Macro: 0.5514, Val F1 Micro: 0.5786, Val RMSE: 1.4513, 
Test Loss: 1.0563, Test Acc: 0.5849, Test F1 Macro: 0.5629, Test F1 Micro: 0.5849, Test RMSE: 1.4373

***** Best Result Updated at Epoch 2, Val Loss: 1.0625 *****
Epoch [2/20], Time: 4.82s, 
Train Loss: 1.0608, Train Acc: 0.5893, Train F1 Macro: 0.5185, Train F1 Micro: 0.5369, Train RMSE: 1.4857, 
Val Loss: 1.0625, Val Acc: 0.5864, Val F1 Macro: 0.5569, Val F1 Micro: 0.5825, Val RMSE: 1.4378, 
Test Loss: 1.0276, Test Acc: 0.5871, Test F1 Macro: 0.5627, Test F1 Micro: 0.5860, Test RMSE: 1.4239

***** Best Result Updated at Epoch 3, Val Loss: 1.0128 *****
Epoch [3/20], Time: 4.70s, 
Train Loss: 0.9667, Train Acc: 0.6283, Train F1 Macro: 0.5518, Train F1 Micro: 0.5674, Train RMSE: 1.4255, 
Val Loss: 1.0128, Val Acc: 0.6060, Val F1 Macro: 0.5667, Val F1 Micro: 0.5903, Val RMSE: 1.4109, 
Test Loss: 0.9717, Test Acc: 0.6080, Test F1 Macro: 0.5721, Test F1 Micro: 0.5934, Test RMSE: 1.3947

***** Best Result Updated at Epoch 4, Val Loss: 1.0008 *****
Epoch [4/20], Time: 4.71s, 
Train Loss: 0.8519, Train Acc: 0.6743, Train F1 Macro: 0.5809, Train F1 Micro: 0.5941, Train RMSE: 1.3650, 
Val Loss: 1.0008, Val Acc: 0.6147, Val F1 Macro: 0.5760, Val F1 Micro: 0.5964, Val RMSE: 1.3865, 
Test Loss: 0.9564, Test Acc: 0.6289, Test F1 Macro: 0.5848, Test F1 Micro: 0.6022, Test RMSE: 1.3695

Epoch [5/20], Time: 4.72s, 
Train Loss: 0.7262, Train Acc: 0.7219, Train F1 Macro: 0.6082, Train F1 Micro: 0.6197, Train RMSE: 1.3067, 
Val Loss: 1.0300, Val Acc: 0.6056, Val F1 Macro: 0.5800, Val F1 Micro: 0.5983, Val RMSE: 1.3717, 
Test Loss: 0.9822, Test Acc: 0.6198, Test F1 Macro: 0.5897, Test F1 Micro: 0.6057, Test RMSE: 1.3525

Epoch [6/20], Time: 4.72s, 
Train Loss: 0.6011, Train Acc: 0.7730, Train F1 Macro: 0.6352, Train F1 Micro: 0.6452, Train RMSE: 1.2490, 
Val Loss: 1.0846, Val Acc: 0.5956, Val F1 Macro: 0.5814, Val F1 Micro: 0.5978, Val RMSE: 1.3625, 
Test Loss: 1.0332, Test Acc: 0.6176, Test F1 Macro: 0.5928, Test F1 Micro: 0.6077, Test RMSE: 1.3414

Epoch [7/20], Time: 4.97s, 
Train Loss: 0.4643, Train Acc: 0.8275, Train F1 Macro: 0.6626, Train F1 Micro: 0.6713, Train RMSE: 1.1916, 
Val Loss: 1.2514, Val Acc: 0.6025, Val F1 Macro: 0.5823, Val F1 Micro: 0.5985, Val RMSE: 1.3513, 
Test Loss: 1.2025, Test Acc: 0.6185, Test F1 Macro: 0.5940, Test F1 Micro: 0.6093, Test RMSE: 1.3346

Epoch [8/20], Time: 4.77s, 
Train Loss: 0.3466, Train Acc: 0.8738, Train F1 Macro: 0.6891, Train F1 Micro: 0.6966, Train RMSE: 1.1367, 
Val Loss: 1.3920, Val Acc: 0.5895, Val F1 Macro: 0.5815, Val F1 Micro: 0.5974, Val RMSE: 1.3436, 
Test Loss: 1.2799, Test Acc: 0.6124, Test F1 Macro: 0.5946, Test F1 Micro: 0.6096, Test RMSE: 1.3266

Epoch [9/20], Time: 4.75s, 
Train Loss: 0.2647, Train Acc: 0.9039, Train F1 Macro: 0.7130, Train F1 Micro: 0.7196, Train RMSE: 1.0870, 
Val Loss: 1.5228, Val Acc: 0.5882, Val F1 Macro: 0.5812, Val F1 Micro: 0.5963, Val RMSE: 1.3411, 
Test Loss: 1.4660, Test Acc: 0.6119, Test F1 Macro: 0.5953, Test F1 Micro: 0.6099, Test RMSE: 1.3262

Epoch [10/20], Time: 4.78s, 
Train Loss: 0.2082, Train Acc: 0.9267, Train F1 Macro: 0.7345, Train F1 Micro: 0.7403, Train RMSE: 1.0421, 
Val Loss: 1.7103, Val Acc: 0.5929, Val F1 Macro: 0.5812, Val F1 Micro: 0.5960, Val RMSE: 1.3428, 
Test Loss: 1.6360, Test Acc: 0.6084, Test F1 Macro: 0.5953, Test F1 Micro: 0.6098, Test RMSE: 1.3290

Epoch [11/20], Time: 4.81s, 
Train Loss: 0.1819, Train Acc: 0.9342, Train F1 Macro: 0.7528, Train F1 Micro: 0.7580, Train RMSE: 1.0039, 
Val Loss: 1.8918, Val Acc: 0.5729, Val F1 Macro: 0.5788, Val F1 Micro: 0.5939, Val RMSE: 1.3442, 
Test Loss: 1.8087, Test Acc: 0.6080, Test F1 Macro: 0.5948, Test F1 Micro: 0.6096, Test RMSE: 1.3291

Epoch [12/20], Time: 5.04s, 
Train Loss: 0.1427, Train Acc: 0.9494, Train F1 Macro: 0.7693, Train F1 Micro: 0.7739, Train RMSE: 0.9681, 
Val Loss: 2.0084, Val Acc: 0.5812, Val F1 Macro: 0.5779, Val F1 Micro: 0.5928, Val RMSE: 1.3460, 
Test Loss: 1.9095, Test Acc: 0.6132, Test F1 Macro: 0.5952, Test F1 Micro: 0.6099, Test RMSE: 1.3301

Epoch [13/20], Time: 4.83s, 
Train Loss: 0.1157, Train Acc: 0.9591, Train F1 Macro: 0.7840, Train F1 Micro: 0.7882, Train RMSE: 0.9355, 
Val Loss: 2.1097, Val Acc: 0.5755, Val F1 Macro: 0.5771, Val F1 Micro: 0.5915, Val RMSE: 1.3428, 
Test Loss: 1.9636, Test Acc: 0.5910, Test F1 Macro: 0.5940, Test F1 Micro: 0.6084, Test RMSE: 1.3287

Epoch [14/20], Time: 4.83s, 
Train Loss: 0.1074, Train Acc: 0.9629, Train F1 Macro: 0.7968, Train F1 Micro: 0.8006, Train RMSE: 0.9061, 
Val Loss: 2.1611, Val Acc: 0.5842, Val F1 Macro: 0.5768, Val F1 Micro: 0.5910, Val RMSE: 1.3398, 
Test Loss: 2.0317, Test Acc: 0.6010, Test F1 Macro: 0.5936, Test F1 Micro: 0.6079, Test RMSE: 1.3241

Epoch [15/20], Time: 4.85s, 
Train Loss: 0.0924, Train Acc: 0.9670, Train F1 Macro: 0.8082, Train F1 Micro: 0.8117, Train RMSE: 0.8799, 
Val Loss: 2.3815, Val Acc: 0.5777, Val F1 Macro: 0.5759, Val F1 Micro: 0.5901, Val RMSE: 1.3394, 
Test Loss: 2.2154, Test Acc: 0.6002, Test F1 Macro: 0.5928, Test F1 Micro: 0.6074, Test RMSE: 1.3239

Epoch [16/20], Time: 5.00s, 
Train Loss: 0.0888, Train Acc: 0.9690, Train F1 Macro: 0.8183, Train F1 Micro: 0.8216, Train RMSE: 0.8557, 
Val Loss: 2.4798, Val Acc: 0.5838, Val F1 Macro: 0.5755, Val F1 Micro: 0.5897, Val RMSE: 1.3406, 
Test Loss: 2.3671, Test Acc: 0.6089, Test F1 Macro: 0.5928, Test F1 Micro: 0.6075, Test RMSE: 1.3249

Epoch [17/20], Time: 4.98s, 
Train Loss: 0.0872, Train Acc: 0.9711, Train F1 Macro: 0.8274, Train F1 Micro: 0.8304, Train RMSE: 0.8338, 
Val Loss: 2.6505, Val Acc: 0.5842, Val F1 Macro: 0.5752, Val F1 Micro: 0.5894, Val RMSE: 1.3390, 
Test Loss: 2.4989, Test Acc: 0.6028, Test F1 Macro: 0.5923, Test F1 Micro: 0.6072, Test RMSE: 1.3230

Epoch [18/20], Time: 5.14s, 
Train Loss: 0.0759, Train Acc: 0.9738, Train F1 Macro: 0.8355, Train F1 Micro: 0.8383, Train RMSE: 0.8138, 
Val Loss: 2.8529, Val Acc: 0.5646, Val F1 Macro: 0.5737, Val F1 Micro: 0.5880, Val RMSE: 1.3430, 
Test Loss: 2.7532, Test Acc: 0.5932, Test F1 Macro: 0.5911, Test F1 Micro: 0.6064, Test RMSE: 1.3262

Epoch [19/20], Time: 4.89s, 
Train Loss: 0.0780, Train Acc: 0.9728, Train F1 Macro: 0.8428, Train F1 Micro: 0.8454, Train RMSE: 0.7953, 
Val Loss: 2.8001, Val Acc: 0.5564, Val F1 Macro: 0.5720, Val F1 Micro: 0.5863, Val RMSE: 1.3404, 
Test Loss: 2.6632, Test Acc: 0.5849, Test F1 Macro: 0.5899, Test F1 Micro: 0.6053, Test RMSE: 1.3255

Epoch [20/20], Time: 4.91s, 
Train Loss: 0.0725, Train Acc: 0.9765, Train F1 Macro: 0.8495, Train F1 Micro: 0.8520, Train RMSE: 0.7777, 
Val Loss: 2.6739, Val Acc: 0.5625, Val F1 Macro: 0.5710, Val F1 Micro: 0.5852, Val RMSE: 1.3393, 
Test Loss: 2.5396, Test Acc: 0.5954, Test F1 Macro: 0.5897, Test F1 Micro: 0.6048, Test RMSE: 1.3245

Total Training Time: 97.34s

Test Loss: 0.9564, Test Acc: 0.6289, Test F1 Macro: 0.6180, Test F1 Micro: 0.6289, Test RMSE: 1.2911
===== SEED 7 =====
PyTorch Version : 2.11.0+cu128
cuda
2.8.context.pt
***** Best Result Updated at Epoch 1, Val Loss: 1.1417 *****
Epoch [1/20], Time: 5.50s, 
Train Loss: 1.3164, Train Acc: 0.4740, Train F1 Macro: 0.4429, Train F1 Micro: 0.4740, Train RMSE: 1.6123, 
Val Loss: 1.1417, Val Acc: 0.5568, Val F1 Macro: 0.5343, Val F1 Micro: 0.5568, Val RMSE: 1.5927, 
Test Loss: 1.0997, Test Acc: 0.5618, Test F1 Macro: 0.5349, Test F1 Micro: 0.5618, Test RMSE: 1.5935

***** Best Result Updated at Epoch 2, Val Loss: 1.0433 *****
Epoch [2/20], Time: 5.13s, 
Train Loss: 1.0841, Train Acc: 0.5821, Train F1 Macro: 0.5065, Train F1 Micro: 0.5280, Train RMSE: 1.5237, 
Val Loss: 1.0433, Val Acc: 0.5973, Val F1 Macro: 0.5570, Val F1 Micro: 0.5771, Val RMSE: 1.5151, 
Test Loss: 1.0057, Test Acc: 0.5958, Test F1 Macro: 0.5546, Test F1 Micro: 0.5788, Test RMSE: 1.5045

***** Best Result Updated at Epoch 3, Val Loss: 1.0122 *****
Epoch [3/20], Time: 5.04s, 
Train Loss: 0.9734, Train Acc: 0.6227, Train F1 Macro: 0.5426, Train F1 Micro: 0.5596, Train RMSE: 1.4603, 
Val Loss: 1.0122, Val Acc: 0.6077, Val F1 Macro: 0.5704, Val F1 Micro: 0.5873, Val RMSE: 1.4661, 
Test Loss: 0.9781, Test Acc: 0.6176, Test F1 Macro: 0.5727, Test F1 Micro: 0.5918, Test RMSE: 1.4600

***** Best Result Updated at Epoch 4, Val Loss: 0.9967 *****
Epoch [4/20], Time: 4.86s, 
Train Loss: 0.8635, Train Acc: 0.6733, Train F1 Macro: 0.5733, Train F1 Micro: 0.5880, Train RMSE: 1.3968, 
Val Loss: 0.9967, Val Acc: 0.6182, Val F1 Macro: 0.5792, Val F1 Micro: 0.5950, Val RMSE: 1.4264, 
Test Loss: 0.9607, Test Acc: 0.6198, Test F1 Macro: 0.5810, Test F1 Micro: 0.5988, Test RMSE: 1.4221

Epoch [5/20], Time: 4.82s, 
Train Loss: 0.7393, Train Acc: 0.7165, Train F1 Macro: 0.6012, Train F1 Micro: 0.6137, Train RMSE: 1.3358, 
Val Loss: 1.0664, Val Acc: 0.6112, Val F1 Macro: 0.5830, Val F1 Micro: 0.5983, Val RMSE: 1.4099, 
Test Loss: 1.0209, Test Acc: 0.6276, Test F1 Macro: 0.5879, Test F1 Micro: 0.6045, Test RMSE: 1.3975

Epoch [6/20], Time: 4.85s, 
Train Loss: 0.5877, Train Acc: 0.7782, Train F1 Macro: 0.6303, Train F1 Micro: 0.6411, Train RMSE: 1.2742, 
Val Loss: 1.0944, Val Acc: 0.6138, Val F1 Macro: 0.5879, Val F1 Micro: 0.6009, Val RMSE: 1.4041, 
Test Loss: 1.0519, Test Acc: 0.6128, Test F1 Macro: 0.5911, Test F1 Micro: 0.6059, Test RMSE: 1.3912

Epoch [7/20], Time: 4.98s, 
Train Loss: 0.4645, Train Acc: 0.8310, Train F1 Macro: 0.6589, Train F1 Micro: 0.6682, Train RMSE: 1.2180, 
Val Loss: 1.1944, Val Acc: 0.6038, Val F1 Macro: 0.5889, Val F1 Micro: 0.6013, Val RMSE: 1.3922, 
Test Loss: 1.1376, Test Acc: 0.6124, Test F1 Macro: 0.5923, Test F1 Micro: 0.6068, Test RMSE: 1.3821

Epoch [8/20], Time: 4.95s, 
Train Loss: 0.3406, Train Acc: 0.8779, Train F1 Macro: 0.6864, Train F1 Micro: 0.6945, Train RMSE: 1.1612, 
Val Loss: 1.3135, Val Acc: 0.6082, Val F1 Macro: 0.5903, Val F1 Micro: 0.6021, Val RMSE: 1.3891, 
Test Loss: 1.2683, Test Acc: 0.6180, Test F1 Macro: 0.5944, Test F1 Micro: 0.6082, Test RMSE: 1.3816

Epoch [9/20], Time: 4.95s, 
Train Loss: 0.2568, Train Acc: 0.9095, Train F1 Macro: 0.7113, Train F1 Micro: 0.7184, Train RMSE: 1.1105, 
Val Loss: 1.4764, Val Acc: 0.6025, Val F1 Macro: 0.5906, Val F1 Micro: 0.6022, Val RMSE: 1.3872, 
Test Loss: 1.4275, Test Acc: 0.6154, Test F1 Macro: 0.5951, Test F1 Micro: 0.6090, Test RMSE: 1.3771

Epoch [10/20], Time: 4.99s, 
Train Loss: 0.1998, Train Acc: 0.9304, Train F1 Macro: 0.7334, Train F1 Micro: 0.7396, Train RMSE: 1.0651, 
Val Loss: 1.6127, Val Acc: 0.5995, Val F1 Macro: 0.5900, Val F1 Micro: 0.6019, Val RMSE: 1.3815, 
Test Loss: 1.5608, Test Acc: 0.6067, Test F1 Macro: 0.5945, Test F1 Micro: 0.6088, Test RMSE: 1.3740

Epoch [11/20], Time: 4.90s, 
Train Loss: 0.1659, Train Acc: 0.9437, Train F1 Macro: 0.7526, Train F1 Micro: 0.7581, Train RMSE: 1.0240, 
Val Loss: 1.7328, Val Acc: 0.5912, Val F1 Macro: 0.5890, Val F1 Micro: 0.6009, Val RMSE: 1.3785, 
Test Loss: 1.6742, Test Acc: 0.6098, Test F1 Macro: 0.5949, Test F1 Micro: 0.6089, Test RMSE: 1.3694

Epoch [12/20], Time: 5.83s, 
Train Loss: 0.1430, Train Acc: 0.9499, Train F1 Macro: 0.7692, Train F1 Micro: 0.7741, Train RMSE: 0.9878, 
Val Loss: 1.8647, Val Acc: 0.5999, Val F1 Macro: 0.5889, Val F1 Micro: 0.6009, Val RMSE: 1.3789, 
Test Loss: 1.8263, Test Acc: 0.6067, Test F1 Macro: 0.5947, Test F1 Micro: 0.6087, Test RMSE: 1.3719

Epoch [13/20], Time: 5.75s, 
Train Loss: 0.1235, Train Acc: 0.9560, Train F1 Macro: 0.7836, Train F1 Micro: 0.7881, Train RMSE: 0.9550, 
Val Loss: 1.9054, Val Acc: 0.5851, Val F1 Macro: 0.5878, Val F1 Micro: 0.5996, Val RMSE: 1.3737, 
Test Loss: 1.8649, Test Acc: 0.5984, Test F1 Macro: 0.5940, Test F1 Micro: 0.6079, Test RMSE: 1.3682

Epoch [14/20], Time: 4.97s, 
Train Loss: 0.1063, Train Acc: 0.9646, Train F1 Macro: 0.7966, Train F1 Micro: 0.8007, Train RMSE: 0.9257, 
Val Loss: 2.0090, Val Acc: 0.5869, Val F1 Macro: 0.5869, Val F1 Micro: 0.5987, Val RMSE: 1.3682, 
Test Loss: 1.9704, Test Acc: 0.5906, Test F1 Macro: 0.5927, Test F1 Micro: 0.6067, Test RMSE: 1.3647

Epoch [15/20], Time: 5.02s, 
Train Loss: 0.1173, Train Acc: 0.9600, Train F1 Macro: 0.8076, Train F1 Micro: 0.8113, Train RMSE: 0.9008, 
Val Loss: 2.1464, Val Acc: 0.5903, Val F1 Macro: 0.5863, Val F1 Micro: 0.5982, Val RMSE: 1.3657, 
Test Loss: 2.0891, Test Acc: 0.6041, Test F1 Macro: 0.5926, Test F1 Micro: 0.6065, Test RMSE: 1.3627

Epoch [16/20], Time: 5.10s, 
Train Loss: 0.0905, Train Acc: 0.9696, Train F1 Macro: 0.8177, Train F1 Micro: 0.8212, Train RMSE: 0.8764, 
Val Loss: 2.2659, Val Acc: 0.5677, Val F1 Macro: 0.5844, Val F1 Micro: 0.5963, Val RMSE: 1.3642, 
Test Loss: 2.1883, Test Acc: 0.5928, Test F1 Macro: 0.5915, Test F1 Micro: 0.6056, Test RMSE: 1.3601

Epoch [17/20], Time: 5.15s, 
Train Loss: 0.0785, Train Acc: 0.9740, Train F1 Macro: 0.8270, Train F1 Micro: 0.8302, Train RMSE: 0.8537, 
Val Loss: 2.3027, Val Acc: 0.5838, Val F1 Macro: 0.5838, Val F1 Micro: 0.5955, Val RMSE: 1.3633, 
Test Loss: 2.1879, Test Acc: 0.5980, Test F1 Macro: 0.5911, Test F1 Micro: 0.6052, Test RMSE: 1.3581

Epoch [18/20], Time: 5.24s, 
Train Loss: 0.0753, Train Acc: 0.9747, Train F1 Macro: 0.8352, Train F1 Micro: 0.8382, Train RMSE: 0.8327, 
Val Loss: 2.3325, Val Acc: 0.5751, Val F1 Macro: 0.5828, Val F1 Micro: 0.5944, Val RMSE: 1.3625, 
Test Loss: 2.2812, Test Acc: 0.5980, Test F1 Macro: 0.5909, Test F1 Micro: 0.6048, Test RMSE: 1.3575

Epoch [19/20], Time: 5.06s, 
Train Loss: 0.0760, Train Acc: 0.9733, Train F1 Macro: 0.8424, Train F1 Micro: 0.8453, Train RMSE: 0.8138, 
Val Loss: 2.5271, Val Acc: 0.5934, Val F1 Macro: 0.5828, Val F1 Micro: 0.5943, Val RMSE: 1.3630, 
Test Loss: 2.4557, Test Acc: 0.6037, Test F1 Macro: 0.5908, Test F1 Micro: 0.6047, Test RMSE: 1.3577

Epoch [20/20], Time: 5.08s, 
Train Loss: 0.0680, Train Acc: 0.9775, Train F1 Macro: 0.8492, Train F1 Micro: 0.8519, Train RMSE: 0.7957, 
Val Loss: 2.5559, Val Acc: 0.5851, Val F1 Macro: 0.5826, Val F1 Micro: 0.5939, Val RMSE: 1.3639, 
Test Loss: 2.4304, Test Acc: 0.6032, Test F1 Macro: 0.5909, Test F1 Micro: 0.6047, Test RMSE: 1.3569

Total Training Time: 102.15s

Test Loss: 0.9607, Test Acc: 0.6198, Test F1 Macro: 0.6047, Test F1 Micro: 0.6198, Test RMSE: 1.3018
===== SEED 13 =====
PyTorch Version : 2.11.0+cu128
cuda
2.8.context.pt
***** Best Result Updated at Epoch 1, Val Loss: 1.1829 *****
Epoch [1/20], Time: 5.28s, 
Train Loss: 1.3116, Train Acc: 0.4804, Train F1 Macro: 0.4527, Train F1 Micro: 0.4804, Train RMSE: 1.5583, 
Val Loss: 1.1829, Val Acc: 0.5403, Val F1 Macro: 0.5076, Val F1 Micro: 0.5403, Val RMSE: 1.6745, 
Test Loss: 1.1482, Test Acc: 0.5505, Test F1 Macro: 0.5141, Test F1 Micro: 0.5505, Test RMSE: 1.6740

***** Best Result Updated at Epoch 2, Val Loss: 1.0416 *****
Epoch [2/20], Time: 4.91s, 
Train Loss: 1.0783, Train Acc: 0.5841, Train F1 Macro: 0.5126, Train F1 Micro: 0.5323, Train RMSE: 1.4752, 
Val Loss: 1.0416, Val Acc: 0.6021, Val F1 Macro: 0.5535, Val F1 Micro: 0.5712, Val RMSE: 1.5328, 
Test Loss: 1.0017, Test Acc: 0.6141, Test F1 Macro: 0.5652, Test F1 Micro: 0.5823, Test RMSE: 1.5228

***** Best Result Updated at Epoch 3, Val Loss: 1.0167 *****
Epoch [3/20], Time: 4.80s, 
Train Loss: 0.9758, Train Acc: 0.6230, Train F1 Macro: 0.5460, Train F1 Micro: 0.5625, Train RMSE: 1.4181, 
Val Loss: 1.0167, Val Acc: 0.6008, Val F1 Macro: 0.5640, Val F1 Micro: 0.5810, Val RMSE: 1.4880, 
Test Loss: 0.9817, Test Acc: 0.6172, Test F1 Macro: 0.5781, Test F1 Micro: 0.5939, Test RMSE: 1.4758

***** Best Result Updated at Epoch 4, Val Loss: 1.0054 *****
Epoch [4/20], Time: 4.81s, 
Train Loss: 0.8819, Train Acc: 0.6586, Train F1 Macro: 0.5717, Train F1 Micro: 0.5865, Train RMSE: 1.3676, 
Val Loss: 1.0054, Val Acc: 0.6160, Val F1 Macro: 0.5733, Val F1 Micro: 0.5898, Val RMSE: 1.4456, 
Test Loss: 0.9618, Test Acc: 0.6246, Test F1 Macro: 0.5860, Test F1 Micro: 0.6016, Test RMSE: 1.4295

***** Best Result Updated at Epoch 5, Val Loss: 0.9984 *****
Epoch [5/20], Time: 4.81s, 
Train Loss: 0.7649, Train Acc: 0.7103, Train F1 Macro: 0.5981, Train F1 Micro: 0.6113, Train RMSE: 1.3122, 
Val Loss: 0.9984, Val Acc: 0.6204, Val F1 Macro: 0.5797, Val F1 Micro: 0.5959, Val RMSE: 1.4180, 
Test Loss: 0.9674, Test Acc: 0.6237, Test F1 Macro: 0.5905, Test F1 Micro: 0.6060, Test RMSE: 1.4050

Epoch [6/20], Time: 4.81s, 
Train Loss: 0.6221, Train Acc: 0.7687, Train F1 Macro: 0.6258, Train F1 Micro: 0.6375, Train RMSE: 1.2556, 
Val Loss: 1.0564, Val Acc: 0.6091, Val F1 Macro: 0.5825, Val F1 Micro: 0.5981, Val RMSE: 1.3972, 
Test Loss: 1.0040, Test Acc: 0.6211, Test F1 Macro: 0.5936, Test F1 Micro: 0.6085, Test RMSE: 1.3780

Epoch [7/20], Time: 4.96s, 
Train Loss: 0.4848, Train Acc: 0.8212, Train F1 Macro: 0.6535, Train F1 Micro: 0.6638, Train RMSE: 1.2018, 
Val Loss: 1.1854, Val Acc: 0.5790, Val F1 Macro: 0.5800, Val F1 Micro: 0.5954, Val RMSE: 1.3910, 
Test Loss: 1.1396, Test Acc: 0.5919, Test F1 Macro: 0.5901, Test F1 Micro: 0.6061, Test RMSE: 1.3718

Epoch [8/20], Time: 4.84s, 
Train Loss: 0.3657, Train Acc: 0.8687, Train F1 Macro: 0.6804, Train F1 Micro: 0.6894, Train RMSE: 1.1489, 
Val Loss: 1.4015, Val Acc: 0.5986, Val F1 Macro: 0.5803, Val F1 Micro: 0.5958, Val RMSE: 1.3938, 
Test Loss: 1.3493, Test Acc: 0.6150, Test F1 Macro: 0.5914, Test F1 Micro: 0.6073, Test RMSE: 1.3742

Epoch [9/20], Time: 4.88s, 
Train Loss: 0.2932, Train Acc: 0.8938, Train F1 Macro: 0.7042, Train F1 Micro: 0.7121, Train RMSE: 1.1014, 
Val Loss: 1.4526, Val Acc: 0.5973, Val F1 Macro: 0.5805, Val F1 Micro: 0.5959, Val RMSE: 1.3893, 
Test Loss: 1.3503, Test Acc: 0.6202, Test F1 Macro: 0.5931, Test F1 Micro: 0.6087, Test RMSE: 1.3617

Epoch [10/20], Time: 4.87s, 
Train Loss: 0.2056, Train Acc: 0.9290, Train F1 Macro: 0.7269, Train F1 Micro: 0.7338, Train RMSE: 1.0565, 
Val Loss: 1.5394, Val Acc: 0.5912, Val F1 Macro: 0.5804, Val F1 Micro: 0.5955, Val RMSE: 1.3853, 
Test Loss: 1.4319, Test Acc: 0.6202, Test F1 Macro: 0.5946, Test F1 Micro: 0.6098, Test RMSE: 1.3534

Epoch [11/20], Time: 4.90s, 
Train Loss: 0.1650, Train Acc: 0.9430, Train F1 Macro: 0.7466, Train F1 Micro: 0.7528, Train RMSE: 1.0157, 
Val Loss: 1.7012, Val Acc: 0.5855, Val F1 Macro: 0.5793, Val F1 Micro: 0.5946, Val RMSE: 1.3770, 
Test Loss: 1.5429, Test Acc: 0.6145, Test F1 Macro: 0.5951, Test F1 Micro: 0.6103, Test RMSE: 1.3440

Epoch [12/20], Time: 5.08s, 
Train Loss: 0.1441, Train Acc: 0.9503, Train F1 Macro: 0.7636, Train F1 Micro: 0.7693, Train RMSE: 0.9796, 
Val Loss: 1.8872, Val Acc: 0.5982, Val F1 Macro: 0.5802, Val F1 Micro: 0.5949, Val RMSE: 1.3782, 
Test Loss: 1.7099, Test Acc: 0.6176, Test F1 Macro: 0.5959, Test F1 Micro: 0.6109, Test RMSE: 1.3450

Epoch [13/20], Time: 4.92s, 
Train Loss: 0.1182, Train Acc: 0.9602, Train F1 Macro: 0.7789, Train F1 Micro: 0.7839, Train RMSE: 0.9464, 
Val Loss: 1.8714, Val Acc: 0.5786, Val F1 Macro: 0.5792, Val F1 Micro: 0.5936, Val RMSE: 1.3759, 
Test Loss: 1.7215, Test Acc: 0.6106, Test F1 Macro: 0.5961, Test F1 Micro: 0.6109, Test RMSE: 1.3410

Epoch [14/20], Time: 4.94s, 
Train Loss: 0.1004, Train Acc: 0.9646, Train F1 Macro: 0.7922, Train F1 Micro: 0.7969, Train RMSE: 0.9167, 
Val Loss: 2.0690, Val Acc: 0.5842, Val F1 Macro: 0.5790, Val F1 Micro: 0.5929, Val RMSE: 1.3743, 
Test Loss: 1.8816, Test Acc: 0.6089, Test F1 Macro: 0.5962, Test F1 Micro: 0.6107, Test RMSE: 1.3401

Epoch [15/20], Time: 4.95s, 
Train Loss: 0.1011, Train Acc: 0.9655, Train F1 Macro: 0.8038, Train F1 Micro: 0.8081, Train RMSE: 0.8907, 
Val Loss: 2.1536, Val Acc: 0.5908, Val F1 Macro: 0.5791, Val F1 Micro: 0.5928, Val RMSE: 1.3731, 
Test Loss: 1.9617, Test Acc: 0.6106, Test F1 Macro: 0.5963, Test F1 Micro: 0.6107, Test RMSE: 1.3386

Epoch [16/20], Time: 4.98s, 
Train Loss: 0.0855, Train Acc: 0.9713, Train F1 Macro: 0.8143, Train F1 Micro: 0.8183, Train RMSE: 0.8660, 
Val Loss: 2.3678, Val Acc: 0.5886, Val F1 Macro: 0.5787, Val F1 Micro: 0.5925, Val RMSE: 1.3746, 
Test Loss: 2.1819, Test Acc: 0.6145, Test F1 Macro: 0.5964, Test F1 Micro: 0.6110, Test RMSE: 1.3390

Epoch [17/20], Time: 5.02s, 
Train Loss: 0.0763, Train Acc: 0.9736, Train F1 Macro: 0.8237, Train F1 Micro: 0.8274, Train RMSE: 0.8436, 
Val Loss: 2.3119, Val Acc: 0.5869, Val F1 Macro: 0.5786, Val F1 Micro: 0.5922, Val RMSE: 1.3736, 
Test Loss: 2.1069, Test Acc: 0.6154, Test F1 Macro: 0.5969, Test F1 Micro: 0.6112, Test RMSE: 1.3375

Epoch [18/20], Time: 5.18s, 
Train Loss: 0.0769, Train Acc: 0.9734, Train F1 Macro: 0.8321, Train F1 Micro: 0.8355, Train RMSE: 0.8226, 
Val Loss: 2.4379, Val Acc: 0.5829, Val F1 Macro: 0.5782, Val F1 Micro: 0.5917, Val RMSE: 1.3738, 
Test Loss: 2.2167, Test Acc: 0.6141, Test F1 Macro: 0.5971, Test F1 Micro: 0.6114, Test RMSE: 1.3362

Epoch [19/20], Time: 5.01s, 
Train Loss: 0.0769, Train Acc: 0.9740, Train F1 Macro: 0.8395, Train F1 Micro: 0.8428, Train RMSE: 0.8041, 
Val Loss: 2.4390, Val Acc: 0.5855, Val F1 Macro: 0.5780, Val F1 Micro: 0.5914, Val RMSE: 1.3730, 
Test Loss: 2.2336, Test Acc: 0.6067, Test F1 Macro: 0.5968, Test F1 Micro: 0.6111, Test RMSE: 1.3368

Epoch [20/20], Time: 5.04s, 
Train Loss: 0.0693, Train Acc: 0.9771, Train F1 Macro: 0.8464, Train F1 Micro: 0.8495, Train RMSE: 0.7868, 
Val Loss: 2.6693, Val Acc: 0.5660, Val F1 Macro: 0.5765, Val F1 Micro: 0.5901, Val RMSE: 1.3714, 
Test Loss: 2.3887, Test Acc: 0.5949, Test F1 Macro: 0.5958, Test F1 Micro: 0.6103, Test RMSE: 1.3346

Total Training Time: 98.97s

Test Loss: 0.9674, Test Acc: 0.6237, Test F1 Macro: 0.6081, Test F1 Micro: 0.6237, Test RMSE: 1.3025
===== SEED 77 =====
PyTorch Version : 2.11.0+cu128
cuda
2.8.context.pt
***** Best Result Updated at Epoch 1, Val Loss: 1.1324 *****
Epoch [1/20], Time: 5.30s, 
Train Loss: 1.3117, Train Acc: 0.4800, Train F1 Macro: 0.4567, Train F1 Micro: 0.4800, Train RMSE: 1.6050, 
Val Loss: 1.1324, Val Acc: 0.5533, Val F1 Macro: 0.5450, Val F1 Micro: 0.5533, Val RMSE: 1.4767, 
Test Loss: 1.0827, Test Acc: 0.5762, Test F1 Macro: 0.5703, Test F1 Micro: 0.5762, Test RMSE: 1.4066

***** Best Result Updated at Epoch 2, Val Loss: 1.0460 *****
Epoch [2/20], Time: 4.92s, 
Train Loss: 1.0869, Train Acc: 0.5789, Train F1 Macro: 0.5120, Train F1 Micro: 0.5294, Train RMSE: 1.5192, 
Val Loss: 1.0460, Val Acc: 0.5960, Val F1 Macro: 0.5611, Val F1 Micro: 0.5747, Val RMSE: 1.4379, 
Test Loss: 1.0016, Test Acc: 0.6054, Test F1 Macro: 0.5788, Test F1 Micro: 0.5908, Test RMSE: 1.3771

***** Best Result Updated at Epoch 3, Val Loss: 1.0227 *****
Epoch [3/20], Time: 4.81s, 
Train Loss: 0.9786, Train Acc: 0.6249, Train F1 Macro: 0.5463, Train F1 Micro: 0.5612, Train RMSE: 1.4526, 
Val Loss: 1.0227, Val Acc: 0.5999, Val F1 Macro: 0.5670, Val F1 Micro: 0.5831, Val RMSE: 1.4303, 
Test Loss: 0.9818, Test Acc: 0.6067, Test F1 Macro: 0.5819, Test F1 Micro: 0.5961, Test RMSE: 1.3859

Epoch [4/20], Time: 4.80s, 
Train Loss: 0.8778, Train Acc: 0.6641, Train F1 Macro: 0.5739, Train F1 Micro: 0.5869, Train RMSE: 1.3928, 
Val Loss: 1.0254, Val Acc: 0.6064, Val F1 Macro: 0.5732, Val F1 Micro: 0.5889, Val RMSE: 1.4189, 
Test Loss: 0.9920, Test Acc: 0.6115, Test F1 Macro: 0.5853, Test F1 Micro: 0.6000, Test RMSE: 1.3856

Epoch [5/20], Time: 4.83s, 
Train Loss: 0.7532, Train Acc: 0.7143, Train F1 Macro: 0.6007, Train F1 Micro: 0.6124, Train RMSE: 1.3352, 
Val Loss: 1.0287, Val Acc: 0.6121, Val F1 Macro: 0.5785, Val F1 Micro: 0.5936, Val RMSE: 1.4071, 
Test Loss: 0.9837, Test Acc: 0.6189, Test F1 Macro: 0.5890, Test F1 Micro: 0.6037, Test RMSE: 1.3768

Epoch [6/20], Time: 4.85s, 
Train Loss: 0.6105, Train Acc: 0.7729, Train F1 Macro: 0.6289, Train F1 Micro: 0.6392, Train RMSE: 1.2750, 
Val Loss: 1.0826, Val Acc: 0.6025, Val F1 Macro: 0.5807, Val F1 Micro: 0.5951, Val RMSE: 1.4017, 
Test Loss: 1.0266, Test Acc: 0.6172, Test F1 Macro: 0.5913, Test F1 Micro: 0.6060, Test RMSE: 1.3660

Epoch [7/20], Time: 4.99s, 
Train Loss: 0.4834, Train Acc: 0.8201, Train F1 Macro: 0.6559, Train F1 Micro: 0.6650, Train RMSE: 1.2183, 
Val Loss: 1.2281, Val Acc: 0.6021, Val F1 Macro: 0.5813, Val F1 Micro: 0.5961, Val RMSE: 1.3940, 
Test Loss: 1.1524, Test Acc: 0.6180, Test F1 Macro: 0.5929, Test F1 Micro: 0.6077, Test RMSE: 1.3558

Epoch [8/20], Time: 4.87s, 
Train Loss: 0.3626, Train Acc: 0.8689, Train F1 Macro: 0.6824, Train F1 Micro: 0.6905, Train RMSE: 1.1642, 
Val Loss: 1.3115, Val Acc: 0.5999, Val F1 Macro: 0.5821, Val F1 Micro: 0.5965, Val RMSE: 1.3899, 
Test Loss: 1.2449, Test Acc: 0.6185, Test F1 Macro: 0.5947, Test F1 Micro: 0.6090, Test RMSE: 1.3492

Epoch [9/20], Time: 4.88s, 
Train Loss: 0.2683, Train Acc: 0.9037, Train F1 Macro: 0.7070, Train F1 Micro: 0.7142, Train RMSE: 1.1138, 
Val Loss: 1.4328, Val Acc: 0.5951, Val F1 Macro: 0.5823, Val F1 Micro: 0.5964, Val RMSE: 1.3846, 
Test Loss: 1.3609, Test Acc: 0.6211, Test F1 Macro: 0.5965, Test F1 Micro: 0.6104, Test RMSE: 1.3408

Epoch [10/20], Time: 4.90s, 
Train Loss: 0.1981, Train Acc: 0.9296, Train F1 Macro: 0.7294, Train F1 Micro: 0.7357, Train RMSE: 1.0681, 
Val Loss: 1.5906, Val Acc: 0.5986, Val F1 Macro: 0.5824, Val F1 Micro: 0.5966, Val RMSE: 1.3764, 
Test Loss: 1.4958, Test Acc: 0.6115, Test F1 Macro: 0.5965, Test F1 Micro: 0.6105, Test RMSE: 1.3338

Epoch [11/20], Time: 4.91s, 
Train Loss: 0.1661, Train Acc: 0.9413, Train F1 Macro: 0.7488, Train F1 Micro: 0.7544, Train RMSE: 1.0271, 
Val Loss: 1.7819, Val Acc: 0.5903, Val F1 Macro: 0.5817, Val F1 Micro: 0.5960, Val RMSE: 1.3746, 
Test Loss: 1.6676, Test Acc: 0.6098, Test F1 Macro: 0.5961, Test F1 Micro: 0.6104, Test RMSE: 1.3323

Epoch [12/20], Time: 5.11s, 
Train Loss: 0.1353, Train Acc: 0.9527, Train F1 Macro: 0.7658, Train F1 Micro: 0.7709, Train RMSE: 0.9903, 
Val Loss: 2.0115, Val Acc: 0.5986, Val F1 Macro: 0.5818, Val F1 Micro: 0.5962, Val RMSE: 1.3763, 
Test Loss: 1.8843, Test Acc: 0.6076, Test F1 Macro: 0.5958, Test F1 Micro: 0.6102, Test RMSE: 1.3345

Epoch [13/20], Time: 4.95s, 
Train Loss: 0.1220, Train Acc: 0.9587, Train F1 Macro: 0.7808, Train F1 Micro: 0.7854, Train RMSE: 0.9576, 
Val Loss: 1.9929, Val Acc: 0.5786, Val F1 Macro: 0.5807, Val F1 Micro: 0.5949, Val RMSE: 1.3732, 
Test Loss: 1.9010, Test Acc: 0.5806, Test F1 Macro: 0.5936, Test F1 Micro: 0.6079, Test RMSE: 1.3363

Epoch [14/20], Time: 5.00s, 
Train Loss: 0.1082, Train Acc: 0.9631, Train F1 Macro: 0.7939, Train F1 Micro: 0.7981, Train RMSE: 0.9272, 
Val Loss: 2.1239, Val Acc: 0.5886, Val F1 Macro: 0.5805, Val F1 Micro: 0.5944, Val RMSE: 1.3704, 
Test Loss: 1.9764, Test Acc: 0.6115, Test F1 Macro: 0.5941, Test F1 Micro: 0.6082, Test RMSE: 1.3320

Epoch [15/20], Time: 5.00s, 
Train Loss: 0.0901, Train Acc: 0.9687, Train F1 Macro: 0.8056, Train F1 Micro: 0.8095, Train RMSE: 0.9007, 
Val Loss: 2.2714, Val Acc: 0.5929, Val F1 Macro: 0.5805, Val F1 Micro: 0.5943, Val RMSE: 1.3689, 
Test Loss: 2.0917, Test Acc: 0.6067, Test F1 Macro: 0.5941, Test F1 Micro: 0.6081, Test RMSE: 1.3288

Epoch [16/20], Time: 5.03s, 
Train Loss: 0.0970, Train Acc: 0.9666, Train F1 Macro: 0.8157, Train F1 Micro: 0.8193, Train RMSE: 0.8771, 
Val Loss: 2.3682, Val Acc: 0.5847, Val F1 Macro: 0.5803, Val F1 Micro: 0.5937, Val RMSE: 1.3667, 
Test Loss: 2.2030, Test Acc: 0.5880, Test F1 Macro: 0.5930, Test F1 Micro: 0.6068, Test RMSE: 1.3293

Epoch [17/20], Time: 5.02s, 
Train Loss: 0.0805, Train Acc: 0.9714, Train F1 Macro: 0.8248, Train F1 Micro: 0.8282, Train RMSE: 0.8542, 
Val Loss: 2.3557, Val Acc: 0.5899, Val F1 Macro: 0.5802, Val F1 Micro: 0.5935, Val RMSE: 1.3643, 
Test Loss: 2.2529, Test Acc: 0.5945, Test F1 Macro: 0.5922, Test F1 Micro: 0.6061, Test RMSE: 1.3289

Epoch [18/20], Time: 5.20s, 
Train Loss: 0.0804, Train Acc: 0.9723, Train F1 Macro: 0.8330, Train F1 Micro: 0.8362, Train RMSE: 0.8333, 
Val Loss: 2.5218, Val Acc: 0.5786, Val F1 Macro: 0.5797, Val F1 Micro: 0.5927, Val RMSE: 1.3662, 
Test Loss: 2.3522, Test Acc: 0.5845, Test F1 Macro: 0.5914, Test F1 Micro: 0.6049, Test RMSE: 1.3325

Epoch [19/20], Time: 5.03s, 
Train Loss: 0.0837, Train Acc: 0.9721, Train F1 Macro: 0.8404, Train F1 Micro: 0.8434, Train RMSE: 0.8142, 
Val Loss: 2.4423, Val Acc: 0.5899, Val F1 Macro: 0.5798, Val F1 Micro: 0.5925, Val RMSE: 1.3659, 
Test Loss: 2.2871, Test Acc: 0.5910, Test F1 Macro: 0.5908, Test F1 Micro: 0.6042, Test RMSE: 1.3319

Epoch [20/20], Time: 5.05s, 
Train Loss: 0.0656, Train Acc: 0.9770, Train F1 Macro: 0.8472, Train F1 Micro: 0.8501, Train RMSE: 0.7960, 
Val Loss: 2.6158, Val Acc: 0.5860, Val F1 Macro: 0.5793, Val F1 Micro: 0.5922, Val RMSE: 1.3666, 
Test Loss: 2.4745, Test Acc: 0.5915, Test F1 Macro: 0.5900, Test F1 Micro: 0.6035, Test RMSE: 1.3313

Total Training Time: 99.45s

Test Loss: 0.9818, Test Acc: 0.6067, Test F1 Macro: 0.5905, Test F1 Micro: 0.6067, Test RMSE: 1.4032
===== SEED 123 =====
PyTorch Version : 2.11.0+cu128
cuda
2.8.context.pt
***** Best Result Updated at Epoch 1, Val Loss: 1.0712 *****
Epoch [1/20], Time: 5.30s, 
Train Loss: 1.2965, Train Acc: 0.4858, Train F1 Macro: 0.4611, Train F1 Micro: 0.4858, Train RMSE: 1.6084, 
Val Loss: 1.0712, Val Acc: 0.5851, Val F1 Macro: 0.5668, Val F1 Micro: 0.5851, Val RMSE: 1.3955, 
Test Loss: 1.0307, Test Acc: 0.5949, Test F1 Macro: 0.5736, Test F1 Micro: 0.5949, Test RMSE: 1.3723

***** Best Result Updated at Epoch 2, Val Loss: 1.0079 *****
Epoch [2/20], Time: 4.91s, 
Train Loss: 1.0649, Train Acc: 0.5895, Train F1 Macro: 0.5193, Train F1 Micro: 0.5376, Train RMSE: 1.5010, 
Val Loss: 1.0079, Val Acc: 0.6082, Val F1 Macro: 0.5809, Val F1 Micro: 0.5966, Val RMSE: 1.3691, 
Test Loss: 0.9712, Test Acc: 0.6202, Test F1 Macro: 0.5917, Test F1 Micro: 0.6076, Test RMSE: 1.3435

***** Best Result Updated at Epoch 3, Val Loss: 0.9946 *****
Epoch [3/20], Time: 4.83s, 
Train Loss: 0.9660, Train Acc: 0.6296, Train F1 Macro: 0.5528, Train F1 Micro: 0.5683, Train RMSE: 1.4363, 
Val Loss: 0.9946, Val Acc: 0.6199, Val F1 Macro: 0.5865, Val F1 Micro: 0.6044, Val RMSE: 1.3608, 
Test Loss: 0.9708, Test Acc: 0.6089, Test F1 Macro: 0.5916, Test F1 Micro: 0.6080, Test RMSE: 1.3456

Epoch [4/20], Time: 4.80s, 
Train Loss: 0.8457, Train Acc: 0.6756, Train F1 Macro: 0.5817, Train F1 Micro: 0.5951, Train RMSE: 1.3735, 
Val Loss: 1.0160, Val Acc: 0.6056, Val F1 Macro: 0.5889, Val F1 Micro: 0.6047, Val RMSE: 1.3665, 
Test Loss: 0.9856, Test Acc: 0.6206, Test F1 Macro: 0.5958, Test F1 Micro: 0.6112, Test RMSE: 1.3503

Epoch [5/20], Time: 4.90s, 
Train Loss: 0.7324, Train Acc: 0.7243, Train F1 Macro: 0.6092, Train F1 Micro: 0.6210, Train RMSE: 1.3146, 
Val Loss: 1.0442, Val Acc: 0.6082, Val F1 Macro: 0.5891, Val F1 Micro: 0.6054, Val RMSE: 1.3616, 
Test Loss: 1.0194, Test Acc: 0.6124, Test F1 Macro: 0.5955, Test F1 Micro: 0.6114, Test RMSE: 1.3521

Epoch [6/20], Time: 4.84s, 
Train Loss: 0.5923, Train Acc: 0.7803, Train F1 Macro: 0.6374, Train F1 Micro: 0.6475, Train RMSE: 1.2564, 
Val Loss: 1.0556, Val Acc: 0.6117, Val F1 Macro: 0.5912, Val F1 Micro: 0.6064, Val RMSE: 1.3504, 
Test Loss: 1.0204, Test Acc: 0.6124, Test F1 Macro: 0.5963, Test F1 Micro: 0.6116, Test RMSE: 1.3393

Epoch [7/20], Time: 4.98s, 
Train Loss: 0.4483, Train Acc: 0.8329, Train F1 Macro: 0.6653, Train F1 Micro: 0.6740, Train RMSE: 1.1981, 
Val Loss: 1.1615, Val Acc: 0.5982, Val F1 Macro: 0.5909, Val F1 Micro: 0.6053, Val RMSE: 1.3436, 
Test Loss: 1.1027, Test Acc: 0.6233, Test F1 Macro: 0.5984, Test F1 Micro: 0.6132, Test RMSE: 1.3306

Epoch [8/20], Time: 4.86s, 
Train Loss: 0.3321, Train Acc: 0.8791, Train F1 Macro: 0.6920, Train F1 Micro: 0.6997, Train RMSE: 1.1437, 
Val Loss: 1.3158, Val Acc: 0.5925, Val F1 Macro: 0.5892, Val F1 Micro: 0.6037, Val RMSE: 1.3365, 
Test Loss: 1.2472, Test Acc: 0.6119, Test F1 Macro: 0.5977, Test F1 Micro: 0.6131, Test RMSE: 1.3265

Epoch [9/20], Time: 4.89s, 
Train Loss: 0.2519, Train Acc: 0.9113, Train F1 Macro: 0.7165, Train F1 Micro: 0.7232, Train RMSE: 1.0929, 
Val Loss: 1.4518, Val Acc: 0.5947, Val F1 Macro: 0.5885, Val F1 Micro: 0.6027, Val RMSE: 1.3347, 
Test Loss: 1.3429, Test Acc: 0.6198, Test F1 Macro: 0.5988, Test F1 Micro: 0.6138, Test RMSE: 1.3222

Epoch [10/20], Time: 4.89s, 
Train Loss: 0.1943, Train Acc: 0.9320, Train F1 Macro: 0.7382, Train F1 Micro: 0.7441, Train RMSE: 1.0479, 
Val Loss: 1.6315, Val Acc: 0.5821, Val F1 Macro: 0.5862, Val F1 Micro: 0.6006, Val RMSE: 1.3331, 
Test Loss: 1.5168, Test Acc: 0.6193, Test F1 Macro: 0.5992, Test F1 Micro: 0.6144, Test RMSE: 1.3199

Epoch [11/20], Time: 4.91s, 
Train Loss: 0.1589, Train Acc: 0.9442, Train F1 Macro: 0.7571, Train F1 Micro: 0.7623, Train RMSE: 1.0074, 
Val Loss: 1.8148, Val Acc: 0.5773, Val F1 Macro: 0.5840, Val F1 Micro: 0.5985, Val RMSE: 1.3324, 
Test Loss: 1.6401, Test Acc: 0.6098, Test F1 Macro: 0.5986, Test F1 Micro: 0.6140, Test RMSE: 1.3148

Epoch [12/20], Time: 5.07s, 
Train Loss: 0.1368, Train Acc: 0.9541, Train F1 Macro: 0.7736, Train F1 Micro: 0.7782, Train RMSE: 0.9710, 
Val Loss: 1.9380, Val Acc: 0.5768, Val F1 Macro: 0.5822, Val F1 Micro: 0.5967, Val RMSE: 1.3359, 
Test Loss: 1.8341, Test Acc: 0.6067, Test F1 Macro: 0.5977, Test F1 Micro: 0.6133, Test RMSE: 1.3181

Epoch [13/20], Time: 4.95s, 
Train Loss: 0.1079, Train Acc: 0.9642, Train F1 Macro: 0.7884, Train F1 Micro: 0.7925, Train RMSE: 0.9384, 
Val Loss: 2.0589, Val Acc: 0.5838, Val F1 Macro: 0.5813, Val F1 Micro: 0.5957, Val RMSE: 1.3358, 
Test Loss: 1.9056, Test Acc: 0.6132, Test F1 Macro: 0.5978, Test F1 Micro: 0.6133, Test RMSE: 1.3181

Epoch [14/20], Time: 4.95s, 
Train Loss: 0.1061, Train Acc: 0.9626, Train F1 Macro: 0.8009, Train F1 Micro: 0.8047, Train RMSE: 0.9093, 
Val Loss: 2.1182, Val Acc: 0.5742, Val F1 Macro: 0.5800, Val F1 Micro: 0.5942, Val RMSE: 1.3361, 
Test Loss: 1.9403, Test Acc: 0.6002, Test F1 Macro: 0.5970, Test F1 Micro: 0.6124, Test RMSE: 1.3151

Epoch [15/20], Time: 4.95s, 
Train Loss: 0.0973, Train Acc: 0.9677, Train F1 Macro: 0.8121, Train F1 Micro: 0.8156, Train RMSE: 0.8828, 
Val Loss: 2.2847, Val Acc: 0.5829, Val F1 Macro: 0.5792, Val F1 Micro: 0.5934, Val RMSE: 1.3385, 
Test Loss: 2.0872, Test Acc: 0.6084, Test F1 Macro: 0.5967, Test F1 Micro: 0.6121, Test RMSE: 1.3142

Epoch [16/20], Time: 4.98s, 
Train Loss: 0.0911, Train Acc: 0.9690, Train F1 Macro: 0.8219, Train F1 Micro: 0.8251, Train RMSE: 0.8584, 
Val Loss: 2.2451, Val Acc: 0.5694, Val F1 Macro: 0.5782, Val F1 Micro: 0.5919, Val RMSE: 1.3422, 
Test Loss: 2.0653, Test Acc: 0.5997, Test F1 Macro: 0.5963, Test F1 Micro: 0.6114, Test RMSE: 1.3179

Epoch [17/20], Time: 5.00s, 
Train Loss: 0.0794, Train Acc: 0.9734, Train F1 Macro: 0.8309, Train F1 Micro: 0.8339, Train RMSE: 0.8363, 
Val Loss: 2.3772, Val Acc: 0.5677, Val F1 Macro: 0.5769, Val F1 Micro: 0.5905, Val RMSE: 1.3432, 
Test Loss: 2.1756, Test Acc: 0.6076, Test F1 Macro: 0.5962, Test F1 Micro: 0.6111, Test RMSE: 1.3174

Epoch [18/20], Time: 5.21s, 
Train Loss: 0.0778, Train Acc: 0.9722, Train F1 Macro: 0.8387, Train F1 Micro: 0.8416, Train RMSE: 0.8162, 
Val Loss: 2.4721, Val Acc: 0.5668, Val F1 Macro: 0.5759, Val F1 Micro: 0.5892, Val RMSE: 1.3446, 
Test Loss: 2.2568, Test Acc: 0.6067, Test F1 Macro: 0.5961, Test F1 Micro: 0.6109, Test RMSE: 1.3163

Epoch [19/20], Time: 5.01s, 
Train Loss: 0.0659, Train Acc: 0.9770, Train F1 Macro: 0.8460, Train F1 Micro: 0.8487, Train RMSE: 0.7971, 
Val Loss: 2.5796, Val Acc: 0.5686, Val F1 Macro: 0.5751, Val F1 Micro: 0.5881, Val RMSE: 1.3454, 
Test Loss: 2.3088, Test Acc: 0.6093, Test F1 Macro: 0.5961, Test F1 Micro: 0.6108, Test RMSE: 1.3158

Epoch [20/20], Time: 5.06s, 
Train Loss: 0.0652, Train Acc: 0.9776, Train F1 Macro: 0.8526, Train F1 Micro: 0.8551, Train RMSE: 0.7797, 
Val Loss: 2.7665, Val Acc: 0.5829, Val F1 Macro: 0.5750, Val F1 Micro: 0.5878, Val RMSE: 1.3488, 
Test Loss: 2.5525, Test Acc: 0.6193, Test F1 Macro: 0.5965, Test F1 Micro: 0.6112, Test RMSE: 1.3168

Total Training Time: 99.30s

Test Loss: 0.9708, Test Acc: 0.6089, Test F1 Macro: 0.5909, Test F1 Micro: 0.6089, Test RMSE: 1.3498
