===== SEED 42 =====
PyTorch Version : 2.11.0+cu128
cuda
2.9.justification.pt
***** Best Result Updated at Epoch 1, Val Loss: 1.2868 *****
Epoch [1/20], Time: 4.18s, 
Train Loss: 1.4514, Train Acc: 0.4060, Train F1 Macro: 0.3557, Train F1 Micro: 0.4060, Train RMSE: 1.5357, 
Val Loss: 1.2868, Val Acc: 0.4919, Val F1 Macro: 0.4365, Val F1 Micro: 0.4919, Val RMSE: 1.4531, 
Test Loss: 1.2491, Test Acc: 0.4917, Test F1 Macro: 0.4398, Test F1 Micro: 0.4917, Test RMSE: 1.4496

***** Best Result Updated at Epoch 2, Val Loss: 1.2143 *****
Epoch [2/20], Time: 3.89s, 
Train Loss: 1.2032, Train Acc: 0.5094, Train F1 Macro: 0.4194, Train F1 Micro: 0.4577, Train RMSE: 1.4523, 
Val Loss: 1.2143, Val Acc: 0.5007, Val F1 Macro: 0.4607, Val F1 Micro: 0.4963, Val RMSE: 1.3772, 
Test Loss: 1.1692, Test Acc: 0.5017, Test F1 Macro: 0.4583, Test F1 Micro: 0.4967, Test RMSE: 1.3597

***** Best Result Updated at Epoch 3, Val Loss: 1.1721 *****
Epoch [3/20], Time: 4.06s, 
Train Loss: 1.1320, Train Acc: 0.5337, Train F1 Macro: 0.4514, Train F1 Micro: 0.4830, Train RMSE: 1.4098, 
Val Loss: 1.1721, Val Acc: 0.5303, Val F1 Macro: 0.4768, Val F1 Micro: 0.5076, Val RMSE: 1.3767, 
Test Loss: 1.1346, Test Acc: 0.5292, Test F1 Macro: 0.4751, Test F1 Micro: 0.5075, Test RMSE: 1.3419

Epoch [4/20], Time: 3.88s, 
Train Loss: 1.0665, Train Acc: 0.5630, Train F1 Macro: 0.4758, Train F1 Micro: 0.5030, Train RMSE: 1.3773, 
Val Loss: 1.1817, Val Acc: 0.5237, Val F1 Macro: 0.4822, Val F1 Micro: 0.5116, Val RMSE: 1.3765, 
Test Loss: 1.1297, Test Acc: 0.5296, Test F1 Macro: 0.4808, Test F1 Micro: 0.5131, Test RMSE: 1.3384

Epoch [5/20], Time: 3.82s, 
Train Loss: 0.9804, Train Acc: 0.6058, Train F1 Macro: 0.4998, Train F1 Micro: 0.5236, Train RMSE: 1.3452, 
Val Loss: 1.2121, Val Acc: 0.5246, Val F1 Macro: 0.4851, Val F1 Micro: 0.5142, Val RMSE: 1.3646, 
Test Loss: 1.1470, Test Acc: 0.5292, Test F1 Macro: 0.4848, Test F1 Micro: 0.5163, Test RMSE: 1.3252

Epoch [6/20], Time: 3.92s, 
Train Loss: 0.8747, Train Acc: 0.6528, Train F1 Macro: 0.5245, Train F1 Micro: 0.5451, Train RMSE: 1.3097, 
Val Loss: 1.2448, Val Acc: 0.5202, Val F1 Macro: 0.4866, Val F1 Micro: 0.5152, Val RMSE: 1.3699, 
Test Loss: 1.1899, Test Acc: 0.5152, Test F1 Macro: 0.4857, Test F1 Micro: 0.5161, Test RMSE: 1.3270

Epoch [7/20], Time: 4.20s, 
Train Loss: 0.7505, Train Acc: 0.7067, Train F1 Macro: 0.5498, Train F1 Micro: 0.5682, Train RMSE: 1.2726, 
Val Loss: 1.3480, Val Acc: 0.4872, Val F1 Macro: 0.4840, Val F1 Micro: 0.5112, Val RMSE: 1.3883, 
Test Loss: 1.2937, Test Acc: 0.5030, Test F1 Macro: 0.4859, Test F1 Micro: 0.5142, Test RMSE: 1.3380

Epoch [8/20], Time: 3.92s, 
Train Loss: 0.6452, Train Acc: 0.7501, Train F1 Macro: 0.5745, Train F1 Micro: 0.5909, Train RMSE: 1.2346, 
Val Loss: 1.4432, Val Acc: 0.4789, Val F1 Macro: 0.4821, Val F1 Micro: 0.5072, Val RMSE: 1.3850, 
Test Loss: 1.3589, Test Acc: 0.5048, Test F1 Macro: 0.4875, Test F1 Micro: 0.5131, Test RMSE: 1.3381

Epoch [9/20], Time: 3.75s, 
Train Loss: 0.5298, Train Acc: 0.7981, Train F1 Macro: 0.5992, Train F1 Micro: 0.6140, Train RMSE: 1.1965, 
Val Loss: 1.5748, Val Acc: 0.4715, Val F1 Macro: 0.4789, Val F1 Micro: 0.5032, Val RMSE: 1.3919, 
Test Loss: 1.4967, Test Acc: 0.4939, Test F1 Macro: 0.4867, Test F1 Micro: 0.5109, Test RMSE: 1.3410

Epoch [10/20], Time: 3.99s, 
Train Loss: 0.4379, Train Acc: 0.8372, Train F1 Macro: 0.6231, Train F1 Micro: 0.6363, Train RMSE: 1.1586, 
Val Loss: 1.7309, Val Acc: 0.4898, Val F1 Macro: 0.4779, Val F1 Micro: 0.5019, Val RMSE: 1.3929, 
Test Loss: 1.6343, Test Acc: 0.4965, Test F1 Macro: 0.4857, Test F1 Micro: 0.5095, Test RMSE: 1.3428

Epoch [11/20], Time: 4.13s, 
Train Loss: 0.3719, Train Acc: 0.8626, Train F1 Macro: 0.6451, Train F1 Micro: 0.6569, Train RMSE: 1.1232, 
Val Loss: 1.9121, Val Acc: 0.4776, Val F1 Macro: 0.4760, Val F1 Micro: 0.4997, Val RMSE: 1.3921, 
Test Loss: 1.7873, Test Acc: 0.4922, Test F1 Macro: 0.4847, Test F1 Micro: 0.5079, Test RMSE: 1.3449

Epoch [12/20], Time: 4.34s, 
Train Loss: 0.3129, Train Acc: 0.8857, Train F1 Macro: 0.6652, Train F1 Micro: 0.6759, Train RMSE: 1.0893, 
Val Loss: 2.0419, Val Acc: 0.4589, Val F1 Macro: 0.4735, Val F1 Micro: 0.4963, Val RMSE: 1.3949, 
Test Loss: 1.9130, Test Acc: 0.4917, Test F1 Macro: 0.4845, Test F1 Micro: 0.5066, Test RMSE: 1.3434

Epoch [13/20], Time: 3.90s, 
Train Loss: 0.2868, Train Acc: 0.8973, Train F1 Macro: 0.6831, Train F1 Micro: 0.6930, Train RMSE: 1.0595, 
Val Loss: 2.1565, Val Acc: 0.4693, Val F1 Macro: 0.4717, Val F1 Micro: 0.4942, Val RMSE: 1.3979, 
Test Loss: 2.0218, Test Acc: 0.4891, Test F1 Macro: 0.4837, Test F1 Micro: 0.5052, Test RMSE: 1.3454

Epoch [14/20], Time: 3.94s, 
Train Loss: 0.2597, Train Acc: 0.9071, Train F1 Macro: 0.6991, Train F1 Micro: 0.7083, Train RMSE: 1.0317, 
Val Loss: 2.2754, Val Acc: 0.4671, Val F1 Macro: 0.4700, Val F1 Micro: 0.4923, Val RMSE: 1.4004, 
Test Loss: 2.1182, Test Acc: 0.4778, Test F1 Macro: 0.4824, Test F1 Micro: 0.5033, Test RMSE: 1.3474

Epoch [15/20], Time: 3.96s, 
Train Loss: 0.2239, Train Acc: 0.9201, Train F1 Macro: 0.7139, Train F1 Micro: 0.7224, Train RMSE: 1.0057, 
Val Loss: 2.4183, Val Acc: 0.4602, Val F1 Macro: 0.4679, Val F1 Micro: 0.4901, Val RMSE: 1.4017, 
Test Loss: 2.2902, Test Acc: 0.4821, Test F1 Macro: 0.4813, Test F1 Micro: 0.5019, Test RMSE: 1.3495

Epoch [16/20], Time: 4.28s, 
Train Loss: 0.2114, Train Acc: 0.9241, Train F1 Macro: 0.7271, Train F1 Micro: 0.7350, Train RMSE: 0.9819, 
Val Loss: 2.4618, Val Acc: 0.4519, Val F1 Macro: 0.4658, Val F1 Micro: 0.4877, Val RMSE: 1.4049, 
Test Loss: 2.3740, Test Acc: 0.4769, Test F1 Macro: 0.4799, Test F1 Micro: 0.5003, Test RMSE: 1.3528

Epoch [17/20], Time: 4.10s, 
Train Loss: 0.1865, Train Acc: 0.9353, Train F1 Macro: 0.7394, Train F1 Micro: 0.7468, Train RMSE: 0.9597, 
Val Loss: 2.6426, Val Acc: 0.4554, Val F1 Macro: 0.4646, Val F1 Micro: 0.4858, Val RMSE: 1.4082, 
Test Loss: 2.5211, Test Acc: 0.4760, Test F1 Macro: 0.4790, Test F1 Micro: 0.4989, Test RMSE: 1.3553

Epoch [18/20], Time: 4.35s, 
Train Loss: 0.1786, Train Acc: 0.9379, Train F1 Macro: 0.7504, Train F1 Micro: 0.7574, Train RMSE: 0.9389, 
Val Loss: 2.7336, Val Acc: 0.4436, Val F1 Macro: 0.4621, Val F1 Micro: 0.4835, Val RMSE: 1.4140, 
Test Loss: 2.6446, Test Acc: 0.4795, Test F1 Macro: 0.4780, Test F1 Micro: 0.4978, Test RMSE: 1.3587

Epoch [19/20], Time: 4.05s, 
Train Loss: 0.1577, Train Acc: 0.9465, Train F1 Macro: 0.7608, Train F1 Micro: 0.7673, Train RMSE: 0.9190, 
Val Loss: 2.8464, Val Acc: 0.4549, Val F1 Macro: 0.4606, Val F1 Micro: 0.4820, Val RMSE: 1.4172, 
Test Loss: 2.7695, Test Acc: 0.4752, Test F1 Macro: 0.4769, Test F1 Micro: 0.4966, Test RMSE: 1.3616

Epoch [20/20], Time: 4.03s, 
Train Loss: 0.1403, Train Acc: 0.9501, Train F1 Macro: 0.7703, Train F1 Micro: 0.7765, Train RMSE: 0.9008, 
Val Loss: 2.9333, Val Acc: 0.4445, Val F1 Macro: 0.4591, Val F1 Micro: 0.4801, Val RMSE: 1.4213, 
Test Loss: 2.7916, Test Acc: 0.4647, Test F1 Macro: 0.4756, Test F1 Micro: 0.4950, Test RMSE: 1.3633

Total Training Time: 80.69s

Test Loss: 1.1346, Test Acc: 0.5292, Test F1 Macro: 0.4989, Test F1 Micro: 0.5292, Test RMSE: 1.3055
===== SEED 7 =====
PyTorch Version : 2.11.0+cu128
cuda
2.9.justification.pt
***** Best Result Updated at Epoch 1, Val Loss: 1.2595 *****
Epoch [1/20], Time: 3.89s, 
Train Loss: 1.4643, Train Acc: 0.3969, Train F1 Macro: 0.3528, Train F1 Micro: 0.3969, Train RMSE: 1.5153, 
Val Loss: 1.2595, Val Acc: 0.5085, Val F1 Macro: 0.4682, Val F1 Micro: 0.5085, Val RMSE: 1.2881, 
Test Loss: 1.2269, Test Acc: 0.5035, Test F1 Macro: 0.4569, Test F1 Micro: 0.5035, Test RMSE: 1.2900

***** Best Result Updated at Epoch 2, Val Loss: 1.2109 *****
Epoch [2/20], Time: 3.57s, 
Train Loss: 1.2234, Train Acc: 0.5024, Train F1 Macro: 0.4149, Train F1 Micro: 0.4496, Train RMSE: 1.4276, 
Val Loss: 1.2109, Val Acc: 0.5059, Val F1 Macro: 0.4780, Val F1 Micro: 0.5072, Val RMSE: 1.3338, 
Test Loss: 1.1686, Test Acc: 0.5131, Test F1 Macro: 0.4752, Test F1 Micro: 0.5083, Test RMSE: 1.3125

***** Best Result Updated at Epoch 3, Val Loss: 1.1701 *****
Epoch [3/20], Time: 3.51s, 
Train Loss: 1.1552, Train Acc: 0.5288, Train F1 Macro: 0.4454, Train F1 Micro: 0.4760, Train RMSE: 1.3890, 
Val Loss: 1.1701, Val Acc: 0.5176, Val F1 Macro: 0.4819, Val F1 Micro: 0.5107, Val RMSE: 1.3493, 
Test Loss: 1.1219, Test Acc: 0.5375, Test F1 Macro: 0.4863, Test F1 Micro: 0.5180, Test RMSE: 1.3200

Epoch [4/20], Time: 3.47s, 
Train Loss: 1.0865, Train Acc: 0.5525, Train F1 Macro: 0.4682, Train F1 Micro: 0.4951, Train RMSE: 1.3609, 
Val Loss: 1.1755, Val Acc: 0.5150, Val F1 Macro: 0.4820, Val F1 Micro: 0.5118, Val RMSE: 1.3626, 
Test Loss: 1.1328, Test Acc: 0.5240, Test F1 Macro: 0.4858, Test F1 Micro: 0.5195, Test RMSE: 1.3389

Epoch [5/20], Time: 3.48s, 
Train Loss: 0.9929, Train Acc: 0.6030, Train F1 Macro: 0.4934, Train F1 Micro: 0.5167, Train RMSE: 1.3280, 
Val Loss: 1.2229, Val Acc: 0.5115, Val F1 Macro: 0.4819, Val F1 Micro: 0.5117, Val RMSE: 1.3740, 
Test Loss: 1.1789, Test Acc: 0.5174, Test F1 Macro: 0.4872, Test F1 Micro: 0.5191, Test RMSE: 1.3486

Epoch [6/20], Time: 3.52s, 
Train Loss: 0.8833, Train Acc: 0.6457, Train F1 Macro: 0.5177, Train F1 Micro: 0.5382, Train RMSE: 1.2931, 
Val Loss: 1.2460, Val Acc: 0.4967, Val F1 Macro: 0.4820, Val F1 Micro: 0.5092, Val RMSE: 1.3698, 
Test Loss: 1.2017, Test Acc: 0.5213, Test F1 Macro: 0.4908, Test F1 Micro: 0.5195, Test RMSE: 1.3439

Epoch [7/20], Time: 3.66s, 
Train Loss: 0.7494, Train Acc: 0.7080, Train F1 Macro: 0.5445, Train F1 Micro: 0.5625, Train RMSE: 1.2536, 
Val Loss: 1.3488, Val Acc: 0.5007, Val F1 Macro: 0.4814, Val F1 Micro: 0.5080, Val RMSE: 1.3745, 
Test Loss: 1.3154, Test Acc: 0.5061, Test F1 Macro: 0.4892, Test F1 Micro: 0.5175, Test RMSE: 1.3520

Epoch [8/20], Time: 3.50s, 
Train Loss: 0.6390, Train Acc: 0.7562, Train F1 Macro: 0.5709, Train F1 Micro: 0.5867, Train RMSE: 1.2158, 
Val Loss: 1.4927, Val Acc: 0.5054, Val F1 Macro: 0.4809, Val F1 Micro: 0.5077, Val RMSE: 1.3708, 
Test Loss: 1.4195, Test Acc: 0.5065, Test F1 Macro: 0.4881, Test F1 Micro: 0.5162, Test RMSE: 1.3490

Epoch [9/20], Time: 3.56s, 
Train Loss: 0.5487, Train Acc: 0.7947, Train F1 Macro: 0.5958, Train F1 Micro: 0.6098, Train RMSE: 1.1782, 
Val Loss: 1.5431, Val Acc: 0.4737, Val F1 Macro: 0.4790, Val F1 Micro: 0.5039, Val RMSE: 1.3748, 
Test Loss: 1.4935, Test Acc: 0.4996, Test F1 Macro: 0.4882, Test F1 Micro: 0.5143, Test RMSE: 1.3505

Epoch [10/20], Time: 3.55s, 
Train Loss: 0.4421, Train Acc: 0.8388, Train F1 Macro: 0.6202, Train F1 Micro: 0.6327, Train RMSE: 1.1400, 
Val Loss: 1.7202, Val Acc: 0.4811, Val F1 Macro: 0.4782, Val F1 Micro: 0.5016, Val RMSE: 1.3780, 
Test Loss: 1.6669, Test Acc: 0.4961, Test F1 Macro: 0.4878, Test F1 Micro: 0.5125, Test RMSE: 1.3531

Epoch [11/20], Time: 3.59s, 
Train Loss: 0.3894, Train Acc: 0.8528, Train F1 Macro: 0.6416, Train F1 Micro: 0.6527, Train RMSE: 1.1065, 
Val Loss: 1.9212, Val Acc: 0.4832, Val F1 Macro: 0.4762, Val F1 Micro: 0.4999, Val RMSE: 1.3852, 
Test Loss: 1.8388, Test Acc: 0.5026, Test F1 Macro: 0.4866, Test F1 Micro: 0.5116, Test RMSE: 1.3581

Epoch [12/20], Time: 3.72s, 
Train Loss: 0.3143, Train Acc: 0.8863, Train F1 Macro: 0.6622, Train F1 Micro: 0.6722, Train RMSE: 1.0738, 
Val Loss: 2.0393, Val Acc: 0.4854, Val F1 Macro: 0.4752, Val F1 Micro: 0.4987, Val RMSE: 1.3882, 
Test Loss: 1.9747, Test Acc: 0.4922, Test F1 Macro: 0.4851, Test F1 Micro: 0.5100, Test RMSE: 1.3628

Epoch [13/20], Time: 3.57s, 
Train Loss: 0.2767, Train Acc: 0.9020, Train F1 Macro: 0.6808, Train F1 Micro: 0.6898, Train RMSE: 1.0433, 
Val Loss: 2.1258, Val Acc: 0.4785, Val F1 Macro: 0.4740, Val F1 Micro: 0.4972, Val RMSE: 1.3929, 
Test Loss: 2.0284, Test Acc: 0.4874, Test F1 Macro: 0.4838, Test F1 Micro: 0.5082, Test RMSE: 1.3666

Epoch [14/20], Time: 3.61s, 
Train Loss: 0.2455, Train Acc: 0.9111, Train F1 Macro: 0.6974, Train F1 Micro: 0.7056, Train RMSE: 1.0155, 
Val Loss: 2.2836, Val Acc: 0.4715, Val F1 Macro: 0.4724, Val F1 Micro: 0.4953, Val RMSE: 1.3985, 
Test Loss: 2.1978, Test Acc: 0.4852, Test F1 Macro: 0.4822, Test F1 Micro: 0.5066, Test RMSE: 1.3717

Epoch [15/20], Time: 3.61s, 
Train Loss: 0.2142, Train Acc: 0.9220, Train F1 Macro: 0.7124, Train F1 Micro: 0.7201, Train RMSE: 0.9896, 
Val Loss: 2.4876, Val Acc: 0.4667, Val F1 Macro: 0.4708, Val F1 Micro: 0.4934, Val RMSE: 1.4042, 
Test Loss: 2.3628, Test Acc: 0.4848, Test F1 Macro: 0.4811, Test F1 Micro: 0.5051, Test RMSE: 1.3763

Epoch [16/20], Time: 3.64s, 
Train Loss: 0.1947, Train Acc: 0.9301, Train F1 Macro: 0.7261, Train F1 Micro: 0.7332, Train RMSE: 0.9659, 
Val Loss: 2.5598, Val Acc: 0.4798, Val F1 Macro: 0.4697, Val F1 Micro: 0.4926, Val RMSE: 1.4073, 
Test Loss: 2.4760, Test Acc: 0.4865, Test F1 Macro: 0.4797, Test F1 Micro: 0.5040, Test RMSE: 1.3798

Epoch [17/20], Time: 3.86s, 
Train Loss: 0.1895, Train Acc: 0.9341, Train F1 Macro: 0.7384, Train F1 Micro: 0.7450, Train RMSE: 0.9442, 
Val Loss: 2.6010, Val Acc: 0.4697, Val F1 Macro: 0.4690, Val F1 Micro: 0.4912, Val RMSE: 1.4097, 
Test Loss: 2.5308, Test Acc: 0.4752, Test F1 Macro: 0.4785, Test F1 Micro: 0.5023, Test RMSE: 1.3815

Epoch [18/20], Time: 3.64s, 
Train Loss: 0.1716, Train Acc: 0.9393, Train F1 Macro: 0.7496, Train F1 Micro: 0.7558, Train RMSE: 0.9237, 
Val Loss: 2.7844, Val Acc: 0.4750, Val F1 Macro: 0.4682, Val F1 Micro: 0.4903, Val RMSE: 1.4112, 
Test Loss: 2.6866, Test Acc: 0.4904, Test F1 Macro: 0.4780, Test F1 Micro: 0.5016, Test RMSE: 1.3826

Epoch [19/20], Time: 3.68s, 
Train Loss: 0.1588, Train Acc: 0.9458, Train F1 Macro: 0.7600, Train F1 Micro: 0.7658, Train RMSE: 0.9047, 
Val Loss: 2.8869, Val Acc: 0.4750, Val F1 Macro: 0.4674, Val F1 Micro: 0.4895, Val RMSE: 1.4152, 
Test Loss: 2.7376, Test Acc: 0.4926, Test F1 Macro: 0.4776, Test F1 Micro: 0.5011, Test RMSE: 1.3839

Epoch [20/20], Time: 3.70s, 
Train Loss: 0.1412, Train Acc: 0.9487, Train F1 Macro: 0.7695, Train F1 Micro: 0.7750, Train RMSE: 0.8871, 
Val Loss: 2.9683, Val Acc: 0.4654, Val F1 Macro: 0.4665, Val F1 Micro: 0.4883, Val RMSE: 1.4169, 
Test Loss: 2.8221, Test Acc: 0.4843, Test F1 Macro: 0.4770, Test F1 Micro: 0.5003, Test RMSE: 1.3860

Total Training Time: 72.37s

Test Loss: 1.1219, Test Acc: 0.5375, Test F1 Macro: 0.5059, Test F1 Micro: 0.5375, Test RMSE: 1.3348
===== SEED 13 =====
PyTorch Version : 2.11.0+cu128
cuda
2.9.justification.pt
***** Best Result Updated at Epoch 1, Val Loss: 1.2917 *****
Epoch [1/20], Time: 3.89s, 
Train Loss: 1.4735, Train Acc: 0.3937, Train F1 Macro: 0.3446, Train F1 Micro: 0.3937, Train RMSE: 1.4866, 
Val Loss: 1.2917, Val Acc: 0.4985, Val F1 Macro: 0.4657, Val F1 Micro: 0.4985, Val RMSE: 1.3196, 
Test Loss: 1.2241, Test Acc: 0.5200, Test F1 Macro: 0.4841, Test F1 Micro: 0.5200, Test RMSE: 1.2551

***** Best Result Updated at Epoch 2, Val Loss: 1.1895 *****
Epoch [2/20], Time: 3.57s, 
Train Loss: 1.2164, Train Acc: 0.5114, Train F1 Macro: 0.4166, Train F1 Micro: 0.4525, Train RMSE: 1.4055, 
Val Loss: 1.1895, Val Acc: 0.5285, Val F1 Macro: 0.4813, Val F1 Micro: 0.5135, Val RMSE: 1.3079, 
Test Loss: 1.1326, Test Acc: 0.5213, Test F1 Macro: 0.4856, Test F1 Micro: 0.5207, Test RMSE: 1.2627

Epoch [3/20], Time: 3.47s, 
Train Loss: 1.1491, Train Acc: 0.5239, Train F1 Macro: 0.4459, Train F1 Micro: 0.4763, Train RMSE: 1.3760, 
Val Loss: 1.2173, Val Acc: 0.4941, Val F1 Macro: 0.4796, Val F1 Micro: 0.5070, Val RMSE: 1.3784, 
Test Loss: 1.1732, Test Acc: 0.5100, Test F1 Macro: 0.4896, Test F1 Micro: 0.5171, Test RMSE: 1.3181

***** Best Result Updated at Epoch 4, Val Loss: 1.1707 *****
Epoch [4/20], Time: 3.53s, 
Train Loss: 1.0858, Train Acc: 0.5518, Train F1 Macro: 0.4686, Train F1 Micro: 0.4952, Train RMSE: 1.3490, 
Val Loss: 1.1707, Val Acc: 0.5329, Val F1 Macro: 0.4877, Val F1 Micro: 0.5135, Val RMSE: 1.3655, 
Test Loss: 1.1129, Test Acc: 0.5331, Test F1 Macro: 0.4949, Test F1 Micro: 0.5211, Test RMSE: 1.3135

Epoch [5/20], Time: 3.50s, 
Train Loss: 1.0037, Train Acc: 0.5931, Train F1 Macro: 0.4916, Train F1 Micro: 0.5148, Train RMSE: 1.3178, 
Val Loss: 1.2016, Val Acc: 0.5237, Val F1 Macro: 0.4913, Val F1 Micro: 0.5155, Val RMSE: 1.3620, 
Test Loss: 1.1401, Test Acc: 0.5244, Test F1 Macro: 0.4970, Test F1 Micro: 0.5218, Test RMSE: 1.3154

Epoch [6/20], Time: 3.49s, 
Train Loss: 0.9016, Train Acc: 0.6422, Train F1 Macro: 0.5157, Train F1 Micro: 0.5360, Train RMSE: 1.2824, 
Val Loss: 1.2181, Val Acc: 0.5194, Val F1 Macro: 0.4930, Val F1 Micro: 0.5162, Val RMSE: 1.3586, 
Test Loss: 1.1537, Test Acc: 0.5274, Test F1 Macro: 0.4985, Test F1 Micro: 0.5227, Test RMSE: 1.3207

Epoch [7/20], Time: 3.65s, 
Train Loss: 0.7925, Train Acc: 0.6894, Train F1 Macro: 0.5401, Train F1 Micro: 0.5579, Train RMSE: 1.2469, 
Val Loss: 1.2928, Val Acc: 0.5107, Val F1 Macro: 0.4928, Val F1 Micro: 0.5154, Val RMSE: 1.3618, 
Test Loss: 1.2213, Test Acc: 0.5205, Test F1 Macro: 0.4989, Test F1 Micro: 0.5224, Test RMSE: 1.3261

Epoch [8/20], Time: 3.55s, 
Train Loss: 0.6727, Train Acc: 0.7406, Train F1 Macro: 0.5651, Train F1 Micro: 0.5808, Train RMSE: 1.2086, 
Val Loss: 1.4364, Val Acc: 0.4937, Val F1 Macro: 0.4906, Val F1 Micro: 0.5127, Val RMSE: 1.3648, 
Test Loss: 1.3293, Test Acc: 0.5187, Test F1 Macro: 0.4991, Test F1 Micro: 0.5219, Test RMSE: 1.3248

Epoch [9/20], Time: 3.55s, 
Train Loss: 0.5540, Train Acc: 0.7901, Train F1 Macro: 0.5904, Train F1 Micro: 0.6040, Train RMSE: 1.1714, 
Val Loss: 1.5122, Val Acc: 0.4898, Val F1 Macro: 0.4891, Val F1 Micro: 0.5101, Val RMSE: 1.3719, 
Test Loss: 1.4351, Test Acc: 0.5004, Test F1 Macro: 0.4981, Test F1 Micro: 0.5196, Test RMSE: 1.3311

Epoch [10/20], Time: 3.59s, 
Train Loss: 0.4666, Train Acc: 0.8250, Train F1 Macro: 0.6140, Train F1 Micro: 0.6261, Train RMSE: 1.1358, 
Val Loss: 1.6855, Val Acc: 0.4941, Val F1 Macro: 0.4875, Val F1 Micro: 0.5085, Val RMSE: 1.3762, 
Test Loss: 1.5851, Test Acc: 0.5074, Test F1 Macro: 0.4971, Test F1 Micro: 0.5183, Test RMSE: 1.3322

Epoch [11/20], Time: 3.58s, 
Train Loss: 0.3938, Train Acc: 0.8548, Train F1 Macro: 0.6361, Train F1 Micro: 0.6469, Train RMSE: 1.1012, 
Val Loss: 1.8835, Val Acc: 0.4841, Val F1 Macro: 0.4855, Val F1 Micro: 0.5063, Val RMSE: 1.3762, 
Test Loss: 1.7344, Test Acc: 0.4991, Test F1 Macro: 0.4958, Test F1 Micro: 0.5166, Test RMSE: 1.3319

Epoch [12/20], Time: 3.74s, 
Train Loss: 0.3283, Train Acc: 0.8793, Train F1 Macro: 0.6566, Train F1 Micro: 0.6663, Train RMSE: 1.0695, 
Val Loss: 2.0076, Val Acc: 0.4828, Val F1 Macro: 0.4830, Val F1 Micro: 0.5044, Val RMSE: 1.3816, 
Test Loss: 1.8711, Test Acc: 0.5057, Test F1 Macro: 0.4944, Test F1 Micro: 0.5157, Test RMSE: 1.3364

Epoch [13/20], Time: 3.60s, 
Train Loss: 0.2868, Train Acc: 0.8955, Train F1 Macro: 0.6751, Train F1 Micro: 0.6839, Train RMSE: 1.0399, 
Val Loss: 2.1902, Val Acc: 0.4750, Val F1 Macro: 0.4803, Val F1 Micro: 0.5021, Val RMSE: 1.3866, 
Test Loss: 2.0456, Test Acc: 0.5022, Test F1 Macro: 0.4930, Test F1 Micro: 0.5146, Test RMSE: 1.3427

Epoch [14/20], Time: 3.60s, 
Train Loss: 0.2471, Train Acc: 0.9103, Train F1 Macro: 0.6921, Train F1 Micro: 0.7001, Train RMSE: 1.0121, 
Val Loss: 2.2514, Val Acc: 0.4750, Val F1 Macro: 0.4785, Val F1 Micro: 0.5002, Val RMSE: 1.3933, 
Test Loss: 2.0884, Test Acc: 0.4952, Test F1 Macro: 0.4918, Test F1 Micro: 0.5133, Test RMSE: 1.3477

Epoch [15/20], Time: 3.65s, 
Train Loss: 0.2257, Train Acc: 0.9189, Train F1 Macro: 0.7073, Train F1 Micro: 0.7147, Train RMSE: 0.9864, 
Val Loss: 2.3771, Val Acc: 0.4667, Val F1 Macro: 0.4765, Val F1 Micro: 0.4979, Val RMSE: 1.3997, 
Test Loss: 2.2151, Test Acc: 0.4887, Test F1 Macro: 0.4906, Test F1 Micro: 0.5116, Test RMSE: 1.3513

Epoch [16/20], Time: 3.68s, 
Train Loss: 0.2111, Train Acc: 0.9254, Train F1 Macro: 0.7210, Train F1 Micro: 0.7278, Train RMSE: 0.9631, 
Val Loss: 2.5733, Val Acc: 0.4763, Val F1 Macro: 0.4748, Val F1 Micro: 0.4966, Val RMSE: 1.4028, 
Test Loss: 2.3877, Test Acc: 0.5035, Test F1 Macro: 0.4899, Test F1 Micro: 0.5111, Test RMSE: 1.3529

Epoch [17/20], Time: 3.83s, 
Train Loss: 0.1850, Train Acc: 0.9342, Train F1 Macro: 0.7336, Train F1 Micro: 0.7400, Train RMSE: 0.9412, 
Val Loss: 2.6599, Val Acc: 0.4641, Val F1 Macro: 0.4727, Val F1 Micro: 0.4947, Val RMSE: 1.4060, 
Test Loss: 2.4652, Test Acc: 0.4930, Test F1 Macro: 0.4889, Test F1 Micro: 0.5100, Test RMSE: 1.3552

Epoch [18/20], Time: 3.66s, 
Train Loss: 0.1617, Train Acc: 0.9424, Train F1 Macro: 0.7453, Train F1 Micro: 0.7512, Train RMSE: 0.9206, 
Val Loss: 2.7868, Val Acc: 0.4528, Val F1 Macro: 0.4706, Val F1 Micro: 0.4923, Val RMSE: 1.4116, 
Test Loss: 2.6313, Test Acc: 0.4765, Test F1 Macro: 0.4874, Test F1 Micro: 0.5082, Test RMSE: 1.3600

Epoch [19/20], Time: 3.66s, 
Train Loss: 0.1557, Train Acc: 0.9452, Train F1 Macro: 0.7559, Train F1 Micro: 0.7614, Train RMSE: 0.9013, 
Val Loss: 2.9615, Val Acc: 0.4558, Val F1 Macro: 0.4689, Val F1 Micro: 0.4904, Val RMSE: 1.4137, 
Test Loss: 2.7391, Test Acc: 0.4760, Test F1 Macro: 0.4860, Test F1 Micro: 0.5065, Test RMSE: 1.3616

Epoch [20/20], Time: 3.71s, 
Train Loss: 0.1530, Train Acc: 0.9477, Train F1 Macro: 0.7655, Train F1 Micro: 0.7707, Train RMSE: 0.8834, 
Val Loss: 3.0081, Val Acc: 0.4671, Val F1 Macro: 0.4679, Val F1 Micro: 0.4892, Val RMSE: 1.4177, 
Test Loss: 2.7791, Test Acc: 0.4974, Test F1 Macro: 0.4854, Test F1 Micro: 0.5060, Test RMSE: 1.3642

Total Training Time: 72.51s

Test Loss: 1.1129, Test Acc: 0.5331, Test F1 Macro: 0.5089, Test F1 Micro: 0.5331, Test RMSE: 1.2996
===== SEED 77 =====
PyTorch Version : 2.11.0+cu128
cuda
2.9.justification.pt
***** Best Result Updated at Epoch 1, Val Loss: 1.2404 *****
Epoch [1/20], Time: 3.84s, 
Train Loss: 1.4581, Train Acc: 0.4000, Train F1 Macro: 0.3455, Train F1 Micro: 0.4000, Train RMSE: 1.5188, 
Val Loss: 1.2404, Val Acc: 0.5189, Val F1 Macro: 0.4931, Val F1 Micro: 0.5189, Val RMSE: 1.4159, 
Test Loss: 1.2073, Test Acc: 0.5096, Test F1 Macro: 0.4773, Test F1 Micro: 0.5096, Test RMSE: 1.3623

***** Best Result Updated at Epoch 2, Val Loss: 1.1936 *****
Epoch [2/20], Time: 3.56s, 
Train Loss: 1.2037, Train Acc: 0.5076, Train F1 Macro: 0.4150, Train F1 Micro: 0.4538, Train RMSE: 1.4291, 
Val Loss: 1.1936, Val Acc: 0.5115, Val F1 Macro: 0.4851, Val F1 Micro: 0.5152, Val RMSE: 1.3651, 
Test Loss: 1.1336, Test Acc: 0.5174, Test F1 Macro: 0.4778, Test F1 Micro: 0.5135, Test RMSE: 1.3182

***** Best Result Updated at Epoch 3, Val Loss: 1.1713 *****
Epoch [3/20], Time: 3.52s, 
Train Loss: 1.1399, Train Acc: 0.5295, Train F1 Macro: 0.4458, Train F1 Micro: 0.4790, Train RMSE: 1.3812, 
Val Loss: 1.1713, Val Acc: 0.5311, Val F1 Macro: 0.4903, Val F1 Micro: 0.5205, Val RMSE: 1.3500, 
Test Loss: 1.1238, Test Acc: 0.5240, Test F1 Macro: 0.4824, Test F1 Micro: 0.5170, Test RMSE: 1.3061

Epoch [4/20], Time: 3.45s, 
Train Loss: 1.0767, Train Acc: 0.5582, Train F1 Macro: 0.4702, Train F1 Micro: 0.4988, Train RMSE: 1.3503, 
Val Loss: 1.1764, Val Acc: 0.5168, Val F1 Macro: 0.4945, Val F1 Micro: 0.5196, Val RMSE: 1.3492, 
Test Loss: 1.1148, Test Acc: 0.5222, Test F1 Macro: 0.4895, Test F1 Micro: 0.5183, Test RMSE: 1.3024

Epoch [5/20], Time: 3.48s, 
Train Loss: 0.9874, Train Acc: 0.5970, Train F1 Macro: 0.4940, Train F1 Micro: 0.5185, Train RMSE: 1.3179, 
Val Loss: 1.1985, Val Acc: 0.5220, Val F1 Macro: 0.4951, Val F1 Micro: 0.5201, Val RMSE: 1.3492, 
Test Loss: 1.1501, Test Acc: 0.5222, Test F1 Macro: 0.4910, Test F1 Micro: 0.5191, Test RMSE: 1.3121

Epoch [6/20], Time: 3.48s, 
Train Loss: 0.8903, Train Acc: 0.6447, Train F1 Macro: 0.5181, Train F1 Micro: 0.5395, Train RMSE: 1.2826, 
Val Loss: 1.2488, Val Acc: 0.5085, Val F1 Macro: 0.4949, Val F1 Micro: 0.5181, Val RMSE: 1.3527, 
Test Loss: 1.1977, Test Acc: 0.5192, Test F1 Macro: 0.4927, Test F1 Micro: 0.5191, Test RMSE: 1.3117

Epoch [7/20], Time: 3.67s, 
Train Loss: 0.7671, Train Acc: 0.7006, Train F1 Macro: 0.5440, Train F1 Micro: 0.5625, Train RMSE: 1.2446, 
Val Loss: 1.3415, Val Acc: 0.4893, Val F1 Macro: 0.4924, Val F1 Micro: 0.5140, Val RMSE: 1.3573, 
Test Loss: 1.2750, Test Acc: 0.5144, Test F1 Macro: 0.4939, Test F1 Micro: 0.5184, Test RMSE: 1.3150

Epoch [8/20], Time: 3.51s, 
Train Loss: 0.6477, Train Acc: 0.7506, Train F1 Macro: 0.5699, Train F1 Micro: 0.5860, Train RMSE: 1.2055, 
Val Loss: 1.4890, Val Acc: 0.4841, Val F1 Macro: 0.4894, Val F1 Micro: 0.5103, Val RMSE: 1.3697, 
Test Loss: 1.4044, Test Acc: 0.4987, Test F1 Macro: 0.4926, Test F1 Micro: 0.5160, Test RMSE: 1.3227

Epoch [9/20], Time: 3.54s, 
Train Loss: 0.5354, Train Acc: 0.7991, Train F1 Macro: 0.5958, Train F1 Micro: 0.6097, Train RMSE: 1.1674, 
Val Loss: 1.5898, Val Acc: 0.4880, Val F1 Macro: 0.4871, Val F1 Micro: 0.5078, Val RMSE: 1.3760, 
Test Loss: 1.5036, Test Acc: 0.5022, Test F1 Macro: 0.4915, Test F1 Micro: 0.5144, Test RMSE: 1.3292

Epoch [10/20], Time: 3.53s, 
Train Loss: 0.4372, Train Acc: 0.8366, Train F1 Macro: 0.6201, Train F1 Micro: 0.6324, Train RMSE: 1.1304, 
Val Loss: 1.7593, Val Acc: 0.4863, Val F1 Macro: 0.4850, Val F1 Micro: 0.5057, Val RMSE: 1.3828, 
Test Loss: 1.6852, Test Acc: 0.4935, Test F1 Macro: 0.4897, Test F1 Micro: 0.5123, Test RMSE: 1.3372

Epoch [11/20], Time: 3.56s, 
Train Loss: 0.3647, Train Acc: 0.8661, Train F1 Macro: 0.6428, Train F1 Micro: 0.6536, Train RMSE: 1.0949, 
Val Loss: 1.9877, Val Acc: 0.4719, Val F1 Macro: 0.4828, Val F1 Micro: 0.5026, Val RMSE: 1.3851, 
Test Loss: 1.8608, Test Acc: 0.4978, Test F1 Macro: 0.4890, Test F1 Micro: 0.5110, Test RMSE: 1.3409

Epoch [12/20], Time: 3.72s, 
Train Loss: 0.3147, Train Acc: 0.8859, Train F1 Macro: 0.6633, Train F1 Micro: 0.6730, Train RMSE: 1.0623, 
Val Loss: 2.1225, Val Acc: 0.4824, Val F1 Macro: 0.4810, Val F1 Micro: 0.5009, Val RMSE: 1.3880, 
Test Loss: 2.0059, Test Acc: 0.4965, Test F1 Macro: 0.4879, Test F1 Micro: 0.5098, Test RMSE: 1.3450

Epoch [13/20], Time: 3.61s, 
Train Loss: 0.2691, Train Acc: 0.9043, Train F1 Macro: 0.6820, Train F1 Micro: 0.6908, Train RMSE: 1.0317, 
Val Loss: 2.2668, Val Acc: 0.4737, Val F1 Macro: 0.4794, Val F1 Micro: 0.4988, Val RMSE: 1.3896, 
Test Loss: 2.1153, Test Acc: 0.4917, Test F1 Macro: 0.4871, Test F1 Micro: 0.5084, Test RMSE: 1.3466

Epoch [14/20], Time: 3.62s, 
Train Loss: 0.2426, Train Acc: 0.9126, Train F1 Macro: 0.6987, Train F1 Micro: 0.7066, Train RMSE: 1.0035, 
Val Loss: 2.3780, Val Acc: 0.4767, Val F1 Macro: 0.4779, Val F1 Micro: 0.4972, Val RMSE: 1.3956, 
Test Loss: 2.2125, Test Acc: 0.4856, Test F1 Macro: 0.4857, Test F1 Micro: 0.5068, Test RMSE: 1.3530

Epoch [15/20], Time: 3.62s, 
Train Loss: 0.2186, Train Acc: 0.9238, Train F1 Macro: 0.7138, Train F1 Micro: 0.7211, Train RMSE: 0.9778, 
Val Loss: 2.5124, Val Acc: 0.4680, Val F1 Macro: 0.4762, Val F1 Micro: 0.4953, Val RMSE: 1.4019, 
Test Loss: 2.3749, Test Acc: 0.4817, Test F1 Macro: 0.4844, Test F1 Micro: 0.5051, Test RMSE: 1.3582

Epoch [16/20], Time: 3.66s, 
Train Loss: 0.2106, Train Acc: 0.9243, Train F1 Macro: 0.7271, Train F1 Micro: 0.7338, Train RMSE: 0.9551, 
Val Loss: 2.5640, Val Acc: 0.4663, Val F1 Macro: 0.4747, Val F1 Micro: 0.4935, Val RMSE: 1.4074, 
Test Loss: 2.3949, Test Acc: 0.4891, Test F1 Macro: 0.4835, Test F1 Micro: 0.5041, Test RMSE: 1.3635

Epoch [17/20], Time: 3.89s, 
Train Loss: 0.1767, Train Acc: 0.9379, Train F1 Macro: 0.7396, Train F1 Micro: 0.7458, Train RMSE: 0.9326, 
Val Loss: 2.6887, Val Acc: 0.4750, Val F1 Macro: 0.4736, Val F1 Micro: 0.4924, Val RMSE: 1.4119, 
Test Loss: 2.5264, Test Acc: 0.4765, Test F1 Macro: 0.4820, Test F1 Micro: 0.5025, Test RMSE: 1.3680

Epoch [18/20], Time: 3.67s, 
Train Loss: 0.1718, Train Acc: 0.9402, Train F1 Macro: 0.7508, Train F1 Micro: 0.7566, Train RMSE: 0.9125, 
Val Loss: 2.8583, Val Acc: 0.4610, Val F1 Macro: 0.4722, Val F1 Micro: 0.4906, Val RMSE: 1.4163, 
Test Loss: 2.6528, Test Acc: 0.4787, Test F1 Macro: 0.4812, Test F1 Micro: 0.5012, Test RMSE: 1.3704

Epoch [19/20], Time: 3.69s, 
Train Loss: 0.1584, Train Acc: 0.9466, Train F1 Macro: 0.7612, Train F1 Micro: 0.7666, Train RMSE: 0.8934, 
Val Loss: 2.9871, Val Acc: 0.4619, Val F1 Macro: 0.4707, Val F1 Micro: 0.4891, Val RMSE: 1.4199, 
Test Loss: 2.7763, Test Acc: 0.4795, Test F1 Macro: 0.4802, Test F1 Micro: 0.5000, Test RMSE: 1.3735

Epoch [20/20], Time: 3.67s, 
Train Loss: 0.1666, Train Acc: 0.9420, Train F1 Macro: 0.7703, Train F1 Micro: 0.7754, Train RMSE: 0.8763, 
Val Loss: 3.0320, Val Acc: 0.4597, Val F1 Macro: 0.4692, Val F1 Micro: 0.4877, Val RMSE: 1.4224, 
Test Loss: 2.8227, Test Acc: 0.4813, Test F1 Macro: 0.4792, Test F1 Micro: 0.4991, Test RMSE: 1.3742

Total Training Time: 72.32s

Test Loss: 1.1238, Test Acc: 0.5240, Test F1 Macro: 0.4906, Test F1 Micro: 0.5240, Test RMSE: 1.2816
===== SEED 123 =====
PyTorch Version : 2.11.0+cu128
cuda
2.9.justification.pt
***** Best Result Updated at Epoch 1, Val Loss: 1.2964 *****
Epoch [1/20], Time: 3.85s, 
Train Loss: 1.4695, Train Acc: 0.3908, Train F1 Macro: 0.3280, Train F1 Micro: 0.3908, Train RMSE: 1.5101, 
Val Loss: 1.2964, Val Acc: 0.4863, Val F1 Macro: 0.4631, Val F1 Micro: 0.4863, Val RMSE: 1.3761, 
Test Loss: 1.2499, Test Acc: 0.4956, Test F1 Macro: 0.4625, Test F1 Micro: 0.4956, Test RMSE: 1.3499

***** Best Result Updated at Epoch 2, Val Loss: 1.2031 *****
Epoch [2/20], Time: 3.59s, 
Train Loss: 1.2413, Train Acc: 0.4952, Train F1 Macro: 0.3987, Train F1 Micro: 0.4430, Train RMSE: 1.4299, 
Val Loss: 1.2031, Val Acc: 0.5155, Val F1 Macro: 0.4745, Val F1 Micro: 0.5009, Val RMSE: 1.4036, 
Test Loss: 1.1642, Test Acc: 0.5057, Test F1 Macro: 0.4651, Test F1 Micro: 0.5007, Test RMSE: 1.3603

***** Best Result Updated at Epoch 3, Val Loss: 1.1976 *****
Epoch [3/20], Time: 3.49s, 
Train Loss: 1.1585, Train Acc: 0.5246, Train F1 Macro: 0.4329, Train F1 Micro: 0.4702, Train RMSE: 1.3926, 
Val Loss: 1.1976, Val Acc: 0.5181, Val F1 Macro: 0.4839, Val F1 Micro: 0.5066, Val RMSE: 1.3924, 
Test Loss: 1.1485, Test Acc: 0.5240, Test F1 Macro: 0.4794, Test F1 Micro: 0.5084, Test RMSE: 1.3521

***** Best Result Updated at Epoch 4, Val Loss: 1.1812 *****
Epoch [4/20], Time: 3.51s, 
Train Loss: 1.0942, Train Acc: 0.5523, Train F1 Macro: 0.4584, Train F1 Micro: 0.4907, Train RMSE: 1.3606, 
Val Loss: 1.1812, Val Acc: 0.5246, Val F1 Macro: 0.4896, Val F1 Micro: 0.5111, Val RMSE: 1.3713, 
Test Loss: 1.1271, Test Acc: 0.5270, Test F1 Macro: 0.4856, Test F1 Micro: 0.5131, Test RMSE: 1.3300

Epoch [5/20], Time: 3.49s, 
Train Loss: 1.0040, Train Acc: 0.5901, Train F1 Macro: 0.4822, Train F1 Micro: 0.5106, Train RMSE: 1.3279, 
Val Loss: 1.1965, Val Acc: 0.5211, Val F1 Macro: 0.4914, Val F1 Micro: 0.5131, Val RMSE: 1.3632, 
Test Loss: 1.1383, Test Acc: 0.5235, Test F1 Macro: 0.4874, Test F1 Micro: 0.5152, Test RMSE: 1.3189

Epoch [6/20], Time: 3.52s, 
Train Loss: 0.9017, Train Acc: 0.6374, Train F1 Macro: 0.5065, Train F1 Micro: 0.5317, Train RMSE: 1.2940, 
Val Loss: 1.2336, Val Acc: 0.5089, Val F1 Macro: 0.4924, Val F1 Micro: 0.5124, Val RMSE: 1.3607, 
Test Loss: 1.1701, Test Acc: 0.5222, Test F1 Macro: 0.4902, Test F1 Micro: 0.5163, Test RMSE: 1.3171

Epoch [7/20], Time: 3.67s, 
Train Loss: 0.7715, Train Acc: 0.6994, Train F1 Macro: 0.5336, Train F1 Micro: 0.5557, Train RMSE: 1.2538, 
Val Loss: 1.3726, Val Acc: 0.5059, Val F1 Macro: 0.4926, Val F1 Micro: 0.5115, Val RMSE: 1.3602, 
Test Loss: 1.2984, Test Acc: 0.5039, Test F1 Macro: 0.4894, Test F1 Micro: 0.5146, Test RMSE: 1.3166

Epoch [8/20], Time: 3.53s, 
Train Loss: 0.6675, Train Acc: 0.7432, Train F1 Macro: 0.5595, Train F1 Micro: 0.5791, Train RMSE: 1.2148, 
Val Loss: 1.4429, Val Acc: 0.4954, Val F1 Macro: 0.4903, Val F1 Micro: 0.5095, Val RMSE: 1.3667, 
Test Loss: 1.3559, Test Acc: 0.4926, Test F1 Macro: 0.4875, Test F1 Micro: 0.5118, Test RMSE: 1.3213

Epoch [9/20], Time: 3.59s, 
Train Loss: 0.5548, Train Acc: 0.7898, Train F1 Macro: 0.5850, Train F1 Micro: 0.6025, Train RMSE: 1.1746, 
Val Loss: 1.6124, Val Acc: 0.4850, Val F1 Macro: 0.4869, Val F1 Micro: 0.5067, Val RMSE: 1.3790, 
Test Loss: 1.5103, Test Acc: 0.5074, Test F1 Macro: 0.4865, Test F1 Micro: 0.5113, Test RMSE: 1.3296

Epoch [10/20], Time: 3.56s, 
Train Loss: 0.4828, Train Acc: 0.8174, Train F1 Macro: 0.6082, Train F1 Micro: 0.6240, Train RMSE: 1.1380, 
Val Loss: 1.7326, Val Acc: 0.4859, Val F1 Macro: 0.4855, Val F1 Micro: 0.5047, Val RMSE: 1.3782, 
Test Loss: 1.6244, Test Acc: 0.4926, Test F1 Macro: 0.4858, Test F1 Micro: 0.5095, Test RMSE: 1.3310

Epoch [11/20], Time: 3.57s, 
Train Loss: 0.3981, Train Acc: 0.8548, Train F1 Macro: 0.6308, Train F1 Micro: 0.6450, Train RMSE: 1.1027, 
Val Loss: 1.8646, Val Acc: 0.4889, Val F1 Macro: 0.4844, Val F1 Micro: 0.5032, Val RMSE: 1.3854, 
Test Loss: 1.7464, Test Acc: 0.4970, Test F1 Macro: 0.4849, Test F1 Micro: 0.5083, Test RMSE: 1.3376

Epoch [12/20], Time: 3.74s, 
Train Loss: 0.3522, Train Acc: 0.8709, Train F1 Macro: 0.6509, Train F1 Micro: 0.6638, Train RMSE: 1.0708, 
Val Loss: 2.0716, Val Acc: 0.4715, Val F1 Macro: 0.4819, Val F1 Micro: 0.5006, Val RMSE: 1.3889, 
Test Loss: 1.8792, Test Acc: 0.4895, Test F1 Macro: 0.4841, Test F1 Micro: 0.5068, Test RMSE: 1.3388

Epoch [13/20], Time: 3.60s, 
Train Loss: 0.2884, Train Acc: 0.8944, Train F1 Macro: 0.6698, Train F1 Micro: 0.6816, Train RMSE: 1.0403, 
Val Loss: 2.2539, Val Acc: 0.4819, Val F1 Macro: 0.4806, Val F1 Micro: 0.4991, Val RMSE: 1.3952, 
Test Loss: 2.0879, Test Acc: 0.4930, Test F1 Macro: 0.4833, Test F1 Micro: 0.5057, Test RMSE: 1.3433

Epoch [14/20], Time: 3.60s, 
Train Loss: 0.2642, Train Acc: 0.9053, Train F1 Macro: 0.6867, Train F1 Micro: 0.6975, Train RMSE: 1.0127, 
Val Loss: 2.3282, Val Acc: 0.4737, Val F1 Macro: 0.4791, Val F1 Micro: 0.4973, Val RMSE: 1.3972, 
Test Loss: 2.1251, Test Acc: 0.4956, Test F1 Macro: 0.4831, Test F1 Micro: 0.5050, Test RMSE: 1.3459

Epoch [15/20], Time: 3.62s, 
Train Loss: 0.2359, Train Acc: 0.9164, Train F1 Macro: 0.7021, Train F1 Micro: 0.7121, Train RMSE: 0.9870, 
Val Loss: 2.4819, Val Acc: 0.4706, Val F1 Macro: 0.4775, Val F1 Micro: 0.4955, Val RMSE: 1.3978, 
Test Loss: 2.2442, Test Acc: 0.4865, Test F1 Macro: 0.4823, Test F1 Micro: 0.5037, Test RMSE: 1.3480

Epoch [16/20], Time: 3.65s, 
Train Loss: 0.2096, Train Acc: 0.9238, Train F1 Macro: 0.7161, Train F1 Micro: 0.7254, Train RMSE: 0.9630, 
Val Loss: 2.6862, Val Acc: 0.4667, Val F1 Macro: 0.4759, Val F1 Micro: 0.4937, Val RMSE: 1.3996, 
Test Loss: 2.4071, Test Acc: 0.4839, Test F1 Macro: 0.4811, Test F1 Micro: 0.5025, Test RMSE: 1.3508

Epoch [17/20], Time: 3.84s, 
Train Loss: 0.1901, Train Acc: 0.9325, Train F1 Macro: 0.7289, Train F1 Micro: 0.7376, Train RMSE: 0.9412, 
Val Loss: 2.7682, Val Acc: 0.4619, Val F1 Macro: 0.4745, Val F1 Micro: 0.4919, Val RMSE: 1.4027, 
Test Loss: 2.4760, Test Acc: 0.4760, Test F1 Macro: 0.4802, Test F1 Micro: 0.5009, Test RMSE: 1.3535

Epoch [18/20], Time: 3.68s, 
Train Loss: 0.1733, Train Acc: 0.9390, Train F1 Macro: 0.7407, Train F1 Micro: 0.7487, Train RMSE: 0.9205, 
Val Loss: 2.9069, Val Acc: 0.4693, Val F1 Macro: 0.4732, Val F1 Micro: 0.4906, Val RMSE: 1.4048, 
Test Loss: 2.6276, Test Acc: 0.4852, Test F1 Macro: 0.4795, Test F1 Micro: 0.5001, Test RMSE: 1.3564

Epoch [19/20], Time: 3.70s, 
Train Loss: 0.1653, Train Acc: 0.9429, Train F1 Macro: 0.7513, Train F1 Micro: 0.7590, Train RMSE: 0.9008, 
Val Loss: 3.0069, Val Acc: 0.4715, Val F1 Macro: 0.4720, Val F1 Micro: 0.4896, Val RMSE: 1.4078, 
Test Loss: 2.7270, Test Acc: 0.4891, Test F1 Macro: 0.4788, Test F1 Micro: 0.4995, Test RMSE: 1.3586

Epoch [20/20], Time: 3.70s, 
Train Loss: 0.1682, Train Acc: 0.9408, Train F1 Macro: 0.7608, Train F1 Micro: 0.7681, Train RMSE: 0.8830, 
Val Loss: 3.1304, Val Acc: 0.4615, Val F1 Macro: 0.4708, Val F1 Micro: 0.4882, Val RMSE: 1.4130, 
Test Loss: 2.8604, Test Acc: 0.4730, Test F1 Macro: 0.4781, Test F1 Micro: 0.4982, Test RMSE: 1.3630

Total Training Time: 72.51s

Test Loss: 1.1271, Test Acc: 0.5270, Test F1 Macro: 0.5030, Test F1 Micro: 0.5270, Test RMSE: 1.2615
