===== SEED 42 =====
PyTorch Version : 2.11.0+cu128
cuda
2.9.justification.pt
***** Best Result Updated at Epoch 1, Val Loss: 1.5629 *****
Epoch [1/20], Time: 3.71s, 
Train Loss: 1.5868, Train Acc: 0.3163, Train F1 Macro: 0.2545, Train F1 Micro: 0.3163, Train RMSE: 1.6988, 
Val Loss: 1.5629, Val Acc: 0.3239, Val F1 Macro: 0.1687, Val F1 Micro: 0.3239, Val RMSE: 1.8923, 
Test Loss: 1.5504, Test Acc: 0.3219, Test F1 Macro: 0.1619, Test F1 Micro: 0.3219, Test RMSE: 1.8695

***** Best Result Updated at Epoch 2, Val Loss: 1.5422 *****
Epoch [2/20], Time: 3.39s, 
Train Loss: 1.5053, Train Acc: 0.3603, Train F1 Macro: 0.2813, Train F1 Micro: 0.3383, Train RMSE: 1.6601, 
Val Loss: 1.5422, Val Acc: 0.3426, Val F1 Macro: 0.2362, Val F1 Micro: 0.3333, Val RMSE: 1.6923, 
Test Loss: 1.5336, Test Acc: 0.3384, Test F1 Macro: 0.2257, Test F1 Micro: 0.3301, Test RMSE: 1.6808

***** Best Result Updated at Epoch 3, Val Loss: 1.5084 *****
Epoch [3/20], Time: 3.29s, 
Train Loss: 1.4485, Train Acc: 0.3924, Train F1 Macro: 0.3063, Train F1 Micro: 0.3563, Train RMSE: 1.6255, 
Val Loss: 1.5084, Val Acc: 0.3679, Val F1 Macro: 0.2636, Val F1 Micro: 0.3448, Val RMSE: 1.6594, 
Test Loss: 1.4959, Test Acc: 0.3558, Test F1 Macro: 0.2532, Test F1 Micro: 0.3387, Test RMSE: 1.6454

Epoch [4/20], Time: 3.28s, 
Train Loss: 1.3843, Train Acc: 0.4280, Train F1 Macro: 0.3298, Train F1 Micro: 0.3743, Train RMSE: 1.5939, 
Val Loss: 1.5315, Val Acc: 0.3618, Val F1 Macro: 0.2831, Val F1 Micro: 0.3490, Val RMSE: 1.6305, 
Test Loss: 1.5214, Test Acc: 0.3659, Test F1 Macro: 0.2751, Test F1 Micro: 0.3455, Test RMSE: 1.6084

Epoch [5/20], Time: 3.30s, 
Train Loss: 1.2788, Train Acc: 0.4848, Train F1 Macro: 0.3572, Train F1 Micro: 0.3964, Train RMSE: 1.5562, 
Val Loss: 1.5512, Val Acc: 0.3683, Val F1 Macro: 0.2887, Val F1 Micro: 0.3529, Val RMSE: 1.6209, 
Test Loss: 1.5349, Test Acc: 0.3563, Test F1 Macro: 0.2803, Test F1 Micro: 0.3476, Test RMSE: 1.6059

Epoch [6/20], Time: 3.30s, 
Train Loss: 1.1557, Train Acc: 0.5402, Train F1 Macro: 0.3857, Train F1 Micro: 0.4203, Train RMSE: 1.5156, 
Val Loss: 1.5978, Val Acc: 0.3552, Val F1 Macro: 0.2986, Val F1 Micro: 0.3533, Val RMSE: 1.6254, 
Test Loss: 1.5778, Test Acc: 0.3571, Test F1 Macro: 0.2909, Test F1 Micro: 0.3492, Test RMSE: 1.6136

Epoch [7/20], Time: 3.45s, 
Train Loss: 0.9938, Train Acc: 0.6135, Train F1 Macro: 0.4173, Train F1 Micro: 0.4479, Train RMSE: 1.4702, 
Val Loss: 1.7236, Val Acc: 0.3304, Val F1 Macro: 0.2988, Val F1 Micro: 0.3500, Val RMSE: 1.6437, 
Test Loss: 1.7021, Test Acc: 0.3524, Test F1 Macro: 0.2963, Test F1 Micro: 0.3497, Test RMSE: 1.6265

Epoch [8/20], Time: 3.36s, 
Train Loss: 0.8583, Train Acc: 0.6690, Train F1 Macro: 0.4484, Train F1 Micro: 0.4756, Train RMSE: 1.4253, 
Val Loss: 1.8461, Val Acc: 0.3404, Val F1 Macro: 0.3022, Val F1 Micro: 0.3488, Val RMSE: 1.6384, 
Test Loss: 1.7931, Test Acc: 0.3606, Test F1 Macro: 0.3018, Test F1 Micro: 0.3510, Test RMSE: 1.6195

Epoch [9/20], Time: 3.34s, 
Train Loss: 0.7085, Train Acc: 0.7317, Train F1 Macro: 0.4796, Train F1 Micro: 0.5040, Train RMSE: 1.3798, 
Val Loss: 2.0241, Val Acc: 0.3309, Val F1 Macro: 0.3032, Val F1 Micro: 0.3468, Val RMSE: 1.6421, 
Test Loss: 1.9930, Test Acc: 0.3432, Test F1 Macro: 0.3037, Test F1 Micro: 0.3502, Test RMSE: 1.6188

Epoch [10/20], Time: 3.36s, 
Train Loss: 0.6022, Train Acc: 0.7724, Train F1 Macro: 0.5089, Train F1 Micro: 0.5309, Train RMSE: 1.3372, 
Val Loss: 2.2531, Val Acc: 0.3422, Val F1 Macro: 0.3032, Val F1 Micro: 0.3464, Val RMSE: 1.6429, 
Test Loss: 2.2436, Test Acc: 0.3463, Test F1 Macro: 0.3035, Test F1 Micro: 0.3498, Test RMSE: 1.6173

Epoch [11/20], Time: 3.38s, 
Train Loss: 0.5015, Train Acc: 0.8156, Train F1 Macro: 0.5371, Train F1 Micro: 0.5567, Train RMSE: 1.2959, 
Val Loss: 2.4280, Val Acc: 0.3326, Val F1 Macro: 0.3041, Val F1 Micro: 0.3451, Val RMSE: 1.6426, 
Test Loss: 2.3817, Test Acc: 0.3341, Test F1 Macro: 0.3043, Test F1 Micro: 0.3484, Test RMSE: 1.6157

Epoch [12/20], Time: 3.56s, 
Train Loss: 0.4473, Train Acc: 0.8350, Train F1 Macro: 0.5621, Train F1 Micro: 0.5799, Train RMSE: 1.2585, 
Val Loss: 2.6085, Val Acc: 0.3374, Val F1 Macro: 0.3058, Val F1 Micro: 0.3445, Val RMSE: 1.6453, 
Test Loss: 2.5550, Test Acc: 0.3280, Test F1 Macro: 0.3054, Test F1 Micro: 0.3467, Test RMSE: 1.6194

Epoch [13/20], Time: 3.59s, 
Train Loss: 0.3807, Train Acc: 0.8631, Train F1 Macro: 0.5855, Train F1 Micro: 0.6017, Train RMSE: 1.2232, 
Val Loss: 2.8832, Val Acc: 0.3261, Val F1 Macro: 0.3063, Val F1 Micro: 0.3431, Val RMSE: 1.6463, 
Test Loss: 2.8018, Test Acc: 0.3288, Test F1 Macro: 0.3061, Test F1 Micro: 0.3453, Test RMSE: 1.6206

Epoch [14/20], Time: 3.51s, 
Train Loss: 0.3303, Train Acc: 0.8820, Train F1 Macro: 0.6068, Train F1 Micro: 0.6217, Train RMSE: 1.1900, 
Val Loss: 3.0228, Val Acc: 0.3248, Val F1 Macro: 0.3060, Val F1 Micro: 0.3418, Val RMSE: 1.6493, 
Test Loss: 2.9310, Test Acc: 0.3328, Test F1 Macro: 0.3061, Test F1 Micro: 0.3444, Test RMSE: 1.6242

Epoch [15/20], Time: 3.46s, 
Train Loss: 0.3029, Train Acc: 0.8913, Train F1 Macro: 0.6259, Train F1 Micro: 0.6397, Train RMSE: 1.1594, 
Val Loss: 3.1971, Val Acc: 0.3230, Val F1 Macro: 0.3057, Val F1 Micro: 0.3405, Val RMSE: 1.6527, 
Test Loss: 3.1523, Test Acc: 0.3275, Test F1 Macro: 0.3059, Test F1 Micro: 0.3433, Test RMSE: 1.6268

Epoch [16/20], Time: 3.52s, 
Train Loss: 0.2796, Train Acc: 0.9029, Train F1 Macro: 0.6434, Train F1 Micro: 0.6562, Train RMSE: 1.1313, 
Val Loss: 3.4269, Val Acc: 0.3239, Val F1 Macro: 0.3055, Val F1 Micro: 0.3395, Val RMSE: 1.6497, 
Test Loss: 3.3245, Test Acc: 0.3319, Test F1 Macro: 0.3062, Test F1 Micro: 0.3426, Test RMSE: 1.6253

Epoch [17/20], Time: 3.50s, 
Train Loss: 0.2433, Train Acc: 0.9150, Train F1 Macro: 0.6595, Train F1 Micro: 0.6714, Train RMSE: 1.1048, 
Val Loss: 3.5818, Val Acc: 0.3304, Val F1 Macro: 0.3053, Val F1 Micro: 0.3389, Val RMSE: 1.6530, 
Test Loss: 3.4715, Test Acc: 0.3297, Test F1 Macro: 0.3059, Test F1 Micro: 0.3418, Test RMSE: 1.6289

Epoch [18/20], Time: 3.69s, 
Train Loss: 0.2194, Train Acc: 0.9254, Train F1 Macro: 0.6743, Train F1 Micro: 0.6855, Train RMSE: 1.0802, 
Val Loss: 3.7563, Val Acc: 0.3261, Val F1 Macro: 0.3048, Val F1 Micro: 0.3382, Val RMSE: 1.6567, 
Test Loss: 3.6939, Test Acc: 0.3288, Test F1 Macro: 0.3053, Test F1 Micro: 0.3411, Test RMSE: 1.6335

Epoch [19/20], Time: 3.53s, 
Train Loss: 0.2131, Train Acc: 0.9265, Train F1 Macro: 0.6877, Train F1 Micro: 0.6982, Train RMSE: 1.0578, 
Val Loss: 3.9231, Val Acc: 0.3304, Val F1 Macro: 0.3043, Val F1 Micro: 0.3378, Val RMSE: 1.6589, 
Test Loss: 3.8273, Test Acc: 0.3367, Test F1 Macro: 0.3053, Test F1 Micro: 0.3408, Test RMSE: 1.6367

Epoch [20/20], Time: 3.56s, 
Train Loss: 0.1910, Train Acc: 0.9366, Train F1 Macro: 0.7002, Train F1 Micro: 0.7101, Train RMSE: 1.0363, 
Val Loss: 4.1000, Val Acc: 0.3200, Val F1 Macro: 0.3042, Val F1 Micro: 0.3369, Val RMSE: 1.6611, 
Test Loss: 3.9697, Test Acc: 0.3262, Test F1 Macro: 0.3055, Test F1 Micro: 0.3401, Test RMSE: 1.6386

Total Training Time: 69.08s

Test Loss: 1.4959, Test Acc: 0.3558, Test F1 Macro: 0.2768, Test F1 Micro: 0.3558, Test RMSE: 1.5723
===== SEED 7 =====
PyTorch Version : 2.11.0+cu128
cuda
2.9.justification.pt
***** Best Result Updated at Epoch 1, Val Loss: 1.5248 *****
Epoch [1/20], Time: 3.87s, 
Train Loss: 1.5938, Train Acc: 0.3174, Train F1 Macro: 0.2577, Train F1 Micro: 0.3174, Train RMSE: 1.7070, 
Val Loss: 1.5248, Val Acc: 0.3518, Val F1 Macro: 0.2393, Val F1 Micro: 0.3518, Val RMSE: 1.6193, 
Test Loss: 1.5205, Test Acc: 0.3528, Test F1 Macro: 0.2312, Test F1 Micro: 0.3528, Test RMSE: 1.6433

Epoch [2/20], Time: 3.53s, 
Train Loss: 1.5084, Train Acc: 0.3617, Train F1 Macro: 0.2832, Train F1 Micro: 0.3396, Train RMSE: 1.6524, 
Val Loss: 1.5280, Val Acc: 0.3518, Val F1 Macro: 0.2635, Val F1 Micro: 0.3518, Val RMSE: 1.6071, 
Test Loss: 1.5222, Test Acc: 0.3441, Test F1 Macro: 0.2514, Test F1 Micro: 0.3484, Test RMSE: 1.5969

***** Best Result Updated at Epoch 3, Val Loss: 1.4992 *****
Epoch [3/20], Time: 3.50s, 
Train Loss: 1.4559, Train Acc: 0.3923, Train F1 Macro: 0.3064, Train F1 Micro: 0.3571, Train RMSE: 1.6170, 
Val Loss: 1.4992, Val Acc: 0.3740, Val F1 Macro: 0.2888, Val F1 Micro: 0.3592, Val RMSE: 1.6065, 
Test Loss: 1.4936, Test Acc: 0.3580, Test F1 Macro: 0.2725, Test F1 Micro: 0.3516, Test RMSE: 1.6079

Epoch [4/20], Time: 3.49s, 
Train Loss: 1.3870, Train Acc: 0.4263, Train F1 Macro: 0.3291, Train F1 Micro: 0.3744, Train RMSE: 1.5838, 
Val Loss: 1.5092, Val Acc: 0.3744, Val F1 Macro: 0.2908, Val F1 Micro: 0.3630, Val RMSE: 1.6042, 
Test Loss: 1.5098, Test Acc: 0.3567, Test F1 Macro: 0.2725, Test F1 Micro: 0.3529, Test RMSE: 1.6102

Epoch [5/20], Time: 3.49s, 
Train Loss: 1.2831, Train Acc: 0.4801, Train F1 Macro: 0.3562, Train F1 Micro: 0.3956, Train RMSE: 1.5434, 
Val Loss: 1.5808, Val Acc: 0.3735, Val F1 Macro: 0.2957, Val F1 Micro: 0.3651, Val RMSE: 1.6122, 
Test Loss: 1.5753, Test Acc: 0.3611, Test F1 Macro: 0.2784, Test F1 Micro: 0.3545, Test RMSE: 1.6222

Epoch [6/20], Time: 3.51s, 
Train Loss: 1.1608, Train Acc: 0.5369, Train F1 Macro: 0.3848, Train F1 Micro: 0.4191, Train RMSE: 1.5028, 
Val Loss: 1.6009, Val Acc: 0.3666, Val F1 Macro: 0.3007, Val F1 Micro: 0.3653, Val RMSE: 1.6032, 
Test Loss: 1.5911, Test Acc: 0.3545, Test F1 Macro: 0.2845, Test F1 Micro: 0.3545, Test RMSE: 1.6200

Epoch [7/20], Time: 3.66s, 
Train Loss: 1.0075, Train Acc: 0.6020, Train F1 Macro: 0.4152, Train F1 Micro: 0.4452, Train RMSE: 1.4592, 
Val Loss: 1.7208, Val Acc: 0.3544, Val F1 Macro: 0.3029, Val F1 Micro: 0.3638, Val RMSE: 1.6014, 
Test Loss: 1.6872, Test Acc: 0.3584, Test F1 Macro: 0.2901, Test F1 Micro: 0.3551, Test RMSE: 1.6224

Epoch [8/20], Time: 3.51s, 
Train Loss: 0.8678, Train Acc: 0.6686, Train F1 Macro: 0.4471, Train F1 Micro: 0.4732, Train RMSE: 1.4155, 
Val Loss: 1.8873, Val Acc: 0.3518, Val F1 Macro: 0.3026, Val F1 Micro: 0.3623, Val RMSE: 1.6054, 
Test Loss: 1.8439, Test Acc: 0.3541, Test F1 Macro: 0.2915, Test F1 Micro: 0.3550, Test RMSE: 1.6240

Epoch [9/20], Time: 3.54s, 
Train Loss: 0.7388, Train Acc: 0.7194, Train F1 Macro: 0.4776, Train F1 Micro: 0.5005, Train RMSE: 1.3722, 
Val Loss: 2.0211, Val Acc: 0.3296, Val F1 Macro: 0.3041, Val F1 Micro: 0.3586, Val RMSE: 1.6040, 
Test Loss: 1.9733, Test Acc: 0.3410, Test F1 Macro: 0.2960, Test F1 Micro: 0.3534, Test RMSE: 1.6202

Epoch [10/20], Time: 3.56s, 
Train Loss: 0.5978, Train Acc: 0.7785, Train F1 Macro: 0.5080, Train F1 Micro: 0.5283, Train RMSE: 1.3287, 
Val Loss: 2.2412, Val Acc: 0.3278, Val F1 Macro: 0.3051, Val F1 Micro: 0.3556, Val RMSE: 1.6092, 
Test Loss: 2.1878, Test Acc: 0.3441, Test F1 Macro: 0.2997, Test F1 Micro: 0.3525, Test RMSE: 1.6248

Epoch [11/20], Time: 3.63s, 
Train Loss: 0.5162, Train Acc: 0.8121, Train F1 Macro: 0.5362, Train F1 Micro: 0.5541, Train RMSE: 1.2888, 
Val Loss: 2.4767, Val Acc: 0.3352, Val F1 Macro: 0.3040, Val F1 Micro: 0.3537, Val RMSE: 1.6098, 
Test Loss: 2.4027, Test Acc: 0.3436, Test F1 Macro: 0.2998, Test F1 Micro: 0.3517, Test RMSE: 1.6254

Epoch [12/20], Time: 3.73s, 
Train Loss: 0.4263, Train Acc: 0.8450, Train F1 Macro: 0.5623, Train F1 Micro: 0.5784, Train RMSE: 1.2500, 
Val Loss: 2.6247, Val Acc: 0.3265, Val F1 Macro: 0.3036, Val F1 Micro: 0.3514, Val RMSE: 1.6155, 
Test Loss: 2.5388, Test Acc: 0.3389, Test F1 Macro: 0.3009, Test F1 Micro: 0.3506, Test RMSE: 1.6289

Epoch [13/20], Time: 3.60s, 
Train Loss: 0.3639, Train Acc: 0.8692, Train F1 Macro: 0.5863, Train F1 Micro: 0.6007, Train RMSE: 1.2140, 
Val Loss: 2.9633, Val Acc: 0.3300, Val F1 Macro: 0.3025, Val F1 Micro: 0.3498, Val RMSE: 1.6176, 
Test Loss: 2.8464, Test Acc: 0.3463, Test F1 Macro: 0.3010, Test F1 Micro: 0.3503, Test RMSE: 1.6324

Epoch [14/20], Time: 3.62s, 
Train Loss: 0.3336, Train Acc: 0.8813, Train F1 Macro: 0.6078, Train F1 Micro: 0.6208, Train RMSE: 1.1815, 
Val Loss: 3.0980, Val Acc: 0.3278, Val F1 Macro: 0.3022, Val F1 Micro: 0.3482, Val RMSE: 1.6202, 
Test Loss: 2.9754, Test Acc: 0.3406, Test F1 Macro: 0.3015, Test F1 Micro: 0.3496, Test RMSE: 1.6344

Epoch [15/20], Time: 3.61s, 
Train Loss: 0.2860, Train Acc: 0.8982, Train F1 Macro: 0.6274, Train F1 Micro: 0.6393, Train RMSE: 1.1508, 
Val Loss: 3.3171, Val Acc: 0.3261, Val F1 Macro: 0.3018, Val F1 Micro: 0.3467, Val RMSE: 1.6234, 
Test Loss: 3.1767, Test Acc: 0.3345, Test F1 Macro: 0.3017, Test F1 Micro: 0.3486, Test RMSE: 1.6350

Epoch [16/20], Time: 3.66s, 
Train Loss: 0.2644, Train Acc: 0.9072, Train F1 Macro: 0.6451, Train F1 Micro: 0.6560, Train RMSE: 1.1225, 
Val Loss: 3.5056, Val Acc: 0.3335, Val F1 Macro: 0.3009, Val F1 Micro: 0.3459, Val RMSE: 1.6253, 
Test Loss: 3.3669, Test Acc: 0.3393, Test F1 Macro: 0.3011, Test F1 Micro: 0.3480, Test RMSE: 1.6360

Epoch [17/20], Time: 3.83s, 
Train Loss: 0.2328, Train Acc: 0.9181, Train F1 Macro: 0.6614, Train F1 Micro: 0.6714, Train RMSE: 1.0961, 
Val Loss: 3.7590, Val Acc: 0.3317, Val F1 Macro: 0.3005, Val F1 Micro: 0.3451, Val RMSE: 1.6279, 
Test Loss: 3.5769, Test Acc: 0.3306, Test F1 Macro: 0.3006, Test F1 Micro: 0.3470, Test RMSE: 1.6390

Epoch [18/20], Time: 3.66s, 
Train Loss: 0.2143, Train Acc: 0.9249, Train F1 Macro: 0.6762, Train F1 Micro: 0.6855, Train RMSE: 1.0717, 
Val Loss: 3.9221, Val Acc: 0.3165, Val F1 Macro: 0.3001, Val F1 Micro: 0.3435, Val RMSE: 1.6327, 
Test Loss: 3.7808, Test Acc: 0.3206, Test F1 Macro: 0.3004, Test F1 Micro: 0.3455, Test RMSE: 1.6429

Epoch [19/20], Time: 3.69s, 
Train Loss: 0.2090, Train Acc: 0.9282, Train F1 Macro: 0.6896, Train F1 Micro: 0.6983, Train RMSE: 1.0490, 
Val Loss: 4.0137, Val Acc: 0.3243, Val F1 Macro: 0.3000, Val F1 Micro: 0.3425, Val RMSE: 1.6341, 
Test Loss: 3.8409, Test Acc: 0.3323, Test F1 Macro: 0.3006, Test F1 Micro: 0.3448, Test RMSE: 1.6445

Epoch [20/20], Time: 3.67s, 
Train Loss: 0.1976, Train Acc: 0.9311, Train F1 Macro: 0.7017, Train F1 Micro: 0.7099, Train RMSE: 1.0280, 
Val Loss: 4.1041, Val Acc: 0.3152, Val F1 Macro: 0.2997, Val F1 Micro: 0.3411, Val RMSE: 1.6360, 
Test Loss: 3.9577, Test Acc: 0.3227, Test F1 Macro: 0.3008, Test F1 Micro: 0.3437, Test RMSE: 1.6461

Total Training Time: 72.36s

Test Loss: 1.4936, Test Acc: 0.3580, Test F1 Macro: 0.2945, Test F1 Micro: 0.3580, Test RMSE: 1.6297
===== SEED 13 =====
PyTorch Version : 2.11.0+cu128
cuda
2.9.justification.pt
***** Best Result Updated at Epoch 1, Val Loss: 1.5328 *****
Epoch [1/20], Time: 3.88s, 
Train Loss: 1.5916, Train Acc: 0.3206, Train F1 Macro: 0.2550, Train F1 Micro: 0.3206, Train RMSE: 1.6791, 
Val Loss: 1.5328, Val Acc: 0.3579, Val F1 Macro: 0.2661, Val F1 Micro: 0.3579, Val RMSE: 1.5622, 
Test Loss: 1.5184, Test Acc: 0.3489, Test F1 Macro: 0.2435, Test F1 Micro: 0.3489, Test RMSE: 1.5111

***** Best Result Updated at Epoch 2, Val Loss: 1.5132 *****
Epoch [2/20], Time: 3.59s, 
Train Loss: 1.5069, Train Acc: 0.3640, Train F1 Macro: 0.2825, Train F1 Micro: 0.3423, Train RMSE: 1.6300, 
Val Loss: 1.5132, Val Acc: 0.3722, Val F1 Macro: 0.2698, Val F1 Micro: 0.3650, Val RMSE: 1.5718, 
Test Loss: 1.5054, Test Acc: 0.3537, Test F1 Macro: 0.2442, Test F1 Micro: 0.3513, Test RMSE: 1.5536

Epoch [3/20], Time: 3.50s, 
Train Loss: 1.4581, Train Acc: 0.3895, Train F1 Macro: 0.3047, Train F1 Micro: 0.3580, Train RMSE: 1.6014, 
Val Loss: 1.5813, Val Acc: 0.3335, Val F1 Macro: 0.2689, Val F1 Micro: 0.3545, Val RMSE: 1.6696, 
Test Loss: 1.5732, Test Acc: 0.3262, Test F1 Macro: 0.2521, Test F1 Micro: 0.3429, Test RMSE: 1.6599

Epoch [4/20], Time: 3.59s, 
Train Loss: 1.3949, Train Acc: 0.4206, Train F1 Macro: 0.3268, Train F1 Micro: 0.3737, Train RMSE: 1.5692, 
Val Loss: 1.5202, Val Acc: 0.3744, Val F1 Macro: 0.2803, Val F1 Micro: 0.3595, Val RMSE: 1.6528, 
Test Loss: 1.5162, Test Acc: 0.3589, Test F1 Macro: 0.2632, Test F1 Micro: 0.3469, Test RMSE: 1.6588

Epoch [5/20], Time: 3.48s, 
Train Loss: 1.2989, Train Acc: 0.4734, Train F1 Macro: 0.3526, Train F1 Micro: 0.3936, Train RMSE: 1.5320, 
Val Loss: 1.5384, Val Acc: 0.3605, Val F1 Macro: 0.2919, Val F1 Micro: 0.3597, Val RMSE: 1.6486, 
Test Loss: 1.5323, Test Acc: 0.3619, Test F1 Macro: 0.2783, Test F1 Micro: 0.3499, Test RMSE: 1.6410

Epoch [6/20], Time: 3.49s, 
Train Loss: 1.1814, Train Acc: 0.5277, Train F1 Macro: 0.3802, Train F1 Micro: 0.4160, Train RMSE: 1.4925, 
Val Loss: 1.5831, Val Acc: 0.3644, Val F1 Macro: 0.2965, Val F1 Micro: 0.3605, Val RMSE: 1.6447, 
Test Loss: 1.5787, Test Acc: 0.3602, Test F1 Macro: 0.2833, Test F1 Micro: 0.3516, Test RMSE: 1.6392

Epoch [7/20], Time: 3.66s, 
Train Loss: 1.0458, Train Acc: 0.5906, Train F1 Macro: 0.4099, Train F1 Micro: 0.4409, Train RMSE: 1.4492, 
Val Loss: 1.6743, Val Acc: 0.3661, Val F1 Macro: 0.3020, Val F1 Micro: 0.3613, Val RMSE: 1.6383, 
Test Loss: 1.6616, Test Acc: 0.3454, Test F1 Macro: 0.2865, Test F1 Micro: 0.3507, Test RMSE: 1.6364

Epoch [8/20], Time: 3.52s, 
Train Loss: 0.8918, Train Acc: 0.6621, Train F1 Macro: 0.4417, Train F1 Micro: 0.4686, Train RMSE: 1.4051, 
Val Loss: 1.8457, Val Acc: 0.3518, Val F1 Macro: 0.3039, Val F1 Micro: 0.3601, Val RMSE: 1.6360, 
Test Loss: 1.8191, Test Acc: 0.3476, Test F1 Macro: 0.2886, Test F1 Micro: 0.3503, Test RMSE: 1.6303

Epoch [9/20], Time: 3.55s, 
Train Loss: 0.7508, Train Acc: 0.7139, Train F1 Macro: 0.4724, Train F1 Micro: 0.4958, Train RMSE: 1.3623, 
Val Loss: 1.9884, Val Acc: 0.3439, Val F1 Macro: 0.3080, Val F1 Micro: 0.3583, Val RMSE: 1.6324, 
Test Loss: 1.9444, Test Acc: 0.3341, Test F1 Macro: 0.2926, Test F1 Micro: 0.3485, Test RMSE: 1.6282

Epoch [10/20], Time: 3.60s, 
Train Loss: 0.6277, Train Acc: 0.7683, Train F1 Macro: 0.5027, Train F1 Micro: 0.5231, Train RMSE: 1.3202, 
Val Loss: 2.1559, Val Acc: 0.3435, Val F1 Macro: 0.3096, Val F1 Micro: 0.3568, Val RMSE: 1.6311, 
Test Loss: 2.1363, Test Acc: 0.3354, Test F1 Macro: 0.2940, Test F1 Micro: 0.3472, Test RMSE: 1.6259

Epoch [11/20], Time: 3.56s, 
Train Loss: 0.5171, Train Acc: 0.8088, Train F1 Macro: 0.5312, Train F1 Micro: 0.5490, Train RMSE: 1.2791, 
Val Loss: 2.4326, Val Acc: 0.3326, Val F1 Macro: 0.3101, Val F1 Micro: 0.3546, Val RMSE: 1.6284, 
Test Loss: 2.4184, Test Acc: 0.3284, Test F1 Macro: 0.2947, Test F1 Micro: 0.3455, Test RMSE: 1.6210

Epoch [12/20], Time: 3.75s, 
Train Loss: 0.4425, Train Acc: 0.8366, Train F1 Macro: 0.5572, Train F1 Micro: 0.5730, Train RMSE: 1.2413, 
Val Loss: 2.6496, Val Acc: 0.3470, Val F1 Macro: 0.3091, Val F1 Micro: 0.3540, Val RMSE: 1.6325, 
Test Loss: 2.6476, Test Acc: 0.3441, Test F1 Macro: 0.2945, Test F1 Micro: 0.3454, Test RMSE: 1.6242

Epoch [13/20], Time: 3.61s, 
Train Loss: 0.3758, Train Acc: 0.8639, Train F1 Macro: 0.5813, Train F1 Micro: 0.5954, Train RMSE: 1.2062, 
Val Loss: 2.8336, Val Acc: 0.3387, Val F1 Macro: 0.3094, Val F1 Micro: 0.3528, Val RMSE: 1.6396, 
Test Loss: 2.7935, Test Acc: 0.3284, Test F1 Macro: 0.2948, Test F1 Micro: 0.3441, Test RMSE: 1.6302

Epoch [14/20], Time: 3.63s, 
Train Loss: 0.3302, Train Acc: 0.8806, Train F1 Macro: 0.6031, Train F1 Micro: 0.6158, Train RMSE: 1.1736, 
Val Loss: 3.1069, Val Acc: 0.3448, Val F1 Macro: 0.3088, Val F1 Micro: 0.3522, Val RMSE: 1.6410, 
Test Loss: 3.0816, Test Acc: 0.3349, Test F1 Macro: 0.2942, Test F1 Micro: 0.3434, Test RMSE: 1.6302

Epoch [15/20], Time: 3.65s, 
Train Loss: 0.3066, Train Acc: 0.8911, Train F1 Macro: 0.6226, Train F1 Micro: 0.6341, Train RMSE: 1.1438, 
Val Loss: 3.1201, Val Acc: 0.3343, Val F1 Macro: 0.3094, Val F1 Micro: 0.3510, Val RMSE: 1.6431, 
Test Loss: 3.1278, Test Acc: 0.3301, Test F1 Macro: 0.2952, Test F1 Micro: 0.3425, Test RMSE: 1.6309

Epoch [16/20], Time: 3.66s, 
Train Loss: 0.2619, Train Acc: 0.9072, Train F1 Macro: 0.6406, Train F1 Micro: 0.6512, Train RMSE: 1.1161, 
Val Loss: 3.3897, Val Acc: 0.3409, Val F1 Macro: 0.3094, Val F1 Micro: 0.3504, Val RMSE: 1.6471, 
Test Loss: 3.3748, Test Acc: 0.3236, Test F1 Macro: 0.2946, Test F1 Micro: 0.3414, Test RMSE: 1.6329

Epoch [17/20], Time: 3.86s, 
Train Loss: 0.2474, Train Acc: 0.9139, Train F1 Macro: 0.6570, Train F1 Micro: 0.6666, Train RMSE: 1.0900, 
Val Loss: 3.4816, Val Acc: 0.3313, Val F1 Macro: 0.3098, Val F1 Micro: 0.3493, Val RMSE: 1.6522, 
Test Loss: 3.4597, Test Acc: 0.3127, Test F1 Macro: 0.2947, Test F1 Micro: 0.3397, Test RMSE: 1.6379

Epoch [18/20], Time: 3.67s, 
Train Loss: 0.2071, Train Acc: 0.9306, Train F1 Macro: 0.6724, Train F1 Micro: 0.6813, Train RMSE: 1.0651, 
Val Loss: 3.7741, Val Acc: 0.3361, Val F1 Macro: 0.3095, Val F1 Micro: 0.3485, Val RMSE: 1.6568, 
Test Loss: 3.7316, Test Acc: 0.3214, Test F1 Macro: 0.2939, Test F1 Micro: 0.3387, Test RMSE: 1.6407

Epoch [19/20], Time: 3.71s, 
Train Loss: 0.2078, Train Acc: 0.9280, Train F1 Macro: 0.6860, Train F1 Micro: 0.6943, Train RMSE: 1.0427, 
Val Loss: 3.9482, Val Acc: 0.3365, Val F1 Macro: 0.3091, Val F1 Micro: 0.3479, Val RMSE: 1.6590, 
Test Loss: 3.9251, Test Acc: 0.3301, Test F1 Macro: 0.2935, Test F1 Micro: 0.3382, Test RMSE: 1.6423

Epoch [20/20], Time: 3.74s, 
Train Loss: 0.1959, Train Acc: 0.9312, Train F1 Macro: 0.6984, Train F1 Micro: 0.7061, Train RMSE: 1.0223, 
Val Loss: 4.0490, Val Acc: 0.3374, Val F1 Macro: 0.3091, Val F1 Micro: 0.3474, Val RMSE: 1.6614, 
Test Loss: 4.0198, Test Acc: 0.3162, Test F1 Macro: 0.2926, Test F1 Micro: 0.3371, Test RMSE: 1.6440

Total Training Time: 72.68s

Test Loss: 1.5054, Test Acc: 0.3537, Test F1 Macro: 0.2447, Test F1 Micro: 0.3537, Test RMSE: 1.5950
===== SEED 77 =====
PyTorch Version : 2.11.0+cu128
cuda
2.9.justification.pt
***** Best Result Updated at Epoch 1, Val Loss: 1.5283 *****
Epoch [1/20], Time: 3.87s, 
Train Loss: 1.5905, Train Acc: 0.3152, Train F1 Macro: 0.2513, Train F1 Micro: 0.3152, Train RMSE: 1.6740, 
Val Loss: 1.5283, Val Acc: 0.3544, Val F1 Macro: 0.2580, Val F1 Micro: 0.3544, Val RMSE: 1.7253, 
Test Loss: 1.5283, Test Acc: 0.3328, Test F1 Macro: 0.2345, Test F1 Micro: 0.3328, Test RMSE: 1.7269

***** Best Result Updated at Epoch 2, Val Loss: 1.5263 *****
Epoch [2/20], Time: 3.58s, 
Train Loss: 1.5032, Train Acc: 0.3645, Train F1 Macro: 0.2824, Train F1 Micro: 0.3398, Train RMSE: 1.6288, 
Val Loss: 1.5263, Val Acc: 0.3566, Val F1 Macro: 0.2601, Val F1 Micro: 0.3555, Val RMSE: 1.6425, 
Test Loss: 1.5164, Test Acc: 0.3454, Test F1 Macro: 0.2395, Test F1 Micro: 0.3391, Test RMSE: 1.6563

***** Best Result Updated at Epoch 3, Val Loss: 1.4997 *****
Epoch [3/20], Time: 3.50s, 
Train Loss: 1.4496, Train Acc: 0.3950, Train F1 Macro: 0.3065, Train F1 Micro: 0.3582, Train RMSE: 1.5921, 
Val Loss: 1.4997, Val Acc: 0.3700, Val F1 Macro: 0.2771, Val F1 Micro: 0.3603, Val RMSE: 1.6282, 
Test Loss: 1.4993, Test Acc: 0.3541, Test F1 Macro: 0.2585, Test F1 Micro: 0.3441, Test RMSE: 1.6495

Epoch [4/20], Time: 3.49s, 
Train Loss: 1.3831, Train Acc: 0.4261, Train F1 Macro: 0.3294, Train F1 Micro: 0.3752, Train RMSE: 1.5592, 
Val Loss: 1.5071, Val Acc: 0.3674, Val F1 Macro: 0.2973, Val F1 Micro: 0.3621, Val RMSE: 1.5936, 
Test Loss: 1.4991, Test Acc: 0.3641, Test F1 Macro: 0.2804, Test F1 Micro: 0.3491, Test RMSE: 1.6230

Epoch [5/20], Time: 3.49s, 
Train Loss: 1.2785, Train Acc: 0.4770, Train F1 Macro: 0.3560, Train F1 Micro: 0.3955, Train RMSE: 1.5204, 
Val Loss: 1.5410, Val Acc: 0.3700, Val F1 Macro: 0.3066, Val F1 Micro: 0.3637, Val RMSE: 1.5838, 
Test Loss: 1.5328, Test Acc: 0.3515, Test F1 Macro: 0.2869, Test F1 Micro: 0.3496, Test RMSE: 1.6162

Epoch [6/20], Time: 3.50s, 
Train Loss: 1.1658, Train Acc: 0.5362, Train F1 Macro: 0.3845, Train F1 Micro: 0.4190, Train RMSE: 1.4799, 
Val Loss: 1.6095, Val Acc: 0.3365, Val F1 Macro: 0.3097, Val F1 Micro: 0.3592, Val RMSE: 1.6092, 
Test Loss: 1.5985, Test Acc: 0.3402, Test F1 Macro: 0.2936, Test F1 Micro: 0.3480, Test RMSE: 1.6378

Epoch [7/20], Time: 3.65s, 
Train Loss: 1.0191, Train Acc: 0.6010, Train F1 Macro: 0.4152, Train F1 Micro: 0.4450, Train RMSE: 1.4388, 
Val Loss: 1.7019, Val Acc: 0.3509, Val F1 Macro: 0.3159, Val F1 Micro: 0.3580, Val RMSE: 1.6045, 
Test Loss: 1.6988, Test Acc: 0.3423, Test F1 Macro: 0.2995, Test F1 Micro: 0.3472, Test RMSE: 1.6349

Epoch [8/20], Time: 3.55s, 
Train Loss: 0.8643, Train Acc: 0.6642, Train F1 Macro: 0.4468, Train F1 Micro: 0.4724, Train RMSE: 1.3932, 
Val Loss: 1.8425, Val Acc: 0.3496, Val F1 Macro: 0.3176, Val F1 Micro: 0.3569, Val RMSE: 1.6101, 
Test Loss: 1.8301, Test Acc: 0.3341, Test F1 Macro: 0.3002, Test F1 Micro: 0.3455, Test RMSE: 1.6403

Epoch [9/20], Time: 3.54s, 
Train Loss: 0.7176, Train Acc: 0.7299, Train F1 Macro: 0.4789, Train F1 Micro: 0.5010, Train RMSE: 1.3481, 
Val Loss: 2.0330, Val Acc: 0.3383, Val F1 Macro: 0.3170, Val F1 Micro: 0.3549, Val RMSE: 1.6144, 
Test Loss: 2.0309, Test Acc: 0.3297, Test F1 Macro: 0.2995, Test F1 Micro: 0.3438, Test RMSE: 1.6431

Epoch [10/20], Time: 3.56s, 
Train Loss: 0.6011, Train Acc: 0.7746, Train F1 Macro: 0.5090, Train F1 Micro: 0.5284, Train RMSE: 1.3056, 
Val Loss: 2.2528, Val Acc: 0.3326, Val F1 Macro: 0.3167, Val F1 Micro: 0.3526, Val RMSE: 1.6169, 
Test Loss: 2.2462, Test Acc: 0.3227, Test F1 Macro: 0.2990, Test F1 Micro: 0.3417, Test RMSE: 1.6468

Epoch [11/20], Time: 3.55s, 
Train Loss: 0.4979, Train Acc: 0.8175, Train F1 Macro: 0.5376, Train F1 Micro: 0.5546, Train RMSE: 1.2648, 
Val Loss: 2.5406, Val Acc: 0.3461, Val F1 Macro: 0.3175, Val F1 Micro: 0.3520, Val RMSE: 1.6153, 
Test Loss: 2.5231, Test Acc: 0.3367, Test F1 Macro: 0.2998, Test F1 Micro: 0.3412, Test RMSE: 1.6455

Epoch [12/20], Time: 3.73s, 
Train Loss: 0.4270, Train Acc: 0.8469, Train F1 Macro: 0.5640, Train F1 Micro: 0.5790, Train RMSE: 1.2269, 
Val Loss: 2.7313, Val Acc: 0.3357, Val F1 Macro: 0.3177, Val F1 Micro: 0.3507, Val RMSE: 1.6149, 
Test Loss: 2.7115, Test Acc: 0.3214, Test F1 Macro: 0.2991, Test F1 Micro: 0.3396, Test RMSE: 1.6464

Epoch [13/20], Time: 3.61s, 
Train Loss: 0.3738, Train Acc: 0.8641, Train F1 Macro: 0.5875, Train F1 Micro: 0.6009, Train RMSE: 1.1920, 
Val Loss: 2.9541, Val Acc: 0.3409, Val F1 Macro: 0.3179, Val F1 Micro: 0.3499, Val RMSE: 1.6133, 
Test Loss: 2.9489, Test Acc: 0.3210, Test F1 Macro: 0.2985, Test F1 Micro: 0.3381, Test RMSE: 1.6463

Epoch [14/20], Time: 3.60s, 
Train Loss: 0.3227, Train Acc: 0.8842, Train F1 Macro: 0.6091, Train F1 Micro: 0.6212, Train RMSE: 1.1600, 
Val Loss: 3.1483, Val Acc: 0.3322, Val F1 Macro: 0.3168, Val F1 Micro: 0.3487, Val RMSE: 1.6177, 
Test Loss: 3.0970, Test Acc: 0.3275, Test F1 Macro: 0.2982, Test F1 Micro: 0.3374, Test RMSE: 1.6511

Epoch [15/20], Time: 3.64s, 
Train Loss: 0.2819, Train Acc: 0.9002, Train F1 Macro: 0.6288, Train F1 Micro: 0.6398, Train RMSE: 1.1299, 
Val Loss: 3.3263, Val Acc: 0.3361, Val F1 Macro: 0.3166, Val F1 Micro: 0.3478, Val RMSE: 1.6195, 
Test Loss: 3.3435, Test Acc: 0.3249, Test F1 Macro: 0.2977, Test F1 Micro: 0.3366, Test RMSE: 1.6539

Epoch [16/20], Time: 3.63s, 
Train Loss: 0.2698, Train Acc: 0.9053, Train F1 Macro: 0.6464, Train F1 Micro: 0.6564, Train RMSE: 1.1024, 
Val Loss: 3.5028, Val Acc: 0.3439, Val F1 Macro: 0.3169, Val F1 Micro: 0.3476, Val RMSE: 1.6215, 
Test Loss: 3.4797, Test Acc: 0.3136, Test F1 Macro: 0.2969, Test F1 Micro: 0.3351, Test RMSE: 1.6571

Epoch [17/20], Time: 3.90s, 
Train Loss: 0.2545, Train Acc: 0.9118, Train F1 Macro: 0.6622, Train F1 Micro: 0.6714, Train RMSE: 1.0772, 
Val Loss: 3.5657, Val Acc: 0.3230, Val F1 Macro: 0.3159, Val F1 Micro: 0.3461, Val RMSE: 1.6259, 
Test Loss: 3.5745, Test Acc: 0.3079, Test F1 Macro: 0.2958, Test F1 Micro: 0.3335, Test RMSE: 1.6625

Epoch [18/20], Time: 3.69s, 
Train Loss: 0.2251, Train Acc: 0.9198, Train F1 Macro: 0.6767, Train F1 Micro: 0.6852, Train RMSE: 1.0540, 
Val Loss: 3.7593, Val Acc: 0.3317, Val F1 Macro: 0.3159, Val F1 Micro: 0.3453, Val RMSE: 1.6286, 
Test Loss: 3.7437, Test Acc: 0.3105, Test F1 Macro: 0.2955, Test F1 Micro: 0.3322, Test RMSE: 1.6645

Epoch [19/20], Time: 3.67s, 
Train Loss: 0.2010, Train Acc: 0.9312, Train F1 Macro: 0.6902, Train F1 Micro: 0.6981, Train RMSE: 1.0317, 
Val Loss: 3.9323, Val Acc: 0.3370, Val F1 Macro: 0.3157, Val F1 Micro: 0.3449, Val RMSE: 1.6308, 
Test Loss: 3.9698, Test Acc: 0.3227, Test F1 Macro: 0.2952, Test F1 Micro: 0.3317, Test RMSE: 1.6667

Epoch [20/20], Time: 3.72s, 
Train Loss: 0.1772, Train Acc: 0.9374, Train F1 Macro: 0.7027, Train F1 Micro: 0.7101, Train RMSE: 1.0108, 
Val Loss: 4.3145, Val Acc: 0.3400, Val F1 Macro: 0.3154, Val F1 Micro: 0.3446, Val RMSE: 1.6302, 
Test Loss: 4.2967, Test Acc: 0.3271, Test F1 Macro: 0.2948, Test F1 Micro: 0.3315, Test RMSE: 1.6671

Total Training Time: 72.48s

Test Loss: 1.4993, Test Acc: 0.3541, Test F1 Macro: 0.2896, Test F1 Micro: 0.3541, Test RMSE: 1.6357
===== SEED 123 =====
PyTorch Version : 2.11.0+cu128
cuda
2.9.justification.pt
***** Best Result Updated at Epoch 1, Val Loss: 1.5371 *****
Epoch [1/20], Time: 3.89s, 
Train Loss: 1.5897, Train Acc: 0.3172, Train F1 Macro: 0.2483, Train F1 Micro: 0.3172, Train RMSE: 1.7087, 
Val Loss: 1.5371, Val Acc: 0.3413, Val F1 Macro: 0.2962, Val F1 Micro: 0.3413, Val RMSE: 1.8283, 
Test Loss: 1.5294, Test Acc: 0.3436, Test F1 Macro: 0.2852, Test F1 Micro: 0.3436, Test RMSE: 1.7859

***** Best Result Updated at Epoch 2, Val Loss: 1.5079 *****
Epoch [2/20], Time: 3.58s, 
Train Loss: 1.5087, Train Acc: 0.3597, Train F1 Macro: 0.2764, Train F1 Micro: 0.3384, Train RMSE: 1.6561, 
Val Loss: 1.5079, Val Acc: 0.3683, Val F1 Macro: 0.3031, Val F1 Micro: 0.3548, Val RMSE: 1.7496, 
Test Loss: 1.5073, Test Acc: 0.3463, Test F1 Macro: 0.2865, Test F1 Micro: 0.3449, Test RMSE: 1.7425

Epoch [3/20], Time: 3.47s, 
Train Loss: 1.4565, Train Acc: 0.3846, Train F1 Macro: 0.2978, Train F1 Micro: 0.3538, Train RMSE: 1.6188, 
Val Loss: 1.5100, Val Acc: 0.3700, Val F1 Macro: 0.3142, Val F1 Micro: 0.3599, Val RMSE: 1.7108, 
Test Loss: 1.5025, Test Acc: 0.3471, Test F1 Macro: 0.2954, Test F1 Micro: 0.3457, Test RMSE: 1.7084

Epoch [4/20], Time: 3.47s, 
Train Loss: 1.3883, Train Acc: 0.4204, Train F1 Macro: 0.3199, Train F1 Micro: 0.3705, Train RMSE: 1.5818, 
Val Loss: 1.5175, Val Acc: 0.3805, Val F1 Macro: 0.3207, Val F1 Micro: 0.3650, Val RMSE: 1.6726, 
Test Loss: 1.5109, Test Acc: 0.3720, Test F1 Macro: 0.3036, Test F1 Micro: 0.3522, Test RMSE: 1.6820

Epoch [5/20], Time: 3.49s, 
Train Loss: 1.2923, Train Acc: 0.4742, Train F1 Macro: 0.3465, Train F1 Micro: 0.3912, Train RMSE: 1.5408, 
Val Loss: 1.5406, Val Acc: 0.3687, Val F1 Macro: 0.3226, Val F1 Micro: 0.3658, Val RMSE: 1.6449, 
Test Loss: 1.5193, Test Acc: 0.3667, Test F1 Macro: 0.3074, Test F1 Micro: 0.3551, Test RMSE: 1.6559

Epoch [6/20], Time: 3.50s, 
Train Loss: 1.1725, Train Acc: 0.5284, Train F1 Macro: 0.3744, Train F1 Micro: 0.4141, Train RMSE: 1.4996, 
Val Loss: 1.5965, Val Acc: 0.3570, Val F1 Macro: 0.3235, Val F1 Micro: 0.3643, Val RMSE: 1.6419, 
Test Loss: 1.5704, Test Acc: 0.3637, Test F1 Macro: 0.3115, Test F1 Micro: 0.3566, Test RMSE: 1.6497

Epoch [7/20], Time: 3.65s, 
Train Loss: 1.0179, Train Acc: 0.6037, Train F1 Macro: 0.4064, Train F1 Micro: 0.4412, Train RMSE: 1.4526, 
Val Loss: 1.7226, Val Acc: 0.3492, Val F1 Macro: 0.3234, Val F1 Micro: 0.3621, Val RMSE: 1.6327, 
Test Loss: 1.6815, Test Acc: 0.3576, Test F1 Macro: 0.3132, Test F1 Micro: 0.3567, Test RMSE: 1.6412

Epoch [8/20], Time: 3.52s, 
Train Loss: 0.8767, Train Acc: 0.6595, Train F1 Macro: 0.4377, Train F1 Micro: 0.4685, Train RMSE: 1.4058, 
Val Loss: 1.8362, Val Acc: 0.3348, Val F1 Macro: 0.3217, Val F1 Micro: 0.3587, Val RMSE: 1.6368, 
Test Loss: 1.7832, Test Acc: 0.3497, Test F1 Macro: 0.3142, Test F1 Micro: 0.3558, Test RMSE: 1.6417

Epoch [9/20], Time: 3.55s, 
Train Loss: 0.7479, Train Acc: 0.7157, Train F1 Macro: 0.4688, Train F1 Micro: 0.4959, Train RMSE: 1.3595, 
Val Loss: 2.0285, Val Acc: 0.3478, Val F1 Macro: 0.3202, Val F1 Micro: 0.3575, Val RMSE: 1.6411, 
Test Loss: 1.9599, Test Acc: 0.3654, Test F1 Macro: 0.3151, Test F1 Micro: 0.3569, Test RMSE: 1.6410

Epoch [10/20], Time: 3.56s, 
Train Loss: 0.6327, Train Acc: 0.7644, Train F1 Macro: 0.4986, Train F1 Micro: 0.5228, Train RMSE: 1.3155, 
Val Loss: 2.2516, Val Acc: 0.3326, Val F1 Macro: 0.3199, Val F1 Micro: 0.3550, Val RMSE: 1.6375, 
Test Loss: 2.1838, Test Acc: 0.3293, Test F1 Macro: 0.3150, Test F1 Micro: 0.3541, Test RMSE: 1.6378

Epoch [11/20], Time: 3.61s, 
Train Loss: 0.5319, Train Acc: 0.8031, Train F1 Macro: 0.5267, Train F1 Micro: 0.5483, Train RMSE: 1.2751, 
Val Loss: 2.4861, Val Acc: 0.3383, Val F1 Macro: 0.3187, Val F1 Micro: 0.3535, Val RMSE: 1.6426, 
Test Loss: 2.3795, Test Acc: 0.3354, Test F1 Macro: 0.3133, Test F1 Micro: 0.3524, Test RMSE: 1.6392

Epoch [12/20], Time: 3.75s, 
Train Loss: 0.4701, Train Acc: 0.8294, Train F1 Macro: 0.5523, Train F1 Micro: 0.5717, Train RMSE: 1.2378, 
Val Loss: 2.8027, Val Acc: 0.3343, Val F1 Macro: 0.3178, Val F1 Micro: 0.3519, Val RMSE: 1.6410, 
Test Loss: 2.6612, Test Acc: 0.3306, Test F1 Macro: 0.3122, Test F1 Micro: 0.3506, Test RMSE: 1.6345

Epoch [13/20], Time: 3.59s, 
Train Loss: 0.4083, Train Acc: 0.8509, Train F1 Macro: 0.5757, Train F1 Micro: 0.5932, Train RMSE: 1.2035, 
Val Loss: 2.8664, Val Acc: 0.3304, Val F1 Macro: 0.3173, Val F1 Micro: 0.3503, Val RMSE: 1.6456, 
Test Loss: 2.7607, Test Acc: 0.3236, Test F1 Macro: 0.3112, Test F1 Micro: 0.3485, Test RMSE: 1.6374

Epoch [14/20], Time: 3.60s, 
Train Loss: 0.3291, Train Acc: 0.8809, Train F1 Macro: 0.5979, Train F1 Micro: 0.6137, Train RMSE: 1.1698, 
Val Loss: 3.1741, Val Acc: 0.3287, Val F1 Macro: 0.3165, Val F1 Micro: 0.3487, Val RMSE: 1.6473, 
Test Loss: 3.0254, Test Acc: 0.3288, Test F1 Macro: 0.3105, Test F1 Micro: 0.3471, Test RMSE: 1.6376

Epoch [15/20], Time: 3.64s, 
Train Loss: 0.3025, Train Acc: 0.8924, Train F1 Macro: 0.6178, Train F1 Micro: 0.6323, Train RMSE: 1.1394, 
Val Loss: 3.3010, Val Acc: 0.3239, Val F1 Macro: 0.3157, Val F1 Micro: 0.3471, Val RMSE: 1.6491, 
Test Loss: 3.1701, Test Acc: 0.3227, Test F1 Macro: 0.3098, Test F1 Micro: 0.3455, Test RMSE: 1.6367

Epoch [16/20], Time: 3.64s, 
Train Loss: 0.2790, Train Acc: 0.9006, Train F1 Macro: 0.6357, Train F1 Micro: 0.6491, Train RMSE: 1.1116, 
Val Loss: 3.5259, Val Acc: 0.3374, Val F1 Macro: 0.3156, Val F1 Micro: 0.3465, Val RMSE: 1.6490, 
Test Loss: 3.3975, Test Acc: 0.3267, Test F1 Macro: 0.3092, Test F1 Micro: 0.3443, Test RMSE: 1.6342

Epoch [17/20], Time: 3.86s, 
Train Loss: 0.2528, Train Acc: 0.9120, Train F1 Macro: 0.6522, Train F1 Micro: 0.6645, Train RMSE: 1.0860, 
Val Loss: 3.6909, Val Acc: 0.3217, Val F1 Macro: 0.3148, Val F1 Micro: 0.3450, Val RMSE: 1.6507, 
Test Loss: 3.5492, Test Acc: 0.3210, Test F1 Macro: 0.3086, Test F1 Micro: 0.3429, Test RMSE: 1.6333

Epoch [18/20], Time: 3.77s, 
Train Loss: 0.2299, Train Acc: 0.9192, Train F1 Macro: 0.6672, Train F1 Micro: 0.6787, Train RMSE: 1.0620, 
Val Loss: 3.9014, Val Acc: 0.3357, Val F1 Macro: 0.3140, Val F1 Micro: 0.3445, Val RMSE: 1.6520, 
Test Loss: 3.8269, Test Acc: 0.3258, Test F1 Macro: 0.3076, Test F1 Micro: 0.3420, Test RMSE: 1.6348

Epoch [19/20], Time: 3.70s, 
Train Loss: 0.2154, Train Acc: 0.9266, Train F1 Macro: 0.6810, Train F1 Micro: 0.6917, Train RMSE: 1.0394, 
Val Loss: 4.0987, Val Acc: 0.3174, Val F1 Macro: 0.3129, Val F1 Micro: 0.3431, Val RMSE: 1.6529, 
Test Loss: 3.9415, Test Acc: 0.3354, Test F1 Macro: 0.3075, Test F1 Micro: 0.3416, Test RMSE: 1.6346

Epoch [20/20], Time: 3.70s, 
Train Loss: 0.2151, Train Acc: 0.9253, Train F1 Macro: 0.6933, Train F1 Micro: 0.7034, Train RMSE: 1.0194, 
Val Loss: 4.2248, Val Acc: 0.3304, Val F1 Macro: 0.3123, Val F1 Micro: 0.3424, Val RMSE: 1.6543, 
Test Loss: 4.1223, Test Acc: 0.3206, Test F1 Macro: 0.3064, Test F1 Micro: 0.3406, Test RMSE: 1.6366

Total Training Time: 72.56s

Test Loss: 1.5073, Test Acc: 0.3463, Test F1 Macro: 0.2674, Test F1 Micro: 0.3463, Test RMSE: 1.6980
