===== SEED 42 =====
PyTorch Version : 2.11.0+cu128
cuda
3.5.description.pt
***** Best Result Updated at Epoch 1, Val Loss: 1.5517 *****
Epoch [1/20], Time: 2.90s, 
Train Loss: 1.6185, Train Acc: 0.3070, Train F1 Macro: 0.2449, Train F1 Micro: 0.3070, Train RMSE: 1.7423, 
Val Loss: 1.5517, Val Acc: 0.3531, Val F1 Macro: 0.2647, Val F1 Micro: 0.3531, Val RMSE: 1.6025, 
Test Loss: 1.5336, Test Acc: 0.3441, Test F1 Macro: 0.2459, Test F1 Micro: 0.3441, Test RMSE: 1.5641

***** Best Result Updated at Epoch 2, Val Loss: 1.5298 *****
Epoch [2/20], Time: 2.57s, 
Train Loss: 1.5238, Train Acc: 0.3543, Train F1 Macro: 0.2722, Train F1 Micro: 0.3307, Train RMSE: 1.6785, 
Val Loss: 1.5298, Val Acc: 0.3570, Val F1 Macro: 0.2857, Val F1 Micro: 0.3550, Val RMSE: 1.6376, 
Test Loss: 1.5196, Test Acc: 0.3380, Test F1 Macro: 0.2624, Test F1 Micro: 0.3410, Test RMSE: 1.6247

***** Best Result Updated at Epoch 3, Val Loss: 1.5253 *****
Epoch [3/20], Time: 2.47s, 
Train Loss: 1.4693, Train Acc: 0.3836, Train F1 Macro: 0.2966, Train F1 Micro: 0.3483, Train RMSE: 1.6367, 
Val Loss: 1.5253, Val Acc: 0.3644, Val F1 Macro: 0.2888, Val F1 Micro: 0.3581, Val RMSE: 1.6275, 
Test Loss: 1.5074, Test Acc: 0.3637, Test F1 Macro: 0.2730, Test F1 Micro: 0.3486, Test RMSE: 1.6237

Epoch [4/20], Time: 2.44s, 
Train Loss: 1.3914, Train Acc: 0.4230, Train F1 Macro: 0.3206, Train F1 Micro: 0.3670, Train RMSE: 1.5978, 
Val Loss: 1.5452, Val Acc: 0.3574, Val F1 Macro: 0.2937, Val F1 Micro: 0.3580, Val RMSE: 1.5994, 
Test Loss: 1.5300, Test Acc: 0.3550, Test F1 Macro: 0.2778, Test F1 Micro: 0.3502, Test RMSE: 1.5933

Epoch [5/20], Time: 2.49s, 
Train Loss: 1.2919, Train Acc: 0.4735, Train F1 Macro: 0.3475, Train F1 Micro: 0.3883, Train RMSE: 1.5570, 
Val Loss: 1.5660, Val Acc: 0.3343, Val F1 Macro: 0.2969, Val F1 Micro: 0.3532, Val RMSE: 1.5953, 
Test Loss: 1.5512, Test Acc: 0.3362, Test F1 Macro: 0.2831, Test F1 Micro: 0.3474, Test RMSE: 1.5849

Epoch [6/20], Time: 2.47s, 
Train Loss: 1.1542, Train Acc: 0.5401, Train F1 Macro: 0.3783, Train F1 Micro: 0.4136, Train RMSE: 1.5102, 
Val Loss: 1.6479, Val Acc: 0.3431, Val F1 Macro: 0.2972, Val F1 Micro: 0.3515, Val RMSE: 1.6085, 
Test Loss: 1.6301, Test Acc: 0.3428, Test F1 Macro: 0.2842, Test F1 Micro: 0.3466, Test RMSE: 1.5976

Epoch [7/20], Time: 2.61s, 
Train Loss: 1.0177, Train Acc: 0.6060, Train F1 Macro: 0.4104, Train F1 Micro: 0.4411, Train RMSE: 1.4618, 
Val Loss: 1.7741, Val Acc: 0.3404, Val F1 Macro: 0.2976, Val F1 Micro: 0.3500, Val RMSE: 1.6089, 
Test Loss: 1.7523, Test Acc: 0.3423, Test F1 Macro: 0.2859, Test F1 Micro: 0.3460, Test RMSE: 1.6000

Epoch [8/20], Time: 2.50s, 
Train Loss: 0.8682, Train Acc: 0.6607, Train F1 Macro: 0.4418, Train F1 Micro: 0.4685, Train RMSE: 1.4149, 
Val Loss: 1.9025, Val Acc: 0.3278, Val F1 Macro: 0.2988, Val F1 Micro: 0.3472, Val RMSE: 1.6116, 
Test Loss: 1.8752, Test Acc: 0.3345, Test F1 Macro: 0.2887, Test F1 Micro: 0.3446, Test RMSE: 1.6019

Epoch [9/20], Time: 2.51s, 
Train Loss: 0.7369, Train Acc: 0.7142, Train F1 Macro: 0.4724, Train F1 Micro: 0.4958, Train RMSE: 1.3689, 
Val Loss: 2.0894, Val Acc: 0.3204, Val F1 Macro: 0.2977, Val F1 Micro: 0.3442, Val RMSE: 1.6166, 
Test Loss: 2.0518, Test Acc: 0.3280, Test F1 Macro: 0.2897, Test F1 Micro: 0.3427, Test RMSE: 1.6069

Epoch [10/20], Time: 2.53s, 
Train Loss: 0.6360, Train Acc: 0.7585, Train F1 Macro: 0.5015, Train F1 Micro: 0.5221, Train RMSE: 1.3267, 
Val Loss: 2.3385, Val Acc: 0.3261, Val F1 Macro: 0.2956, Val F1 Micro: 0.3424, Val RMSE: 1.6210, 
Test Loss: 2.2954, Test Acc: 0.3393, Test F1 Macro: 0.2890, Test F1 Micro: 0.3424, Test RMSE: 1.6112

Epoch [11/20], Time: 2.56s, 
Train Loss: 0.5461, Train Acc: 0.7939, Train F1 Macro: 0.5285, Train F1 Micro: 0.5468, Train RMSE: 1.2867, 
Val Loss: 2.5418, Val Acc: 0.3226, Val F1 Macro: 0.2956, Val F1 Micro: 0.3406, Val RMSE: 1.6216, 
Test Loss: 2.4692, Test Acc: 0.3258, Test F1 Macro: 0.2892, Test F1 Micro: 0.3409, Test RMSE: 1.6119

Epoch [12/20], Time: 2.70s, 
Train Loss: 0.4799, Train Acc: 0.8232, Train F1 Macro: 0.5534, Train F1 Micro: 0.5698, Train RMSE: 1.2495, 
Val Loss: 2.6614, Val Acc: 0.3213, Val F1 Macro: 0.2950, Val F1 Micro: 0.3390, Val RMSE: 1.6251, 
Test Loss: 2.6220, Test Acc: 0.3267, Test F1 Macro: 0.2891, Test F1 Micro: 0.3397, Test RMSE: 1.6127

Epoch [13/20], Time: 2.58s, 
Train Loss: 0.4281, Train Acc: 0.8461, Train F1 Macro: 0.5762, Train F1 Micro: 0.5911, Train RMSE: 1.2149, 
Val Loss: 2.8843, Val Acc: 0.3322, Val F1 Macro: 0.2950, Val F1 Micro: 0.3385, Val RMSE: 1.6300, 
Test Loss: 2.8590, Test Acc: 0.3319, Test F1 Macro: 0.2889, Test F1 Micro: 0.3391, Test RMSE: 1.6165

Epoch [14/20], Time: 2.62s, 
Train Loss: 0.3713, Train Acc: 0.8638, Train F1 Macro: 0.5970, Train F1 Micro: 0.6106, Train RMSE: 1.1821, 
Val Loss: 3.1670, Val Acc: 0.3095, Val F1 Macro: 0.2936, Val F1 Micro: 0.3364, Val RMSE: 1.6333, 
Test Loss: 3.0896, Test Acc: 0.3306, Test F1 Macro: 0.2889, Test F1 Micro: 0.3385, Test RMSE: 1.6183

Epoch [15/20], Time: 2.61s, 
Train Loss: 0.3379, Train Acc: 0.8790, Train F1 Macro: 0.6160, Train F1 Micro: 0.6285, Train RMSE: 1.1523, 
Val Loss: 3.3509, Val Acc: 0.3209, Val F1 Macro: 0.2929, Val F1 Micro: 0.3354, Val RMSE: 1.6366, 
Test Loss: 3.3514, Test Acc: 0.3223, Test F1 Macro: 0.2881, Test F1 Micro: 0.3374, Test RMSE: 1.6220

Epoch [16/20], Time: 2.62s, 
Train Loss: 0.3225, Train Acc: 0.8855, Train F1 Macro: 0.6330, Train F1 Micro: 0.6445, Train RMSE: 1.1258, 
Val Loss: 3.4619, Val Acc: 0.3169, Val F1 Macro: 0.2929, Val F1 Micro: 0.3342, Val RMSE: 1.6393, 
Test Loss: 3.4136, Test Acc: 0.3193, Test F1 Macro: 0.2883, Test F1 Micro: 0.3363, Test RMSE: 1.6233

Epoch [17/20], Time: 2.67s, 
Train Loss: 0.2740, Train Acc: 0.9012, Train F1 Macro: 0.6489, Train F1 Micro: 0.6596, Train RMSE: 1.1004, 
Val Loss: 3.6501, Val Acc: 0.3187, Val F1 Macro: 0.2931, Val F1 Micro: 0.3333, Val RMSE: 1.6427, 
Test Loss: 3.6158, Test Acc: 0.3206, Test F1 Macro: 0.2887, Test F1 Micro: 0.3353, Test RMSE: 1.6272

Epoch [18/20], Time: 2.94s, 
Train Loss: 0.2573, Train Acc: 0.9084, Train F1 Macro: 0.6635, Train F1 Micro: 0.6735, Train RMSE: 1.0768, 
Val Loss: 3.7910, Val Acc: 0.3235, Val F1 Macro: 0.2930, Val F1 Micro: 0.3328, Val RMSE: 1.6443, 
Test Loss: 3.7434, Test Acc: 0.3227, Test F1 Macro: 0.2887, Test F1 Micro: 0.3346, Test RMSE: 1.6290

Epoch [19/20], Time: 2.67s, 
Train Loss: 0.2351, Train Acc: 0.9174, Train F1 Macro: 0.6770, Train F1 Micro: 0.6863, Train RMSE: 1.0546, 
Val Loss: 4.0565, Val Acc: 0.3261, Val F1 Macro: 0.2928, Val F1 Micro: 0.3324, Val RMSE: 1.6470, 
Test Loss: 4.0139, Test Acc: 0.3188, Test F1 Macro: 0.2880, Test F1 Micro: 0.3338, Test RMSE: 1.6315

Epoch [20/20], Time: 2.69s, 
Train Loss: 0.2509, Train Acc: 0.9137, Train F1 Macro: 0.6889, Train F1 Micro: 0.6977, Train RMSE: 1.0347, 
Val Loss: 4.0552, Val Acc: 0.3274, Val F1 Macro: 0.2928, Val F1 Micro: 0.3322, Val RMSE: 1.6498, 
Test Loss: 4.0446, Test Acc: 0.3271, Test F1 Macro: 0.2882, Test F1 Micro: 0.3335, Test RMSE: 1.6330

Total Training Time: 52.18s

Test Loss: 1.5074, Test Acc: 0.3637, Test F1 Macro: 0.2831, Test F1 Micro: 0.3637, Test RMSE: 1.6215
===== SEED 7 =====
PyTorch Version : 2.11.0+cu128
cuda
3.5.description.pt
***** Best Result Updated at Epoch 1, Val Loss: 1.5540 *****
Epoch [1/20], Time: 2.99s, 
Train Loss: 1.6269, Train Acc: 0.3050, Train F1 Macro: 0.2341, Train F1 Micro: 0.3050, Train RMSE: 1.7562, 
Val Loss: 1.5540, Val Acc: 0.3370, Val F1 Macro: 0.2339, Val F1 Micro: 0.3370, Val RMSE: 1.5805, 
Test Loss: 1.5422, Test Acc: 0.3375, Test F1 Macro: 0.2247, Test F1 Micro: 0.3375, Test RMSE: 1.5677

***** Best Result Updated at Epoch 2, Val Loss: 1.5478 *****
Epoch [2/20], Time: 2.67s, 
Train Loss: 1.5296, Train Acc: 0.3546, Train F1 Macro: 0.2649, Train F1 Micro: 0.3298, Train RMSE: 1.6833, 
Val Loss: 1.5478, Val Acc: 0.3426, Val F1 Macro: 0.2730, Val F1 Micro: 0.3398, Val RMSE: 1.6839, 
Test Loss: 1.5303, Test Acc: 0.3428, Test F1 Macro: 0.2664, Test F1 Micro: 0.3402, Test RMSE: 1.6826

***** Best Result Updated at Epoch 3, Val Loss: 1.5319 *****
Epoch [3/20], Time: 2.57s, 
Train Loss: 1.4673, Train Acc: 0.3868, Train F1 Macro: 0.2911, Train F1 Micro: 0.3488, Train RMSE: 1.6387, 
Val Loss: 1.5319, Val Acc: 0.3635, Val F1 Macro: 0.2869, Val F1 Micro: 0.3477, Val RMSE: 1.6702, 
Test Loss: 1.5179, Test Acc: 0.3402, Test F1 Macro: 0.2729, Test F1 Micro: 0.3402, Test RMSE: 1.6654

Epoch [4/20], Time: 2.56s, 
Train Loss: 1.3901, Train Acc: 0.4287, Train F1 Macro: 0.3178, Train F1 Micro: 0.3688, Train RMSE: 1.5979, 
Val Loss: 1.5521, Val Acc: 0.3431, Val F1 Macro: 0.2951, Val F1 Micro: 0.3465, Val RMSE: 1.6227, 
Test Loss: 1.5318, Test Acc: 0.3567, Test F1 Macro: 0.2861, Test F1 Micro: 0.3443, Test RMSE: 1.6175

Epoch [5/20], Time: 2.58s, 
Train Loss: 1.2819, Train Acc: 0.4878, Train F1 Macro: 0.3477, Train F1 Micro: 0.3926, Train RMSE: 1.5560, 
Val Loss: 1.6097, Val Acc: 0.3618, Val F1 Macro: 0.3022, Val F1 Micro: 0.3496, Val RMSE: 1.6082, 
Test Loss: 1.5901, Test Acc: 0.3463, Test F1 Macro: 0.2905, Test F1 Micro: 0.3447, Test RMSE: 1.6063

Epoch [6/20], Time: 2.64s, 
Train Loss: 1.1563, Train Acc: 0.5475, Train F1 Macro: 0.3792, Train F1 Micro: 0.4184, Train RMSE: 1.5147, 
Val Loss: 1.6602, Val Acc: 0.3361, Val F1 Macro: 0.3031, Val F1 Micro: 0.3473, Val RMSE: 1.6023, 
Test Loss: 1.6294, Test Acc: 0.3423, Test F1 Macro: 0.2936, Test F1 Micro: 0.3443, Test RMSE: 1.6075

Epoch [7/20], Time: 2.73s, 
Train Loss: 0.9925, Train Acc: 0.6181, Train F1 Macro: 0.4124, Train F1 Micro: 0.4469, Train RMSE: 1.4693, 
Val Loss: 1.7672, Val Acc: 0.3304, Val F1 Macro: 0.3048, Val F1 Micro: 0.3449, Val RMSE: 1.6242, 
Test Loss: 1.7357, Test Acc: 0.3402, Test F1 Macro: 0.2983, Test F1 Micro: 0.3437, Test RMSE: 1.6295

Epoch [8/20], Time: 2.62s, 
Train Loss: 0.8493, Train Acc: 0.6817, Train F1 Macro: 0.4457, Train F1 Micro: 0.4763, Train RMSE: 1.4240, 
Val Loss: 1.9247, Val Acc: 0.3304, Val F1 Macro: 0.3034, Val F1 Micro: 0.3431, Val RMSE: 1.6289, 
Test Loss: 1.9074, Test Acc: 0.3375, Test F1 Macro: 0.2982, Test F1 Micro: 0.3429, Test RMSE: 1.6374

Epoch [9/20], Time: 2.64s, 
Train Loss: 0.7207, Train Acc: 0.7298, Train F1 Macro: 0.4773, Train F1 Micro: 0.5045, Train RMSE: 1.3807, 
Val Loss: 2.1142, Val Acc: 0.3474, Val F1 Macro: 0.3045, Val F1 Micro: 0.3436, Val RMSE: 1.6276, 
Test Loss: 2.0788, Test Acc: 0.3454, Test F1 Macro: 0.2996, Test F1 Micro: 0.3432, Test RMSE: 1.6378

Epoch [10/20], Time: 2.64s, 
Train Loss: 0.6019, Train Acc: 0.7797, Train F1 Macro: 0.5077, Train F1 Micro: 0.5320, Train RMSE: 1.3373, 
Val Loss: 2.3140, Val Acc: 0.3352, Val F1 Macro: 0.3033, Val F1 Micro: 0.3428, Val RMSE: 1.6272, 
Test Loss: 2.2772, Test Acc: 0.3510, Test F1 Macro: 0.3006, Test F1 Micro: 0.3440, Test RMSE: 1.6385

Epoch [11/20], Time: 2.67s, 
Train Loss: 0.5112, Train Acc: 0.8144, Train F1 Macro: 0.5359, Train F1 Micro: 0.5577, Train RMSE: 1.2980, 
Val Loss: 2.5015, Val Acc: 0.3209, Val F1 Macro: 0.3023, Val F1 Micro: 0.3408, Val RMSE: 1.6270, 
Test Loss: 2.4555, Test Acc: 0.3314, Test F1 Macro: 0.3010, Test F1 Micro: 0.3428, Test RMSE: 1.6359

Epoch [12/20], Time: 2.86s, 
Train Loss: 0.4392, Train Acc: 0.8394, Train F1 Macro: 0.5613, Train F1 Micro: 0.5811, Train RMSE: 1.2614, 
Val Loss: 2.7488, Val Acc: 0.3243, Val F1 Macro: 0.3013, Val F1 Micro: 0.3394, Val RMSE: 1.6303, 
Test Loss: 2.6866, Test Acc: 0.3432, Test F1 Macro: 0.3016, Test F1 Micro: 0.3429, Test RMSE: 1.6373

Epoch [13/20], Time: 2.72s, 
Train Loss: 0.3823, Train Acc: 0.8653, Train F1 Macro: 0.5850, Train F1 Micro: 0.6030, Train RMSE: 1.2267, 
Val Loss: 2.9878, Val Acc: 0.3226, Val F1 Macro: 0.3002, Val F1 Micro: 0.3381, Val RMSE: 1.6337, 
Test Loss: 2.8989, Test Acc: 0.3428, Test F1 Macro: 0.3024, Test F1 Micro: 0.3429, Test RMSE: 1.6391

Epoch [14/20], Time: 2.71s, 
Train Loss: 0.3655, Train Acc: 0.8725, Train F1 Macro: 0.6057, Train F1 Micro: 0.6222, Train RMSE: 1.1954, 
Val Loss: 3.1047, Val Acc: 0.3191, Val F1 Macro: 0.2994, Val F1 Micro: 0.3367, Val RMSE: 1.6396, 
Test Loss: 3.0234, Test Acc: 0.3332, Test F1 Macro: 0.3027, Test F1 Micro: 0.3422, Test RMSE: 1.6434

Epoch [15/20], Time: 2.73s, 
Train Loss: 0.3052, Train Acc: 0.8937, Train F1 Macro: 0.6251, Train F1 Micro: 0.6403, Train RMSE: 1.1652, 
Val Loss: 3.3049, Val Acc: 0.3130, Val F1 Macro: 0.2983, Val F1 Micro: 0.3352, Val RMSE: 1.6422, 
Test Loss: 3.1684, Test Acc: 0.3393, Test F1 Macro: 0.3032, Test F1 Micro: 0.3420, Test RMSE: 1.6444

Epoch [16/20], Time: 2.76s, 
Train Loss: 0.2664, Train Acc: 0.9067, Train F1 Macro: 0.6429, Train F1 Micro: 0.6570, Train RMSE: 1.1372, 
Val Loss: 3.5552, Val Acc: 0.3169, Val F1 Macro: 0.2975, Val F1 Micro: 0.3340, Val RMSE: 1.6414, 
Test Loss: 3.4673, Test Acc: 0.3306, Test F1 Macro: 0.3031, Test F1 Micro: 0.3413, Test RMSE: 1.6461

Epoch [17/20], Time: 2.93s, 
Train Loss: 0.2448, Train Acc: 0.9139, Train F1 Macro: 0.6590, Train F1 Micro: 0.6721, Train RMSE: 1.1114, 
Val Loss: 3.6539, Val Acc: 0.3169, Val F1 Macro: 0.2968, Val F1 Micro: 0.3330, Val RMSE: 1.6427, 
Test Loss: 3.5848, Test Acc: 0.3349, Test F1 Macro: 0.3033, Test F1 Micro: 0.3409, Test RMSE: 1.6486

Epoch [18/20], Time: 2.78s, 
Train Loss: 0.2312, Train Acc: 0.9211, Train F1 Macro: 0.6737, Train F1 Micro: 0.6859, Train RMSE: 1.0871, 
Val Loss: 3.8814, Val Acc: 0.3052, Val F1 Macro: 0.2964, Val F1 Micro: 0.3315, Val RMSE: 1.6435, 
Test Loss: 3.8382, Test Acc: 0.3280, Test F1 Macro: 0.3037, Test F1 Micro: 0.3402, Test RMSE: 1.6488

Epoch [19/20], Time: 2.80s, 
Train Loss: 0.2023, Train Acc: 0.9294, Train F1 Macro: 0.6872, Train F1 Micro: 0.6988, Train RMSE: 1.0642, 
Val Loss: 4.2105, Val Acc: 0.3252, Val F1 Macro: 0.2963, Val F1 Micro: 0.3311, Val RMSE: 1.6415, 
Test Loss: 4.0530, Test Acc: 0.3328, Test F1 Macro: 0.3035, Test F1 Micro: 0.3398, Test RMSE: 1.6486

Epoch [20/20], Time: 2.85s, 
Train Loss: 0.2019, Train Acc: 0.9306, Train F1 Macro: 0.6995, Train F1 Micro: 0.7103, Train RMSE: 1.0433, 
Val Loss: 4.2748, Val Acc: 0.3156, Val F1 Macro: 0.2959, Val F1 Micro: 0.3304, Val RMSE: 1.6428, 
Test Loss: 4.1148, Test Acc: 0.3301, Test F1 Macro: 0.3033, Test F1 Micro: 0.3393, Test RMSE: 1.6503

Total Training Time: 54.46s

Test Loss: 1.5179, Test Acc: 0.3402, Test F1 Macro: 0.2446, Test F1 Micro: 0.3402, Test RMSE: 1.6304
===== SEED 13 =====
PyTorch Version : 2.11.0+cu128
cuda
3.5.description.pt
***** Best Result Updated at Epoch 1, Val Loss: 1.5554 *****
Epoch [1/20], Time: 2.98s, 
Train Loss: 1.6170, Train Acc: 0.3093, Train F1 Macro: 0.2471, Train F1 Micro: 0.3093, Train RMSE: 1.7071, 
Val Loss: 1.5554, Val Acc: 0.3426, Val F1 Macro: 0.2393, Val F1 Micro: 0.3426, Val RMSE: 1.6046, 
Test Loss: 1.5347, Test Acc: 0.3349, Test F1 Macro: 0.2312, Test F1 Micro: 0.3349, Test RMSE: 1.6195

***** Best Result Updated at Epoch 2, Val Loss: 1.5408 *****
Epoch [2/20], Time: 2.70s, 
Train Loss: 1.5195, Train Acc: 0.3559, Train F1 Macro: 0.2757, Train F1 Micro: 0.3326, Train RMSE: 1.6480, 
Val Loss: 1.5408, Val Acc: 0.3461, Val F1 Macro: 0.2671, Val F1 Micro: 0.3444, Val RMSE: 1.5974, 
Test Loss: 1.5249, Test Acc: 0.3332, Test F1 Macro: 0.2534, Test F1 Micro: 0.3341, Test RMSE: 1.6129

***** Best Result Updated at Epoch 3, Val Loss: 1.5285 *****
Epoch [3/20], Time: 2.62s, 
Train Loss: 1.4682, Train Acc: 0.3885, Train F1 Macro: 0.2995, Train F1 Micro: 0.3512, Train RMSE: 1.6090, 
Val Loss: 1.5285, Val Acc: 0.3574, Val F1 Macro: 0.2875, Val F1 Micro: 0.3487, Val RMSE: 1.6132, 
Test Loss: 1.5099, Test Acc: 0.3436, Test F1 Macro: 0.2719, Test F1 Micro: 0.3373, Test RMSE: 1.6281

Epoch [4/20], Time: 2.60s, 
Train Loss: 1.3925, Train Acc: 0.4296, Train F1 Macro: 0.3240, Train F1 Micro: 0.3708, Train RMSE: 1.5739, 
Val Loss: 1.5400, Val Acc: 0.3518, Val F1 Macro: 0.2909, Val F1 Micro: 0.3495, Val RMSE: 1.5861, 
Test Loss: 1.5230, Test Acc: 0.3528, Test F1 Macro: 0.2786, Test F1 Micro: 0.3411, Test RMSE: 1.6031

Epoch [5/20], Time: 2.59s, 
Train Loss: 1.2953, Train Acc: 0.4766, Train F1 Macro: 0.3500, Train F1 Micro: 0.3920, Train RMSE: 1.5359, 
Val Loss: 1.6119, Val Acc: 0.3457, Val F1 Macro: 0.2891, Val F1 Micro: 0.3487, Val RMSE: 1.6011, 
Test Loss: 1.5939, Test Acc: 0.3458, Test F1 Macro: 0.2795, Test F1 Micro: 0.3421, Test RMSE: 1.6167

Epoch [6/20], Time: 2.63s, 
Train Loss: 1.1794, Train Acc: 0.5309, Train F1 Macro: 0.3772, Train F1 Micro: 0.4151, Train RMSE: 1.4964, 
Val Loss: 1.6390, Val Acc: 0.3343, Val F1 Macro: 0.2933, Val F1 Micro: 0.3463, Val RMSE: 1.6091, 
Test Loss: 1.6066, Test Acc: 0.3480, Test F1 Macro: 0.2871, Test F1 Micro: 0.3431, Test RMSE: 1.6206

Epoch [7/20], Time: 2.76s, 
Train Loss: 1.0385, Train Acc: 0.5942, Train F1 Macro: 0.4067, Train F1 Micro: 0.4407, Train RMSE: 1.4542, 
Val Loss: 1.7422, Val Acc: 0.3391, Val F1 Macro: 0.2959, Val F1 Micro: 0.3453, Val RMSE: 1.6037, 
Test Loss: 1.6858, Test Acc: 0.3489, Test F1 Macro: 0.2915, Test F1 Micro: 0.3439, Test RMSE: 1.6141

Epoch [8/20], Time: 2.65s, 
Train Loss: 0.8882, Train Acc: 0.6598, Train F1 Macro: 0.4377, Train F1 Micro: 0.4681, Train RMSE: 1.4099, 
Val Loss: 1.8586, Val Acc: 0.3418, Val F1 Macro: 0.2968, Val F1 Micro: 0.3449, Val RMSE: 1.6092, 
Test Loss: 1.8172, Test Acc: 0.3480, Test F1 Macro: 0.2933, Test F1 Micro: 0.3444, Test RMSE: 1.6180

Epoch [9/20], Time: 2.66s, 
Train Loss: 0.7553, Train Acc: 0.7151, Train F1 Macro: 0.4681, Train F1 Micro: 0.4955, Train RMSE: 1.3663, 
Val Loss: 2.0413, Val Acc: 0.3300, Val F1 Macro: 0.2988, Val F1 Micro: 0.3432, Val RMSE: 1.6096, 
Test Loss: 1.9661, Test Acc: 0.3423, Test F1 Macro: 0.2965, Test F1 Micro: 0.3442, Test RMSE: 1.6209

Epoch [10/20], Time: 2.68s, 
Train Loss: 0.6316, Train Acc: 0.7611, Train F1 Macro: 0.4972, Train F1 Micro: 0.5221, Train RMSE: 1.3241, 
Val Loss: 2.2615, Val Acc: 0.3195, Val F1 Macro: 0.2986, Val F1 Micro: 0.3408, Val RMSE: 1.6130, 
Test Loss: 2.1863, Test Acc: 0.3436, Test F1 Macro: 0.2986, Test F1 Micro: 0.3441, Test RMSE: 1.6221

Epoch [11/20], Time: 2.69s, 
Train Loss: 0.5461, Train Acc: 0.7990, Train F1 Macro: 0.5247, Train F1 Micro: 0.5473, Train RMSE: 1.2848, 
Val Loss: 2.4557, Val Acc: 0.3182, Val F1 Macro: 0.2983, Val F1 Micro: 0.3388, Val RMSE: 1.6134, 
Test Loss: 2.3870, Test Acc: 0.3249, Test F1 Macro: 0.2987, Test F1 Micro: 0.3424, Test RMSE: 1.6207

Epoch [12/20], Time: 2.88s, 
Train Loss: 0.4764, Train Acc: 0.8275, Train F1 Macro: 0.5501, Train F1 Micro: 0.5706, Train RMSE: 1.2491, 
Val Loss: 2.6475, Val Acc: 0.3182, Val F1 Macro: 0.2973, Val F1 Micro: 0.3371, Val RMSE: 1.6178, 
Test Loss: 2.5717, Test Acc: 0.3332, Test F1 Macro: 0.2985, Test F1 Micro: 0.3416, Test RMSE: 1.6239

Epoch [13/20], Time: 2.72s, 
Train Loss: 0.3956, Train Acc: 0.8592, Train F1 Macro: 0.5741, Train F1 Micro: 0.5928, Train RMSE: 1.2144, 
Val Loss: 2.8593, Val Acc: 0.3313, Val F1 Macro: 0.2975, Val F1 Micro: 0.3366, Val RMSE: 1.6183, 
Test Loss: 2.7746, Test Acc: 0.3393, Test F1 Macro: 0.2988, Test F1 Micro: 0.3414, Test RMSE: 1.6244

Epoch [14/20], Time: 2.74s, 
Train Loss: 0.3473, Train Acc: 0.8748, Train F1 Macro: 0.5957, Train F1 Micro: 0.6130, Train RMSE: 1.1820, 
Val Loss: 3.1013, Val Acc: 0.3309, Val F1 Macro: 0.2983, Val F1 Micro: 0.3362, Val RMSE: 1.6215, 
Test Loss: 2.9979, Test Acc: 0.3458, Test F1 Macro: 0.3001, Test F1 Micro: 0.3417, Test RMSE: 1.6267

Epoch [15/20], Time: 2.74s, 
Train Loss: 0.3198, Train Acc: 0.8876, Train F1 Macro: 0.6153, Train F1 Micro: 0.6313, Train RMSE: 1.1524, 
Val Loss: 3.2779, Val Acc: 0.3235, Val F1 Macro: 0.2981, Val F1 Micro: 0.3354, Val RMSE: 1.6258, 
Test Loss: 3.1822, Test Acc: 0.3423, Test F1 Macro: 0.3007, Test F1 Micro: 0.3418, Test RMSE: 1.6305

Epoch [16/20], Time: 2.76s, 
Train Loss: 0.2823, Train Acc: 0.9028, Train F1 Macro: 0.6335, Train F1 Micro: 0.6482, Train RMSE: 1.1244, 
Val Loss: 3.4360, Val Acc: 0.3191, Val F1 Macro: 0.2986, Val F1 Micro: 0.3343, Val RMSE: 1.6266, 
Test Loss: 3.3135, Test Acc: 0.3253, Test F1 Macro: 0.3013, Test F1 Micro: 0.3408, Test RMSE: 1.6313

Epoch [17/20], Time: 2.97s, 
Train Loss: 0.2629, Train Acc: 0.9073, Train F1 Macro: 0.6497, Train F1 Micro: 0.6635, Train RMSE: 1.0988, 
Val Loss: 3.7301, Val Acc: 0.3165, Val F1 Macro: 0.2981, Val F1 Micro: 0.3333, Val RMSE: 1.6257, 
Test Loss: 3.5880, Test Acc: 0.3284, Test F1 Macro: 0.3011, Test F1 Micro: 0.3400, Test RMSE: 1.6306

Epoch [18/20], Time: 2.81s, 
Train Loss: 0.2296, Train Acc: 0.9198, Train F1 Macro: 0.6648, Train F1 Micro: 0.6777, Train RMSE: 1.0745, 
Val Loss: 3.8550, Val Acc: 0.3139, Val F1 Macro: 0.2976, Val F1 Micro: 0.3322, Val RMSE: 1.6261, 
Test Loss: 3.7683, Test Acc: 0.3284, Test F1 Macro: 0.3009, Test F1 Micro: 0.3394, Test RMSE: 1.6313

Epoch [19/20], Time: 2.81s, 
Train Loss: 0.2154, Train Acc: 0.9248, Train F1 Macro: 0.6786, Train F1 Micro: 0.6907, Train RMSE: 1.0523, 
Val Loss: 4.0262, Val Acc: 0.3143, Val F1 Macro: 0.2972, Val F1 Micro: 0.3313, Val RMSE: 1.6281, 
Test Loss: 3.9255, Test Acc: 0.3280, Test F1 Macro: 0.3005, Test F1 Micro: 0.3388, Test RMSE: 1.6322

Epoch [20/20], Time: 2.82s, 
Train Loss: 0.2198, Train Acc: 0.9231, Train F1 Macro: 0.6909, Train F1 Micro: 0.7023, Train RMSE: 1.0316, 
Val Loss: 4.2145, Val Acc: 0.3082, Val F1 Macro: 0.2964, Val F1 Micro: 0.3301, Val RMSE: 1.6285, 
Test Loss: 4.0549, Test Acc: 0.3345, Test F1 Macro: 0.3004, Test F1 Micro: 0.3386, Test RMSE: 1.6317

Total Training Time: 54.80s

Test Loss: 1.5099, Test Acc: 0.3436, Test F1 Macro: 0.2868, Test F1 Micro: 0.3436, Test RMSE: 1.6579
===== SEED 77 =====
PyTorch Version : 2.11.0+cu128
cuda
3.5.description.pt
***** Best Result Updated at Epoch 1, Val Loss: 1.5434 *****
Epoch [1/20], Time: 3.00s, 
Train Loss: 1.6078, Train Acc: 0.3120, Train F1 Macro: 0.2412, Train F1 Micro: 0.3120, Train RMSE: 1.6876, 
Val Loss: 1.5434, Val Acc: 0.3513, Val F1 Macro: 0.2451, Val F1 Micro: 0.3513, Val RMSE: 1.5702, 
Test Loss: 1.5256, Test Acc: 0.3489, Test F1 Macro: 0.2317, Test F1 Micro: 0.3489, Test RMSE: 1.5555

***** Best Result Updated at Epoch 2, Val Loss: 1.5354 *****
Epoch [2/20], Time: 2.70s, 
Train Loss: 1.5219, Train Acc: 0.3577, Train F1 Macro: 0.2687, Train F1 Micro: 0.3349, Train RMSE: 1.6409, 
Val Loss: 1.5354, Val Acc: 0.3522, Val F1 Macro: 0.2807, Val F1 Micro: 0.3518, Val RMSE: 1.5250, 
Test Loss: 1.5208, Test Acc: 0.3428, Test F1 Macro: 0.2685, Test F1 Micro: 0.3458, Test RMSE: 1.5160

Epoch [3/20], Time: 2.57s, 
Train Loss: 1.4656, Train Acc: 0.3910, Train F1 Macro: 0.2958, Train F1 Micro: 0.3536, Train RMSE: 1.6062, 
Val Loss: 1.5651, Val Acc: 0.3444, Val F1 Macro: 0.2817, Val F1 Micro: 0.3493, Val RMSE: 1.5798, 
Test Loss: 1.5505, Test Acc: 0.3367, Test F1 Macro: 0.2678, Test F1 Micro: 0.3428, Test RMSE: 1.5699

Epoch [4/20], Time: 2.59s, 
Train Loss: 1.3873, Train Acc: 0.4326, Train F1 Macro: 0.3224, Train F1 Micro: 0.3733, Train RMSE: 1.5701, 
Val Loss: 1.5459, Val Acc: 0.3487, Val F1 Macro: 0.2880, Val F1 Micro: 0.3492, Val RMSE: 1.5917, 
Test Loss: 1.5363, Test Acc: 0.3358, Test F1 Macro: 0.2769, Test F1 Micro: 0.3410, Test RMSE: 1.5968

Epoch [5/20], Time: 2.59s, 
Train Loss: 1.2883, Train Acc: 0.4830, Train F1 Macro: 0.3504, Train F1 Micro: 0.3953, Train RMSE: 1.5351, 
Val Loss: 1.5642, Val Acc: 0.3522, Val F1 Macro: 0.2884, Val F1 Micro: 0.3498, Val RMSE: 1.5885, 
Test Loss: 1.5483, Test Acc: 0.3632, Test F1 Macro: 0.2805, Test F1 Micro: 0.3455, Test RMSE: 1.5955

Epoch [6/20], Time: 2.62s, 
Train Loss: 1.1667, Train Acc: 0.5375, Train F1 Macro: 0.3795, Train F1 Micro: 0.4190, Train RMSE: 1.4971, 
Val Loss: 1.6433, Val Acc: 0.3291, Val F1 Macro: 0.2921, Val F1 Micro: 0.3463, Val RMSE: 1.5921, 
Test Loss: 1.6059, Test Acc: 0.3410, Test F1 Macro: 0.2880, Test F1 Micro: 0.3447, Test RMSE: 1.6004

Epoch [7/20], Time: 2.75s, 
Train Loss: 1.0066, Train Acc: 0.6111, Train F1 Macro: 0.4115, Train F1 Micro: 0.4464, Train RMSE: 1.4534, 
Val Loss: 1.7739, Val Acc: 0.3426, Val F1 Macro: 0.2968, Val F1 Micro: 0.3458, Val RMSE: 1.5974, 
Test Loss: 1.7481, Test Acc: 0.3393, Test F1 Macro: 0.2935, Test F1 Micro: 0.3440, Test RMSE: 1.6144

Epoch [8/20], Time: 2.63s, 
Train Loss: 0.8788, Train Acc: 0.6646, Train F1 Macro: 0.4426, Train F1 Micro: 0.4737, Train RMSE: 1.4121, 
Val Loss: 1.9339, Val Acc: 0.3291, Val F1 Macro: 0.2963, Val F1 Micro: 0.3437, Val RMSE: 1.5964, 
Test Loss: 1.8741, Test Acc: 0.3389, Test F1 Macro: 0.2950, Test F1 Micro: 0.3433, Test RMSE: 1.6121

Epoch [9/20], Time: 2.66s, 
Train Loss: 0.7187, Train Acc: 0.7361, Train F1 Macro: 0.4752, Train F1 Micro: 0.5028, Train RMSE: 1.3668, 
Val Loss: 2.0849, Val Acc: 0.3365, Val F1 Macro: 0.2962, Val F1 Micro: 0.3429, Val RMSE: 1.5986, 
Test Loss: 2.0375, Test Acc: 0.3341, Test F1 Macro: 0.2956, Test F1 Micro: 0.3423, Test RMSE: 1.6169

Epoch [10/20], Time: 2.68s, 
Train Loss: 0.6031, Train Acc: 0.7797, Train F1 Macro: 0.5058, Train F1 Micro: 0.5305, Train RMSE: 1.3251, 
Val Loss: 2.2625, Val Acc: 0.3209, Val F1 Macro: 0.2964, Val F1 Micro: 0.3407, Val RMSE: 1.6066, 
Test Loss: 2.2147, Test Acc: 0.3284, Test F1 Macro: 0.2960, Test F1 Micro: 0.3409, Test RMSE: 1.6290

Epoch [11/20], Time: 2.70s, 
Train Loss: 0.5136, Train Acc: 0.8100, Train F1 Macro: 0.5337, Train F1 Micro: 0.5559, Train RMSE: 1.2861, 
Val Loss: 2.5175, Val Acc: 0.3396, Val F1 Macro: 0.2964, Val F1 Micro: 0.3406, Val RMSE: 1.6143, 
Test Loss: 2.4388, Test Acc: 0.3301, Test F1 Macro: 0.2952, Test F1 Micro: 0.3399, Test RMSE: 1.6410

Epoch [12/20], Time: 2.86s, 
Train Loss: 0.4363, Train Acc: 0.8446, Train F1 Macro: 0.5599, Train F1 Micro: 0.5800, Train RMSE: 1.2485, 
Val Loss: 2.6811, Val Acc: 0.3361, Val F1 Macro: 0.2977, Val F1 Micro: 0.3402, Val RMSE: 1.6191, 
Test Loss: 2.6132, Test Acc: 0.3145, Test F1 Macro: 0.2945, Test F1 Micro: 0.3378, Test RMSE: 1.6480

Epoch [13/20], Time: 2.72s, 
Train Loss: 0.3746, Train Acc: 0.8646, Train F1 Macro: 0.5836, Train F1 Micro: 0.6019, Train RMSE: 1.2138, 
Val Loss: 2.8897, Val Acc: 0.3278, Val F1 Macro: 0.2976, Val F1 Micro: 0.3393, Val RMSE: 1.6198, 
Test Loss: 2.8295, Test Acc: 0.3214, Test F1 Macro: 0.2942, Test F1 Micro: 0.3365, Test RMSE: 1.6510

Epoch [14/20], Time: 2.72s, 
Train Loss: 0.3400, Train Acc: 0.8787, Train F1 Macro: 0.6049, Train F1 Micro: 0.6217, Train RMSE: 1.1820, 
Val Loss: 3.0751, Val Acc: 0.3274, Val F1 Macro: 0.2974, Val F1 Micro: 0.3384, Val RMSE: 1.6264, 
Test Loss: 2.9510, Test Acc: 0.3345, Test F1 Macro: 0.2951, Test F1 Micro: 0.3364, Test RMSE: 1.6574

Epoch [15/20], Time: 2.72s, 
Train Loss: 0.3059, Train Acc: 0.8910, Train F1 Macro: 0.6241, Train F1 Micro: 0.6396, Train RMSE: 1.1529, 
Val Loss: 3.2477, Val Acc: 0.3143, Val F1 Macro: 0.2973, Val F1 Micro: 0.3368, Val RMSE: 1.6310, 
Test Loss: 3.1193, Test Acc: 0.3236, Test F1 Macro: 0.2959, Test F1 Micro: 0.3355, Test RMSE: 1.6623

Epoch [16/20], Time: 2.74s, 
Train Loss: 0.2755, Train Acc: 0.9028, Train F1 Macro: 0.6417, Train F1 Micro: 0.6561, Train RMSE: 1.1255, 
Val Loss: 3.5820, Val Acc: 0.3213, Val F1 Macro: 0.2971, Val F1 Micro: 0.3358, Val RMSE: 1.6318, 
Test Loss: 3.4397, Test Acc: 0.3280, Test F1 Macro: 0.2960, Test F1 Micro: 0.3351, Test RMSE: 1.6623

Epoch [17/20], Time: 2.90s, 
Train Loss: 0.2529, Train Acc: 0.9108, Train F1 Macro: 0.6576, Train F1 Micro: 0.6711, Train RMSE: 1.1005, 
Val Loss: 3.5908, Val Acc: 0.3161, Val F1 Macro: 0.2971, Val F1 Micro: 0.3347, Val RMSE: 1.6365, 
Test Loss: 3.4639, Test Acc: 0.3249, Test F1 Macro: 0.2964, Test F1 Micro: 0.3345, Test RMSE: 1.6658

Epoch [18/20], Time: 2.75s, 
Train Loss: 0.2330, Train Acc: 0.9186, Train F1 Macro: 0.6723, Train F1 Micro: 0.6848, Train RMSE: 1.0772, 
Val Loss: 3.7676, Val Acc: 0.3087, Val F1 Macro: 0.2966, Val F1 Micro: 0.3332, Val RMSE: 1.6398, 
Test Loss: 3.6484, Test Acc: 0.3223, Test F1 Macro: 0.2966, Test F1 Micro: 0.3338, Test RMSE: 1.6693

Epoch [19/20], Time: 2.80s, 
Train Loss: 0.2253, Train Acc: 0.9230, Train F1 Macro: 0.6856, Train F1 Micro: 0.6973, Train RMSE: 1.0549, 
Val Loss: 3.9093, Val Acc: 0.3148, Val F1 Macro: 0.2961, Val F1 Micro: 0.3323, Val RMSE: 1.6427, 
Test Loss: 3.7495, Test Acc: 0.3271, Test F1 Macro: 0.2966, Test F1 Micro: 0.3334, Test RMSE: 1.6709

Epoch [20/20], Time: 2.81s, 
Train Loss: 0.2059, Train Acc: 0.9305, Train F1 Macro: 0.6979, Train F1 Micro: 0.7090, Train RMSE: 1.0342, 
Val Loss: 4.0872, Val Acc: 0.3130, Val F1 Macro: 0.2952, Val F1 Micro: 0.3313, Val RMSE: 1.6449, 
Test Loss: 3.9434, Test Acc: 0.3179, Test F1 Macro: 0.2960, Test F1 Micro: 0.3327, Test RMSE: 1.6739

Total Training Time: 54.52s

Test Loss: 1.5208, Test Acc: 0.3428, Test F1 Macro: 0.2729, Test F1 Micro: 0.3428, Test RMSE: 1.4756
===== SEED 123 =====
PyTorch Version : 2.11.0+cu128
cuda
3.5.description.pt
***** Best Result Updated at Epoch 1, Val Loss: 1.5509 *****
Epoch [1/20], Time: 3.00s, 
Train Loss: 1.6233, Train Acc: 0.3105, Train F1 Macro: 0.2432, Train F1 Micro: 0.3105, Train RMSE: 1.7046, 
Val Loss: 1.5509, Val Acc: 0.3426, Val F1 Macro: 0.2487, Val F1 Micro: 0.3426, Val RMSE: 1.5708, 
Test Loss: 1.5316, Test Acc: 0.3423, Test F1 Macro: 0.2320, Test F1 Micro: 0.3423, Test RMSE: 1.5612

***** Best Result Updated at Epoch 2, Val Loss: 1.5304 *****
Epoch [2/20], Time: 2.70s, 
Train Loss: 1.5290, Train Acc: 0.3559, Train F1 Macro: 0.2714, Train F1 Micro: 0.3332, Train RMSE: 1.6555, 
Val Loss: 1.5304, Val Acc: 0.3613, Val F1 Macro: 0.2719, Val F1 Micro: 0.3520, Val RMSE: 1.5546, 
Test Loss: 1.5114, Test Acc: 0.3423, Test F1 Macro: 0.2456, Test F1 Micro: 0.3423, Test RMSE: 1.5464

Epoch [3/20], Time: 2.57s, 
Train Loss: 1.4694, Train Acc: 0.3866, Train F1 Macro: 0.2946, Train F1 Micro: 0.3510, Train RMSE: 1.6136, 
Val Loss: 1.5479, Val Acc: 0.3470, Val F1 Macro: 0.2808, Val F1 Micro: 0.3503, Val RMSE: 1.5686, 
Test Loss: 1.5228, Test Acc: 0.3436, Test F1 Macro: 0.2578, Test F1 Micro: 0.3428, Test RMSE: 1.5467

Epoch [4/20], Time: 2.59s, 
Train Loss: 1.3924, Train Acc: 0.4298, Train F1 Macro: 0.3200, Train F1 Micro: 0.3707, Train RMSE: 1.5733, 
Val Loss: 1.5499, Val Acc: 0.3509, Val F1 Macro: 0.2854, Val F1 Micro: 0.3505, Val RMSE: 1.5835, 
Test Loss: 1.5157, Test Acc: 0.3541, Test F1 Macro: 0.2668, Test F1 Micro: 0.3456, Test RMSE: 1.5600

Epoch [5/20], Time: 2.61s, 
Train Loss: 1.2858, Train Acc: 0.4765, Train F1 Macro: 0.3471, Train F1 Micro: 0.3918, Train RMSE: 1.5324, 
Val Loss: 1.5874, Val Acc: 0.3343, Val F1 Macro: 0.2914, Val F1 Micro: 0.3472, Val RMSE: 1.5870, 
Test Loss: 1.5549, Test Acc: 0.3371, Test F1 Macro: 0.2757, Test F1 Micro: 0.3439, Test RMSE: 1.5627

Epoch [6/20], Time: 2.60s, 
Train Loss: 1.1560, Train Acc: 0.5431, Train F1 Macro: 0.3779, Train F1 Micro: 0.4171, Train RMSE: 1.4886, 
Val Loss: 1.6883, Val Acc: 0.3283, Val F1 Macro: 0.2946, Val F1 Micro: 0.3441, Val RMSE: 1.5826, 
Test Loss: 1.6600, Test Acc: 0.3267, Test F1 Macro: 0.2818, Test F1 Micro: 0.3410, Test RMSE: 1.5616

Epoch [7/20], Time: 2.76s, 
Train Loss: 1.0144, Train Acc: 0.6089, Train F1 Macro: 0.4103, Train F1 Micro: 0.4445, Train RMSE: 1.4443, 
Val Loss: 1.7912, Val Acc: 0.3404, Val F1 Macro: 0.2938, Val F1 Micro: 0.3436, Val RMSE: 1.5886, 
Test Loss: 1.7833, Test Acc: 0.3293, Test F1 Macro: 0.2805, Test F1 Micro: 0.3393, Test RMSE: 1.5720

Epoch [8/20], Time: 2.62s, 
Train Loss: 0.8650, Train Acc: 0.6712, Train F1 Macro: 0.4429, Train F1 Micro: 0.4728, Train RMSE: 1.3988, 
Val Loss: 1.9052, Val Acc: 0.3226, Val F1 Macro: 0.2954, Val F1 Micro: 0.3409, Val RMSE: 1.5920, 
Test Loss: 1.8830, Test Acc: 0.3236, Test F1 Macro: 0.2835, Test F1 Micro: 0.3374, Test RMSE: 1.5776

Epoch [9/20], Time: 2.65s, 
Train Loss: 0.7367, Train Acc: 0.7229, Train F1 Macro: 0.4742, Train F1 Micro: 0.5006, Train RMSE: 1.3550, 
Val Loss: 2.0443, Val Acc: 0.3322, Val F1 Macro: 0.2959, Val F1 Micro: 0.3400, Val RMSE: 1.6031, 
Test Loss: 2.0340, Test Acc: 0.3179, Test F1 Macro: 0.2843, Test F1 Micro: 0.3352, Test RMSE: 1.5898

Epoch [10/20], Time: 2.66s, 
Train Loss: 0.6190, Train Acc: 0.7709, Train F1 Macro: 0.5041, Train F1 Micro: 0.5276, Train RMSE: 1.3128, 
Val Loss: 2.2619, Val Acc: 0.3400, Val F1 Macro: 0.2974, Val F1 Micro: 0.3400, Val RMSE: 1.6098, 
Test Loss: 2.2312, Test Acc: 0.3206, Test F1 Macro: 0.2850, Test F1 Micro: 0.3338, Test RMSE: 1.6017

Epoch [11/20], Time: 2.69s, 
Train Loss: 0.5273, Train Acc: 0.8077, Train F1 Macro: 0.5321, Train F1 Micro: 0.5531, Train RMSE: 1.2724, 
Val Loss: 2.4672, Val Acc: 0.3187, Val F1 Macro: 0.2970, Val F1 Micro: 0.3380, Val RMSE: 1.6193, 
Test Loss: 2.4278, Test Acc: 0.3162, Test F1 Macro: 0.2859, Test F1 Micro: 0.3322, Test RMSE: 1.6109

Epoch [12/20], Time: 2.86s, 
Train Loss: 0.4635, Train Acc: 0.8324, Train F1 Macro: 0.5575, Train F1 Micro: 0.5764, Train RMSE: 1.2366, 
Val Loss: 2.6470, Val Acc: 0.3087, Val F1 Macro: 0.2967, Val F1 Micro: 0.3356, Val RMSE: 1.6258, 
Test Loss: 2.6368, Test Acc: 0.3140, Test F1 Macro: 0.2867, Test F1 Micro: 0.3306, Test RMSE: 1.6169

Epoch [13/20], Time: 2.72s, 
Train Loss: 0.3996, Train Acc: 0.8534, Train F1 Macro: 0.5806, Train F1 Micro: 0.5977, Train RMSE: 1.2024, 
Val Loss: 2.8361, Val Acc: 0.3174, Val F1 Macro: 0.2966, Val F1 Micro: 0.3342, Val RMSE: 1.6310, 
Test Loss: 2.8368, Test Acc: 0.3171, Test F1 Macro: 0.2870, Test F1 Micro: 0.3296, Test RMSE: 1.6238

Epoch [14/20], Time: 2.72s, 
Train Loss: 0.3502, Train Acc: 0.8745, Train F1 Macro: 0.6019, Train F1 Micro: 0.6174, Train RMSE: 1.1709, 
Val Loss: 3.1467, Val Acc: 0.3274, Val F1 Macro: 0.2967, Val F1 Micro: 0.3337, Val RMSE: 1.6343, 
Test Loss: 3.1761, Test Acc: 0.3262, Test F1 Macro: 0.2872, Test F1 Micro: 0.3294, Test RMSE: 1.6287

Epoch [15/20], Time: 2.74s, 
Train Loss: 0.3154, Train Acc: 0.8891, Train F1 Macro: 0.6213, Train F1 Micro: 0.6356, Train RMSE: 1.1411, 
Val Loss: 3.1740, Val Acc: 0.3269, Val F1 Macro: 0.2967, Val F1 Micro: 0.3332, Val RMSE: 1.6391, 
Test Loss: 3.1825, Test Acc: 0.3175, Test F1 Macro: 0.2871, Test F1 Micro: 0.3286, Test RMSE: 1.6341

Epoch [16/20], Time: 2.74s, 
Train Loss: 0.2801, Train Acc: 0.9011, Train F1 Macro: 0.6390, Train F1 Micro: 0.6522, Train RMSE: 1.1137, 
Val Loss: 3.4181, Val Acc: 0.3213, Val F1 Macro: 0.2959, Val F1 Micro: 0.3325, Val RMSE: 1.6402, 
Test Loss: 3.4294, Test Acc: 0.3306, Test F1 Macro: 0.2876, Test F1 Micro: 0.3287, Test RMSE: 1.6350

Epoch [17/20], Time: 2.96s, 
Train Loss: 0.2484, Train Acc: 0.9134, Train F1 Macro: 0.6554, Train F1 Micro: 0.6675, Train RMSE: 1.0878, 
Val Loss: 3.6403, Val Acc: 0.3195, Val F1 Macro: 0.2956, Val F1 Micro: 0.3317, Val RMSE: 1.6406, 
Test Loss: 3.6914, Test Acc: 0.3136, Test F1 Macro: 0.2876, Test F1 Micro: 0.3278, Test RMSE: 1.6365

Epoch [18/20], Time: 2.79s, 
Train Loss: 0.2400, Train Acc: 0.9166, Train F1 Macro: 0.6700, Train F1 Micro: 0.6814, Train RMSE: 1.0641, 
Val Loss: 3.8211, Val Acc: 0.3152, Val F1 Macro: 0.2953, Val F1 Micro: 0.3308, Val RMSE: 1.6420, 
Test Loss: 3.8577, Test Acc: 0.3145, Test F1 Macro: 0.2873, Test F1 Micro: 0.3271, Test RMSE: 1.6391

Epoch [19/20], Time: 2.81s, 
Train Loss: 0.2215, Train Acc: 0.9233, Train F1 Macro: 0.6835, Train F1 Micro: 0.6941, Train RMSE: 1.0420, 
Val Loss: 3.9954, Val Acc: 0.3130, Val F1 Macro: 0.2943, Val F1 Micro: 0.3299, Val RMSE: 1.6412, 
Test Loss: 4.0111, Test Acc: 0.3188, Test F1 Macro: 0.2870, Test F1 Micro: 0.3266, Test RMSE: 1.6394

Epoch [20/20], Time: 2.82s, 
Train Loss: 0.2117, Train Acc: 0.9260, Train F1 Macro: 0.6958, Train F1 Micro: 0.7057, Train RMSE: 1.0219, 
Val Loss: 4.0450, Val Acc: 0.3165, Val F1 Macro: 0.2941, Val F1 Micro: 0.3292, Val RMSE: 1.6421, 
Test Loss: 3.9928, Test Acc: 0.3084, Test F1 Macro: 0.2869, Test F1 Micro: 0.3257, Test RMSE: 1.6422

Total Training Time: 54.62s

Test Loss: 1.5114, Test Acc: 0.3423, Test F1 Macro: 0.2521, Test F1 Micro: 0.3423, Test RMSE: 1.5315
