===== SEED 42 =====
PyTorch Version : 2.11.0+cu128
cuda
3.7.credibility.pt
***** Best Result Updated at Epoch 1, Val Loss: 1.5706 *****
Epoch [1/20], Time: 3.32s, 
Train Loss: 1.6042, Train Acc: 0.3100, Train F1 Macro: 0.2187, Train F1 Micro: 0.3100, Train RMSE: 1.6624, 
Val Loss: 1.5706, Val Acc: 0.3082, Val F1 Macro: 0.1498, Val F1 Micro: 0.3082, Val RMSE: 1.7822, 
Test Loss: 1.5493, Test Acc: 0.3232, Test F1 Macro: 0.1617, Test F1 Micro: 0.3232, Test RMSE: 1.7764

***** Best Result Updated at Epoch 2, Val Loss: 1.5343 *****
Epoch [2/20], Time: 3.01s, 
Train Loss: 1.5331, Train Acc: 0.3443, Train F1 Macro: 0.2485, Train F1 Micro: 0.3271, Train RMSE: 1.6231, 
Val Loss: 1.5343, Val Acc: 0.3426, Val F1 Macro: 0.2081, Val F1 Micro: 0.3254, Val RMSE: 1.6329, 
Test Loss: 1.5119, Test Acc: 0.3545, Test F1 Macro: 0.2073, Test F1 Micro: 0.3389, Test RMSE: 1.6419

***** Best Result Updated at Epoch 3, Val Loss: 1.5266 *****
Epoch [3/20], Time: 2.83s, 
Train Loss: 1.4851, Train Acc: 0.3797, Train F1 Macro: 0.2785, Train F1 Micro: 0.3446, Train RMSE: 1.5963, 
Val Loss: 1.5266, Val Acc: 0.3513, Val F1 Macro: 0.2360, Val F1 Micro: 0.3341, Val RMSE: 1.6045, 
Test Loss: 1.5103, Test Acc: 0.3598, Test F1 Macro: 0.2351, Test F1 Micro: 0.3458, Test RMSE: 1.6152

Epoch [4/20], Time: 2.86s, 
Train Loss: 1.4157, Train Acc: 0.4202, Train F1 Macro: 0.3071, Train F1 Micro: 0.3635, Train RMSE: 1.5710, 
Val Loss: 1.5356, Val Acc: 0.3422, Val F1 Macro: 0.2516, Val F1 Micro: 0.3361, Val RMSE: 1.6051, 
Test Loss: 1.5064, Test Acc: 0.3515, Test F1 Macro: 0.2523, Test F1 Micro: 0.3472, Test RMSE: 1.6149

Epoch [5/20], Time: 2.85s, 
Train Loss: 1.3155, Train Acc: 0.4659, Train F1 Macro: 0.3342, Train F1 Micro: 0.3840, Train RMSE: 1.5397, 
Val Loss: 1.5871, Val Acc: 0.3317, Val F1 Macro: 0.2578, Val F1 Micro: 0.3352, Val RMSE: 1.6269, 
Test Loss: 1.5570, Test Acc: 0.3380, Test F1 Macro: 0.2600, Test F1 Micro: 0.3454, Test RMSE: 1.6410

Epoch [6/20], Time: 2.91s, 
Train Loss: 1.1943, Train Acc: 0.5208, Train F1 Macro: 0.3632, Train F1 Micro: 0.4068, Train RMSE: 1.5040, 
Val Loss: 1.6325, Val Acc: 0.3435, Val F1 Macro: 0.2649, Val F1 Micro: 0.3366, Val RMSE: 1.6229, 
Test Loss: 1.5859, Test Acc: 0.3445, Test F1 Macro: 0.2662, Test F1 Micro: 0.3452, Test RMSE: 1.6358

Epoch [7/20], Time: 3.04s, 
Train Loss: 1.0606, Train Acc: 0.5830, Train F1 Macro: 0.3935, Train F1 Micro: 0.4320, Train RMSE: 1.4646, 
Val Loss: 1.7099, Val Acc: 0.3143, Val F1 Macro: 0.2710, Val F1 Micro: 0.3334, Val RMSE: 1.6221, 
Test Loss: 1.6757, Test Acc: 0.3236, Test F1 Macro: 0.2733, Test F1 Micro: 0.3421, Test RMSE: 1.6319

Epoch [8/20], Time: 2.84s, 
Train Loss: 0.9112, Train Acc: 0.6512, Train F1 Macro: 0.4254, Train F1 Micro: 0.4594, Train RMSE: 1.4232, 
Val Loss: 1.8686, Val Acc: 0.3252, Val F1 Macro: 0.2734, Val F1 Micro: 0.3324, Val RMSE: 1.6283, 
Test Loss: 1.8301, Test Acc: 0.3458, Test F1 Macro: 0.2782, Test F1 Micro: 0.3426, Test RMSE: 1.6355

Epoch [9/20], Time: 2.92s, 
Train Loss: 0.7763, Train Acc: 0.7084, Train F1 Macro: 0.4568, Train F1 Micro: 0.4870, Train RMSE: 1.3806, 
Val Loss: 2.0248, Val Acc: 0.2973, Val F1 Macro: 0.2747, Val F1 Micro: 0.3285, Val RMSE: 1.6371, 
Test Loss: 1.9582, Test Acc: 0.3210, Test F1 Macro: 0.2822, Test F1 Micro: 0.3402, Test RMSE: 1.6371

Epoch [10/20], Time: 2.98s, 
Train Loss: 0.6773, Train Acc: 0.7463, Train F1 Macro: 0.4857, Train F1 Micro: 0.5130, Train RMSE: 1.3415, 
Val Loss: 2.2467, Val Acc: 0.2969, Val F1 Macro: 0.2759, Val F1 Micro: 0.3253, Val RMSE: 1.6393, 
Test Loss: 2.1836, Test Acc: 0.3219, Test F1 Macro: 0.2847, Test F1 Micro: 0.3384, Test RMSE: 1.6350

Epoch [11/20], Time: 2.97s, 
Train Loss: 0.5770, Train Acc: 0.7862, Train F1 Macro: 0.5133, Train F1 Micro: 0.5378, Train RMSE: 1.3033, 
Val Loss: 2.4233, Val Acc: 0.3104, Val F1 Macro: 0.2764, Val F1 Micro: 0.3240, Val RMSE: 1.6473, 
Test Loss: 2.3515, Test Acc: 0.3323, Test F1 Macro: 0.2871, Test F1 Micro: 0.3378, Test RMSE: 1.6411

Epoch [12/20], Time: 3.20s, 
Train Loss: 0.5035, Train Acc: 0.8181, Train F1 Macro: 0.5387, Train F1 Micro: 0.5612, Train RMSE: 1.2676, 
Val Loss: 2.6696, Val Acc: 0.2969, Val F1 Macro: 0.2767, Val F1 Micro: 0.3217, Val RMSE: 1.6458, 
Test Loss: 2.5630, Test Acc: 0.3253, Test F1 Macro: 0.2887, Test F1 Micro: 0.3368, Test RMSE: 1.6372

Epoch [13/20], Time: 3.03s, 
Train Loss: 0.4336, Train Acc: 0.8475, Train F1 Macro: 0.5628, Train F1 Micro: 0.5832, Train RMSE: 1.2330, 
Val Loss: 2.8679, Val Acc: 0.2921, Val F1 Macro: 0.2759, Val F1 Micro: 0.3194, Val RMSE: 1.6535, 
Test Loss: 2.7773, Test Acc: 0.3206, Test F1 Macro: 0.2887, Test F1 Micro: 0.3355, Test RMSE: 1.6422

Epoch [14/20], Time: 2.96s, 
Train Loss: 0.3880, Train Acc: 0.8612, Train F1 Macro: 0.5843, Train F1 Micro: 0.6030, Train RMSE: 1.2018, 
Val Loss: 3.1361, Val Acc: 0.2899, Val F1 Macro: 0.2752, Val F1 Micro: 0.3173, Val RMSE: 1.6541, 
Test Loss: 3.0177, Test Acc: 0.3110, Test F1 Macro: 0.2887, Test F1 Micro: 0.3338, Test RMSE: 1.6406

Epoch [15/20], Time: 3.06s, 
Train Loss: 0.3580, Train Acc: 0.8702, Train F1 Macro: 0.6034, Train F1 Micro: 0.6209, Train RMSE: 1.1732, 
Val Loss: 3.2968, Val Acc: 0.3047, Val F1 Macro: 0.2750, Val F1 Micro: 0.3165, Val RMSE: 1.6578, 
Test Loss: 3.1679, Test Acc: 0.3171, Test F1 Macro: 0.2885, Test F1 Micro: 0.3327, Test RMSE: 1.6424

Epoch [16/20], Time: 3.04s, 
Train Loss: 0.3153, Train Acc: 0.8876, Train F1 Macro: 0.6213, Train F1 Micro: 0.6375, Train RMSE: 1.1457, 
Val Loss: 3.4754, Val Acc: 0.2921, Val F1 Macro: 0.2744, Val F1 Micro: 0.3150, Val RMSE: 1.6609, 
Test Loss: 3.3282, Test Acc: 0.3171, Test F1 Macro: 0.2886, Test F1 Micro: 0.3317, Test RMSE: 1.6445

Epoch [17/20], Time: 3.00s, 
Train Loss: 0.2899, Train Acc: 0.8975, Train F1 Macro: 0.6377, Train F1 Micro: 0.6528, Train RMSE: 1.1207, 
Val Loss: 3.6721, Val Acc: 0.2991, Val F1 Macro: 0.2743, Val F1 Micro: 0.3140, Val RMSE: 1.6637, 
Test Loss: 3.5055, Test Acc: 0.3132, Test F1 Macro: 0.2883, Test F1 Micro: 0.3306, Test RMSE: 1.6466

Epoch [18/20], Time: 3.19s, 
Train Loss: 0.2847, Train Acc: 0.9007, Train F1 Macro: 0.6524, Train F1 Micro: 0.6666, Train RMSE: 1.0978, 
Val Loss: 3.8010, Val Acc: 0.2891, Val F1 Macro: 0.2740, Val F1 Micro: 0.3127, Val RMSE: 1.6665, 
Test Loss: 3.6349, Test Acc: 0.3105, Test F1 Macro: 0.2885, Test F1 Micro: 0.3295, Test RMSE: 1.6476

Epoch [19/20], Time: 3.06s, 
Train Loss: 0.2643, Train Acc: 0.9085, Train F1 Macro: 0.6659, Train F1 Micro: 0.6793, Train RMSE: 1.0760, 
Val Loss: 3.9753, Val Acc: 0.2912, Val F1 Macro: 0.2735, Val F1 Micro: 0.3115, Val RMSE: 1.6701, 
Test Loss: 3.8136, Test Acc: 0.3158, Test F1 Macro: 0.2885, Test F1 Micro: 0.3288, Test RMSE: 1.6488

Epoch [20/20], Time: 3.13s, 
Train Loss: 0.2390, Train Acc: 0.9189, Train F1 Macro: 0.6786, Train F1 Micro: 0.6913, Train RMSE: 1.0551, 
Val Loss: 4.0940, Val Acc: 0.2917, Val F1 Macro: 0.2729, Val F1 Micro: 0.3105, Val RMSE: 1.6729, 
Test Loss: 3.9498, Test Acc: 0.3149, Test F1 Macro: 0.2882, Test F1 Micro: 0.3281, Test RMSE: 1.6500

Total Training Time: 60.19s

Test Loss: 1.5103, Test Acc: 0.3598, Test F1 Macro: 0.2758, Test F1 Micro: 0.3598, Test RMSE: 1.5605
===== SEED 7 =====
PyTorch Version : 2.11.0+cu128
cuda
3.7.credibility.pt
***** Best Result Updated at Epoch 1, Val Loss: 1.5645 *****
Epoch [1/20], Time: 3.13s, 
Train Loss: 1.6101, Train Acc: 0.3051, Train F1 Macro: 0.2163, Train F1 Micro: 0.3051, Train RMSE: 1.7095, 
Val Loss: 1.5645, Val Acc: 0.3304, Val F1 Macro: 0.2287, Val F1 Micro: 0.3304, Val RMSE: 1.5879, 
Test Loss: 1.5391, Test Acc: 0.3506, Test F1 Macro: 0.2336, Test F1 Micro: 0.3506, Test RMSE: 1.5764

***** Best Result Updated at Epoch 2, Val Loss: 1.5597 *****
Epoch [2/20], Time: 2.86s, 
Train Loss: 1.5377, Train Acc: 0.3480, Train F1 Macro: 0.2472, Train F1 Micro: 0.3266, Train RMSE: 1.6602, 
Val Loss: 1.5597, Val Acc: 0.3426, Val F1 Macro: 0.2490, Val F1 Micro: 0.3365, Val RMSE: 1.6032, 
Test Loss: 1.5418, Test Acc: 0.3449, Test F1 Macro: 0.2464, Test F1 Micro: 0.3478, Test RMSE: 1.6038

***** Best Result Updated at Epoch 3, Val Loss: 1.5410 *****
Epoch [3/20], Time: 2.74s, 
Train Loss: 1.4940, Train Acc: 0.3740, Train F1 Macro: 0.2744, Train F1 Micro: 0.3424, Train RMSE: 1.6342, 
Val Loss: 1.5410, Val Acc: 0.3370, Val F1 Macro: 0.2582, Val F1 Micro: 0.3367, Val RMSE: 1.5490, 
Test Loss: 1.5198, Test Acc: 0.3576, Test F1 Macro: 0.2595, Test F1 Micro: 0.3510, Test RMSE: 1.5469

***** Best Result Updated at Epoch 4, Val Loss: 1.5340 *****
Epoch [4/20], Time: 2.76s, 
Train Loss: 1.4283, Train Acc: 0.4109, Train F1 Macro: 0.3001, Train F1 Micro: 0.3595, Train RMSE: 1.6053, 
Val Loss: 1.5340, Val Acc: 0.3552, Val F1 Macro: 0.2820, Val F1 Micro: 0.3413, Val RMSE: 1.5620, 
Test Loss: 1.5214, Test Acc: 0.3471, Test F1 Macro: 0.2788, Test F1 Micro: 0.3501, Test RMSE: 1.5748

Epoch [5/20], Time: 2.73s, 
Train Loss: 1.3343, Train Acc: 0.4599, Train F1 Macro: 0.3277, Train F1 Micro: 0.3796, Train RMSE: 1.5724, 
Val Loss: 1.5802, Val Acc: 0.3335, Val F1 Macro: 0.2890, Val F1 Micro: 0.3397, Val RMSE: 1.5594, 
Test Loss: 1.5587, Test Acc: 0.3436, Test F1 Macro: 0.2874, Test F1 Micro: 0.3488, Test RMSE: 1.5694

Epoch [6/20], Time: 2.84s, 
Train Loss: 1.2171, Train Acc: 0.5153, Train F1 Macro: 0.3563, Train F1 Micro: 0.4022, Train RMSE: 1.5364, 
Val Loss: 1.6196, Val Acc: 0.3448, Val F1 Macro: 0.2919, Val F1 Micro: 0.3406, Val RMSE: 1.5713, 
Test Loss: 1.5925, Test Acc: 0.3436, Test F1 Macro: 0.2897, Test F1 Micro: 0.3479, Test RMSE: 1.5868

Epoch [7/20], Time: 2.89s, 
Train Loss: 1.0801, Train Acc: 0.5791, Train F1 Macro: 0.3866, Train F1 Micro: 0.4275, Train RMSE: 1.4968, 
Val Loss: 1.7233, Val Acc: 0.3330, Val F1 Macro: 0.2911, Val F1 Micro: 0.3395, Val RMSE: 1.5801, 
Test Loss: 1.6968, Test Acc: 0.3393, Test F1 Macro: 0.2897, Test F1 Micro: 0.3467, Test RMSE: 1.5971

Epoch [8/20], Time: 2.78s, 
Train Loss: 0.9389, Train Acc: 0.6394, Train F1 Macro: 0.4173, Train F1 Micro: 0.4540, Train RMSE: 1.4538, 
Val Loss: 1.8537, Val Acc: 0.3256, Val F1 Macro: 0.2906, Val F1 Micro: 0.3378, Val RMSE: 1.5899, 
Test Loss: 1.8388, Test Acc: 0.3245, Test F1 Macro: 0.2900, Test F1 Micro: 0.3439, Test RMSE: 1.6028

Epoch [9/20], Time: 2.79s, 
Train Loss: 0.8021, Train Acc: 0.6944, Train F1 Macro: 0.4478, Train F1 Micro: 0.4807, Train RMSE: 1.4113, 
Val Loss: 2.0391, Val Acc: 0.3291, Val F1 Macro: 0.2904, Val F1 Micro: 0.3368, Val RMSE: 1.5935, 
Test Loss: 1.9852, Test Acc: 0.3402, Test F1 Macro: 0.2913, Test F1 Micro: 0.3435, Test RMSE: 1.6040

Epoch [10/20], Time: 2.79s, 
Train Loss: 0.7074, Train Acc: 0.7340, Train F1 Macro: 0.4761, Train F1 Micro: 0.5060, Train RMSE: 1.3719, 
Val Loss: 2.1755, Val Acc: 0.3161, Val F1 Macro: 0.2903, Val F1 Micro: 0.3347, Val RMSE: 1.5978, 
Test Loss: 2.1217, Test Acc: 0.3349, Test F1 Macro: 0.2933, Test F1 Micro: 0.3426, Test RMSE: 1.6045

Epoch [11/20], Time: 2.85s, 
Train Loss: 0.6076, Train Acc: 0.7735, Train F1 Macro: 0.5030, Train F1 Micro: 0.5303, Train RMSE: 1.3334, 
Val Loss: 2.4161, Val Acc: 0.3087, Val F1 Macro: 0.2905, Val F1 Micro: 0.3324, Val RMSE: 1.6024, 
Test Loss: 2.3409, Test Acc: 0.3358, Test F1 Macro: 0.2965, Test F1 Micro: 0.3420, Test RMSE: 1.6080

Epoch [12/20], Time: 3.10s, 
Train Loss: 0.5286, Train Acc: 0.8054, Train F1 Macro: 0.5283, Train F1 Micro: 0.5533, Train RMSE: 1.2967, 
Val Loss: 2.6151, Val Acc: 0.3100, Val F1 Macro: 0.2901, Val F1 Micro: 0.3305, Val RMSE: 1.6037, 
Test Loss: 2.5760, Test Acc: 0.3236, Test F1 Macro: 0.2967, Test F1 Micro: 0.3405, Test RMSE: 1.6115

Epoch [13/20], Time: 3.03s, 
Train Loss: 0.4636, Train Acc: 0.8320, Train F1 Macro: 0.5518, Train F1 Micro: 0.5747, Train RMSE: 1.2627, 
Val Loss: 2.8316, Val Acc: 0.3121, Val F1 Macro: 0.2897, Val F1 Micro: 0.3291, Val RMSE: 1.6070, 
Test Loss: 2.7709, Test Acc: 0.3280, Test F1 Macro: 0.2971, Test F1 Micro: 0.3395, Test RMSE: 1.6165

Epoch [14/20], Time: 2.91s, 
Train Loss: 0.4161, Train Acc: 0.8510, Train F1 Macro: 0.5733, Train F1 Micro: 0.5944, Train RMSE: 1.2304, 
Val Loss: 3.0577, Val Acc: 0.3047, Val F1 Macro: 0.2885, Val F1 Micro: 0.3274, Val RMSE: 1.6120, 
Test Loss: 2.9438, Test Acc: 0.3336, Test F1 Macro: 0.2976, Test F1 Micro: 0.3391, Test RMSE: 1.6208

Epoch [15/20], Time: 2.92s, 
Train Loss: 0.3753, Train Acc: 0.8642, Train F1 Macro: 0.5927, Train F1 Micro: 0.6124, Train RMSE: 1.2010, 
Val Loss: 3.2211, Val Acc: 0.3017, Val F1 Macro: 0.2879, Val F1 Micro: 0.3256, Val RMSE: 1.6160, 
Test Loss: 3.0967, Test Acc: 0.3253, Test F1 Macro: 0.2979, Test F1 Micro: 0.3382, Test RMSE: 1.6244

Epoch [16/20], Time: 2.90s, 
Train Loss: 0.3238, Train Acc: 0.8858, Train F1 Macro: 0.6111, Train F1 Micro: 0.6295, Train RMSE: 1.1731, 
Val Loss: 3.4495, Val Acc: 0.3065, Val F1 Macro: 0.2874, Val F1 Micro: 0.3244, Val RMSE: 1.6202, 
Test Loss: 3.3623, Test Acc: 0.3245, Test F1 Macro: 0.2981, Test F1 Micro: 0.3373, Test RMSE: 1.6286

Epoch [17/20], Time: 3.11s, 
Train Loss: 0.3211, Train Acc: 0.8876, Train F1 Macro: 0.6274, Train F1 Micro: 0.6447, Train RMSE: 1.1477, 
Val Loss: 3.6309, Val Acc: 0.3165, Val F1 Macro: 0.2870, Val F1 Micro: 0.3240, Val RMSE: 1.6217, 
Test Loss: 3.5466, Test Acc: 0.3223, Test F1 Macro: 0.2973, Test F1 Micro: 0.3364, Test RMSE: 1.6310

Epoch [18/20], Time: 2.91s, 
Train Loss: 0.2842, Train Acc: 0.9032, Train F1 Macro: 0.6428, Train F1 Micro: 0.6590, Train RMSE: 1.1232, 
Val Loss: 3.8049, Val Acc: 0.3095, Val F1 Macro: 0.2862, Val F1 Micro: 0.3232, Val RMSE: 1.6258, 
Test Loss: 3.6872, Test Acc: 0.3179, Test F1 Macro: 0.2964, Test F1 Micro: 0.3354, Test RMSE: 1.6350

Epoch [19/20], Time: 2.92s, 
Train Loss: 0.2742, Train Acc: 0.9033, Train F1 Macro: 0.6566, Train F1 Micro: 0.6719, Train RMSE: 1.1012, 
Val Loss: 3.9190, Val Acc: 0.3126, Val F1 Macro: 0.2861, Val F1 Micro: 0.3226, Val RMSE: 1.6299, 
Test Loss: 3.7874, Test Acc: 0.3075, Test F1 Macro: 0.2954, Test F1 Micro: 0.3339, Test RMSE: 1.6401

Epoch [20/20], Time: 2.94s, 
Train Loss: 0.2449, Train Acc: 0.9164, Train F1 Macro: 0.6696, Train F1 Micro: 0.6841, Train RMSE: 1.0804, 
Val Loss: 4.1446, Val Acc: 0.3087, Val F1 Macro: 0.2857, Val F1 Micro: 0.3219, Val RMSE: 1.6328, 
Test Loss: 3.9700, Test Acc: 0.3092, Test F1 Macro: 0.2947, Test F1 Micro: 0.3327, Test RMSE: 1.6436

Total Training Time: 57.90s

Test Loss: 1.5214, Test Acc: 0.3471, Test F1 Macro: 0.3057, Test F1 Micro: 0.3471, Test RMSE: 1.6558
===== SEED 13 =====
PyTorch Version : 2.11.0+cu128
cuda
3.7.credibility.pt
***** Best Result Updated at Epoch 1, Val Loss: 1.5661 *****
Epoch [1/20], Time: 3.10s, 
Train Loss: 1.6121, Train Acc: 0.3093, Train F1 Macro: 0.2141, Train F1 Micro: 0.3093, Train RMSE: 1.7190, 
Val Loss: 1.5661, Val Acc: 0.3370, Val F1 Macro: 0.2241, Val F1 Micro: 0.3370, Val RMSE: 1.6650, 
Test Loss: 1.5423, Test Acc: 0.3428, Test F1 Macro: 0.2127, Test F1 Micro: 0.3428, Test RMSE: 1.6561

***** Best Result Updated at Epoch 2, Val Loss: 1.5425 *****
Epoch [2/20], Time: 2.86s, 
Train Loss: 1.5302, Train Acc: 0.3539, Train F1 Macro: 0.2485, Train F1 Micro: 0.3316, Train RMSE: 1.6564, 
Val Loss: 1.5425, Val Acc: 0.3509, Val F1 Macro: 0.2303, Val F1 Micro: 0.3439, Val RMSE: 1.6304, 
Test Loss: 1.5158, Test Acc: 0.3515, Test F1 Macro: 0.2221, Test F1 Micro: 0.3471, Test RMSE: 1.6211

***** Best Result Updated at Epoch 3, Val Loss: 1.5319 *****
Epoch [3/20], Time: 2.76s, 
Train Loss: 1.4845, Train Acc: 0.3780, Train F1 Macro: 0.2754, Train F1 Micro: 0.3471, Train RMSE: 1.6196, 
Val Loss: 1.5319, Val Acc: 0.3557, Val F1 Macro: 0.2614, Val F1 Micro: 0.3478, Val RMSE: 1.6037, 
Test Loss: 1.5095, Test Acc: 0.3567, Test F1 Macro: 0.2555, Test F1 Micro: 0.3503, Test RMSE: 1.6042

Epoch [4/20], Time: 2.75s, 
Train Loss: 1.4218, Train Acc: 0.4171, Train F1 Macro: 0.3026, Train F1 Micro: 0.3646, Train RMSE: 1.5914, 
Val Loss: 1.5405, Val Acc: 0.3474, Val F1 Macro: 0.2764, Val F1 Micro: 0.3477, Val RMSE: 1.5859, 
Test Loss: 1.5130, Test Acc: 0.3571, Test F1 Macro: 0.2698, Test F1 Micro: 0.3520, Test RMSE: 1.5954

Epoch [5/20], Time: 2.79s, 
Train Loss: 1.3301, Train Acc: 0.4607, Train F1 Macro: 0.3290, Train F1 Micro: 0.3838, Train RMSE: 1.5563, 
Val Loss: 1.5807, Val Acc: 0.3404, Val F1 Macro: 0.2848, Val F1 Micro: 0.3463, Val RMSE: 1.5817, 
Test Loss: 1.5383, Test Acc: 0.3593, Test F1 Macro: 0.2822, Test F1 Micro: 0.3535, Test RMSE: 1.5929

Epoch [6/20], Time: 2.84s, 
Train Loss: 1.2101, Train Acc: 0.5161, Train F1 Macro: 0.3573, Train F1 Micro: 0.4058, Train RMSE: 1.5196, 
Val Loss: 1.6342, Val Acc: 0.3335, Val F1 Macro: 0.2889, Val F1 Micro: 0.3441, Val RMSE: 1.5877, 
Test Loss: 1.6052, Test Acc: 0.3510, Test F1 Macro: 0.2877, Test F1 Micro: 0.3531, Test RMSE: 1.5978

Epoch [7/20], Time: 2.94s, 
Train Loss: 1.0787, Train Acc: 0.5819, Train F1 Macro: 0.3880, Train F1 Micro: 0.4310, Train RMSE: 1.4814, 
Val Loss: 1.7328, Val Acc: 0.3222, Val F1 Macro: 0.2900, Val F1 Micro: 0.3410, Val RMSE: 1.5876, 
Test Loss: 1.6666, Test Acc: 0.3489, Test F1 Macro: 0.2912, Test F1 Micro: 0.3525, Test RMSE: 1.5952

Epoch [8/20], Time: 2.81s, 
Train Loss: 0.9327, Train Acc: 0.6434, Train F1 Macro: 0.4194, Train F1 Micro: 0.4576, Train RMSE: 1.4402, 
Val Loss: 1.8748, Val Acc: 0.3265, Val F1 Macro: 0.2902, Val F1 Micro: 0.3392, Val RMSE: 1.5898, 
Test Loss: 1.8150, Test Acc: 0.3528, Test F1 Macro: 0.2937, Test F1 Micro: 0.3525, Test RMSE: 1.5963

Epoch [9/20], Time: 2.80s, 
Train Loss: 0.7976, Train Acc: 0.7015, Train F1 Macro: 0.4508, Train F1 Micro: 0.4847, Train RMSE: 1.3987, 
Val Loss: 2.0331, Val Acc: 0.3026, Val F1 Macro: 0.2909, Val F1 Micro: 0.3351, Val RMSE: 1.6066, 
Test Loss: 1.9583, Test Acc: 0.3345, Test F1 Macro: 0.2974, Test F1 Micro: 0.3505, Test RMSE: 1.6139

Epoch [10/20], Time: 2.80s, 
Train Loss: 0.6769, Train Acc: 0.7485, Train F1 Macro: 0.4808, Train F1 Micro: 0.5110, Train RMSE: 1.3596, 
Val Loss: 2.2187, Val Acc: 0.3148, Val F1 Macro: 0.2904, Val F1 Micro: 0.3331, Val RMSE: 1.6165, 
Test Loss: 2.1397, Test Acc: 0.3358, Test F1 Macro: 0.2978, Test F1 Micro: 0.3490, Test RMSE: 1.6243

Epoch [11/20], Time: 2.86s, 
Train Loss: 0.5814, Train Acc: 0.7926, Train F1 Macro: 0.5095, Train F1 Micro: 0.5366, Train RMSE: 1.3194, 
Val Loss: 2.4120, Val Acc: 0.3191, Val F1 Macro: 0.2904, Val F1 Micro: 0.3318, Val RMSE: 1.6203, 
Test Loss: 2.3313, Test Acc: 0.3367, Test F1 Macro: 0.2986, Test F1 Micro: 0.3479, Test RMSE: 1.6291

Epoch [12/20], Time: 3.01s, 
Train Loss: 0.4968, Train Acc: 0.8178, Train F1 Macro: 0.5355, Train F1 Micro: 0.5601, Train RMSE: 1.2835, 
Val Loss: 2.5867, Val Acc: 0.3108, Val F1 Macro: 0.2902, Val F1 Micro: 0.3301, Val RMSE: 1.6251, 
Test Loss: 2.5275, Test Acc: 0.3275, Test F1 Macro: 0.2987, Test F1 Micro: 0.3462, Test RMSE: 1.6371

Epoch [13/20], Time: 2.88s, 
Train Loss: 0.4314, Train Acc: 0.8453, Train F1 Macro: 0.5597, Train F1 Micro: 0.5820, Train RMSE: 1.2499, 
Val Loss: 2.7779, Val Acc: 0.3026, Val F1 Macro: 0.2895, Val F1 Micro: 0.3280, Val RMSE: 1.6304, 
Test Loss: 2.7072, Test Acc: 0.3206, Test F1 Macro: 0.2984, Test F1 Micro: 0.3442, Test RMSE: 1.6434

Epoch [14/20], Time: 2.95s, 
Train Loss: 0.3803, Train Acc: 0.8664, Train F1 Macro: 0.5819, Train F1 Micro: 0.6023, Train RMSE: 1.2178, 
Val Loss: 3.0158, Val Acc: 0.3082, Val F1 Macro: 0.2898, Val F1 Micro: 0.3265, Val RMSE: 1.6341, 
Test Loss: 2.9505, Test Acc: 0.3201, Test F1 Macro: 0.2986, Test F1 Micro: 0.3425, Test RMSE: 1.6493

Epoch [15/20], Time: 2.93s, 
Train Loss: 0.3377, Train Acc: 0.8805, Train F1 Macro: 0.6021, Train F1 Micro: 0.6209, Train RMSE: 1.1880, 
Val Loss: 3.2241, Val Acc: 0.3152, Val F1 Macro: 0.2894, Val F1 Micro: 0.3258, Val RMSE: 1.6352, 
Test Loss: 3.1316, Test Acc: 0.3310, Test F1 Macro: 0.2984, Test F1 Micro: 0.3418, Test RMSE: 1.6492

Epoch [16/20], Time: 2.97s, 
Train Loss: 0.3103, Train Acc: 0.8913, Train F1 Macro: 0.6203, Train F1 Micro: 0.6378, Train RMSE: 1.1607, 
Val Loss: 3.4420, Val Acc: 0.3117, Val F1 Macro: 0.2889, Val F1 Micro: 0.3249, Val RMSE: 1.6359, 
Test Loss: 3.3283, Test Acc: 0.3210, Test F1 Macro: 0.2977, Test F1 Micro: 0.3405, Test RMSE: 1.6514

Epoch [17/20], Time: 3.17s, 
Train Loss: 0.2939, Train Acc: 0.8973, Train F1 Macro: 0.6368, Train F1 Micro: 0.6530, Train RMSE: 1.1357, 
Val Loss: 3.5016, Val Acc: 0.3209, Val F1 Macro: 0.2893, Val F1 Micro: 0.3247, Val RMSE: 1.6367, 
Test Loss: 3.3983, Test Acc: 0.3306, Test F1 Macro: 0.2976, Test F1 Micro: 0.3399, Test RMSE: 1.6531

Epoch [18/20], Time: 2.99s, 
Train Loss: 0.2628, Train Acc: 0.9085, Train F1 Macro: 0.6521, Train F1 Micro: 0.6672, Train RMSE: 1.1115, 
Val Loss: 3.8060, Val Acc: 0.3161, Val F1 Macro: 0.2893, Val F1 Micro: 0.3242, Val RMSE: 1.6384, 
Test Loss: 3.6554, Test Acc: 0.3275, Test F1 Macro: 0.2975, Test F1 Micro: 0.3392, Test RMSE: 1.6546

Epoch [19/20], Time: 3.02s, 
Train Loss: 0.2410, Train Acc: 0.9183, Train F1 Macro: 0.6663, Train F1 Micro: 0.6804, Train RMSE: 1.0889, 
Val Loss: 3.8458, Val Acc: 0.3091, Val F1 Macro: 0.2892, Val F1 Micro: 0.3234, Val RMSE: 1.6418, 
Test Loss: 3.7122, Test Acc: 0.3236, Test F1 Macro: 0.2977, Test F1 Micro: 0.3384, Test RMSE: 1.6578

Epoch [20/20], Time: 2.98s, 
Train Loss: 0.2438, Train Acc: 0.9167, Train F1 Macro: 0.6789, Train F1 Micro: 0.6923, Train RMSE: 1.0680, 
Val Loss: 4.0340, Val Acc: 0.3021, Val F1 Macro: 0.2882, Val F1 Micro: 0.3223, Val RMSE: 1.6447, 
Test Loss: 3.8776, Test Acc: 0.3275, Test F1 Macro: 0.2973, Test F1 Micro: 0.3378, Test RMSE: 1.6589

Total Training Time: 58.22s

Test Loss: 1.5095, Test Acc: 0.3567, Test F1 Macro: 0.2930, Test F1 Micro: 0.3567, Test RMSE: 1.5699
===== SEED 77 =====
PyTorch Version : 2.11.0+cu128
cuda
3.7.credibility.pt
***** Best Result Updated at Epoch 1, Val Loss: 1.5468 *****
Epoch [1/20], Time: 3.25s, 
Train Loss: 1.6099, Train Acc: 0.3122, Train F1 Macro: 0.2056, Train F1 Micro: 0.3122, Train RMSE: 1.6694, 
Val Loss: 1.5468, Val Acc: 0.3444, Val F1 Macro: 0.2449, Val F1 Micro: 0.3444, Val RMSE: 1.6132, 
Test Loss: 1.5310, Test Acc: 0.3589, Test F1 Macro: 0.2518, Test F1 Micro: 0.3589, Test RMSE: 1.5980

***** Best Result Updated at Epoch 2, Val Loss: 1.5320 *****
Epoch [2/20], Time: 2.88s, 
Train Loss: 1.5348, Train Acc: 0.3540, Train F1 Macro: 0.2445, Train F1 Micro: 0.3331, Train RMSE: 1.6352, 
Val Loss: 1.5320, Val Acc: 0.3496, Val F1 Macro: 0.2520, Val F1 Micro: 0.3470, Val RMSE: 1.5652, 
Test Loss: 1.5151, Test Acc: 0.3541, Test F1 Macro: 0.2519, Test F1 Micro: 0.3565, Test RMSE: 1.5634

***** Best Result Updated at Epoch 3, Val Loss: 1.5270 *****
Epoch [3/20], Time: 2.76s, 
Train Loss: 1.4867, Train Acc: 0.3747, Train F1 Macro: 0.2701, Train F1 Micro: 0.3469, Train RMSE: 1.6104, 
Val Loss: 1.5270, Val Acc: 0.3522, Val F1 Macro: 0.2603, Val F1 Micro: 0.3487, Val RMSE: 1.5968, 
Test Loss: 1.5149, Test Acc: 0.3467, Test F1 Macro: 0.2564, Test F1 Micro: 0.3532, Test RMSE: 1.6084

Epoch [4/20], Time: 2.77s, 
Train Loss: 1.4215, Train Acc: 0.4125, Train F1 Macro: 0.2966, Train F1 Micro: 0.3633, Train RMSE: 1.5836, 
Val Loss: 1.5354, Val Acc: 0.3435, Val F1 Macro: 0.2723, Val F1 Micro: 0.3474, Val RMSE: 1.5915, 
Test Loss: 1.5143, Test Acc: 0.3528, Test F1 Macro: 0.2714, Test F1 Micro: 0.3531, Test RMSE: 1.6034

Epoch [5/20], Time: 2.78s, 
Train Loss: 1.3289, Train Acc: 0.4572, Train F1 Macro: 0.3236, Train F1 Micro: 0.3821, Train RMSE: 1.5524, 
Val Loss: 1.5689, Val Acc: 0.3413, Val F1 Macro: 0.2780, Val F1 Micro: 0.3462, Val RMSE: 1.6053, 
Test Loss: 1.5609, Test Acc: 0.3397, Test F1 Macro: 0.2760, Test F1 Micro: 0.3504, Test RMSE: 1.6274

Epoch [6/20], Time: 2.76s, 
Train Loss: 1.2224, Train Acc: 0.5021, Train F1 Macro: 0.3511, Train F1 Micro: 0.4021, Train RMSE: 1.5187, 
Val Loss: 1.6170, Val Acc: 0.3413, Val F1 Macro: 0.2774, Val F1 Micro: 0.3454, Val RMSE: 1.6122, 
Test Loss: 1.6056, Test Acc: 0.3463, Test F1 Macro: 0.2753, Test F1 Micro: 0.3497, Test RMSE: 1.6323

Epoch [7/20], Time: 2.93s, 
Train Loss: 1.0802, Train Acc: 0.5705, Train F1 Macro: 0.3815, Train F1 Micro: 0.4262, Train RMSE: 1.4774, 
Val Loss: 1.7175, Val Acc: 0.3235, Val F1 Macro: 0.2807, Val F1 Micro: 0.3422, Val RMSE: 1.6055, 
Test Loss: 1.7019, Test Acc: 0.3345, Test F1 Macro: 0.2798, Test F1 Micro: 0.3476, Test RMSE: 1.6269

Epoch [8/20], Time: 2.80s, 
Train Loss: 0.9536, Train Acc: 0.6275, Train F1 Macro: 0.4118, Train F1 Micro: 0.4513, Train RMSE: 1.4362, 
Val Loss: 1.8338, Val Acc: 0.3174, Val F1 Macro: 0.2842, Val F1 Micro: 0.3391, Val RMSE: 1.6108, 
Test Loss: 1.8065, Test Acc: 0.3267, Test F1 Macro: 0.2845, Test F1 Micro: 0.3449, Test RMSE: 1.6349

Epoch [9/20], Time: 2.80s, 
Train Loss: 0.8210, Train Acc: 0.6807, Train F1 Macro: 0.4416, Train F1 Micro: 0.4768, Train RMSE: 1.3943, 
Val Loss: 2.0335, Val Acc: 0.3126, Val F1 Macro: 0.2846, Val F1 Micro: 0.3362, Val RMSE: 1.6121, 
Test Loss: 1.9740, Test Acc: 0.3179, Test F1 Macro: 0.2849, Test F1 Micro: 0.3419, Test RMSE: 1.6378

Epoch [10/20], Time: 2.81s, 
Train Loss: 0.7081, Train Acc: 0.7271, Train F1 Macro: 0.4704, Train F1 Micro: 0.5018, Train RMSE: 1.3541, 
Val Loss: 2.2182, Val Acc: 0.3078, Val F1 Macro: 0.2855, Val F1 Micro: 0.3333, Val RMSE: 1.6195, 
Test Loss: 2.1378, Test Acc: 0.3232, Test F1 Macro: 0.2870, Test F1 Micro: 0.3401, Test RMSE: 1.6437

Epoch [11/20], Time: 2.83s, 
Train Loss: 0.6076, Train Acc: 0.7718, Train F1 Macro: 0.4980, Train F1 Micro: 0.5264, Train RMSE: 1.3158, 
Val Loss: 2.4908, Val Acc: 0.3265, Val F1 Macro: 0.2855, Val F1 Micro: 0.3327, Val RMSE: 1.6219, 
Test Loss: 2.4189, Test Acc: 0.3297, Test F1 Macro: 0.2868, Test F1 Micro: 0.3391, Test RMSE: 1.6462

Epoch [12/20], Time: 3.00s, 
Train Loss: 0.5255, Train Acc: 0.7972, Train F1 Macro: 0.5234, Train F1 Micro: 0.5490, Train RMSE: 1.2787, 
Val Loss: 2.6573, Val Acc: 0.3121, Val F1 Macro: 0.2865, Val F1 Micro: 0.3310, Val RMSE: 1.6262, 
Test Loss: 2.5639, Test Acc: 0.3197, Test F1 Macro: 0.2882, Test F1 Micro: 0.3375, Test RMSE: 1.6515

Epoch [13/20], Time: 2.86s, 
Train Loss: 0.4615, Train Acc: 0.8303, Train F1 Macro: 0.5473, Train F1 Micro: 0.5706, Train RMSE: 1.2439, 
Val Loss: 2.8367, Val Acc: 0.3087, Val F1 Macro: 0.2865, Val F1 Micro: 0.3293, Val RMSE: 1.6313, 
Test Loss: 2.7436, Test Acc: 0.3267, Test F1 Macro: 0.2892, Test F1 Micro: 0.3367, Test RMSE: 1.6558

Epoch [14/20], Time: 2.88s, 
Train Loss: 0.4135, Train Acc: 0.8472, Train F1 Macro: 0.5690, Train F1 Micro: 0.5904, Train RMSE: 1.2122, 
Val Loss: 3.0856, Val Acc: 0.3056, Val F1 Macro: 0.2868, Val F1 Micro: 0.3276, Val RMSE: 1.6353, 
Test Loss: 2.9689, Test Acc: 0.3210, Test F1 Macro: 0.2905, Test F1 Micro: 0.3356, Test RMSE: 1.6592

Epoch [15/20], Time: 2.89s, 
Train Loss: 0.3763, Train Acc: 0.8641, Train F1 Macro: 0.5890, Train F1 Micro: 0.6086, Train RMSE: 1.1829, 
Val Loss: 3.3234, Val Acc: 0.3117, Val F1 Macro: 0.2864, Val F1 Micro: 0.3265, Val RMSE: 1.6392, 
Test Loss: 3.1871, Test Acc: 0.3214, Test F1 Macro: 0.2902, Test F1 Micro: 0.3346, Test RMSE: 1.6635

Epoch [16/20], Time: 2.90s, 
Train Loss: 0.3468, Train Acc: 0.8761, Train F1 Macro: 0.6072, Train F1 Micro: 0.6253, Train RMSE: 1.1559, 
Val Loss: 3.5259, Val Acc: 0.3013, Val F1 Macro: 0.2859, Val F1 Micro: 0.3250, Val RMSE: 1.6387, 
Test Loss: 3.3315, Test Acc: 0.3249, Test F1 Macro: 0.2907, Test F1 Micro: 0.3340, Test RMSE: 1.6634

Epoch [17/20], Time: 3.13s, 
Train Loss: 0.3174, Train Acc: 0.8845, Train F1 Macro: 0.6237, Train F1 Micro: 0.6406, Train RMSE: 1.1307, 
Val Loss: 3.7561, Val Acc: 0.2995, Val F1 Macro: 0.2859, Val F1 Micro: 0.3235, Val RMSE: 1.6382, 
Test Loss: 3.5748, Test Acc: 0.3049, Test F1 Macro: 0.2907, Test F1 Micro: 0.3323, Test RMSE: 1.6626

Epoch [18/20], Time: 2.97s, 
Train Loss: 0.2898, Train Acc: 0.8981, Train F1 Macro: 0.6391, Train F1 Micro: 0.6549, Train RMSE: 1.1063, 
Val Loss: 3.8696, Val Acc: 0.3074, Val F1 Macro: 0.2856, Val F1 Micro: 0.3226, Val RMSE: 1.6410, 
Test Loss: 3.7072, Test Acc: 0.3118, Test F1 Macro: 0.2902, Test F1 Micro: 0.3312, Test RMSE: 1.6659

Epoch [19/20], Time: 2.96s, 
Train Loss: 0.2679, Train Acc: 0.9071, Train F1 Macro: 0.6534, Train F1 Micro: 0.6681, Train RMSE: 1.0838, 
Val Loss: 4.0279, Val Acc: 0.3052, Val F1 Macro: 0.2851, Val F1 Micro: 0.3217, Val RMSE: 1.6438, 
Test Loss: 3.8346, Test Acc: 0.3206, Test F1 Macro: 0.2902, Test F1 Micro: 0.3306, Test RMSE: 1.6689

Epoch [20/20], Time: 2.97s, 
Train Loss: 0.2467, Train Acc: 0.9156, Train F1 Macro: 0.6667, Train F1 Micro: 0.6805, Train RMSE: 1.0628, 
Val Loss: 4.1984, Val Acc: 0.2947, Val F1 Macro: 0.2844, Val F1 Micro: 0.3203, Val RMSE: 1.6475, 
Test Loss: 4.0023, Test Acc: 0.3053, Test F1 Macro: 0.2895, Test F1 Micro: 0.3293, Test RMSE: 1.6736

Total Training Time: 57.95s

Test Loss: 1.5149, Test Acc: 0.3467, Test F1 Macro: 0.2540, Test F1 Micro: 0.3467, Test RMSE: 1.6949
===== SEED 123 =====
PyTorch Version : 2.11.0+cu128
cuda
3.7.credibility.pt
***** Best Result Updated at Epoch 1, Val Loss: 1.5568 *****
Epoch [1/20], Time: 3.15s, 
Train Loss: 1.6054, Train Acc: 0.3086, Train F1 Macro: 0.2196, Train F1 Micro: 0.3086, Train RMSE: 1.6724, 
Val Loss: 1.5568, Val Acc: 0.3261, Val F1 Macro: 0.2639, Val F1 Micro: 0.3261, Val RMSE: 1.5786, 
Test Loss: 1.5372, Test Acc: 0.3306, Test F1 Macro: 0.2571, Test F1 Micro: 0.3306, Test RMSE: 1.5817

***** Best Result Updated at Epoch 2, Val Loss: 1.5382 *****
Epoch [2/20], Time: 2.87s, 
Train Loss: 1.5285, Train Acc: 0.3502, Train F1 Macro: 0.2552, Train F1 Micro: 0.3294, Train RMSE: 1.6333, 
Val Loss: 1.5382, Val Acc: 0.3631, Val F1 Macro: 0.2688, Val F1 Micro: 0.3446, Val RMSE: 1.5749, 
Test Loss: 1.5260, Test Acc: 0.3432, Test F1 Macro: 0.2545, Test F1 Micro: 0.3369, Test RMSE: 1.5876

Epoch [3/20], Time: 2.74s, 
Train Loss: 1.4864, Train Acc: 0.3778, Train F1 Macro: 0.2784, Train F1 Micro: 0.3455, Train RMSE: 1.6015, 
Val Loss: 1.5427, Val Acc: 0.3461, Val F1 Macro: 0.2754, Val F1 Micro: 0.3451, Val RMSE: 1.6149, 
Test Loss: 1.5288, Test Acc: 0.3428, Test F1 Macro: 0.2620, Test F1 Micro: 0.3389, Test RMSE: 1.6272

Epoch [4/20], Time: 2.74s, 
Train Loss: 1.4223, Train Acc: 0.4075, Train F1 Macro: 0.3016, Train F1 Micro: 0.3610, Train RMSE: 1.5730, 
Val Loss: 1.5543, Val Acc: 0.3435, Val F1 Macro: 0.2838, Val F1 Micro: 0.3447, Val RMSE: 1.6390, 
Test Loss: 1.5369, Test Acc: 0.3480, Test F1 Macro: 0.2722, Test F1 Micro: 0.3411, Test RMSE: 1.6545

Epoch [5/20], Time: 2.73s, 
Train Loss: 1.3199, Train Acc: 0.4630, Train F1 Macro: 0.3298, Train F1 Micro: 0.3814, Train RMSE: 1.5386, 
Val Loss: 1.5674, Val Acc: 0.3348, Val F1 Macro: 0.2893, Val F1 Micro: 0.3427, Val RMSE: 1.6283, 
Test Loss: 1.5426, Test Acc: 0.3563, Test F1 Macro: 0.2833, Test F1 Micro: 0.3442, Test RMSE: 1.6384

Epoch [6/20], Time: 2.76s, 
Train Loss: 1.1985, Train Acc: 0.5236, Train F1 Macro: 0.3601, Train F1 Micro: 0.4051, Train RMSE: 1.4984, 
Val Loss: 1.6378, Val Acc: 0.3365, Val F1 Macro: 0.2936, Val F1 Micro: 0.3417, Val RMSE: 1.6126, 
Test Loss: 1.6031, Test Acc: 0.3532, Test F1 Macro: 0.2909, Test F1 Micro: 0.3457, Test RMSE: 1.6176

Epoch [7/20], Time: 2.92s, 
Train Loss: 1.0542, Train Acc: 0.5877, Train F1 Macro: 0.3917, Train F1 Micro: 0.4312, Train RMSE: 1.4572, 
Val Loss: 1.7323, Val Acc: 0.3217, Val F1 Macro: 0.2923, Val F1 Micro: 0.3388, Val RMSE: 1.6110, 
Test Loss: 1.6848, Test Acc: 0.3537, Test F1 Macro: 0.2952, Test F1 Micro: 0.3468, Test RMSE: 1.6094

Epoch [8/20], Time: 2.78s, 
Train Loss: 0.9018, Train Acc: 0.6533, Train F1 Macro: 0.4243, Train F1 Micro: 0.4590, Train RMSE: 1.4140, 
Val Loss: 1.8716, Val Acc: 0.3226, Val F1 Macro: 0.2934, Val F1 Micro: 0.3368, Val RMSE: 1.6179, 
Test Loss: 1.8016, Test Acc: 0.3467, Test F1 Macro: 0.2982, Test F1 Micro: 0.3468, Test RMSE: 1.6140

Epoch [9/20], Time: 2.81s, 
Train Loss: 0.7637, Train Acc: 0.7135, Train F1 Macro: 0.4567, Train F1 Micro: 0.4873, Train RMSE: 1.3717, 
Val Loss: 2.0227, Val Acc: 0.3226, Val F1 Macro: 0.2927, Val F1 Micro: 0.3352, Val RMSE: 1.6224, 
Test Loss: 1.9689, Test Acc: 0.3541, Test F1 Macro: 0.2997, Test F1 Micro: 0.3476, Test RMSE: 1.6138

Epoch [10/20], Time: 2.81s, 
Train Loss: 0.6545, Train Acc: 0.7575, Train F1 Macro: 0.4872, Train F1 Micro: 0.5143, Train RMSE: 1.3307, 
Val Loss: 2.2161, Val Acc: 0.3130, Val F1 Macro: 0.2917, Val F1 Micro: 0.3330, Val RMSE: 1.6295, 
Test Loss: 2.1461, Test Acc: 0.3362, Test F1 Macro: 0.2998, Test F1 Micro: 0.3465, Test RMSE: 1.6178

Epoch [11/20], Time: 2.84s, 
Train Loss: 0.5681, Train Acc: 0.7919, Train F1 Macro: 0.5153, Train F1 Micro: 0.5395, Train RMSE: 1.2927, 
Val Loss: 2.4382, Val Acc: 0.3239, Val F1 Macro: 0.2917, Val F1 Micro: 0.3322, Val RMSE: 1.6321, 
Test Loss: 2.3570, Test Acc: 0.3449, Test F1 Macro: 0.3002, Test F1 Micro: 0.3463, Test RMSE: 1.6196

Epoch [12/20], Time: 2.99s, 
Train Loss: 0.4891, Train Acc: 0.8241, Train F1 Macro: 0.5413, Train F1 Micro: 0.5632, Train RMSE: 1.2564, 
Val Loss: 2.6113, Val Acc: 0.3121, Val F1 Macro: 0.2916, Val F1 Micro: 0.3305, Val RMSE: 1.6354, 
Test Loss: 2.5159, Test Acc: 0.3362, Test F1 Macro: 0.3009, Test F1 Micro: 0.3455, Test RMSE: 1.6229

Epoch [13/20], Time: 2.87s, 
Train Loss: 0.4265, Train Acc: 0.8471, Train F1 Macro: 0.5652, Train F1 Micro: 0.5851, Train RMSE: 1.2229, 
Val Loss: 2.8500, Val Acc: 0.3191, Val F1 Macro: 0.2916, Val F1 Micro: 0.3296, Val RMSE: 1.6410, 
Test Loss: 2.7312, Test Acc: 0.3223, Test F1 Macro: 0.3002, Test F1 Micro: 0.3437, Test RMSE: 1.6294

Epoch [14/20], Time: 2.90s, 
Train Loss: 0.3791, Train Acc: 0.8675, Train F1 Macro: 0.5872, Train F1 Micro: 0.6052, Train RMSE: 1.1914, 
Val Loss: 3.0601, Val Acc: 0.3187, Val F1 Macro: 0.2913, Val F1 Micro: 0.3288, Val RMSE: 1.6456, 
Test Loss: 2.9692, Test Acc: 0.3245, Test F1 Macro: 0.2993, Test F1 Micro: 0.3423, Test RMSE: 1.6333

Epoch [15/20], Time: 2.88s, 
Train Loss: 0.3384, Train Acc: 0.8803, Train F1 Macro: 0.6070, Train F1 Micro: 0.6236, Train RMSE: 1.1621, 
Val Loss: 3.2559, Val Acc: 0.3261, Val F1 Macro: 0.2911, Val F1 Micro: 0.3287, Val RMSE: 1.6495, 
Test Loss: 3.1732, Test Acc: 0.3380, Test F1 Macro: 0.2989, Test F1 Micro: 0.3420, Test RMSE: 1.6370

Epoch [16/20], Time: 2.90s, 
Train Loss: 0.3151, Train Acc: 0.8907, Train F1 Macro: 0.6250, Train F1 Micro: 0.6403, Train RMSE: 1.1353, 
Val Loss: 3.3736, Val Acc: 0.3174, Val F1 Macro: 0.2915, Val F1 Micro: 0.3280, Val RMSE: 1.6545, 
Test Loss: 3.2580, Test Acc: 0.3184, Test F1 Macro: 0.2985, Test F1 Micro: 0.3406, Test RMSE: 1.6410

Epoch [17/20], Time: 3.07s, 
Train Loss: 0.2828, Train Acc: 0.9004, Train F1 Macro: 0.6414, Train F1 Micro: 0.6556, Train RMSE: 1.1104, 
Val Loss: 3.5939, Val Acc: 0.3121, Val F1 Macro: 0.2913, Val F1 Micro: 0.3270, Val RMSE: 1.6597, 
Test Loss: 3.4783, Test Acc: 0.3193, Test F1 Macro: 0.2983, Test F1 Micro: 0.3393, Test RMSE: 1.6447

Epoch [18/20], Time: 2.91s, 
Train Loss: 0.2644, Train Acc: 0.9096, Train F1 Macro: 0.6565, Train F1 Micro: 0.6697, Train RMSE: 1.0869, 
Val Loss: 3.7493, Val Acc: 0.3108, Val F1 Macro: 0.2903, Val F1 Micro: 0.3261, Val RMSE: 1.6633, 
Test Loss: 3.6584, Test Acc: 0.3280, Test F1 Macro: 0.2980, Test F1 Micro: 0.3387, Test RMSE: 1.6462

Epoch [19/20], Time: 2.94s, 
Train Loss: 0.2445, Train Acc: 0.9168, Train F1 Macro: 0.6703, Train F1 Micro: 0.6827, Train RMSE: 1.0650, 
Val Loss: 3.9341, Val Acc: 0.3165, Val F1 Macro: 0.2903, Val F1 Micro: 0.3256, Val RMSE: 1.6639, 
Test Loss: 3.8240, Test Acc: 0.3227, Test F1 Macro: 0.2978, Test F1 Micro: 0.3378, Test RMSE: 1.6471

Epoch [20/20], Time: 2.95s, 
Train Loss: 0.2376, Train Acc: 0.9184, Train F1 Macro: 0.6829, Train F1 Micro: 0.6945, Train RMSE: 1.0448, 
Val Loss: 3.9737, Val Acc: 0.3069, Val F1 Macro: 0.2899, Val F1 Micro: 0.3247, Val RMSE: 1.6682, 
Test Loss: 3.8546, Test Acc: 0.3193, Test F1 Macro: 0.2975, Test F1 Micro: 0.3369, Test RMSE: 1.6507

Total Training Time: 57.58s

Test Loss: 1.5260, Test Acc: 0.3432, Test F1 Macro: 0.2187, Test F1 Micro: 0.3432, Test RMSE: 1.5935
