===== SEED 42 =====
PyTorch Version : 2.11.0+cu128
cuda
3.7.credibility.pt
***** Best Result Updated at Epoch 1, Val Loss: 1.5949 *****
Epoch [1/20], Time: 3.05s, 
Train Loss: 1.6042, Train Acc: 0.3100, Train F1 Macro: 0.2187, Train F1 Micro: 0.3100, Train RMSE: 1.6624, 
Val Loss: 1.5949, Val Acc: 0.3026, Val F1 Macro: 0.1325, Val F1 Micro: 0.3026, Val RMSE: 1.9092, 
Test Loss: 1.5791, Test Acc: 0.3123, Test F1 Macro: 0.1422, Test F1 Micro: 0.3123, Test RMSE: 1.8850

***** Best Result Updated at Epoch 2, Val Loss: 1.5505 *****
Epoch [2/20], Time: 2.79s, 
Train Loss: 1.5331, Train Acc: 0.3443, Train F1 Macro: 0.2485, Train F1 Micro: 0.3271, Train RMSE: 1.6231, 
Val Loss: 1.5505, Val Acc: 0.3387, Val F1 Macro: 0.1935, Val F1 Micro: 0.3206, Val RMSE: 1.7448, 
Test Loss: 1.5366, Test Acc: 0.3436, Test F1 Macro: 0.1908, Test F1 Micro: 0.3280, Test RMSE: 1.7283

***** Best Result Updated at Epoch 3, Val Loss: 1.5433 *****
Epoch [3/20], Time: 2.71s, 
Train Loss: 1.4851, Train Acc: 0.3797, Train F1 Macro: 0.2785, Train F1 Micro: 0.3446, Train RMSE: 1.5963, 
Val Loss: 1.5433, Val Acc: 0.3409, Val F1 Macro: 0.2193, Val F1 Micro: 0.3274, Val RMSE: 1.6937, 
Test Loss: 1.5365, Test Acc: 0.3410, Test F1 Macro: 0.2122, Test F1 Micro: 0.3323, Test RMSE: 1.6830

Epoch [4/20], Time: 2.62s, 
Train Loss: 1.4157, Train Acc: 0.4202, Train F1 Macro: 0.3071, Train F1 Micro: 0.3635, Train RMSE: 1.5710, 
Val Loss: 1.5474, Val Acc: 0.3317, Val F1 Macro: 0.2352, Val F1 Micro: 0.3285, Val RMSE: 1.6860, 
Test Loss: 1.5301, Test Acc: 0.3397, Test F1 Macro: 0.2307, Test F1 Micro: 0.3342, Test RMSE: 1.6774

Epoch [5/20], Time: 2.63s, 
Train Loss: 1.3155, Train Acc: 0.4659, Train F1 Macro: 0.3342, Train F1 Micro: 0.3840, Train RMSE: 1.5397, 
Val Loss: 1.6058, Val Acc: 0.3291, Val F1 Macro: 0.2423, Val F1 Micro: 0.3286, Val RMSE: 1.7053, 
Test Loss: 1.5864, Test Acc: 0.3314, Test F1 Macro: 0.2398, Test F1 Micro: 0.3336, Test RMSE: 1.6991

Epoch [6/20], Time: 2.64s, 
Train Loss: 1.1943, Train Acc: 0.5208, Train F1 Macro: 0.3632, Train F1 Micro: 0.4068, Train RMSE: 1.5040, 
Val Loss: 1.6409, Val Acc: 0.3361, Val F1 Macro: 0.2503, Val F1 Micro: 0.3299, Val RMSE: 1.6940, 
Test Loss: 1.6098, Test Acc: 0.3362, Test F1 Macro: 0.2471, Test F1 Micro: 0.3341, Test RMSE: 1.6918

Epoch [7/20], Time: 2.78s, 
Train Loss: 1.0606, Train Acc: 0.5830, Train F1 Macro: 0.3935, Train F1 Micro: 0.4320, Train RMSE: 1.4646, 
Val Loss: 1.7186, Val Acc: 0.3143, Val F1 Macro: 0.2581, Val F1 Micro: 0.3276, Val RMSE: 1.6891, 
Test Loss: 1.6988, Test Acc: 0.3193, Test F1 Macro: 0.2564, Test F1 Micro: 0.3319, Test RMSE: 1.6861

Epoch [8/20], Time: 2.68s, 
Train Loss: 0.9112, Train Acc: 0.6512, Train F1 Macro: 0.4254, Train F1 Micro: 0.4594, Train RMSE: 1.4232, 
Val Loss: 1.8828, Val Acc: 0.3204, Val F1 Macro: 0.2613, Val F1 Micro: 0.3267, Val RMSE: 1.6922, 
Test Loss: 1.8618, Test Acc: 0.3336, Test F1 Macro: 0.2619, Test F1 Micro: 0.3322, Test RMSE: 1.6894

Epoch [9/20], Time: 2.70s, 
Train Loss: 0.7763, Train Acc: 0.7084, Train F1 Macro: 0.4568, Train F1 Micro: 0.4870, Train RMSE: 1.3806, 
Val Loss: 2.0405, Val Acc: 0.2891, Val F1 Macro: 0.2630, Val F1 Micro: 0.3225, Val RMSE: 1.6983, 
Test Loss: 1.9879, Test Acc: 0.3188, Test F1 Macro: 0.2676, Test F1 Micro: 0.3307, Test RMSE: 1.6911

Epoch [10/20], Time: 2.73s, 
Train Loss: 0.6773, Train Acc: 0.7463, Train F1 Macro: 0.4857, Train F1 Micro: 0.5130, Train RMSE: 1.3415, 
Val Loss: 2.2723, Val Acc: 0.2991, Val F1 Macro: 0.2651, Val F1 Micro: 0.3202, Val RMSE: 1.6981, 
Test Loss: 2.2215, Test Acc: 0.3132, Test F1 Macro: 0.2707, Test F1 Micro: 0.3289, Test RMSE: 1.6896

Epoch [11/20], Time: 2.72s, 
Train Loss: 0.5770, Train Acc: 0.7862, Train F1 Macro: 0.5133, Train F1 Micro: 0.5378, Train RMSE: 1.3033, 
Val Loss: 2.4518, Val Acc: 0.3078, Val F1 Macro: 0.2663, Val F1 Micro: 0.3191, Val RMSE: 1.7056, 
Test Loss: 2.3940, Test Acc: 0.3240, Test F1 Macro: 0.2736, Test F1 Micro: 0.3285, Test RMSE: 1.6945

Epoch [12/20], Time: 2.96s, 
Train Loss: 0.5035, Train Acc: 0.8181, Train F1 Macro: 0.5387, Train F1 Micro: 0.5612, Train RMSE: 1.2676, 
Val Loss: 2.6862, Val Acc: 0.2947, Val F1 Macro: 0.2671, Val F1 Micro: 0.3170, Val RMSE: 1.7036, 
Test Loss: 2.5952, Test Acc: 0.3153, Test F1 Macro: 0.2756, Test F1 Micro: 0.3274, Test RMSE: 1.6903

Epoch [13/20], Time: 2.76s, 
Train Loss: 0.4336, Train Acc: 0.8475, Train F1 Macro: 0.5628, Train F1 Micro: 0.5832, Train RMSE: 1.2330, 
Val Loss: 2.8860, Val Acc: 0.2912, Val F1 Macro: 0.2668, Val F1 Micro: 0.3151, Val RMSE: 1.7088, 
Test Loss: 2.8159, Test Acc: 0.3084, Test F1 Macro: 0.2757, Test F1 Micro: 0.3259, Test RMSE: 1.6943

Epoch [14/20], Time: 2.77s, 
Train Loss: 0.3880, Train Acc: 0.8612, Train F1 Macro: 0.5843, Train F1 Micro: 0.6030, Train RMSE: 1.2018, 
Val Loss: 3.1588, Val Acc: 0.2869, Val F1 Macro: 0.2667, Val F1 Micro: 0.3130, Val RMSE: 1.7077, 
Test Loss: 3.0591, Test Acc: 0.3062, Test F1 Macro: 0.2763, Test F1 Micro: 0.3245, Test RMSE: 1.6917

Epoch [15/20], Time: 2.76s, 
Train Loss: 0.3580, Train Acc: 0.8702, Train F1 Macro: 0.6034, Train F1 Micro: 0.6209, Train RMSE: 1.1732, 
Val Loss: 3.3167, Val Acc: 0.2991, Val F1 Macro: 0.2666, Val F1 Micro: 0.3121, Val RMSE: 1.7107, 
Test Loss: 3.2090, Test Acc: 0.3136, Test F1 Macro: 0.2766, Test F1 Micro: 0.3238, Test RMSE: 1.6928

Epoch [16/20], Time: 2.80s, 
Train Loss: 0.3153, Train Acc: 0.8876, Train F1 Macro: 0.6213, Train F1 Micro: 0.6375, Train RMSE: 1.1457, 
Val Loss: 3.4953, Val Acc: 0.2904, Val F1 Macro: 0.2663, Val F1 Micro: 0.3108, Val RMSE: 1.7119, 
Test Loss: 3.3666, Test Acc: 0.3084, Test F1 Macro: 0.2768, Test F1 Micro: 0.3228, Test RMSE: 1.6933

Epoch [17/20], Time: 2.81s, 
Train Loss: 0.2899, Train Acc: 0.8975, Train F1 Macro: 0.6377, Train F1 Micro: 0.6528, Train RMSE: 1.1207, 
Val Loss: 3.7040, Val Acc: 0.2960, Val F1 Macro: 0.2664, Val F1 Micro: 0.3099, Val RMSE: 1.7145, 
Test Loss: 3.5521, Test Acc: 0.3088, Test F1 Macro: 0.2770, Test F1 Micro: 0.3220, Test RMSE: 1.6942

Epoch [18/20], Time: 3.01s, 
Train Loss: 0.2847, Train Acc: 0.9007, Train F1 Macro: 0.6524, Train F1 Micro: 0.6666, Train RMSE: 1.0978, 
Val Loss: 3.8283, Val Acc: 0.2908, Val F1 Macro: 0.2667, Val F1 Micro: 0.3088, Val RMSE: 1.7155, 
Test Loss: 3.6738, Test Acc: 0.3027, Test F1 Macro: 0.2773, Test F1 Micro: 0.3209, Test RMSE: 1.6944

Epoch [19/20], Time: 2.86s, 
Train Loss: 0.2643, Train Acc: 0.9085, Train F1 Macro: 0.6659, Train F1 Micro: 0.6793, Train RMSE: 1.0760, 
Val Loss: 4.0048, Val Acc: 0.2891, Val F1 Macro: 0.2664, Val F1 Micro: 0.3078, Val RMSE: 1.7178, 
Test Loss: 3.8590, Test Acc: 0.3088, Test F1 Macro: 0.2776, Test F1 Micro: 0.3203, Test RMSE: 1.6941

Epoch [20/20], Time: 3.57s, 
Train Loss: 0.2390, Train Acc: 0.9189, Train F1 Macro: 0.6786, Train F1 Micro: 0.6913, Train RMSE: 1.0551, 
Val Loss: 4.1261, Val Acc: 0.2926, Val F1 Macro: 0.2662, Val F1 Micro: 0.3070, Val RMSE: 1.7197, 
Test Loss: 4.0078, Test Acc: 0.3053, Test F1 Macro: 0.2774, Test F1 Micro: 0.3195, Test RMSE: 1.6951

Total Training Time: 56.36s

Test Loss: 1.5365, Test Acc: 0.3410, Test F1 Macro: 0.2429, Test F1 Micro: 0.3410, Test RMSE: 1.5886
===== SEED 7 =====
PyTorch Version : 2.11.0+cu128
cuda
3.7.credibility.pt
***** Best Result Updated at Epoch 1, Val Loss: 1.5836 *****
Epoch [1/20], Time: 3.20s, 
Train Loss: 1.6101, Train Acc: 0.3051, Train F1 Macro: 0.2163, Train F1 Micro: 0.3051, Train RMSE: 1.7095, 
Val Loss: 1.5836, Val Acc: 0.3230, Val F1 Macro: 0.2089, Val F1 Micro: 0.3230, Val RMSE: 1.7234, 
Test Loss: 1.5665, Test Acc: 0.3275, Test F1 Macro: 0.1963, Test F1 Micro: 0.3275, Test RMSE: 1.6947

***** Best Result Updated at Epoch 2, Val Loss: 1.5811 *****
Epoch [2/20], Time: 2.90s, 
Train Loss: 1.5377, Train Acc: 0.3480, Train F1 Macro: 0.2472, Train F1 Micro: 0.3266, Train RMSE: 1.6602, 
Val Loss: 1.5811, Val Acc: 0.3348, Val F1 Macro: 0.2304, Val F1 Micro: 0.3289, Val RMSE: 1.7170, 
Test Loss: 1.5700, Test Acc: 0.3341, Test F1 Macro: 0.2153, Test F1 Micro: 0.3308, Test RMSE: 1.6968

***** Best Result Updated at Epoch 3, Val Loss: 1.5571 *****
Epoch [3/20], Time: 2.74s, 
Train Loss: 1.4940, Train Acc: 0.3740, Train F1 Macro: 0.2744, Train F1 Micro: 0.3424, Train RMSE: 1.6342, 
Val Loss: 1.5571, Val Acc: 0.3322, Val F1 Macro: 0.2402, Val F1 Micro: 0.3300, Val RMSE: 1.6381, 
Test Loss: 1.5454, Test Acc: 0.3332, Test F1 Macro: 0.2294, Test F1 Micro: 0.3316, Test RMSE: 1.6264

***** Best Result Updated at Epoch 4, Val Loss: 1.5493 *****
Epoch [4/20], Time: 2.78s, 
Train Loss: 1.4283, Train Acc: 0.4109, Train F1 Macro: 0.3001, Train F1 Micro: 0.3595, Train RMSE: 1.6053, 
Val Loss: 1.5493, Val Acc: 0.3422, Val F1 Macro: 0.2647, Val F1 Micro: 0.3330, Val RMSE: 1.6442, 
Test Loss: 1.5471, Test Acc: 0.3349, Test F1 Macro: 0.2533, Test F1 Micro: 0.3324, Test RMSE: 1.6530

Epoch [5/20], Time: 2.76s, 
Train Loss: 1.3343, Train Acc: 0.4599, Train F1 Macro: 0.3277, Train F1 Micro: 0.3796, Train RMSE: 1.5724, 
Val Loss: 1.5892, Val Acc: 0.3309, Val F1 Macro: 0.2732, Val F1 Micro: 0.3326, Val RMSE: 1.6311, 
Test Loss: 1.5802, Test Acc: 0.3393, Test F1 Macro: 0.2651, Test F1 Micro: 0.3338, Test RMSE: 1.6436

Epoch [6/20], Time: 2.82s, 
Train Loss: 1.2171, Train Acc: 0.5153, Train F1 Macro: 0.3563, Train F1 Micro: 0.4022, Train RMSE: 1.5364, 
Val Loss: 1.6317, Val Acc: 0.3457, Val F1 Macro: 0.2783, Val F1 Micro: 0.3348, Val RMSE: 1.6369, 
Test Loss: 1.6185, Test Acc: 0.3406, Test F1 Macro: 0.2701, Test F1 Micro: 0.3349, Test RMSE: 1.6570

Epoch [7/20], Time: 3.02s, 
Train Loss: 1.0801, Train Acc: 0.5791, Train F1 Macro: 0.3866, Train F1 Micro: 0.4275, Train RMSE: 1.4968, 
Val Loss: 1.7311, Val Acc: 0.3339, Val F1 Macro: 0.2793, Val F1 Micro: 0.3347, Val RMSE: 1.6399, 
Test Loss: 1.7204, Test Acc: 0.3380, Test F1 Macro: 0.2731, Test F1 Micro: 0.3354, Test RMSE: 1.6600

Epoch [8/20], Time: 2.94s, 
Train Loss: 0.9389, Train Acc: 0.6394, Train F1 Macro: 0.4173, Train F1 Micro: 0.4540, Train RMSE: 1.4538, 
Val Loss: 1.8655, Val Acc: 0.3269, Val F1 Macro: 0.2801, Val F1 Micro: 0.3337, Val RMSE: 1.6458, 
Test Loss: 1.8681, Test Acc: 0.3219, Test F1 Macro: 0.2749, Test F1 Micro: 0.3337, Test RMSE: 1.6647

Epoch [9/20], Time: 2.85s, 
Train Loss: 0.8021, Train Acc: 0.6944, Train F1 Macro: 0.4478, Train F1 Micro: 0.4807, Train RMSE: 1.4113, 
Val Loss: 2.0477, Val Acc: 0.3287, Val F1 Macro: 0.2809, Val F1 Micro: 0.3331, Val RMSE: 1.6463, 
Test Loss: 2.0089, Test Acc: 0.3310, Test F1 Macro: 0.2763, Test F1 Micro: 0.3334, Test RMSE: 1.6629

Epoch [10/20], Time: 2.87s, 
Train Loss: 0.7074, Train Acc: 0.7340, Train F1 Macro: 0.4761, Train F1 Micro: 0.5060, Train RMSE: 1.3719, 
Val Loss: 2.1830, Val Acc: 0.3178, Val F1 Macro: 0.2818, Val F1 Micro: 0.3316, Val RMSE: 1.6474, 
Test Loss: 2.1482, Test Acc: 0.3297, Test F1 Macro: 0.2796, Test F1 Micro: 0.3330, Test RMSE: 1.6608

Epoch [11/20], Time: 2.84s, 
Train Loss: 0.6076, Train Acc: 0.7735, Train F1 Macro: 0.5030, Train F1 Micro: 0.5303, Train RMSE: 1.3334, 
Val Loss: 2.4202, Val Acc: 0.3056, Val F1 Macro: 0.2827, Val F1 Micro: 0.3292, Val RMSE: 1.6509, 
Test Loss: 2.3678, Test Acc: 0.3271, Test F1 Macro: 0.2833, Test F1 Micro: 0.3325, Test RMSE: 1.6617

Epoch [12/20], Time: 3.01s, 
Train Loss: 0.5286, Train Acc: 0.8054, Train F1 Macro: 0.5283, Train F1 Micro: 0.5533, Train RMSE: 1.2967, 
Val Loss: 2.6349, Val Acc: 0.3135, Val F1 Macro: 0.2829, Val F1 Micro: 0.3279, Val RMSE: 1.6489, 
Test Loss: 2.6068, Test Acc: 0.3149, Test F1 Macro: 0.2838, Test F1 Micro: 0.3310, Test RMSE: 1.6626

Epoch [13/20], Time: 2.89s, 
Train Loss: 0.4636, Train Acc: 0.8320, Train F1 Macro: 0.5518, Train F1 Micro: 0.5747, Train RMSE: 1.2627, 
Val Loss: 2.8420, Val Acc: 0.3095, Val F1 Macro: 0.2828, Val F1 Micro: 0.3265, Val RMSE: 1.6509, 
Test Loss: 2.7981, Test Acc: 0.3258, Test F1 Macro: 0.2852, Test F1 Micro: 0.3306, Test RMSE: 1.6643

Epoch [14/20], Time: 2.92s, 
Train Loss: 0.4161, Train Acc: 0.8510, Train F1 Macro: 0.5733, Train F1 Micro: 0.5944, Train RMSE: 1.2304, 
Val Loss: 3.0673, Val Acc: 0.3004, Val F1 Macro: 0.2817, Val F1 Micro: 0.3246, Val RMSE: 1.6544, 
Test Loss: 2.9744, Test Acc: 0.3258, Test F1 Macro: 0.2859, Test F1 Micro: 0.3303, Test RMSE: 1.6676

Epoch [15/20], Time: 2.93s, 
Train Loss: 0.3753, Train Acc: 0.8642, Train F1 Macro: 0.5927, Train F1 Micro: 0.6124, Train RMSE: 1.2010, 
Val Loss: 3.2271, Val Acc: 0.3004, Val F1 Macro: 0.2814, Val F1 Micro: 0.3230, Val RMSE: 1.6562, 
Test Loss: 3.1261, Test Acc: 0.3171, Test F1 Macro: 0.2867, Test F1 Micro: 0.3294, Test RMSE: 1.6707

Epoch [16/20], Time: 2.92s, 
Train Loss: 0.3238, Train Acc: 0.8858, Train F1 Macro: 0.6111, Train F1 Micro: 0.6295, Train RMSE: 1.1731, 
Val Loss: 3.4557, Val Acc: 0.3117, Val F1 Macro: 0.2816, Val F1 Micro: 0.3223, Val RMSE: 1.6589, 
Test Loss: 3.4026, Test Acc: 0.3175, Test F1 Macro: 0.2871, Test F1 Micro: 0.3286, Test RMSE: 1.6744

Epoch [17/20], Time: 3.13s, 
Train Loss: 0.3211, Train Acc: 0.8876, Train F1 Macro: 0.6274, Train F1 Micro: 0.6447, Train RMSE: 1.1477, 
Val Loss: 3.6512, Val Acc: 0.3195, Val F1 Macro: 0.2816, Val F1 Micro: 0.3222, Val RMSE: 1.6591, 
Test Loss: 3.5882, Test Acc: 0.3145, Test F1 Macro: 0.2865, Test F1 Micro: 0.3278, Test RMSE: 1.6760

Epoch [18/20], Time: 2.91s, 
Train Loss: 0.2842, Train Acc: 0.9032, Train F1 Macro: 0.6428, Train F1 Micro: 0.6590, Train RMSE: 1.1232, 
Val Loss: 3.8163, Val Acc: 0.3104, Val F1 Macro: 0.2811, Val F1 Micro: 0.3215, Val RMSE: 1.6617, 
Test Loss: 3.7286, Test Acc: 0.3136, Test F1 Macro: 0.2861, Test F1 Micro: 0.3270, Test RMSE: 1.6787

Epoch [19/20], Time: 2.95s, 
Train Loss: 0.2742, Train Acc: 0.9033, Train F1 Macro: 0.6566, Train F1 Micro: 0.6719, Train RMSE: 1.1012, 
Val Loss: 3.9374, Val Acc: 0.3139, Val F1 Macro: 0.2812, Val F1 Micro: 0.3211, Val RMSE: 1.6647, 
Test Loss: 3.8319, Test Acc: 0.3062, Test F1 Macro: 0.2855, Test F1 Micro: 0.3259, Test RMSE: 1.6829

Epoch [20/20], Time: 2.99s, 
Train Loss: 0.2449, Train Acc: 0.9164, Train F1 Macro: 0.6696, Train F1 Micro: 0.6841, Train RMSE: 1.0804, 
Val Loss: 4.1753, Val Acc: 0.3004, Val F1 Macro: 0.2804, Val F1 Micro: 0.3201, Val RMSE: 1.6680, 
Test Loss: 4.0171, Test Acc: 0.3066, Test F1 Macro: 0.2851, Test F1 Micro: 0.3250, Test RMSE: 1.6851

Total Training Time: 58.37s

Test Loss: 1.5471, Test Acc: 0.3349, Test F1 Macro: 0.2878, Test F1 Micro: 0.3349, Test RMSE: 1.7302
===== SEED 13 =====
PyTorch Version : 2.11.0+cu128
cuda
3.7.credibility.pt
***** Best Result Updated at Epoch 1, Val Loss: 1.5835 *****
Epoch [1/20], Time: 3.19s, 
Train Loss: 1.6121, Train Acc: 0.3093, Train F1 Macro: 0.2141, Train F1 Micro: 0.3093, Train RMSE: 1.7190, 
Val Loss: 1.5835, Val Acc: 0.3261, Val F1 Macro: 0.1976, Val F1 Micro: 0.3261, Val RMSE: 1.7842, 
Test Loss: 1.5670, Test Acc: 0.3201, Test F1 Macro: 0.1697, Test F1 Micro: 0.3201, Test RMSE: 1.7571

***** Best Result Updated at Epoch 2, Val Loss: 1.5557 *****
Epoch [2/20], Time: 2.86s, 
Train Loss: 1.5302, Train Acc: 0.3539, Train F1 Macro: 0.2485, Train F1 Micro: 0.3316, Train RMSE: 1.6564, 
Val Loss: 1.5557, Val Acc: 0.3522, Val F1 Macro: 0.2178, Val F1 Micro: 0.3391, Val RMSE: 1.7136, 
Test Loss: 1.5389, Test Acc: 0.3314, Test F1 Macro: 0.1899, Test F1 Micro: 0.3258, Test RMSE: 1.7014

***** Best Result Updated at Epoch 3, Val Loss: 1.5466 *****
Epoch [3/20], Time: 2.74s, 
Train Loss: 1.4845, Train Acc: 0.3780, Train F1 Macro: 0.2754, Train F1 Micro: 0.3471, Train RMSE: 1.6196, 
Val Loss: 1.5466, Val Acc: 0.3500, Val F1 Macro: 0.2467, Val F1 Micro: 0.3428, Val RMSE: 1.6877, 
Test Loss: 1.5316, Test Acc: 0.3419, Test F1 Macro: 0.2266, Test F1 Micro: 0.3312, Test RMSE: 1.6825

Epoch [4/20], Time: 2.74s, 
Train Loss: 1.4218, Train Acc: 0.4171, Train F1 Macro: 0.3026, Train F1 Micro: 0.3646, Train RMSE: 1.5914, 
Val Loss: 1.5582, Val Acc: 0.3400, Val F1 Macro: 0.2624, Val F1 Micro: 0.3421, Val RMSE: 1.6688, 
Test Loss: 1.5357, Test Acc: 0.3480, Test F1 Macro: 0.2464, Test F1 Micro: 0.3354, Test RMSE: 1.6662

Epoch [5/20], Time: 2.73s, 
Train Loss: 1.3301, Train Acc: 0.4607, Train F1 Macro: 0.3290, Train F1 Micro: 0.3838, Train RMSE: 1.5563, 
Val Loss: 1.5935, Val Acc: 0.3243, Val F1 Macro: 0.2697, Val F1 Micro: 0.3385, Val RMSE: 1.6642, 
Test Loss: 1.5605, Test Acc: 0.3449, Test F1 Macro: 0.2605, Test F1 Micro: 0.3373, Test RMSE: 1.6655

Epoch [6/20], Time: 2.76s, 
Train Loss: 1.2101, Train Acc: 0.5161, Train F1 Macro: 0.3573, Train F1 Micro: 0.4058, Train RMSE: 1.5196, 
Val Loss: 1.6485, Val Acc: 0.3378, Val F1 Macro: 0.2761, Val F1 Micro: 0.3384, Val RMSE: 1.6650, 
Test Loss: 1.6238, Test Acc: 0.3319, Test F1 Macro: 0.2653, Test F1 Micro: 0.3364, Test RMSE: 1.6675

Epoch [7/20], Time: 2.90s, 
Train Loss: 1.0787, Train Acc: 0.5819, Train F1 Macro: 0.3880, Train F1 Micro: 0.4310, Train RMSE: 1.4814, 
Val Loss: 1.7420, Val Acc: 0.3169, Val F1 Macro: 0.2780, Val F1 Micro: 0.3353, Val RMSE: 1.6611, 
Test Loss: 1.6851, Test Acc: 0.3367, Test F1 Macro: 0.2700, Test F1 Micro: 0.3364, Test RMSE: 1.6638

Epoch [8/20], Time: 2.78s, 
Train Loss: 0.9327, Train Acc: 0.6434, Train F1 Macro: 0.4194, Train F1 Micro: 0.4576, Train RMSE: 1.4402, 
Val Loss: 1.8869, Val Acc: 0.3187, Val F1 Macro: 0.2787, Val F1 Micro: 0.3333, Val RMSE: 1.6597, 
Test Loss: 1.8373, Test Acc: 0.3349, Test F1 Macro: 0.2727, Test F1 Micro: 0.3362, Test RMSE: 1.6624

Epoch [9/20], Time: 2.86s, 
Train Loss: 0.7976, Train Acc: 0.7015, Train F1 Macro: 0.4508, Train F1 Micro: 0.4847, Train RMSE: 1.3987, 
Val Loss: 2.0546, Val Acc: 0.2956, Val F1 Macro: 0.2798, Val F1 Micro: 0.3291, Val RMSE: 1.6736, 
Test Loss: 1.9870, Test Acc: 0.3249, Test F1 Macro: 0.2777, Test F1 Micro: 0.3350, Test RMSE: 1.6765

Epoch [10/20], Time: 2.81s, 
Train Loss: 0.6769, Train Acc: 0.7485, Train F1 Macro: 0.4808, Train F1 Micro: 0.5110, Train RMSE: 1.3596, 
Val Loss: 2.2337, Val Acc: 0.3126, Val F1 Macro: 0.2803, Val F1 Micro: 0.3274, Val RMSE: 1.6798, 
Test Loss: 2.1609, Test Acc: 0.3245, Test F1 Macro: 0.2788, Test F1 Micro: 0.3339, Test RMSE: 1.6855

Epoch [11/20], Time: 2.80s, 
Train Loss: 0.5814, Train Acc: 0.7926, Train F1 Macro: 0.5095, Train F1 Micro: 0.5366, Train RMSE: 1.3194, 
Val Loss: 2.4215, Val Acc: 0.3126, Val F1 Macro: 0.2807, Val F1 Micro: 0.3261, Val RMSE: 1.6812, 
Test Loss: 2.3556, Test Acc: 0.3227, Test F1 Macro: 0.2800, Test F1 Micro: 0.3329, Test RMSE: 1.6893

Epoch [12/20], Time: 2.98s, 
Train Loss: 0.4968, Train Acc: 0.8178, Train F1 Macro: 0.5355, Train F1 Micro: 0.5601, Train RMSE: 1.2835, 
Val Loss: 2.6046, Val Acc: 0.3087, Val F1 Macro: 0.2811, Val F1 Micro: 0.3246, Val RMSE: 1.6854, 
Test Loss: 2.5559, Test Acc: 0.3253, Test F1 Macro: 0.2816, Test F1 Micro: 0.3323, Test RMSE: 1.6962

Epoch [13/20], Time: 2.82s, 
Train Loss: 0.4314, Train Acc: 0.8453, Train F1 Macro: 0.5597, Train F1 Micro: 0.5820, Train RMSE: 1.2499, 
Val Loss: 2.7955, Val Acc: 0.3008, Val F1 Macro: 0.2809, Val F1 Micro: 0.3228, Val RMSE: 1.6883, 
Test Loss: 2.7362, Test Acc: 0.3088, Test F1 Macro: 0.2817, Test F1 Micro: 0.3305, Test RMSE: 1.7004

Epoch [14/20], Time: 2.85s, 
Train Loss: 0.3803, Train Acc: 0.8664, Train F1 Macro: 0.5819, Train F1 Micro: 0.6023, Train RMSE: 1.2178, 
Val Loss: 3.0343, Val Acc: 0.3061, Val F1 Macro: 0.2818, Val F1 Micro: 0.3216, Val RMSE: 1.6895, 
Test Loss: 2.9789, Test Acc: 0.3171, Test F1 Macro: 0.2831, Test F1 Micro: 0.3295, Test RMSE: 1.7036

Epoch [15/20], Time: 2.85s, 
Train Loss: 0.3377, Train Acc: 0.8805, Train F1 Macro: 0.6021, Train F1 Micro: 0.6209, Train RMSE: 1.1880, 
Val Loss: 3.2382, Val Acc: 0.3130, Val F1 Macro: 0.2818, Val F1 Micro: 0.3210, Val RMSE: 1.6893, 
Test Loss: 3.1599, Test Acc: 0.3275, Test F1 Macro: 0.2838, Test F1 Micro: 0.3294, Test RMSE: 1.7015

Epoch [16/20], Time: 2.87s, 
Train Loss: 0.3103, Train Acc: 0.8913, Train F1 Macro: 0.6203, Train F1 Micro: 0.6378, Train RMSE: 1.1607, 
Val Loss: 3.4690, Val Acc: 0.3069, Val F1 Macro: 0.2815, Val F1 Micro: 0.3201, Val RMSE: 1.6898, 
Test Loss: 3.3669, Test Acc: 0.3175, Test F1 Macro: 0.2838, Test F1 Micro: 0.3286, Test RMSE: 1.7035

Epoch [17/20], Time: 3.06s, 
Train Loss: 0.2939, Train Acc: 0.8973, Train F1 Macro: 0.6368, Train F1 Micro: 0.6530, Train RMSE: 1.1357, 
Val Loss: 3.5165, Val Acc: 0.3143, Val F1 Macro: 0.2817, Val F1 Micro: 0.3198, Val RMSE: 1.6911, 
Test Loss: 3.4224, Test Acc: 0.3210, Test F1 Macro: 0.2839, Test F1 Micro: 0.3282, Test RMSE: 1.7047

Epoch [18/20], Time: 2.90s, 
Train Loss: 0.2628, Train Acc: 0.9085, Train F1 Macro: 0.6521, Train F1 Micro: 0.6672, Train RMSE: 1.1115, 
Val Loss: 3.8199, Val Acc: 0.3117, Val F1 Macro: 0.2818, Val F1 Micro: 0.3194, Val RMSE: 1.6918, 
Test Loss: 3.6833, Test Acc: 0.3219, Test F1 Macro: 0.2843, Test F1 Micro: 0.3278, Test RMSE: 1.7051

Epoch [19/20], Time: 2.90s, 
Train Loss: 0.2410, Train Acc: 0.9183, Train F1 Macro: 0.6663, Train F1 Micro: 0.6804, Train RMSE: 1.0889, 
Val Loss: 3.8657, Val Acc: 0.3052, Val F1 Macro: 0.2820, Val F1 Micro: 0.3186, Val RMSE: 1.6942, 
Test Loss: 3.7460, Test Acc: 0.3136, Test F1 Macro: 0.2846, Test F1 Micro: 0.3271, Test RMSE: 1.7075

Epoch [20/20], Time: 2.92s, 
Train Loss: 0.2438, Train Acc: 0.9167, Train F1 Macro: 0.6789, Train F1 Micro: 0.6923, Train RMSE: 1.0680, 
Val Loss: 4.0677, Val Acc: 0.3008, Val F1 Macro: 0.2812, Val F1 Micro: 0.3177, Val RMSE: 1.6953, 
Test Loss: 3.9177, Test Acc: 0.3214, Test F1 Macro: 0.2844, Test F1 Micro: 0.3268, Test RMSE: 1.7081

Total Training Time: 57.33s

Test Loss: 1.5316, Test Acc: 0.3419, Test F1 Macro: 0.2733, Test F1 Micro: 0.3419, Test RMSE: 1.6439
===== SEED 77 =====
PyTorch Version : 2.11.0+cu128
cuda
3.7.credibility.pt
***** Best Result Updated at Epoch 1, Val Loss: 1.5669 *****
Epoch [1/20], Time: 3.23s, 
Train Loss: 1.6099, Train Acc: 0.3122, Train F1 Macro: 0.2056, Train F1 Micro: 0.3122, Train RMSE: 1.6694, 
Val Loss: 1.5669, Val Acc: 0.3300, Val F1 Macro: 0.2190, Val F1 Micro: 0.3300, Val RMSE: 1.7344, 
Test Loss: 1.5542, Test Acc: 0.3371, Test F1 Macro: 0.2058, Test F1 Micro: 0.3371, Test RMSE: 1.7290

***** Best Result Updated at Epoch 2, Val Loss: 1.5458 *****
Epoch [2/20], Time: 2.90s, 
Train Loss: 1.5348, Train Acc: 0.3540, Train F1 Macro: 0.2445, Train F1 Micro: 0.3331, Train RMSE: 1.6352, 
Val Loss: 1.5458, Val Acc: 0.3474, Val F1 Macro: 0.2355, Val F1 Micro: 0.3387, Val RMSE: 1.6597, 
Test Loss: 1.5337, Test Acc: 0.3389, Test F1 Macro: 0.2232, Test F1 Micro: 0.3380, Test RMSE: 1.6611

***** Best Result Updated at Epoch 3, Val Loss: 1.5449 *****
Epoch [3/20], Time: 2.79s, 
Train Loss: 1.4867, Train Acc: 0.3747, Train F1 Macro: 0.2701, Train F1 Micro: 0.3469, Train RMSE: 1.6104, 
Val Loss: 1.5449, Val Acc: 0.3422, Val F1 Macro: 0.2425, Val F1 Micro: 0.3399, Val RMSE: 1.6748, 
Test Loss: 1.5383, Test Acc: 0.3271, Test F1 Macro: 0.2221, Test F1 Micro: 0.3343, Test RMSE: 1.6874

Epoch [4/20], Time: 2.74s, 
Train Loss: 1.4215, Train Acc: 0.4125, Train F1 Macro: 0.2966, Train F1 Micro: 0.3633, Train RMSE: 1.5836, 
Val Loss: 1.5486, Val Acc: 0.3330, Val F1 Macro: 0.2560, Val F1 Micro: 0.3382, Val RMSE: 1.6615, 
Test Loss: 1.5347, Test Acc: 0.3380, Test F1 Macro: 0.2426, Test F1 Micro: 0.3353, Test RMSE: 1.6765

Epoch [5/20], Time: 2.73s, 
Train Loss: 1.3289, Train Acc: 0.4572, Train F1 Macro: 0.3236, Train F1 Micro: 0.3821, Train RMSE: 1.5524, 
Val Loss: 1.5829, Val Acc: 0.3335, Val F1 Macro: 0.2632, Val F1 Micro: 0.3372, Val RMSE: 1.6723, 
Test Loss: 1.5798, Test Acc: 0.3314, Test F1 Macro: 0.2510, Test F1 Micro: 0.3345, Test RMSE: 1.6918

Epoch [6/20], Time: 2.85s, 
Train Loss: 1.2224, Train Acc: 0.5021, Train F1 Macro: 0.3511, Train F1 Micro: 0.4021, Train RMSE: 1.5187, 
Val Loss: 1.6369, Val Acc: 0.3357, Val F1 Macro: 0.2636, Val F1 Micro: 0.3370, Val RMSE: 1.6770, 
Test Loss: 1.6269, Test Acc: 0.3328, Test F1 Macro: 0.2520, Test F1 Micro: 0.3342, Test RMSE: 1.6966

Epoch [7/20], Time: 2.90s, 
Train Loss: 1.0802, Train Acc: 0.5705, Train F1 Macro: 0.3815, Train F1 Micro: 0.4262, Train RMSE: 1.4774, 
Val Loss: 1.7327, Val Acc: 0.3187, Val F1 Macro: 0.2682, Val F1 Micro: 0.3343, Val RMSE: 1.6673, 
Test Loss: 1.7223, Test Acc: 0.3206, Test F1 Macro: 0.2577, Test F1 Micro: 0.3323, Test RMSE: 1.6885

Epoch [8/20], Time: 2.77s, 
Train Loss: 0.9536, Train Acc: 0.6275, Train F1 Macro: 0.4118, Train F1 Micro: 0.4513, Train RMSE: 1.4362, 
Val Loss: 1.8464, Val Acc: 0.3156, Val F1 Macro: 0.2734, Val F1 Micro: 0.3320, Val RMSE: 1.6657, 
Test Loss: 1.8253, Test Acc: 0.3127, Test F1 Macro: 0.2633, Test F1 Micro: 0.3298, Test RMSE: 1.6941

Epoch [9/20], Time: 2.78s, 
Train Loss: 0.8210, Train Acc: 0.6807, Train F1 Macro: 0.4416, Train F1 Micro: 0.4768, Train RMSE: 1.3943, 
Val Loss: 2.0503, Val Acc: 0.3082, Val F1 Macro: 0.2744, Val F1 Micro: 0.3294, Val RMSE: 1.6649, 
Test Loss: 1.9952, Test Acc: 0.3171, Test F1 Macro: 0.2659, Test F1 Micro: 0.3284, Test RMSE: 1.6947

Epoch [10/20], Time: 2.80s, 
Train Loss: 0.7081, Train Acc: 0.7271, Train F1 Macro: 0.4704, Train F1 Micro: 0.5018, Train RMSE: 1.3541, 
Val Loss: 2.2284, Val Acc: 0.3030, Val F1 Macro: 0.2757, Val F1 Micro: 0.3267, Val RMSE: 1.6701, 
Test Loss: 2.1522, Test Acc: 0.3249, Test F1 Macro: 0.2702, Test F1 Micro: 0.3280, Test RMSE: 1.6982

Epoch [11/20], Time: 2.81s, 
Train Loss: 0.6076, Train Acc: 0.7718, Train F1 Macro: 0.4980, Train F1 Micro: 0.5264, Train RMSE: 1.3158, 
Val Loss: 2.5007, Val Acc: 0.3239, Val F1 Macro: 0.2764, Val F1 Micro: 0.3265, Val RMSE: 1.6689, 
Test Loss: 2.4406, Test Acc: 0.3328, Test F1 Macro: 0.2717, Test F1 Micro: 0.3285, Test RMSE: 1.6974

Epoch [12/20], Time: 2.98s, 
Train Loss: 0.5255, Train Acc: 0.7972, Train F1 Macro: 0.5234, Train F1 Micro: 0.5490, Train RMSE: 1.2787, 
Val Loss: 2.6719, Val Acc: 0.3034, Val F1 Macro: 0.2776, Val F1 Micro: 0.3246, Val RMSE: 1.6718, 
Test Loss: 2.5948, Test Acc: 0.3171, Test F1 Macro: 0.2743, Test F1 Micro: 0.3275, Test RMSE: 1.7001

Epoch [13/20], Time: 2.84s, 
Train Loss: 0.4615, Train Acc: 0.8303, Train F1 Macro: 0.5473, Train F1 Micro: 0.5706, Train RMSE: 1.2439, 
Val Loss: 2.8447, Val Acc: 0.3104, Val F1 Macro: 0.2783, Val F1 Micro: 0.3235, Val RMSE: 1.6741, 
Test Loss: 2.7656, Test Acc: 0.3271, Test F1 Macro: 0.2764, Test F1 Micro: 0.3275, Test RMSE: 1.7015

Epoch [14/20], Time: 2.85s, 
Train Loss: 0.4135, Train Acc: 0.8472, Train F1 Macro: 0.5690, Train F1 Micro: 0.5904, Train RMSE: 1.2122, 
Val Loss: 3.1001, Val Acc: 0.3056, Val F1 Macro: 0.2792, Val F1 Micro: 0.3222, Val RMSE: 1.6749, 
Test Loss: 2.9959, Test Acc: 0.3184, Test F1 Macro: 0.2783, Test F1 Micro: 0.3268, Test RMSE: 1.7024

Epoch [15/20], Time: 2.87s, 
Train Loss: 0.3763, Train Acc: 0.8641, Train F1 Macro: 0.5890, Train F1 Micro: 0.6086, Train RMSE: 1.1829, 
Val Loss: 3.3574, Val Acc: 0.3126, Val F1 Macro: 0.2792, Val F1 Micro: 0.3215, Val RMSE: 1.6786, 
Test Loss: 3.2280, Test Acc: 0.3201, Test F1 Macro: 0.2787, Test F1 Micro: 0.3264, Test RMSE: 1.7059

Epoch [16/20], Time: 2.89s, 
Train Loss: 0.3468, Train Acc: 0.8761, Train F1 Macro: 0.6072, Train F1 Micro: 0.6253, Train RMSE: 1.1559, 
Val Loss: 3.5425, Val Acc: 0.3095, Val F1 Macro: 0.2797, Val F1 Micro: 0.3208, Val RMSE: 1.6759, 
Test Loss: 3.3622, Test Acc: 0.3223, Test F1 Macro: 0.2799, Test F1 Micro: 0.3261, Test RMSE: 1.7044

Epoch [17/20], Time: 3.08s, 
Train Loss: 0.3174, Train Acc: 0.8845, Train F1 Macro: 0.6237, Train F1 Micro: 0.6406, Train RMSE: 1.1307, 
Val Loss: 3.7610, Val Acc: 0.2978, Val F1 Macro: 0.2801, Val F1 Micro: 0.3194, Val RMSE: 1.6748, 
Test Loss: 3.5927, Test Acc: 0.2970, Test F1 Macro: 0.2800, Test F1 Micro: 0.3244, Test RMSE: 1.7026

Epoch [18/20], Time: 2.92s, 
Train Loss: 0.2898, Train Acc: 0.8981, Train F1 Macro: 0.6391, Train F1 Micro: 0.6549, Train RMSE: 1.1063, 
Val Loss: 3.8971, Val Acc: 0.3082, Val F1 Macro: 0.2799, Val F1 Micro: 0.3188, Val RMSE: 1.6778, 
Test Loss: 3.7397, Test Acc: 0.3105, Test F1 Macro: 0.2799, Test F1 Micro: 0.3237, Test RMSE: 1.7051

Epoch [19/20], Time: 2.93s, 
Train Loss: 0.2679, Train Acc: 0.9071, Train F1 Macro: 0.6534, Train F1 Micro: 0.6681, Train RMSE: 1.0838, 
Val Loss: 4.0503, Val Acc: 0.3052, Val F1 Macro: 0.2798, Val F1 Micro: 0.3181, Val RMSE: 1.6804, 
Test Loss: 3.8680, Test Acc: 0.3171, Test F1 Macro: 0.2802, Test F1 Micro: 0.3233, Test RMSE: 1.7065

Epoch [20/20], Time: 2.96s, 
Train Loss: 0.2467, Train Acc: 0.9156, Train F1 Macro: 0.6667, Train F1 Micro: 0.6805, Train RMSE: 1.0628, 
Val Loss: 4.2141, Val Acc: 0.2965, Val F1 Macro: 0.2794, Val F1 Micro: 0.3170, Val RMSE: 1.6833, 
Test Loss: 4.0316, Test Acc: 0.3049, Test F1 Macro: 0.2800, Test F1 Micro: 0.3224, Test RMSE: 1.7093

Total Training Time: 57.62s

Test Loss: 1.5383, Test Acc: 0.3271, Test F1 Macro: 0.2142, Test F1 Micro: 0.3271, Test RMSE: 1.7388
===== SEED 123 =====
PyTorch Version : 2.11.0+cu128
cuda
3.7.credibility.pt
***** Best Result Updated at Epoch 1, Val Loss: 1.5748 *****
Epoch [1/20], Time: 3.10s, 
Train Loss: 1.6054, Train Acc: 0.3086, Train F1 Macro: 0.2196, Train F1 Micro: 0.3086, Train RMSE: 1.6724, 
Val Loss: 1.5748, Val Acc: 0.3204, Val F1 Macro: 0.2444, Val F1 Micro: 0.3204, Val RMSE: 1.6649, 
Test Loss: 1.5639, Test Acc: 0.3179, Test F1 Macro: 0.2344, Test F1 Micro: 0.3179, Test RMSE: 1.6520

***** Best Result Updated at Epoch 2, Val Loss: 1.5551 *****
Epoch [2/20], Time: 2.89s, 
Train Loss: 1.5285, Train Acc: 0.3502, Train F1 Macro: 0.2552, Train F1 Micro: 0.3294, Train RMSE: 1.6333, 
Val Loss: 1.5551, Val Acc: 0.3570, Val F1 Macro: 0.2518, Val F1 Micro: 0.3387, Val RMSE: 1.6500, 
Test Loss: 1.5517, Test Acc: 0.3280, Test F1 Macro: 0.2322, Test F1 Micro: 0.3230, Test RMSE: 1.6638

***** Best Result Updated at Epoch 3, Val Loss: 1.5546 *****
Epoch [3/20], Time: 2.83s, 
Train Loss: 1.4864, Train Acc: 0.3778, Train F1 Macro: 0.2784, Train F1 Micro: 0.3455, Train RMSE: 1.6015, 
Val Loss: 1.5546, Val Acc: 0.3483, Val F1 Macro: 0.2670, Val F1 Micro: 0.3419, Val RMSE: 1.6761, 
Test Loss: 1.5487, Test Acc: 0.3275, Test F1 Macro: 0.2417, Test F1 Micro: 0.3245, Test RMSE: 1.6982

Epoch [4/20], Time: 2.76s, 
Train Loss: 1.4223, Train Acc: 0.4075, Train F1 Macro: 0.3016, Train F1 Micro: 0.3610, Train RMSE: 1.5730, 
Val Loss: 1.5662, Val Acc: 0.3370, Val F1 Macro: 0.2768, Val F1 Micro: 0.3407, Val RMSE: 1.6942, 
Test Loss: 1.5578, Test Acc: 0.3380, Test F1 Macro: 0.2552, Test F1 Micro: 0.3279, Test RMSE: 1.7171

Epoch [5/20], Time: 2.73s, 
Train Loss: 1.3199, Train Acc: 0.4630, Train F1 Macro: 0.3298, Train F1 Micro: 0.3814, Train RMSE: 1.5386, 
Val Loss: 1.5809, Val Acc: 0.3400, Val F1 Macro: 0.2848, Val F1 Micro: 0.3405, Val RMSE: 1.6781, 
Test Loss: 1.5618, Test Acc: 0.3428, Test F1 Macro: 0.2665, Test F1 Micro: 0.3308, Test RMSE: 1.6952

Epoch [6/20], Time: 2.75s, 
Train Loss: 1.1985, Train Acc: 0.5236, Train F1 Macro: 0.3601, Train F1 Micro: 0.4051, Train RMSE: 1.4984, 
Val Loss: 1.6546, Val Acc: 0.3348, Val F1 Macro: 0.2887, Val F1 Micro: 0.3396, Val RMSE: 1.6576, 
Test Loss: 1.6233, Test Acc: 0.3441, Test F1 Macro: 0.2750, Test F1 Micro: 0.3330, Test RMSE: 1.6688

Epoch [7/20], Time: 2.90s, 
Train Loss: 1.0542, Train Acc: 0.5877, Train F1 Macro: 0.3917, Train F1 Micro: 0.4312, Train RMSE: 1.4572, 
Val Loss: 1.7511, Val Acc: 0.3169, Val F1 Macro: 0.2872, Val F1 Micro: 0.3363, Val RMSE: 1.6549, 
Test Loss: 1.7054, Test Acc: 0.3393, Test F1 Macro: 0.2794, Test F1 Micro: 0.3339, Test RMSE: 1.6577

Epoch [8/20], Time: 2.78s, 
Train Loss: 0.9018, Train Acc: 0.6533, Train F1 Macro: 0.4243, Train F1 Micro: 0.4590, Train RMSE: 1.4140, 
Val Loss: 1.8876, Val Acc: 0.3156, Val F1 Macro: 0.2876, Val F1 Micro: 0.3338, Val RMSE: 1.6608, 
Test Loss: 1.8206, Test Acc: 0.3367, Test F1 Macro: 0.2836, Test F1 Micro: 0.3343, Test RMSE: 1.6584

Epoch [9/20], Time: 2.80s, 
Train Loss: 0.7637, Train Acc: 0.7135, Train F1 Macro: 0.4567, Train F1 Micro: 0.4873, Train RMSE: 1.3717, 
Val Loss: 2.0407, Val Acc: 0.3235, Val F1 Macro: 0.2874, Val F1 Micro: 0.3326, Val RMSE: 1.6612, 
Test Loss: 1.9905, Test Acc: 0.3449, Test F1 Macro: 0.2853, Test F1 Micro: 0.3355, Test RMSE: 1.6574

Epoch [10/20], Time: 2.80s, 
Train Loss: 0.6545, Train Acc: 0.7575, Train F1 Macro: 0.4872, Train F1 Micro: 0.5143, Train RMSE: 1.3307, 
Val Loss: 2.2423, Val Acc: 0.3121, Val F1 Macro: 0.2867, Val F1 Micro: 0.3306, Val RMSE: 1.6664, 
Test Loss: 2.1722, Test Acc: 0.3275, Test F1 Macro: 0.2858, Test F1 Micro: 0.3347, Test RMSE: 1.6604

Epoch [11/20], Time: 2.81s, 
Train Loss: 0.5681, Train Acc: 0.7919, Train F1 Macro: 0.5153, Train F1 Micro: 0.5395, Train RMSE: 1.2927, 
Val Loss: 2.4572, Val Acc: 0.3239, Val F1 Macro: 0.2870, Val F1 Micro: 0.3300, Val RMSE: 1.6690, 
Test Loss: 2.3759, Test Acc: 0.3402, Test F1 Macro: 0.2871, Test F1 Micro: 0.3352, Test RMSE: 1.6629

Epoch [12/20], Time: 2.99s, 
Train Loss: 0.4891, Train Acc: 0.8241, Train F1 Macro: 0.5413, Train F1 Micro: 0.5632, Train RMSE: 1.2564, 
Val Loss: 2.6443, Val Acc: 0.3095, Val F1 Macro: 0.2870, Val F1 Micro: 0.3283, Val RMSE: 1.6722, 
Test Loss: 2.5423, Test Acc: 0.3223, Test F1 Macro: 0.2876, Test F1 Micro: 0.3341, Test RMSE: 1.6655

Epoch [13/20], Time: 2.84s, 
Train Loss: 0.4265, Train Acc: 0.8471, Train F1 Macro: 0.5652, Train F1 Micro: 0.5851, Train RMSE: 1.2229, 
Val Loss: 2.8749, Val Acc: 0.3121, Val F1 Macro: 0.2869, Val F1 Micro: 0.3270, Val RMSE: 1.6782, 
Test Loss: 2.7509, Test Acc: 0.3201, Test F1 Macro: 0.2877, Test F1 Micro: 0.3330, Test RMSE: 1.6720

Epoch [14/20], Time: 2.86s, 
Train Loss: 0.3791, Train Acc: 0.8675, Train F1 Macro: 0.5872, Train F1 Micro: 0.6052, Train RMSE: 1.1914, 
Val Loss: 3.0787, Val Acc: 0.3113, Val F1 Macro: 0.2865, Val F1 Micro: 0.3259, Val RMSE: 1.6818, 
Test Loss: 2.9900, Test Acc: 0.3201, Test F1 Macro: 0.2874, Test F1 Micro: 0.3321, Test RMSE: 1.6745

Epoch [15/20], Time: 2.87s, 
Train Loss: 0.3384, Train Acc: 0.8803, Train F1 Macro: 0.6070, Train F1 Micro: 0.6236, Train RMSE: 1.1621, 
Val Loss: 3.2874, Val Acc: 0.3213, Val F1 Macro: 0.2864, Val F1 Micro: 0.3256, Val RMSE: 1.6870, 
Test Loss: 3.1999, Test Acc: 0.3214, Test F1 Macro: 0.2868, Test F1 Micro: 0.3314, Test RMSE: 1.6797

Epoch [16/20], Time: 2.96s, 
Train Loss: 0.3151, Train Acc: 0.8907, Train F1 Macro: 0.6250, Train F1 Micro: 0.6403, Train RMSE: 1.1353, 
Val Loss: 3.3991, Val Acc: 0.3126, Val F1 Macro: 0.2867, Val F1 Micro: 0.3248, Val RMSE: 1.6915, 
Test Loss: 3.2835, Test Acc: 0.3123, Test F1 Macro: 0.2869, Test F1 Micro: 0.3302, Test RMSE: 1.6832

Epoch [17/20], Time: 3.06s, 
Train Loss: 0.2828, Train Acc: 0.9004, Train F1 Macro: 0.6414, Train F1 Micro: 0.6556, Train RMSE: 1.1104, 
Val Loss: 3.6199, Val Acc: 0.3113, Val F1 Macro: 0.2867, Val F1 Micro: 0.3240, Val RMSE: 1.6953, 
Test Loss: 3.5054, Test Acc: 0.3219, Test F1 Macro: 0.2876, Test F1 Micro: 0.3297, Test RMSE: 1.6861

Epoch [18/20], Time: 2.91s, 
Train Loss: 0.2644, Train Acc: 0.9096, Train F1 Macro: 0.6565, Train F1 Micro: 0.6697, Train RMSE: 1.0869, 
Val Loss: 3.7872, Val Acc: 0.3113, Val F1 Macro: 0.2860, Val F1 Micro: 0.3233, Val RMSE: 1.6980, 
Test Loss: 3.6876, Test Acc: 0.3201, Test F1 Macro: 0.2875, Test F1 Micro: 0.3292, Test RMSE: 1.6879

Epoch [19/20], Time: 3.01s, 
Train Loss: 0.2445, Train Acc: 0.9168, Train F1 Macro: 0.6703, Train F1 Micro: 0.6827, Train RMSE: 1.0650, 
Val Loss: 3.9715, Val Acc: 0.3161, Val F1 Macro: 0.2862, Val F1 Micro: 0.3229, Val RMSE: 1.6988, 
Test Loss: 3.8576, Test Acc: 0.3184, Test F1 Macro: 0.2876, Test F1 Micro: 0.3286, Test RMSE: 1.6875

Epoch [20/20], Time: 2.97s, 
Train Loss: 0.2376, Train Acc: 0.9184, Train F1 Macro: 0.6829, Train F1 Micro: 0.6945, Train RMSE: 1.0448, 
Val Loss: 4.0093, Val Acc: 0.3043, Val F1 Macro: 0.2858, Val F1 Micro: 0.3220, Val RMSE: 1.7017, 
Test Loss: 3.8871, Test Acc: 0.3158, Test F1 Macro: 0.2877, Test F1 Micro: 0.3280, Test RMSE: 1.6901

Total Training Time: 57.62s

Test Loss: 1.5487, Test Acc: 0.3275, Test F1 Macro: 0.2374, Test F1 Micro: 0.3275, Test RMSE: 1.7649
