===== SEED 42 =====
PyTorch Version : 2.11.0+cu128
cuda
3.7.credibility.pt
***** Best Result Updated at Epoch 1, Val Loss: 1.2684 *****
Epoch [1/20], Time: 3.51s, 
Train Loss: 1.4563, Train Acc: 0.4057, Train F1 Macro: 0.3349, Train F1 Micro: 0.4057, Train RMSE: 1.4566, 
Val Loss: 1.2684, Val Acc: 0.5046, Val F1 Macro: 0.4587, Val F1 Micro: 0.5046, Val RMSE: 1.4333, 
Test Loss: 1.2391, Test Acc: 0.5074, Test F1 Macro: 0.4625, Test F1 Micro: 0.5074, Test RMSE: 1.4297

***** Best Result Updated at Epoch 2, Val Loss: 1.1899 *****
Epoch [2/20], Time: 3.17s, 
Train Loss: 1.2121, Train Acc: 0.5109, Train F1 Macro: 0.4119, Train F1 Micro: 0.4583, Train RMSE: 1.3942, 
Val Loss: 1.1899, Val Acc: 0.5233, Val F1 Macro: 0.4789, Val F1 Micro: 0.5139, Val RMSE: 1.3659, 
Test Loss: 1.1406, Test Acc: 0.5270, Test F1 Macro: 0.4793, Test F1 Micro: 0.5172, Test RMSE: 1.3417

***** Best Result Updated at Epoch 3, Val Loss: 1.1639 *****
Epoch [3/20], Time: 3.04s, 
Train Loss: 1.1480, Train Acc: 0.5283, Train F1 Macro: 0.4438, Train F1 Micro: 0.4816, Train RMSE: 1.3676, 
Val Loss: 1.1639, Val Acc: 0.5233, Val F1 Macro: 0.4829, Val F1 Micro: 0.5171, Val RMSE: 1.3578, 
Test Loss: 1.1225, Test Acc: 0.5231, Test F1 Macro: 0.4823, Test F1 Micro: 0.5192, Test RMSE: 1.3364

Epoch [4/20], Time: 3.02s, 
Train Loss: 1.0823, Train Acc: 0.5605, Train F1 Macro: 0.4686, Train F1 Micro: 0.5013, Train RMSE: 1.3412, 
Val Loss: 1.1873, Val Acc: 0.5168, Val F1 Macro: 0.4828, Val F1 Micro: 0.5170, Val RMSE: 1.3589, 
Test Loss: 1.1276, Test Acc: 0.5222, Test F1 Macro: 0.4838, Test F1 Micro: 0.5199, Test RMSE: 1.3300

Epoch [5/20], Time: 3.02s, 
Train Loss: 0.9949, Train Acc: 0.6014, Train F1 Macro: 0.4930, Train F1 Micro: 0.5213, Train RMSE: 1.3130, 
Val Loss: 1.2236, Val Acc: 0.4989, Val F1 Macro: 0.4794, Val F1 Micro: 0.5134, Val RMSE: 1.3772, 
Test Loss: 1.1619, Test Acc: 0.5148, Test F1 Macro: 0.4830, Test F1 Micro: 0.5189, Test RMSE: 1.3403

Epoch [6/20], Time: 3.11s, 
Train Loss: 0.8893, Train Acc: 0.6460, Train F1 Macro: 0.5171, Train F1 Micro: 0.5421, Train RMSE: 1.2813, 
Val Loss: 1.2795, Val Acc: 0.4906, Val F1 Macro: 0.4753, Val F1 Micro: 0.5096, Val RMSE: 1.3744, 
Test Loss: 1.1985, Test Acc: 0.5139, Test F1 Macro: 0.4825, Test F1 Micro: 0.5181, Test RMSE: 1.3343

Epoch [7/20], Time: 3.13s, 
Train Loss: 0.7802, Train Acc: 0.6966, Train F1 Macro: 0.5416, Train F1 Micro: 0.5642, Train RMSE: 1.2468, 
Val Loss: 1.3770, Val Acc: 0.4802, Val F1 Macro: 0.4736, Val F1 Micro: 0.5054, Val RMSE: 1.3684, 
Test Loss: 1.2783, Test Acc: 0.5057, Test F1 Macro: 0.4838, Test F1 Micro: 0.5163, Test RMSE: 1.3240

Epoch [8/20], Time: 3.01s, 
Train Loss: 0.6571, Train Acc: 0.7482, Train F1 Macro: 0.5668, Train F1 Micro: 0.5872, Train RMSE: 1.2098, 
Val Loss: 1.4606, Val Acc: 0.4893, Val F1 Macro: 0.4729, Val F1 Micro: 0.5034, Val RMSE: 1.3723, 
Test Loss: 1.3752, Test Acc: 0.5009, Test F1 Macro: 0.4838, Test F1 Micro: 0.5144, Test RMSE: 1.3262

Epoch [9/20], Time: 3.03s, 
Train Loss: 0.5522, Train Acc: 0.7918, Train F1 Macro: 0.5914, Train F1 Micro: 0.6099, Train RMSE: 1.1724, 
Val Loss: 1.5579, Val Acc: 0.4658, Val F1 Macro: 0.4711, Val F1 Micro: 0.4992, Val RMSE: 1.3790, 
Test Loss: 1.4723, Test Acc: 0.4878, Test F1 Macro: 0.4833, Test F1 Micro: 0.5114, Test RMSE: 1.3308

Epoch [10/20], Time: 3.07s, 
Train Loss: 0.4777, Train Acc: 0.8206, Train F1 Macro: 0.6141, Train F1 Micro: 0.6310, Train RMSE: 1.1385, 
Val Loss: 1.7146, Val Acc: 0.4576, Val F1 Macro: 0.4689, Val F1 Micro: 0.4950, Val RMSE: 1.3799, 
Test Loss: 1.6038, Test Acc: 0.4839, Test F1 Macro: 0.4832, Test F1 Micro: 0.5087, Test RMSE: 1.3335

Epoch [11/20], Time: 3.06s, 
Train Loss: 0.4061, Train Acc: 0.8478, Train F1 Macro: 0.6351, Train F1 Micro: 0.6507, Train RMSE: 1.1056, 
Val Loss: 1.8903, Val Acc: 0.4732, Val F1 Macro: 0.4676, Val F1 Micro: 0.4931, Val RMSE: 1.3875, 
Test Loss: 1.7578, Test Acc: 0.4913, Test F1 Macro: 0.4825, Test F1 Micro: 0.5071, Test RMSE: 1.3409

Epoch [12/20], Time: 3.27s, 
Train Loss: 0.3427, Train Acc: 0.8754, Train F1 Macro: 0.6550, Train F1 Micro: 0.6694, Train RMSE: 1.0746, 
Val Loss: 2.0627, Val Acc: 0.4654, Val F1 Macro: 0.4658, Val F1 Micro: 0.4907, Val RMSE: 1.3868, 
Test Loss: 1.9056, Test Acc: 0.4900, Test F1 Macro: 0.4818, Test F1 Micro: 0.5057, Test RMSE: 1.3410

Epoch [13/20], Time: 3.10s, 
Train Loss: 0.3109, Train Acc: 0.8898, Train F1 Macro: 0.6731, Train F1 Micro: 0.6864, Train RMSE: 1.0460, 
Val Loss: 2.1795, Val Acc: 0.4632, Val F1 Macro: 0.4640, Val F1 Micro: 0.4886, Val RMSE: 1.3908, 
Test Loss: 2.0060, Test Acc: 0.4813, Test F1 Macro: 0.4803, Test F1 Micro: 0.5038, Test RMSE: 1.3475

Epoch [14/20], Time: 3.08s, 
Train Loss: 0.2673, Train Acc: 0.9068, Train F1 Macro: 0.6897, Train F1 Micro: 0.7021, Train RMSE: 1.0187, 
Val Loss: 2.3072, Val Acc: 0.4584, Val F1 Macro: 0.4622, Val F1 Micro: 0.4865, Val RMSE: 1.3917, 
Test Loss: 2.1365, Test Acc: 0.4917, Test F1 Macro: 0.4799, Test F1 Micro: 0.5029, Test RMSE: 1.3483

Epoch [15/20], Time: 3.11s, 
Train Loss: 0.2392, Train Acc: 0.9161, Train F1 Macro: 0.7049, Train F1 Micro: 0.7164, Train RMSE: 0.9938, 
Val Loss: 2.4324, Val Acc: 0.4615, Val F1 Macro: 0.4607, Val F1 Micro: 0.4848, Val RMSE: 1.3937, 
Test Loss: 2.2782, Test Acc: 0.4778, Test F1 Macro: 0.4788, Test F1 Micro: 0.5012, Test RMSE: 1.3503

Epoch [16/20], Time: 3.16s, 
Train Loss: 0.2266, Train Acc: 0.9209, Train F1 Macro: 0.7184, Train F1 Micro: 0.7292, Train RMSE: 0.9707, 
Val Loss: 2.5632, Val Acc: 0.4650, Val F1 Macro: 0.4594, Val F1 Micro: 0.4836, Val RMSE: 1.3990, 
Test Loss: 2.3808, Test Acc: 0.4861, Test F1 Macro: 0.4779, Test F1 Micro: 0.5003, Test RMSE: 1.3518

Epoch [17/20], Time: 3.15s, 
Train Loss: 0.2034, Train Acc: 0.9318, Train F1 Macro: 0.7310, Train F1 Micro: 0.7411, Train RMSE: 0.9496, 
Val Loss: 2.6430, Val Acc: 0.4545, Val F1 Macro: 0.4580, Val F1 Micro: 0.4819, Val RMSE: 1.4019, 
Test Loss: 2.4691, Test Acc: 0.4848, Test F1 Macro: 0.4776, Test F1 Micro: 0.4994, Test RMSE: 1.3524

Epoch [18/20], Time: 3.43s, 
Train Loss: 0.1966, Train Acc: 0.9310, Train F1 Macro: 0.7421, Train F1 Micro: 0.7516, Train RMSE: 0.9298, 
Val Loss: 2.8362, Val Acc: 0.4428, Val F1 Macro: 0.4562, Val F1 Micro: 0.4797, Val RMSE: 1.4034, 
Test Loss: 2.6503, Test Acc: 0.4743, Test F1 Macro: 0.4767, Test F1 Micro: 0.4980, Test RMSE: 1.3530

Epoch [19/20], Time: 3.28s, 
Train Loss: 0.1767, Train Acc: 0.9374, Train F1 Macro: 0.7524, Train F1 Micro: 0.7614, Train RMSE: 0.9113, 
Val Loss: 2.8946, Val Acc: 0.4567, Val F1 Macro: 0.4550, Val F1 Micro: 0.4785, Val RMSE: 1.4077, 
Test Loss: 2.7122, Test Acc: 0.4834, Test F1 Macro: 0.4761, Test F1 Micro: 0.4972, Test RMSE: 1.3556

Epoch [20/20], Time: 3.16s, 
Train Loss: 0.1613, Train Acc: 0.9442, Train F1 Macro: 0.7619, Train F1 Micro: 0.7706, Train RMSE: 0.8938, 
Val Loss: 3.0028, Val Acc: 0.4467, Val F1 Macro: 0.4535, Val F1 Micro: 0.4769, Val RMSE: 1.4097, 
Test Loss: 2.8127, Test Acc: 0.4834, Test F1 Macro: 0.4755, Test F1 Micro: 0.4965, Test RMSE: 1.3568

Total Training Time: 62.94s

Test Loss: 1.1225, Test Acc: 0.5231, Test F1 Macro: 0.4877, Test F1 Micro: 0.5231, Test RMSE: 1.3257
===== SEED 7 =====
PyTorch Version : 2.11.0+cu128
cuda
3.7.credibility.pt
***** Best Result Updated at Epoch 1, Val Loss: 1.2710 *****
Epoch [1/20], Time: 3.12s, 
Train Loss: 1.4680, Train Acc: 0.3985, Train F1 Macro: 0.3365, Train F1 Micro: 0.3985, Train RMSE: 1.5068, 
Val Loss: 1.2710, Val Acc: 0.5089, Val F1 Macro: 0.4807, Val F1 Micro: 0.5089, Val RMSE: 1.3396, 
Test Loss: 1.2192, Test Acc: 0.5135, Test F1 Macro: 0.4816, Test F1 Micro: 0.5135, Test RMSE: 1.3326

***** Best Result Updated at Epoch 2, Val Loss: 1.2392 *****
Epoch [2/20], Time: 2.84s, 
Train Loss: 1.2295, Train Acc: 0.5002, Train F1 Macro: 0.4057, Train F1 Micro: 0.4494, Train RMSE: 1.4301, 
Val Loss: 1.2392, Val Acc: 0.4976, Val F1 Macro: 0.4755, Val F1 Micro: 0.5033, Val RMSE: 1.3360, 
Test Loss: 1.1785, Test Acc: 0.5052, Test F1 Macro: 0.4807, Test F1 Micro: 0.5094, Test RMSE: 1.3009

***** Best Result Updated at Epoch 3, Val Loss: 1.2063 *****
Epoch [3/20], Time: 2.75s, 
Train Loss: 1.1773, Train Acc: 0.5177, Train F1 Macro: 0.4350, Train F1 Micro: 0.4722, Train RMSE: 1.3988, 
Val Loss: 1.2063, Val Acc: 0.5107, Val F1 Macro: 0.4778, Val F1 Micro: 0.5057, Val RMSE: 1.3034, 
Test Loss: 1.1431, Test Acc: 0.5209, Test F1 Macro: 0.4840, Test F1 Micro: 0.5132, Test RMSE: 1.2690

***** Best Result Updated at Epoch 4, Val Loss: 1.1973 *****
Epoch [4/20], Time: 2.76s, 
Train Loss: 1.1109, Train Acc: 0.5533, Train F1 Macro: 0.4594, Train F1 Micro: 0.4924, Train RMSE: 1.3685, 
Val Loss: 1.1973, Val Acc: 0.4911, Val F1 Macro: 0.4777, Val F1 Micro: 0.5021, Val RMSE: 1.3135, 
Test Loss: 1.1518, Test Acc: 0.5152, Test F1 Macro: 0.4881, Test F1 Micro: 0.5137, Test RMSE: 1.2784

Epoch [5/20], Time: 2.73s, 
Train Loss: 1.0207, Train Acc: 0.5927, Train F1 Macro: 0.4831, Train F1 Micro: 0.5125, Train RMSE: 1.3409, 
Val Loss: 1.2348, Val Acc: 0.4963, Val F1 Macro: 0.4789, Val F1 Micro: 0.5009, Val RMSE: 1.3136, 
Test Loss: 1.1714, Test Acc: 0.5222, Test F1 Macro: 0.4924, Test F1 Micro: 0.5154, Test RMSE: 1.2754

Epoch [6/20], Time: 2.75s, 
Train Loss: 0.9133, Train Acc: 0.6377, Train F1 Macro: 0.5070, Train F1 Micro: 0.5334, Train RMSE: 1.3094, 
Val Loss: 1.2405, Val Acc: 0.4993, Val F1 Macro: 0.4789, Val F1 Micro: 0.5007, Val RMSE: 1.3331, 
Test Loss: 1.1878, Test Acc: 0.5205, Test F1 Macro: 0.4926, Test F1 Micro: 0.5163, Test RMSE: 1.2943

Epoch [7/20], Time: 2.91s, 
Train Loss: 0.7906, Train Acc: 0.6958, Train F1 Macro: 0.5328, Train F1 Micro: 0.5566, Train RMSE: 1.2742, 
Val Loss: 1.3656, Val Acc: 0.4889, Val F1 Macro: 0.4769, Val F1 Micro: 0.4990, Val RMSE: 1.3510, 
Test Loss: 1.2990, Test Acc: 0.5004, Test F1 Macro: 0.4895, Test F1 Micro: 0.5140, Test RMSE: 1.3119

Epoch [8/20], Time: 2.79s, 
Train Loss: 0.6779, Train Acc: 0.7387, Train F1 Macro: 0.5575, Train F1 Micro: 0.5793, Train RMSE: 1.2370, 
Val Loss: 1.4557, Val Acc: 0.4758, Val F1 Macro: 0.4745, Val F1 Micro: 0.4961, Val RMSE: 1.3586, 
Test Loss: 1.3774, Test Acc: 0.4909, Test F1 Macro: 0.4876, Test F1 Micro: 0.5111, Test RMSE: 1.3165

Epoch [9/20], Time: 2.80s, 
Train Loss: 0.5738, Train Acc: 0.7812, Train F1 Macro: 0.5818, Train F1 Micro: 0.6018, Train RMSE: 1.2002, 
Val Loss: 1.6012, Val Acc: 0.4676, Val F1 Macro: 0.4716, Val F1 Micro: 0.4929, Val RMSE: 1.3642, 
Test Loss: 1.4853, Test Acc: 0.4974, Test F1 Macro: 0.4863, Test F1 Micro: 0.5096, Test RMSE: 1.3197

Epoch [10/20], Time: 2.82s, 
Train Loss: 0.4953, Train Acc: 0.8141, Train F1 Macro: 0.6046, Train F1 Micro: 0.6230, Train RMSE: 1.1655, 
Val Loss: 1.7416, Val Acc: 0.4658, Val F1 Macro: 0.4695, Val F1 Micro: 0.4902, Val RMSE: 1.3693, 
Test Loss: 1.6316, Test Acc: 0.4874, Test F1 Macro: 0.4847, Test F1 Micro: 0.5074, Test RMSE: 1.3234

Epoch [11/20], Time: 2.82s, 
Train Loss: 0.4347, Train Acc: 0.8405, Train F1 Macro: 0.6259, Train F1 Micro: 0.6428, Train RMSE: 1.1330, 
Val Loss: 1.8772, Val Acc: 0.4636, Val F1 Macro: 0.4680, Val F1 Micro: 0.4878, Val RMSE: 1.3744, 
Test Loss: 1.7503, Test Acc: 0.4861, Test F1 Macro: 0.4836, Test F1 Micro: 0.5054, Test RMSE: 1.3261

Epoch [12/20], Time: 2.97s, 
Train Loss: 0.3566, Train Acc: 0.8697, Train F1 Macro: 0.6461, Train F1 Micro: 0.6617, Train RMSE: 1.1007, 
Val Loss: 2.0420, Val Acc: 0.4593, Val F1 Macro: 0.4655, Val F1 Micro: 0.4854, Val RMSE: 1.3790, 
Test Loss: 1.9518, Test Acc: 0.4852, Test F1 Macro: 0.4820, Test F1 Micro: 0.5037, Test RMSE: 1.3302

Epoch [13/20], Time: 2.85s, 
Train Loss: 0.3193, Train Acc: 0.8840, Train F1 Macro: 0.6643, Train F1 Micro: 0.6788, Train RMSE: 1.0717, 
Val Loss: 2.1666, Val Acc: 0.4654, Val F1 Macro: 0.4640, Val F1 Micro: 0.4839, Val RMSE: 1.3848, 
Test Loss: 2.0617, Test Acc: 0.4713, Test F1 Macro: 0.4797, Test F1 Micro: 0.5012, Test RMSE: 1.3391

Epoch [14/20], Time: 2.90s, 
Train Loss: 0.2758, Train Acc: 0.9022, Train F1 Macro: 0.6812, Train F1 Micro: 0.6947, Train RMSE: 1.0444, 
Val Loss: 2.3750, Val Acc: 0.4576, Val F1 Macro: 0.4622, Val F1 Micro: 0.4820, Val RMSE: 1.3889, 
Test Loss: 2.2364, Test Acc: 0.4743, Test F1 Macro: 0.4780, Test F1 Micro: 0.4993, Test RMSE: 1.3425

Epoch [15/20], Time: 2.89s, 
Train Loss: 0.2488, Train Acc: 0.9122, Train F1 Macro: 0.6966, Train F1 Micro: 0.7092, Train RMSE: 1.0191, 
Val Loss: 2.4656, Val Acc: 0.4449, Val F1 Macro: 0.4602, Val F1 Micro: 0.4795, Val RMSE: 1.3943, 
Test Loss: 2.2970, Test Acc: 0.4708, Test F1 Macro: 0.4765, Test F1 Micro: 0.4974, Test RMSE: 1.3486

Epoch [16/20], Time: 2.89s, 
Train Loss: 0.2159, Train Acc: 0.9226, Train F1 Macro: 0.7107, Train F1 Micro: 0.7226, Train RMSE: 0.9950, 
Val Loss: 2.5893, Val Acc: 0.4454, Val F1 Macro: 0.4585, Val F1 Micro: 0.4774, Val RMSE: 1.3987, 
Test Loss: 2.4761, Test Acc: 0.4717, Test F1 Macro: 0.4756, Test F1 Micro: 0.4958, Test RMSE: 1.3537

Epoch [17/20], Time: 3.07s, 
Train Loss: 0.2158, Train Acc: 0.9220, Train F1 Macro: 0.7231, Train F1 Micro: 0.7343, Train RMSE: 0.9735, 
Val Loss: 2.6480, Val Acc: 0.4458, Val F1 Macro: 0.4569, Val F1 Micro: 0.4755, Val RMSE: 1.4040, 
Test Loss: 2.5222, Test Acc: 0.4747, Test F1 Macro: 0.4746, Test F1 Micro: 0.4946, Test RMSE: 1.3595

Epoch [18/20], Time: 2.91s, 
Train Loss: 0.1890, Train Acc: 0.9364, Train F1 Macro: 0.7349, Train F1 Micro: 0.7455, Train RMSE: 0.9526, 
Val Loss: 2.7951, Val Acc: 0.4641, Val F1 Macro: 0.4563, Val F1 Micro: 0.4749, Val RMSE: 1.4063, 
Test Loss: 2.6577, Test Acc: 0.4791, Test F1 Macro: 0.4739, Test F1 Micro: 0.4937, Test RMSE: 1.3621

Epoch [19/20], Time: 2.98s, 
Train Loss: 0.1745, Train Acc: 0.9403, Train F1 Macro: 0.7457, Train F1 Micro: 0.7558, Train RMSE: 0.9328, 
Val Loss: 2.8884, Val Acc: 0.4576, Val F1 Macro: 0.4554, Val F1 Micro: 0.4740, Val RMSE: 1.4099, 
Test Loss: 2.7091, Test Acc: 0.4752, Test F1 Macro: 0.4729, Test F1 Micro: 0.4927, Test RMSE: 1.3660

Epoch [20/20], Time: 2.95s, 
Train Loss: 0.1667, Train Acc: 0.9432, Train F1 Macro: 0.7556, Train F1 Micro: 0.7652, Train RMSE: 0.9150, 
Val Loss: 3.0924, Val Acc: 0.4432, Val F1 Macro: 0.4543, Val F1 Micro: 0.4724, Val RMSE: 1.4139, 
Test Loss: 2.8972, Test Acc: 0.4665, Test F1 Macro: 0.4719, Test F1 Micro: 0.4914, Test RMSE: 1.3694

Total Training Time: 57.51s

Test Loss: 1.1518, Test Acc: 0.5152, Test F1 Macro: 0.4970, Test F1 Micro: 0.5152, Test RMSE: 1.3060
===== SEED 13 =====
PyTorch Version : 2.11.0+cu128
cuda
3.7.credibility.pt
***** Best Result Updated at Epoch 1, Val Loss: 1.3344 *****
Epoch [1/20], Time: 3.15s, 
Train Loss: 1.4938, Train Acc: 0.3879, Train F1 Macro: 0.3153, Train F1 Micro: 0.3879, Train RMSE: 1.5177, 
Val Loss: 1.3344, Val Acc: 0.4950, Val F1 Macro: 0.4509, Val F1 Micro: 0.4950, Val RMSE: 1.3219, 
Test Loss: 1.2810, Test Acc: 0.4983, Test F1 Macro: 0.4497, Test F1 Micro: 0.4983, Test RMSE: 1.3010

***** Best Result Updated at Epoch 2, Val Loss: 1.2071 *****
Epoch [2/20], Time: 2.86s, 
Train Loss: 1.2319, Train Acc: 0.5085, Train F1 Macro: 0.4012, Train F1 Micro: 0.4482, Train RMSE: 1.4285, 
Val Loss: 1.2071, Val Acc: 0.5137, Val F1 Macro: 0.4705, Val F1 Micro: 0.5044, Val RMSE: 1.3880, 
Test Loss: 1.1563, Test Acc: 0.5266, Test F1 Macro: 0.4721, Test F1 Micro: 0.5124, Test RMSE: 1.3357

***** Best Result Updated at Epoch 3, Val Loss: 1.1855 *****
Epoch [3/20], Time: 2.76s, 
Train Loss: 1.1465, Train Acc: 0.5309, Train F1 Macro: 0.4372, Train F1 Micro: 0.4758, Train RMSE: 1.3939, 
Val Loss: 1.1855, Val Acc: 0.5207, Val F1 Macro: 0.4768, Val F1 Micro: 0.5098, Val RMSE: 1.3713, 
Test Loss: 1.1272, Test Acc: 0.5235, Test F1 Macro: 0.4777, Test F1 Micro: 0.5161, Test RMSE: 1.3189

Epoch [4/20], Time: 2.73s, 
Train Loss: 1.0870, Train Acc: 0.5528, Train F1 Macro: 0.4621, Train F1 Micro: 0.4950, Train RMSE: 1.3678, 
Val Loss: 1.1858, Val Acc: 0.5102, Val F1 Macro: 0.4814, Val F1 Micro: 0.5099, Val RMSE: 1.3568, 
Test Loss: 1.1205, Test Acc: 0.5209, Test F1 Macro: 0.4850, Test F1 Micro: 0.5173, Test RMSE: 1.3098

Epoch [5/20], Time: 2.74s, 
Train Loss: 1.0026, Train Acc: 0.5954, Train F1 Macro: 0.4859, Train F1 Micro: 0.5151, Train RMSE: 1.3371, 
Val Loss: 1.2134, Val Acc: 0.5172, Val F1 Macro: 0.4832, Val F1 Micro: 0.5114, Val RMSE: 1.3584, 
Test Loss: 1.1369, Test Acc: 0.5366, Test F1 Macro: 0.4893, Test F1 Micro: 0.5212, Test RMSE: 1.3052

Epoch [6/20], Time: 2.77s, 
Train Loss: 0.9012, Train Acc: 0.6417, Train F1 Macro: 0.5103, Train F1 Micro: 0.5362, Train RMSE: 1.3055, 
Val Loss: 1.2450, Val Acc: 0.5054, Val F1 Macro: 0.4829, Val F1 Micro: 0.5104, Val RMSE: 1.3661, 
Test Loss: 1.1784, Test Acc: 0.5226, Test F1 Macro: 0.4908, Test F1 Micro: 0.5214, Test RMSE: 1.3203

Epoch [7/20], Time: 2.90s, 
Train Loss: 0.7838, Train Acc: 0.6951, Train F1 Macro: 0.5357, Train F1 Micro: 0.5589, Train RMSE: 1.2714, 
Val Loss: 1.3611, Val Acc: 0.4902, Val F1 Macro: 0.4803, Val F1 Micro: 0.5075, Val RMSE: 1.3642, 
Test Loss: 1.2551, Test Acc: 0.5157, Test F1 Macro: 0.4908, Test F1 Micro: 0.5206, Test RMSE: 1.3159

Epoch [8/20], Time: 2.78s, 
Train Loss: 0.6674, Train Acc: 0.7451, Train F1 Macro: 0.5614, Train F1 Micro: 0.5822, Train RMSE: 1.2351, 
Val Loss: 1.4319, Val Acc: 0.4933, Val F1 Macro: 0.4792, Val F1 Micro: 0.5057, Val RMSE: 1.3666, 
Test Loss: 1.3420, Test Acc: 0.5109, Test F1 Macro: 0.4907, Test F1 Micro: 0.5194, Test RMSE: 1.3196

Epoch [9/20], Time: 2.79s, 
Train Loss: 0.5604, Train Acc: 0.7905, Train F1 Macro: 0.5866, Train F1 Micro: 0.6053, Train RMSE: 1.1971, 
Val Loss: 1.5922, Val Acc: 0.4750, Val F1 Macro: 0.4783, Val F1 Micro: 0.5023, Val RMSE: 1.3761, 
Test Loss: 1.4911, Test Acc: 0.4834, Test F1 Macro: 0.4899, Test F1 Micro: 0.5154, Test RMSE: 1.3314

Epoch [10/20], Time: 2.84s, 
Train Loss: 0.4705, Train Acc: 0.8262, Train F1 Macro: 0.6105, Train F1 Micro: 0.6274, Train RMSE: 1.1611, 
Val Loss: 1.6992, Val Acc: 0.4811, Val F1 Macro: 0.4763, Val F1 Micro: 0.5002, Val RMSE: 1.3793, 
Test Loss: 1.5922, Test Acc: 0.5013, Test F1 Macro: 0.4889, Test F1 Micro: 0.5140, Test RMSE: 1.3338

Epoch [11/20], Time: 2.83s, 
Train Loss: 0.3915, Train Acc: 0.8540, Train F1 Macro: 0.6326, Train F1 Micro: 0.6480, Train RMSE: 1.1272, 
Val Loss: 1.8201, Val Acc: 0.4841, Val F1 Macro: 0.4756, Val F1 Micro: 0.4987, Val RMSE: 1.3821, 
Test Loss: 1.7020, Test Acc: 0.5017, Test F1 Macro: 0.4889, Test F1 Micro: 0.5129, Test RMSE: 1.3374

Epoch [12/20], Time: 3.00s, 
Train Loss: 0.3312, Train Acc: 0.8830, Train F1 Macro: 0.6536, Train F1 Micro: 0.6676, Train RMSE: 1.0945, 
Val Loss: 1.9877, Val Acc: 0.4763, Val F1 Macro: 0.4742, Val F1 Micro: 0.4968, Val RMSE: 1.3876, 
Test Loss: 1.8728, Test Acc: 0.4956, Test F1 Macro: 0.4880, Test F1 Micro: 0.5114, Test RMSE: 1.3460

Epoch [13/20], Time: 2.87s, 
Train Loss: 0.2909, Train Acc: 0.8968, Train F1 Macro: 0.6723, Train F1 Micro: 0.6852, Train RMSE: 1.0645, 
Val Loss: 2.1694, Val Acc: 0.4667, Val F1 Macro: 0.4722, Val F1 Micro: 0.4945, Val RMSE: 1.3915, 
Test Loss: 2.0019, Test Acc: 0.4965, Test F1 Macro: 0.4871, Test F1 Micro: 0.5103, Test RMSE: 1.3484

Epoch [14/20], Time: 2.87s, 
Train Loss: 0.2586, Train Acc: 0.9085, Train F1 Macro: 0.6893, Train F1 Micro: 0.7012, Train RMSE: 1.0367, 
Val Loss: 2.3223, Val Acc: 0.4619, Val F1 Macro: 0.4701, Val F1 Micro: 0.4922, Val RMSE: 1.3965, 
Test Loss: 2.1371, Test Acc: 0.4830, Test F1 Macro: 0.4854, Test F1 Micro: 0.5083, Test RMSE: 1.3534

Epoch [15/20], Time: 2.88s, 
Train Loss: 0.2289, Train Acc: 0.9210, Train F1 Macro: 0.7048, Train F1 Micro: 0.7158, Train RMSE: 1.0106, 
Val Loss: 2.3905, Val Acc: 0.4610, Val F1 Macro: 0.4684, Val F1 Micro: 0.4901, Val RMSE: 1.3993, 
Test Loss: 2.1730, Test Acc: 0.4821, Test F1 Macro: 0.4843, Test F1 Micro: 0.5066, Test RMSE: 1.3568

Epoch [16/20], Time: 2.90s, 
Train Loss: 0.2063, Train Acc: 0.9271, Train F1 Macro: 0.7187, Train F1 Micro: 0.7290, Train RMSE: 0.9863, 
Val Loss: 2.5187, Val Acc: 0.4549, Val F1 Macro: 0.4668, Val F1 Micro: 0.4879, Val RMSE: 1.4009, 
Test Loss: 2.2989, Test Acc: 0.4795, Test F1 Macro: 0.4835, Test F1 Micro: 0.5049, Test RMSE: 1.3591

Epoch [17/20], Time: 3.09s, 
Train Loss: 0.1919, Train Acc: 0.9340, Train F1 Macro: 0.7315, Train F1 Micro: 0.7411, Train RMSE: 0.9640, 
Val Loss: 2.6348, Val Acc: 0.4667, Val F1 Macro: 0.4657, Val F1 Micro: 0.4867, Val RMSE: 1.4037, 
Test Loss: 2.3942, Test Acc: 0.4922, Test F1 Macro: 0.4830, Test F1 Micro: 0.5042, Test RMSE: 1.3627

Epoch [18/20], Time: 2.94s, 
Train Loss: 0.1803, Train Acc: 0.9349, Train F1 Macro: 0.7428, Train F1 Micro: 0.7519, Train RMSE: 0.9439, 
Val Loss: 2.7372, Val Acc: 0.4706, Val F1 Macro: 0.4648, Val F1 Micro: 0.4858, Val RMSE: 1.4056, 
Test Loss: 2.4972, Test Acc: 0.4891, Test F1 Macro: 0.4822, Test F1 Micro: 0.5033, Test RMSE: 1.3659

Epoch [19/20], Time: 2.94s, 
Train Loss: 0.1661, Train Acc: 0.9428, Train F1 Macro: 0.7534, Train F1 Micro: 0.7619, Train RMSE: 0.9250, 
Val Loss: 2.8364, Val Acc: 0.4615, Val F1 Macro: 0.4639, Val F1 Micro: 0.4845, Val RMSE: 1.4103, 
Test Loss: 2.5639, Test Acc: 0.4887, Test F1 Macro: 0.4817, Test F1 Micro: 0.5025, Test RMSE: 1.3690

Epoch [20/20], Time: 2.96s, 
Train Loss: 0.1578, Train Acc: 0.9452, Train F1 Macro: 0.7630, Train F1 Micro: 0.7711, Train RMSE: 0.9072, 
Val Loss: 3.0719, Val Acc: 0.4728, Val F1 Macro: 0.4631, Val F1 Micro: 0.4839, Val RMSE: 1.4098, 
Test Loss: 2.8154, Test Acc: 0.4839, Test F1 Macro: 0.4808, Test F1 Micro: 0.5016, Test RMSE: 1.3694

Total Training Time: 57.62s

Test Loss: 1.1272, Test Acc: 0.5235, Test F1 Macro: 0.4869, Test F1 Micro: 0.5235, Test RMSE: 1.2848
===== SEED 77 =====
PyTorch Version : 2.11.0+cu128
cuda
3.7.credibility.pt
***** Best Result Updated at Epoch 1, Val Loss: 1.2697 *****
Epoch [1/20], Time: 3.15s, 
Train Loss: 1.4773, Train Acc: 0.3933, Train F1 Macro: 0.3200, Train F1 Micro: 0.3933, Train RMSE: 1.4830, 
Val Loss: 1.2697, Val Acc: 0.4924, Val F1 Macro: 0.4658, Val F1 Micro: 0.4924, Val RMSE: 1.3057, 
Test Loss: 1.2171, Test Acc: 0.5261, Test F1 Macro: 0.5001, Test F1 Micro: 0.5261, Test RMSE: 1.2090

***** Best Result Updated at Epoch 2, Val Loss: 1.2073 *****
Epoch [2/20], Time: 2.84s, 
Train Loss: 1.2252, Train Acc: 0.5007, Train F1 Macro: 0.3995, Train F1 Micro: 0.4470, Train RMSE: 1.4177, 
Val Loss: 1.2073, Val Acc: 0.5024, Val F1 Macro: 0.4681, Val F1 Micro: 0.4974, Val RMSE: 1.3292, 
Test Loss: 1.1551, Test Acc: 0.5179, Test F1 Macro: 0.4919, Test F1 Micro: 0.5220, Test RMSE: 1.2410

***** Best Result Updated at Epoch 3, Val Loss: 1.2009 *****
Epoch [3/20], Time: 2.75s, 
Train Loss: 1.1686, Train Acc: 0.5185, Train F1 Macro: 0.4317, Train F1 Micro: 0.4708, Train RMSE: 1.3857, 
Val Loss: 1.2009, Val Acc: 0.5102, Val F1 Macro: 0.4713, Val F1 Micro: 0.5017, Val RMSE: 1.3743, 
Test Loss: 1.1467, Test Acc: 0.5083, Test F1 Macro: 0.4848, Test F1 Micro: 0.5174, Test RMSE: 1.2971

***** Best Result Updated at Epoch 4, Val Loss: 1.2007 *****
Epoch [4/20], Time: 2.75s, 
Train Loss: 1.0996, Train Acc: 0.5496, Train F1 Macro: 0.4564, Train F1 Micro: 0.4905, Train RMSE: 1.3577, 
Val Loss: 1.2007, Val Acc: 0.5094, Val F1 Macro: 0.4737, Val F1 Micro: 0.5036, Val RMSE: 1.3622, 
Test Loss: 1.1354, Test Acc: 0.5183, Test F1 Macro: 0.4856, Test F1 Micro: 0.5176, Test RMSE: 1.2935

Epoch [5/20], Time: 2.73s, 
Train Loss: 1.0063, Train Acc: 0.5946, Train F1 Macro: 0.4814, Train F1 Micro: 0.5114, Train RMSE: 1.3253, 
Val Loss: 1.2285, Val Acc: 0.5098, Val F1 Macro: 0.4762, Val F1 Micro: 0.5048, Val RMSE: 1.3670, 
Test Loss: 1.1542, Test Acc: 0.5100, Test F1 Macro: 0.4854, Test F1 Micro: 0.5161, Test RMSE: 1.3075

Epoch [6/20], Time: 2.75s, 
Train Loss: 0.9059, Train Acc: 0.6301, Train F1 Macro: 0.5047, Train F1 Micro: 0.5311, Train RMSE: 1.2946, 
Val Loss: 1.2521, Val Acc: 0.5015, Val F1 Macro: 0.4765, Val F1 Micro: 0.5043, Val RMSE: 1.3726, 
Test Loss: 1.1843, Test Acc: 0.5135, Test F1 Macro: 0.4855, Test F1 Micro: 0.5157, Test RMSE: 1.3197

Epoch [7/20], Time: 2.93s, 
Train Loss: 0.7767, Train Acc: 0.6938, Train F1 Macro: 0.5310, Train F1 Micro: 0.5544, Train RMSE: 1.2564, 
Val Loss: 1.3520, Val Acc: 0.4963, Val F1 Macro: 0.4770, Val F1 Micro: 0.5031, Val RMSE: 1.3699, 
Test Loss: 1.2716, Test Acc: 0.5013, Test F1 Macro: 0.4859, Test F1 Micro: 0.5136, Test RMSE: 1.3243

Epoch [8/20], Time: 2.79s, 
Train Loss: 0.6762, Train Acc: 0.7330, Train F1 Macro: 0.5555, Train F1 Micro: 0.5767, Train RMSE: 1.2195, 
Val Loss: 1.4640, Val Acc: 0.4680, Val F1 Macro: 0.4748, Val F1 Micro: 0.4987, Val RMSE: 1.3799, 
Test Loss: 1.3826, Test Acc: 0.4891, Test F1 Macro: 0.4860, Test F1 Micro: 0.5106, Test RMSE: 1.3352

Epoch [9/20], Time: 2.80s, 
Train Loss: 0.5735, Train Acc: 0.7733, Train F1 Macro: 0.5793, Train F1 Micro: 0.5986, Train RMSE: 1.1826, 
Val Loss: 1.6212, Val Acc: 0.4671, Val F1 Macro: 0.4723, Val F1 Micro: 0.4952, Val RMSE: 1.3820, 
Test Loss: 1.5001, Test Acc: 0.4965, Test F1 Macro: 0.4857, Test F1 Micro: 0.5090, Test RMSE: 1.3391

Epoch [10/20], Time: 2.81s, 
Train Loss: 0.4752, Train Acc: 0.8228, Train F1 Macro: 0.6035, Train F1 Micro: 0.6210, Train RMSE: 1.1461, 
Val Loss: 1.6881, Val Acc: 0.4758, Val F1 Macro: 0.4710, Val F1 Micro: 0.4933, Val RMSE: 1.3911, 
Test Loss: 1.5922, Test Acc: 0.4887, Test F1 Macro: 0.4842, Test F1 Micro: 0.5070, Test RMSE: 1.3510

Epoch [11/20], Time: 2.82s, 
Train Loss: 0.4229, Train Acc: 0.8401, Train F1 Macro: 0.6250, Train F1 Micro: 0.6409, Train RMSE: 1.1131, 
Val Loss: 1.8872, Val Acc: 0.4671, Val F1 Macro: 0.4688, Val F1 Micro: 0.4909, Val RMSE: 1.3957, 
Test Loss: 1.7881, Test Acc: 0.4865, Test F1 Macro: 0.4824, Test F1 Micro: 0.5051, Test RMSE: 1.3569

Epoch [12/20], Time: 3.00s, 
Train Loss: 0.3604, Train Acc: 0.8656, Train F1 Macro: 0.6451, Train F1 Micro: 0.6596, Train RMSE: 1.0816, 
Val Loss: 1.9993, Val Acc: 0.4636, Val F1 Macro: 0.4673, Val F1 Micro: 0.4886, Val RMSE: 1.3979, 
Test Loss: 1.8871, Test Acc: 0.4813, Test F1 Macro: 0.4810, Test F1 Micro: 0.5031, Test RMSE: 1.3602

Epoch [13/20], Time: 2.86s, 
Train Loss: 0.3064, Train Acc: 0.8885, Train F1 Macro: 0.6639, Train F1 Micro: 0.6772, Train RMSE: 1.0520, 
Val Loss: 2.1960, Val Acc: 0.4641, Val F1 Macro: 0.4660, Val F1 Micro: 0.4868, Val RMSE: 1.3985, 
Test Loss: 2.0656, Test Acc: 0.4808, Test F1 Macro: 0.4796, Test F1 Micro: 0.5014, Test RMSE: 1.3643

Epoch [14/20], Time: 2.88s, 
Train Loss: 0.2809, Train Acc: 0.8983, Train F1 Macro: 0.6806, Train F1 Micro: 0.6930, Train RMSE: 1.0247, 
Val Loss: 2.2938, Val Acc: 0.4593, Val F1 Macro: 0.4644, Val F1 Micro: 0.4848, Val RMSE: 1.4033, 
Test Loss: 2.1574, Test Acc: 0.4804, Test F1 Macro: 0.4786, Test F1 Micro: 0.4999, Test RMSE: 1.3716

Epoch [15/20], Time: 2.89s, 
Train Loss: 0.2489, Train Acc: 0.9080, Train F1 Macro: 0.6959, Train F1 Micro: 0.7074, Train RMSE: 0.9995, 
Val Loss: 2.4724, Val Acc: 0.4632, Val F1 Macro: 0.4635, Val F1 Micro: 0.4834, Val RMSE: 1.4049, 
Test Loss: 2.3080, Test Acc: 0.4834, Test F1 Macro: 0.4780, Test F1 Micro: 0.4988, Test RMSE: 1.3762

Epoch [16/20], Time: 2.90s, 
Train Loss: 0.2361, Train Acc: 0.9156, Train F1 Macro: 0.7097, Train F1 Micro: 0.7204, Train RMSE: 0.9768, 
Val Loss: 2.4827, Val Acc: 0.4654, Val F1 Macro: 0.4628, Val F1 Micro: 0.4822, Val RMSE: 1.4078, 
Test Loss: 2.3281, Test Acc: 0.4782, Test F1 Macro: 0.4772, Test F1 Micro: 0.4975, Test RMSE: 1.3798

Epoch [17/20], Time: 3.09s, 
Train Loss: 0.2013, Train Acc: 0.9274, Train F1 Macro: 0.7225, Train F1 Micro: 0.7325, Train RMSE: 0.9550, 
Val Loss: 2.7033, Val Acc: 0.4671, Val F1 Macro: 0.4625, Val F1 Micro: 0.4813, Val RMSE: 1.4097, 
Test Loss: 2.5436, Test Acc: 0.4682, Test F1 Macro: 0.4762, Test F1 Micro: 0.4958, Test RMSE: 1.3833

Epoch [18/20], Time: 2.92s, 
Train Loss: 0.1847, Train Acc: 0.9361, Train F1 Macro: 0.7345, Train F1 Micro: 0.7439, Train RMSE: 0.9340, 
Val Loss: 2.8549, Val Acc: 0.4532, Val F1 Macro: 0.4615, Val F1 Micro: 0.4798, Val RMSE: 1.4113, 
Test Loss: 2.6408, Test Acc: 0.4774, Test F1 Macro: 0.4756, Test F1 Micro: 0.4948, Test RMSE: 1.3846

Epoch [19/20], Time: 2.93s, 
Train Loss: 0.1739, Train Acc: 0.9394, Train F1 Macro: 0.7453, Train F1 Micro: 0.7542, Train RMSE: 0.9145, 
Val Loss: 2.9416, Val Acc: 0.4562, Val F1 Macro: 0.4603, Val F1 Micro: 0.4785, Val RMSE: 1.4153, 
Test Loss: 2.7610, Test Acc: 0.4734, Test F1 Macro: 0.4743, Test F1 Micro: 0.4937, Test RMSE: 1.3880

Epoch [20/20], Time: 2.98s, 
Train Loss: 0.1665, Train Acc: 0.9416, Train F1 Macro: 0.7552, Train F1 Micro: 0.7635, Train RMSE: 0.8968, 
Val Loss: 3.0106, Val Acc: 0.4650, Val F1 Macro: 0.4599, Val F1 Micro: 0.4779, Val RMSE: 1.4178, 
Test Loss: 2.8444, Test Acc: 0.4730, Test F1 Macro: 0.4733, Test F1 Micro: 0.4926, Test RMSE: 1.3916

Total Training Time: 57.55s

Test Loss: 1.1354, Test Acc: 0.5183, Test F1 Macro: 0.4863, Test F1 Micro: 0.5183, Test RMSE: 1.2826
===== SEED 123 =====
PyTorch Version : 2.11.0+cu128
cuda
3.7.credibility.pt
***** Best Result Updated at Epoch 1, Val Loss: 1.3056 *****
Epoch [1/20], Time: 3.15s, 
Train Loss: 1.4752, Train Acc: 0.3933, Train F1 Macro: 0.3275, Train F1 Micro: 0.3933, Train RMSE: 1.4701, 
Val Loss: 1.3056, Val Acc: 0.4963, Val F1 Macro: 0.4689, Val F1 Micro: 0.4963, Val RMSE: 1.3195, 
Test Loss: 1.2502, Test Acc: 0.5039, Test F1 Macro: 0.4748, Test F1 Micro: 0.5039, Test RMSE: 1.2682

***** Best Result Updated at Epoch 2, Val Loss: 1.2136 *****
Epoch [2/20], Time: 2.84s, 
Train Loss: 1.2317, Train Acc: 0.5052, Train F1 Macro: 0.4040, Train F1 Micro: 0.4492, Train RMSE: 1.3938, 
Val Loss: 1.2136, Val Acc: 0.5115, Val F1 Macro: 0.4719, Val F1 Micro: 0.5039, Val RMSE: 1.3309, 
Test Loss: 1.1496, Test Acc: 0.5152, Test F1 Macro: 0.4745, Test F1 Micro: 0.5096, Test RMSE: 1.2649

***** Best Result Updated at Epoch 3, Val Loss: 1.1908 *****
Epoch [3/20], Time: 2.76s, 
Train Loss: 1.1582, Train Acc: 0.5227, Train F1 Macro: 0.4359, Train F1 Micro: 0.4737, Train RMSE: 1.3650, 
Val Loss: 1.1908, Val Acc: 0.5150, Val F1 Macro: 0.4810, Val F1 Micro: 0.5076, Val RMSE: 1.3466, 
Test Loss: 1.1327, Test Acc: 0.5253, Test F1 Macro: 0.4838, Test F1 Micro: 0.5148, Test RMSE: 1.2807

Epoch [4/20], Time: 2.74s, 
Train Loss: 1.1030, Train Acc: 0.5510, Train F1 Macro: 0.4603, Train F1 Micro: 0.4930, Train RMSE: 1.3404, 
Val Loss: 1.2037, Val Acc: 0.5111, Val F1 Macro: 0.4816, Val F1 Micro: 0.5085, Val RMSE: 1.3806, 
Test Loss: 1.1481, Test Acc: 0.5161, Test F1 Macro: 0.4831, Test F1 Micro: 0.5151, Test RMSE: 1.3161

Epoch [5/20], Time: 2.74s, 
Train Loss: 1.0084, Train Acc: 0.5885, Train F1 Macro: 0.4831, Train F1 Micro: 0.5121, Train RMSE: 1.3114, 
Val Loss: 1.2099, Val Acc: 0.5063, Val F1 Macro: 0.4832, Val F1 Micro: 0.5081, Val RMSE: 1.3800, 
Test Loss: 1.1439, Test Acc: 0.5166, Test F1 Macro: 0.4864, Test F1 Micro: 0.5154, Test RMSE: 1.3154

Epoch [6/20], Time: 2.75s, 
Train Loss: 0.8961, Train Acc: 0.6458, Train F1 Macro: 0.5088, Train F1 Micro: 0.5344, Train RMSE: 1.2757, 
Val Loss: 1.2749, Val Acc: 0.4880, Val F1 Macro: 0.4803, Val F1 Micro: 0.5047, Val RMSE: 1.3760, 
Test Loss: 1.1922, Test Acc: 0.5174, Test F1 Macro: 0.4884, Test F1 Micro: 0.5158, Test RMSE: 1.3054

Epoch [7/20], Time: 2.90s, 
Train Loss: 0.7742, Train Acc: 0.7018, Train F1 Macro: 0.5358, Train F1 Micro: 0.5583, Train RMSE: 1.2379, 
Val Loss: 1.3853, Val Acc: 0.4815, Val F1 Macro: 0.4773, Val F1 Micro: 0.5014, Val RMSE: 1.3758, 
Test Loss: 1.2815, Test Acc: 0.5105, Test F1 Macro: 0.4888, Test F1 Micro: 0.5150, Test RMSE: 1.3016

Epoch [8/20], Time: 2.81s, 
Train Loss: 0.6469, Train Acc: 0.7565, Train F1 Macro: 0.5631, Train F1 Micro: 0.5831, Train RMSE: 1.1998, 
Val Loss: 1.4922, Val Acc: 0.4815, Val F1 Macro: 0.4756, Val F1 Micro: 0.4989, Val RMSE: 1.3833, 
Test Loss: 1.3818, Test Acc: 0.5105, Test F1 Macro: 0.4894, Test F1 Micro: 0.5144, Test RMSE: 1.3064

Epoch [9/20], Time: 2.81s, 
Train Loss: 0.5371, Train Acc: 0.7993, Train F1 Macro: 0.5893, Train F1 Micro: 0.6071, Train RMSE: 1.1640, 
Val Loss: 1.5821, Val Acc: 0.4780, Val F1 Macro: 0.4735, Val F1 Micro: 0.4966, Val RMSE: 1.3926, 
Test Loss: 1.4913, Test Acc: 0.5013, Test F1 Macro: 0.4883, Test F1 Micro: 0.5130, Test RMSE: 1.3147

Epoch [10/20], Time: 2.82s, 
Train Loss: 0.4506, Train Acc: 0.8319, Train F1 Macro: 0.6137, Train F1 Micro: 0.6296, Train RMSE: 1.1283, 
Val Loss: 1.7331, Val Acc: 0.4719, Val F1 Macro: 0.4713, Val F1 Micro: 0.4941, Val RMSE: 1.3993, 
Test Loss: 1.6215, Test Acc: 0.4991, Test F1 Macro: 0.4877, Test F1 Micro: 0.5116, Test RMSE: 1.3197

Epoch [11/20], Time: 2.82s, 
Train Loss: 0.3860, Train Acc: 0.8613, Train F1 Macro: 0.6363, Train F1 Micro: 0.6507, Train RMSE: 1.0948, 
Val Loss: 1.8880, Val Acc: 0.4785, Val F1 Macro: 0.4698, Val F1 Micro: 0.4927, Val RMSE: 1.4043, 
Test Loss: 1.7740, Test Acc: 0.5030, Test F1 Macro: 0.4873, Test F1 Micro: 0.5108, Test RMSE: 1.3245

Epoch [12/20], Time: 2.98s, 
Train Loss: 0.3351, Train Acc: 0.8795, Train F1 Macro: 0.6567, Train F1 Micro: 0.6697, Train RMSE: 1.0637, 
Val Loss: 2.0226, Val Acc: 0.4706, Val F1 Macro: 0.4683, Val F1 Micro: 0.4909, Val RMSE: 1.4081, 
Test Loss: 1.9173, Test Acc: 0.4922, Test F1 Macro: 0.4865, Test F1 Micro: 0.5093, Test RMSE: 1.3277

Epoch [13/20], Time: 2.85s, 
Train Loss: 0.2967, Train Acc: 0.8945, Train F1 Macro: 0.6751, Train F1 Micro: 0.6870, Train RMSE: 1.0346, 
Val Loss: 2.1400, Val Acc: 0.4689, Val F1 Macro: 0.4670, Val F1 Micro: 0.4892, Val RMSE: 1.4134, 
Test Loss: 1.9722, Test Acc: 0.4956, Test F1 Macro: 0.4858, Test F1 Micro: 0.5082, Test RMSE: 1.3323

Epoch [14/20], Time: 2.87s, 
Train Loss: 0.2594, Train Acc: 0.9079, Train F1 Macro: 0.6918, Train F1 Micro: 0.7028, Train RMSE: 1.0080, 
Val Loss: 2.2759, Val Acc: 0.4706, Val F1 Macro: 0.4660, Val F1 Micro: 0.4878, Val RMSE: 1.4193, 
Test Loss: 2.1429, Test Acc: 0.4848, Test F1 Macro: 0.4844, Test F1 Micro: 0.5065, Test RMSE: 1.3373

Epoch [15/20], Time: 2.88s, 
Train Loss: 0.2262, Train Acc: 0.9210, Train F1 Macro: 0.7072, Train F1 Micro: 0.7173, Train RMSE: 0.9829, 
Val Loss: 2.4248, Val Acc: 0.4706, Val F1 Macro: 0.4649, Val F1 Micro: 0.4867, Val RMSE: 1.4225, 
Test Loss: 2.2540, Test Acc: 0.4887, Test F1 Macro: 0.4834, Test F1 Micro: 0.5053, Test RMSE: 1.3414

Epoch [16/20], Time: 2.91s, 
Train Loss: 0.2190, Train Acc: 0.9233, Train F1 Macro: 0.7207, Train F1 Micro: 0.7302, Train RMSE: 0.9601, 
Val Loss: 2.4945, Val Acc: 0.4693, Val F1 Macro: 0.4641, Val F1 Micro: 0.4856, Val RMSE: 1.4276, 
Test Loss: 2.3100, Test Acc: 0.4943, Test F1 Macro: 0.4830, Test F1 Micro: 0.5047, Test RMSE: 1.3430

Epoch [17/20], Time: 3.11s, 
Train Loss: 0.1998, Train Acc: 0.9309, Train F1 Macro: 0.7332, Train F1 Micro: 0.7420, Train RMSE: 0.9393, 
Val Loss: 2.6707, Val Acc: 0.4636, Val F1 Macro: 0.4631, Val F1 Micro: 0.4843, Val RMSE: 1.4290, 
Test Loss: 2.4926, Test Acc: 0.4826, Test F1 Macro: 0.4820, Test F1 Micro: 0.5034, Test RMSE: 1.3436

Epoch [18/20], Time: 2.92s, 
Train Loss: 0.1776, Train Acc: 0.9394, Train F1 Macro: 0.7447, Train F1 Micro: 0.7530, Train RMSE: 0.9195, 
Val Loss: 2.7689, Val Acc: 0.4628, Val F1 Macro: 0.4625, Val F1 Micro: 0.4831, Val RMSE: 1.4320, 
Test Loss: 2.5759, Test Acc: 0.4747, Test F1 Macro: 0.4809, Test F1 Micro: 0.5018, Test RMSE: 1.3479

Epoch [19/20], Time: 2.93s, 
Train Loss: 0.1848, Train Acc: 0.9417, Train F1 Macro: 0.7551, Train F1 Micro: 0.7629, Train RMSE: 0.9009, 
Val Loss: 2.7931, Val Acc: 0.4615, Val F1 Macro: 0.4616, Val F1 Micro: 0.4820, Val RMSE: 1.4362, 
Test Loss: 2.6105, Test Acc: 0.4765, Test F1 Macro: 0.4797, Test F1 Micro: 0.5004, Test RMSE: 1.3525

Epoch [20/20], Time: 2.95s, 
Train Loss: 0.1790, Train Acc: 0.9389, Train F1 Macro: 0.7643, Train F1 Micro: 0.7717, Train RMSE: 0.8840, 
Val Loss: 2.8694, Val Acc: 0.4597, Val F1 Macro: 0.4606, Val F1 Micro: 0.4809, Val RMSE: 1.4393, 
Test Loss: 2.6327, Test Acc: 0.4848, Test F1 Macro: 0.4790, Test F1 Micro: 0.4997, Test RMSE: 1.3542

Total Training Time: 57.55s

Test Loss: 1.1327, Test Acc: 0.5253, Test F1 Macro: 0.5002, Test F1 Micro: 0.5253, Test RMSE: 1.3118
