===== SEED 42 =====
PyTorch Version : 2.11.0+cu128
cuda
3.8.context.pt
***** Best Result Updated at Epoch 1, Val Loss: 1.5736 *****
Epoch [1/20], Time: 2.89s, 
Train Loss: 1.6511, Train Acc: 0.2962, Train F1 Macro: 0.2246, Train F1 Micro: 0.2962, Train RMSE: 1.8115, 
Val Loss: 1.5736, Val Acc: 0.3413, Val F1 Macro: 0.2559, Val F1 Micro: 0.3413, Val RMSE: 1.6474, 
Test Loss: 1.5658, Test Acc: 0.3419, Test F1 Macro: 0.2482, Test F1 Micro: 0.3419, Test RMSE: 1.6471

***** Best Result Updated at Epoch 2, Val Loss: 1.5493 *****
Epoch [2/20], Time: 2.57s, 
Train Loss: 1.5523, Train Acc: 0.3417, Train F1 Macro: 0.2544, Train F1 Micro: 0.3189, Train RMSE: 1.7488, 
Val Loss: 1.5493, Val Acc: 0.3374, Val F1 Macro: 0.2666, Val F1 Micro: 0.3394, Val RMSE: 1.7001, 
Test Loss: 1.5509, Test Acc: 0.3354, Test F1 Macro: 0.2582, Test F1 Micro: 0.3386, Test RMSE: 1.6944

***** Best Result Updated at Epoch 3, Val Loss: 1.5419 *****
Epoch [3/20], Time: 2.48s, 
Train Loss: 1.4909, Train Acc: 0.3745, Train F1 Macro: 0.2804, Train F1 Micro: 0.3374, Train RMSE: 1.7039, 
Val Loss: 1.5419, Val Acc: 0.3409, Val F1 Macro: 0.2691, Val F1 Micro: 0.3399, Val RMSE: 1.6926, 
Test Loss: 1.5391, Test Acc: 0.3432, Test F1 Macro: 0.2617, Test F1 Micro: 0.3402, Test RMSE: 1.6891

Epoch [4/20], Time: 2.70s, 
Train Loss: 1.4115, Train Acc: 0.4168, Train F1 Macro: 0.3066, Train F1 Micro: 0.3573, Train RMSE: 1.6567, 
Val Loss: 1.5665, Val Acc: 0.3396, Val F1 Macro: 0.2712, Val F1 Micro: 0.3398, Val RMSE: 1.6584, 
Test Loss: 1.5516, Test Acc: 0.3519, Test F1 Macro: 0.2655, Test F1 Micro: 0.3431, Test RMSE: 1.6571

Epoch [5/20], Time: 2.45s, 
Train Loss: 1.3056, Train Acc: 0.4643, Train F1 Macro: 0.3346, Train F1 Micro: 0.3787, Train RMSE: 1.6101, 
Val Loss: 1.5781, Val Acc: 0.3330, Val F1 Macro: 0.2767, Val F1 Micro: 0.3384, Val RMSE: 1.6465, 
Test Loss: 1.5763, Test Acc: 0.3297, Test F1 Macro: 0.2698, Test F1 Micro: 0.3404, Test RMSE: 1.6526

Epoch [6/20], Time: 2.43s, 
Train Loss: 1.1663, Train Acc: 0.5292, Train F1 Macro: 0.3656, Train F1 Micro: 0.4038, Train RMSE: 1.5596, 
Val Loss: 1.6513, Val Acc: 0.3343, Val F1 Macro: 0.2789, Val F1 Micro: 0.3378, Val RMSE: 1.6479, 
Test Loss: 1.6346, Test Acc: 0.3445, Test F1 Macro: 0.2748, Test F1 Micro: 0.3411, Test RMSE: 1.6578

Epoch [7/20], Time: 2.58s, 
Train Loss: 1.0355, Train Acc: 0.5927, Train F1 Macro: 0.3978, Train F1 Micro: 0.4308, Train RMSE: 1.5097, 
Val Loss: 1.8203, Val Acc: 0.3191, Val F1 Macro: 0.2798, Val F1 Micro: 0.3351, Val RMSE: 1.6464, 
Test Loss: 1.7863, Test Acc: 0.3284, Test F1 Macro: 0.2762, Test F1 Micro: 0.3393, Test RMSE: 1.6542

Epoch [8/20], Time: 2.50s, 
Train Loss: 0.8854, Train Acc: 0.6506, Train F1 Macro: 0.4294, Train F1 Micro: 0.4582, Train RMSE: 1.4599, 
Val Loss: 1.8959, Val Acc: 0.3217, Val F1 Macro: 0.2831, Val F1 Micro: 0.3334, Val RMSE: 1.6512, 
Test Loss: 1.8829, Test Acc: 0.3262, Test F1 Macro: 0.2791, Test F1 Micro: 0.3377, Test RMSE: 1.6587

Epoch [9/20], Time: 2.50s, 
Train Loss: 0.7674, Train Acc: 0.7093, Train F1 Macro: 0.4608, Train F1 Micro: 0.4861, Train RMSE: 1.4105, 
Val Loss: 2.0981, Val Acc: 0.3130, Val F1 Macro: 0.2836, Val F1 Micro: 0.3312, Val RMSE: 1.6551, 
Test Loss: 2.0758, Test Acc: 0.3297, Test F1 Macro: 0.2804, Test F1 Micro: 0.3368, Test RMSE: 1.6617

Epoch [10/20], Time: 2.50s, 
Train Loss: 0.6602, Train Acc: 0.7463, Train F1 Macro: 0.4898, Train F1 Micro: 0.5122, Train RMSE: 1.3653, 
Val Loss: 2.3054, Val Acc: 0.3087, Val F1 Macro: 0.2822, Val F1 Micro: 0.3289, Val RMSE: 1.6587, 
Test Loss: 2.2693, Test Acc: 0.3301, Test F1 Macro: 0.2805, Test F1 Micro: 0.3361, Test RMSE: 1.6648

Epoch [11/20], Time: 2.54s, 
Train Loss: 0.5660, Train Acc: 0.7860, Train F1 Macro: 0.5171, Train F1 Micro: 0.5371, Train RMSE: 1.3227, 
Val Loss: 2.5215, Val Acc: 0.3174, Val F1 Macro: 0.2834, Val F1 Micro: 0.3279, Val RMSE: 1.6570, 
Test Loss: 2.5098, Test Acc: 0.3210, Test F1 Macro: 0.2814, Test F1 Micro: 0.3347, Test RMSE: 1.6644

Epoch [12/20], Time: 2.73s, 
Train Loss: 0.5092, Train Acc: 0.8118, Train F1 Macro: 0.5420, Train F1 Micro: 0.5599, Train RMSE: 1.2840, 
Val Loss: 2.7037, Val Acc: 0.3069, Val F1 Macro: 0.2824, Val F1 Micro: 0.3261, Val RMSE: 1.6574, 
Test Loss: 2.7026, Test Acc: 0.3153, Test F1 Macro: 0.2805, Test F1 Micro: 0.3331, Test RMSE: 1.6655

Epoch [13/20], Time: 2.55s, 
Train Loss: 0.4545, Train Acc: 0.8310, Train F1 Macro: 0.5646, Train F1 Micro: 0.5808, Train RMSE: 1.2482, 
Val Loss: 2.9200, Val Acc: 0.3091, Val F1 Macro: 0.2818, Val F1 Micro: 0.3248, Val RMSE: 1.6644, 
Test Loss: 2.9152, Test Acc: 0.3245, Test F1 Macro: 0.2803, Test F1 Micro: 0.3325, Test RMSE: 1.6694

Epoch [14/20], Time: 2.57s, 
Train Loss: 0.3930, Train Acc: 0.8511, Train F1 Macro: 0.5853, Train F1 Micro: 0.6001, Train RMSE: 1.2152, 
Val Loss: 3.1435, Val Acc: 0.3021, Val F1 Macro: 0.2808, Val F1 Micro: 0.3232, Val RMSE: 1.6659, 
Test Loss: 3.0985, Test Acc: 0.3258, Test F1 Macro: 0.2807, Test F1 Micro: 0.3320, Test RMSE: 1.6693

Epoch [15/20], Time: 2.58s, 
Train Loss: 0.3548, Train Acc: 0.8712, Train F1 Macro: 0.6046, Train F1 Micro: 0.6182, Train RMSE: 1.1841, 
Val Loss: 3.2826, Val Acc: 0.3104, Val F1 Macro: 0.2809, Val F1 Micro: 0.3223, Val RMSE: 1.6684, 
Test Loss: 3.2854, Test Acc: 0.3240, Test F1 Macro: 0.2813, Test F1 Micro: 0.3314, Test RMSE: 1.6716

Epoch [16/20], Time: 2.61s, 
Train Loss: 0.3119, Train Acc: 0.8883, Train F1 Macro: 0.6226, Train F1 Micro: 0.6351, Train RMSE: 1.1548, 
Val Loss: 3.5105, Val Acc: 0.2952, Val F1 Macro: 0.2802, Val F1 Micro: 0.3206, Val RMSE: 1.6716, 
Test Loss: 3.4464, Test Acc: 0.3158, Test F1 Macro: 0.2817, Test F1 Micro: 0.3305, Test RMSE: 1.6740

Epoch [17/20], Time: 2.61s, 
Train Loss: 0.3025, Train Acc: 0.8933, Train F1 Macro: 0.6387, Train F1 Micro: 0.6502, Train RMSE: 1.1291, 
Val Loss: 3.7032, Val Acc: 0.3021, Val F1 Macro: 0.2801, Val F1 Micro: 0.3195, Val RMSE: 1.6747, 
Test Loss: 3.6315, Test Acc: 0.3158, Test F1 Macro: 0.2819, Test F1 Micro: 0.3296, Test RMSE: 1.6767

Epoch [18/20], Time: 2.83s, 
Train Loss: 0.2777, Train Acc: 0.9045, Train F1 Macro: 0.6536, Train F1 Micro: 0.6644, Train RMSE: 1.1047, 
Val Loss: 3.8730, Val Acc: 0.2991, Val F1 Macro: 0.2795, Val F1 Micro: 0.3184, Val RMSE: 1.6769, 
Test Loss: 3.7794, Test Acc: 0.3193, Test F1 Macro: 0.2823, Test F1 Micro: 0.3290, Test RMSE: 1.6766

Epoch [19/20], Time: 2.64s, 
Train Loss: 0.2509, Train Acc: 0.9125, Train F1 Macro: 0.6674, Train F1 Micro: 0.6774, Train RMSE: 1.0813, 
Val Loss: 4.1038, Val Acc: 0.2987, Val F1 Macro: 0.2787, Val F1 Micro: 0.3174, Val RMSE: 1.6794, 
Test Loss: 4.0044, Test Acc: 0.3240, Test F1 Macro: 0.2829, Test F1 Micro: 0.3288, Test RMSE: 1.6768

Epoch [20/20], Time: 2.66s, 
Train Loss: 0.2255, Train Acc: 0.9205, Train F1 Macro: 0.6802, Train F1 Micro: 0.6896, Train RMSE: 1.0596, 
Val Loss: 4.2510, Val Acc: 0.3000, Val F1 Macro: 0.2783, Val F1 Micro: 0.3165, Val RMSE: 1.6811, 
Test Loss: 4.1387, Test Acc: 0.3166, Test F1 Macro: 0.2831, Test F1 Micro: 0.3282, Test RMSE: 1.6781

Total Training Time: 51.93s

Test Loss: 1.5391, Test Acc: 0.3432, Test F1 Macro: 0.2553, Test F1 Micro: 0.3432, Test RMSE: 1.6787
===== SEED 7 =====
PyTorch Version : 2.11.0+cu128
cuda
3.8.context.pt
***** Best Result Updated at Epoch 1, Val Loss: 1.5787 *****
Epoch [1/20], Time: 2.96s, 
Train Loss: 1.6575, Train Acc: 0.2977, Train F1 Macro: 0.2174, Train F1 Micro: 0.2977, Train RMSE: 1.8214, 
Val Loss: 1.5787, Val Acc: 0.3304, Val F1 Macro: 0.2311, Val F1 Micro: 0.3304, Val RMSE: 1.6417, 
Test Loss: 1.5763, Test Acc: 0.3336, Test F1 Macro: 0.2189, Test F1 Micro: 0.3336, Test RMSE: 1.6707

***** Best Result Updated at Epoch 2, Val Loss: 1.5785 *****
Epoch [2/20], Time: 2.68s, 
Train Loss: 1.5608, Train Acc: 0.3450, Train F1 Macro: 0.2495, Train F1 Micro: 0.3214, Train RMSE: 1.7496, 
Val Loss: 1.5785, Val Acc: 0.3222, Val F1 Macro: 0.2613, Val F1 Micro: 0.3263, Val RMSE: 1.7543, 
Test Loss: 1.5647, Test Acc: 0.3271, Test F1 Macro: 0.2568, Test F1 Micro: 0.3304, Test RMSE: 1.7723

***** Best Result Updated at Epoch 3, Val Loss: 1.5567 *****
Epoch [3/20], Time: 2.59s, 
Train Loss: 1.4918, Train Acc: 0.3797, Train F1 Macro: 0.2783, Train F1 Micro: 0.3408, Train RMSE: 1.7026, 
Val Loss: 1.5567, Val Acc: 0.3409, Val F1 Macro: 0.2701, Val F1 Micro: 0.3312, Val RMSE: 1.7231, 
Test Loss: 1.5488, Test Acc: 0.3375, Test F1 Macro: 0.2616, Test F1 Micro: 0.3328, Test RMSE: 1.7417

Epoch [4/20], Time: 2.55s, 
Train Loss: 1.4121, Train Acc: 0.4229, Train F1 Macro: 0.3063, Train F1 Micro: 0.3613, Train RMSE: 1.6589, 
Val Loss: 1.5709, Val Acc: 0.3296, Val F1 Macro: 0.2788, Val F1 Micro: 0.3308, Val RMSE: 1.6802, 
Test Loss: 1.5538, Test Acc: 0.3506, Test F1 Macro: 0.2752, Test F1 Micro: 0.3372, Test RMSE: 1.6948

Epoch [5/20], Time: 2.58s, 
Train Loss: 1.3026, Train Acc: 0.4759, Train F1 Macro: 0.3355, Train F1 Micro: 0.3842, Train RMSE: 1.6128, 
Val Loss: 1.6125, Val Acc: 0.3404, Val F1 Macro: 0.2865, Val F1 Micro: 0.3327, Val RMSE: 1.6533, 
Test Loss: 1.6061, Test Acc: 0.3463, Test F1 Macro: 0.2818, Test F1 Micro: 0.3390, Test RMSE: 1.6787

Epoch [6/20], Time: 2.61s, 
Train Loss: 1.1747, Train Acc: 0.5401, Train F1 Macro: 0.3675, Train F1 Micro: 0.4102, Train RMSE: 1.5641, 
Val Loss: 1.6802, Val Acc: 0.3230, Val F1 Macro: 0.2882, Val F1 Micro: 0.3311, Val RMSE: 1.6502, 
Test Loss: 1.6629, Test Acc: 0.3349, Test F1 Macro: 0.2852, Test F1 Micro: 0.3383, Test RMSE: 1.6794

Epoch [7/20], Time: 2.75s, 
Train Loss: 1.0210, Train Acc: 0.6070, Train F1 Macro: 0.4010, Train F1 Micro: 0.4383, Train RMSE: 1.5153, 
Val Loss: 1.8053, Val Acc: 0.3243, Val F1 Macro: 0.2907, Val F1 Micro: 0.3301, Val RMSE: 1.6639, 
Test Loss: 1.7744, Test Acc: 0.3306, Test F1 Macro: 0.2887, Test F1 Micro: 0.3372, Test RMSE: 1.6924

Epoch [8/20], Time: 2.63s, 
Train Loss: 0.8706, Train Acc: 0.6717, Train F1 Macro: 0.4347, Train F1 Micro: 0.4675, Train RMSE: 1.4667, 
Val Loss: 1.9311, Val Acc: 0.3148, Val F1 Macro: 0.2899, Val F1 Micro: 0.3282, Val RMSE: 1.6642, 
Test Loss: 1.9229, Test Acc: 0.3240, Test F1 Macro: 0.2885, Test F1 Micro: 0.3356, Test RMSE: 1.6955

Epoch [9/20], Time: 2.64s, 
Train Loss: 0.7465, Train Acc: 0.7208, Train F1 Macro: 0.4666, Train F1 Micro: 0.4956, Train RMSE: 1.4203, 
Val Loss: 2.1137, Val Acc: 0.3113, Val F1 Macro: 0.2899, Val F1 Micro: 0.3263, Val RMSE: 1.6628, 
Test Loss: 2.0906, Test Acc: 0.3188, Test F1 Macro: 0.2884, Test F1 Micro: 0.3337, Test RMSE: 1.6965

Epoch [10/20], Time: 2.65s, 
Train Loss: 0.6188, Train Acc: 0.7740, Train F1 Macro: 0.4977, Train F1 Micro: 0.5235, Train RMSE: 1.3750, 
Val Loss: 2.3347, Val Acc: 0.3191, Val F1 Macro: 0.2900, Val F1 Micro: 0.3256, Val RMSE: 1.6614, 
Test Loss: 2.3029, Test Acc: 0.3101, Test F1 Macro: 0.2867, Test F1 Micro: 0.3314, Test RMSE: 1.6973

Epoch [11/20], Time: 2.68s, 
Train Loss: 0.5182, Train Acc: 0.8138, Train F1 Macro: 0.5268, Train F1 Micro: 0.5499, Train RMSE: 1.3329, 
Val Loss: 2.5266, Val Acc: 0.3043, Val F1 Macro: 0.2895, Val F1 Micro: 0.3237, Val RMSE: 1.6613, 
Test Loss: 2.5093, Test Acc: 0.3153, Test F1 Macro: 0.2869, Test F1 Micro: 0.3299, Test RMSE: 1.6966

Epoch [12/20], Time: 2.88s, 
Train Loss: 0.4521, Train Acc: 0.8411, Train F1 Macro: 0.5534, Train F1 Micro: 0.5742, Train RMSE: 1.2945, 
Val Loss: 2.7123, Val Acc: 0.3095, Val F1 Macro: 0.2892, Val F1 Micro: 0.3225, Val RMSE: 1.6636, 
Test Loss: 2.7069, Test Acc: 0.3079, Test F1 Macro: 0.2865, Test F1 Micro: 0.3281, Test RMSE: 1.6986

Epoch [13/20], Time: 2.70s, 
Train Loss: 0.3928, Train Acc: 0.8609, Train F1 Macro: 0.5774, Train F1 Micro: 0.5962, Train RMSE: 1.2578, 
Val Loss: 2.9521, Val Acc: 0.3061, Val F1 Macro: 0.2876, Val F1 Micro: 0.3212, Val RMSE: 1.6690, 
Test Loss: 2.9586, Test Acc: 0.3132, Test F1 Macro: 0.2854, Test F1 Micro: 0.3269, Test RMSE: 1.7014

Epoch [14/20], Time: 2.72s, 
Train Loss: 0.3699, Train Acc: 0.8697, Train F1 Macro: 0.5985, Train F1 Micro: 0.6157, Train RMSE: 1.2251, 
Val Loss: 3.0627, Val Acc: 0.3087, Val F1 Macro: 0.2871, Val F1 Micro: 0.3203, Val RMSE: 1.6755, 
Test Loss: 3.0710, Test Acc: 0.3101, Test F1 Macro: 0.2849, Test F1 Micro: 0.3257, Test RMSE: 1.7062

Epoch [15/20], Time: 2.73s, 
Train Loss: 0.3067, Train Acc: 0.8949, Train F1 Macro: 0.6186, Train F1 Micro: 0.6344, Train RMSE: 1.1938, 
Val Loss: 3.3238, Val Acc: 0.2956, Val F1 Macro: 0.2868, Val F1 Micro: 0.3187, Val RMSE: 1.6796, 
Test Loss: 3.2978, Test Acc: 0.3057, Test F1 Macro: 0.2848, Test F1 Micro: 0.3244, Test RMSE: 1.7101

Epoch [16/20], Time: 2.74s, 
Train Loss: 0.2854, Train Acc: 0.8993, Train F1 Macro: 0.6363, Train F1 Micro: 0.6509, Train RMSE: 1.1649, 
Val Loss: 3.5250, Val Acc: 0.3043, Val F1 Macro: 0.2862, Val F1 Micro: 0.3178, Val RMSE: 1.6827, 
Test Loss: 3.4761, Test Acc: 0.3175, Test F1 Macro: 0.2851, Test F1 Micro: 0.3240, Test RMSE: 1.7118

Epoch [17/20], Time: 2.93s, 
Train Loss: 0.2493, Train Acc: 0.9150, Train F1 Macro: 0.6530, Train F1 Micro: 0.6664, Train RMSE: 1.1378, 
Val Loss: 3.7670, Val Acc: 0.3165, Val F1 Macro: 0.2860, Val F1 Micro: 0.3177, Val RMSE: 1.6827, 
Test Loss: 3.7414, Test Acc: 0.3158, Test F1 Macro: 0.2843, Test F1 Micro: 0.3235, Test RMSE: 1.7117

Epoch [18/20], Time: 2.77s, 
Train Loss: 0.2346, Train Acc: 0.9201, Train F1 Macro: 0.6680, Train F1 Micro: 0.6805, Train RMSE: 1.1125, 
Val Loss: 3.8075, Val Acc: 0.2939, Val F1 Macro: 0.2850, Val F1 Micro: 0.3164, Val RMSE: 1.6843, 
Test Loss: 3.8165, Test Acc: 0.2953, Test F1 Macro: 0.2834, Test F1 Micro: 0.3219, Test RMSE: 1.7116

Epoch [19/20], Time: 2.80s, 
Train Loss: 0.2230, Train Acc: 0.9222, Train F1 Macro: 0.6815, Train F1 Micro: 0.6933, Train RMSE: 1.0897, 
Val Loss: 4.0738, Val Acc: 0.2939, Val F1 Macro: 0.2840, Val F1 Micro: 0.3152, Val RMSE: 1.6865, 
Test Loss: 4.0042, Test Acc: 0.3014, Test F1 Macro: 0.2828, Test F1 Micro: 0.3208, Test RMSE: 1.7128

Epoch [20/20], Time: 2.80s, 
Train Loss: 0.2120, Train Acc: 0.9281, Train F1 Macro: 0.6939, Train F1 Micro: 0.7050, Train RMSE: 1.0681, 
Val Loss: 4.2336, Val Acc: 0.2930, Val F1 Macro: 0.2835, Val F1 Micro: 0.3141, Val RMSE: 1.6878, 
Test Loss: 4.1421, Test Acc: 0.3010, Test F1 Macro: 0.2825, Test F1 Micro: 0.3198, Test RMSE: 1.7142

Total Training Time: 54.41s

Test Loss: 1.5488, Test Acc: 0.3375, Test F1 Macro: 0.2191, Test F1 Micro: 0.3375, Test RMSE: 1.6787
===== SEED 13 =====
PyTorch Version : 2.11.0+cu128
cuda
3.8.context.pt
***** Best Result Updated at Epoch 1, Val Loss: 1.5882 *****
Epoch [1/20], Time: 2.97s, 
Train Loss: 1.6471, Train Acc: 0.3013, Train F1 Macro: 0.2257, Train F1 Micro: 0.3013, Train RMSE: 1.7691, 
Val Loss: 1.5882, Val Acc: 0.3243, Val F1 Macro: 0.2101, Val F1 Micro: 0.3243, Val RMSE: 1.7666, 
Test Loss: 1.5843, Test Acc: 0.3249, Test F1 Macro: 0.1938, Test F1 Micro: 0.3249, Test RMSE: 1.7902

***** Best Result Updated at Epoch 2, Val Loss: 1.5557 *****
Epoch [2/20], Time: 2.66s, 
Train Loss: 1.5505, Train Acc: 0.3460, Train F1 Macro: 0.2564, Train F1 Micro: 0.3236, Train RMSE: 1.7121, 
Val Loss: 1.5557, Val Acc: 0.3409, Val F1 Macro: 0.2483, Val F1 Micro: 0.3326, Val RMSE: 1.7031, 
Test Loss: 1.5538, Test Acc: 0.3271, Test F1 Macro: 0.2251, Test F1 Micro: 0.3260, Test RMSE: 1.7353

Epoch [3/20], Time: 2.59s, 
Train Loss: 1.4923, Train Acc: 0.3821, Train F1 Macro: 0.2830, Train F1 Micro: 0.3431, Train RMSE: 1.6716, 
Val Loss: 1.5560, Val Acc: 0.3374, Val F1 Macro: 0.2663, Val F1 Micro: 0.3342, Val RMSE: 1.7172, 
Test Loss: 1.5458, Test Acc: 0.3506, Test F1 Macro: 0.2573, Test F1 Micro: 0.3342, Test RMSE: 1.7295

Epoch [4/20], Time: 2.53s, 
Train Loss: 1.4139, Train Acc: 0.4168, Train F1 Macro: 0.3079, Train F1 Micro: 0.3615, Train RMSE: 1.6337, 
Val Loss: 1.5660, Val Acc: 0.3465, Val F1 Macro: 0.2733, Val F1 Micro: 0.3373, Val RMSE: 1.6856, 
Test Loss: 1.5548, Test Acc: 0.3445, Test F1 Macro: 0.2626, Test F1 Micro: 0.3368, Test RMSE: 1.6953

Epoch [5/20], Time: 2.56s, 
Train Loss: 1.3209, Train Acc: 0.4620, Train F1 Macro: 0.3339, Train F1 Micro: 0.3816, Train RMSE: 1.5907, 
Val Loss: 1.6402, Val Acc: 0.3370, Val F1 Macro: 0.2756, Val F1 Micro: 0.3372, Val RMSE: 1.6837, 
Test Loss: 1.6314, Test Acc: 0.3402, Test F1 Macro: 0.2649, Test F1 Micro: 0.3375, Test RMSE: 1.6901

Epoch [6/20], Time: 2.58s, 
Train Loss: 1.2024, Train Acc: 0.5232, Train F1 Macro: 0.3626, Train F1 Micro: 0.4052, Train RMSE: 1.5458, 
Val Loss: 1.6499, Val Acc: 0.3413, Val F1 Macro: 0.2825, Val F1 Micro: 0.3379, Val RMSE: 1.6717, 
Test Loss: 1.6382, Test Acc: 0.3436, Test F1 Macro: 0.2727, Test F1 Micro: 0.3385, Test RMSE: 1.6818

Epoch [7/20], Time: 2.73s, 
Train Loss: 1.0584, Train Acc: 0.5824, Train F1 Macro: 0.3925, Train F1 Micro: 0.4305, Train RMSE: 1.5004, 
Val Loss: 1.7472, Val Acc: 0.3365, Val F1 Macro: 0.2862, Val F1 Micro: 0.3377, Val RMSE: 1.6589, 
Test Loss: 1.7271, Test Acc: 0.3371, Test F1 Macro: 0.2764, Test F1 Micro: 0.3383, Test RMSE: 1.6732

Epoch [8/20], Time: 2.62s, 
Train Loss: 0.9155, Train Acc: 0.6416, Train F1 Macro: 0.4227, Train F1 Micro: 0.4569, Train RMSE: 1.4528, 
Val Loss: 1.8587, Val Acc: 0.3261, Val F1 Macro: 0.2892, Val F1 Micro: 0.3363, Val RMSE: 1.6629, 
Test Loss: 1.8586, Test Acc: 0.3336, Test F1 Macro: 0.2802, Test F1 Micro: 0.3377, Test RMSE: 1.6775

Epoch [9/20], Time: 2.66s, 
Train Loss: 0.7787, Train Acc: 0.7054, Train F1 Macro: 0.4538, Train F1 Micro: 0.4845, Train RMSE: 1.4069, 
Val Loss: 2.0376, Val Acc: 0.3161, Val F1 Macro: 0.2894, Val F1 Micro: 0.3340, Val RMSE: 1.6631, 
Test Loss: 2.0368, Test Acc: 0.3267, Test F1 Macro: 0.2820, Test F1 Micro: 0.3365, Test RMSE: 1.6744

Epoch [10/20], Time: 2.65s, 
Train Loss: 0.6684, Train Acc: 0.7516, Train F1 Macro: 0.4836, Train F1 Micro: 0.5112, Train RMSE: 1.3632, 
Val Loss: 2.2690, Val Acc: 0.3230, Val F1 Macro: 0.2895, Val F1 Micro: 0.3329, Val RMSE: 1.6615, 
Test Loss: 2.2530, Test Acc: 0.3288, Test F1 Macro: 0.2827, Test F1 Micro: 0.3357, Test RMSE: 1.6733

Epoch [11/20], Time: 2.67s, 
Train Loss: 0.5758, Train Acc: 0.7861, Train F1 Macro: 0.5112, Train F1 Micro: 0.5362, Train RMSE: 1.3221, 
Val Loss: 2.4092, Val Acc: 0.3217, Val F1 Macro: 0.2906, Val F1 Micro: 0.3319, Val RMSE: 1.6613, 
Test Loss: 2.4194, Test Acc: 0.3179, Test F1 Macro: 0.2838, Test F1 Micro: 0.3341, Test RMSE: 1.6698

Epoch [12/20], Time: 2.84s, 
Train Loss: 0.4940, Train Acc: 0.8206, Train F1 Macro: 0.5373, Train F1 Micro: 0.5599, Train RMSE: 1.2835, 
Val Loss: 2.6454, Val Acc: 0.3256, Val F1 Macro: 0.2911, Val F1 Micro: 0.3314, Val RMSE: 1.6655, 
Test Loss: 2.6258, Test Acc: 0.3206, Test F1 Macro: 0.2838, Test F1 Micro: 0.3330, Test RMSE: 1.6710

Epoch [13/20], Time: 2.70s, 
Train Loss: 0.4151, Train Acc: 0.8515, Train F1 Macro: 0.5618, Train F1 Micro: 0.5824, Train RMSE: 1.2468, 
Val Loss: 2.8550, Val Acc: 0.3121, Val F1 Macro: 0.2907, Val F1 Micro: 0.3299, Val RMSE: 1.6701, 
Test Loss: 2.8322, Test Acc: 0.3171, Test F1 Macro: 0.2839, Test F1 Micro: 0.3317, Test RMSE: 1.6732

Epoch [14/20], Time: 2.70s, 
Train Loss: 0.3782, Train Acc: 0.8650, Train F1 Macro: 0.5837, Train F1 Micro: 0.6025, Train RMSE: 1.2139, 
Val Loss: 3.0892, Val Acc: 0.3139, Val F1 Macro: 0.2899, Val F1 Micro: 0.3288, Val RMSE: 1.6724, 
Test Loss: 3.0479, Test Acc: 0.3293, Test F1 Macro: 0.2844, Test F1 Micro: 0.3316, Test RMSE: 1.6741

Epoch [15/20], Time: 2.72s, 
Train Loss: 0.3445, Train Acc: 0.8767, Train F1 Macro: 0.6034, Train F1 Micro: 0.6208, Train RMSE: 1.1842, 
Val Loss: 3.2951, Val Acc: 0.3169, Val F1 Macro: 0.2897, Val F1 Micro: 0.3280, Val RMSE: 1.6750, 
Test Loss: 3.2336, Test Acc: 0.3188, Test F1 Macro: 0.2844, Test F1 Micro: 0.3307, Test RMSE: 1.6752

Epoch [16/20], Time: 2.77s, 
Train Loss: 0.3005, Train Acc: 0.8947, Train F1 Macro: 0.6218, Train F1 Micro: 0.6379, Train RMSE: 1.1561, 
Val Loss: 3.4864, Val Acc: 0.3104, Val F1 Macro: 0.2888, Val F1 Micro: 0.3269, Val RMSE: 1.6744, 
Test Loss: 3.3973, Test Acc: 0.3236, Test F1 Macro: 0.2846, Test F1 Micro: 0.3303, Test RMSE: 1.6736

Epoch [17/20], Time: 2.95s, 
Train Loss: 0.2640, Train Acc: 0.9097, Train F1 Macro: 0.6389, Train F1 Micro: 0.6539, Train RMSE: 1.1291, 
Val Loss: 3.6924, Val Acc: 0.3213, Val F1 Macro: 0.2889, Val F1 Micro: 0.3265, Val RMSE: 1.6754, 
Test Loss: 3.6520, Test Acc: 0.3201, Test F1 Macro: 0.2844, Test F1 Micro: 0.3297, Test RMSE: 1.6734

Epoch [18/20], Time: 2.78s, 
Train Loss: 0.2607, Train Acc: 0.9079, Train F1 Macro: 0.6540, Train F1 Micro: 0.6680, Train RMSE: 1.1045, 
Val Loss: 3.8457, Val Acc: 0.3087, Val F1 Macro: 0.2893, Val F1 Micro: 0.3255, Val RMSE: 1.6762, 
Test Loss: 3.7829, Test Acc: 0.3079, Test F1 Macro: 0.2847, Test F1 Micro: 0.3285, Test RMSE: 1.6732

Epoch [19/20], Time: 2.78s, 
Train Loss: 0.2272, Train Acc: 0.9201, Train F1 Macro: 0.6681, Train F1 Micro: 0.6813, Train RMSE: 1.0813, 
Val Loss: 4.0228, Val Acc: 0.3065, Val F1 Macro: 0.2891, Val F1 Micro: 0.3245, Val RMSE: 1.6795, 
Test Loss: 3.9360, Test Acc: 0.3071, Test F1 Macro: 0.2842, Test F1 Micro: 0.3273, Test RMSE: 1.6756

Epoch [20/20], Time: 2.80s, 
Train Loss: 0.2181, Train Acc: 0.9253, Train F1 Macro: 0.6811, Train F1 Micro: 0.6935, Train RMSE: 1.0597, 
Val Loss: 4.2416, Val Acc: 0.3052, Val F1 Macro: 0.2889, Val F1 Micro: 0.3236, Val RMSE: 1.6826, 
Test Loss: 4.0825, Test Acc: 0.3101, Test F1 Macro: 0.2840, Test F1 Micro: 0.3265, Test RMSE: 1.6774

Total Training Time: 54.27s

Test Loss: 1.5538, Test Acc: 0.3271, Test F1 Macro: 0.2452, Test F1 Micro: 0.3271, Test RMSE: 1.6785
===== SEED 77 =====
PyTorch Version : 2.11.0+cu128
cuda
3.8.context.pt
***** Best Result Updated at Epoch 1, Val Loss: 1.5776 *****
Epoch [1/20], Time: 2.95s, 
Train Loss: 1.6448, Train Acc: 0.3002, Train F1 Macro: 0.2207, Train F1 Micro: 0.3002, Train RMSE: 1.7521, 
Val Loss: 1.5776, Val Acc: 0.3209, Val F1 Macro: 0.2133, Val F1 Micro: 0.3209, Val RMSE: 1.6044, 
Test Loss: 1.5775, Test Acc: 0.3345, Test F1 Macro: 0.2117, Test F1 Micro: 0.3345, Test RMSE: 1.6038

***** Best Result Updated at Epoch 2, Val Loss: 1.5595 *****
Epoch [2/20], Time: 2.68s, 
Train Loss: 1.5523, Train Acc: 0.3471, Train F1 Macro: 0.2507, Train F1 Micro: 0.3236, Train RMSE: 1.7101, 
Val Loss: 1.5595, Val Acc: 0.3357, Val F1 Macro: 0.2570, Val F1 Micro: 0.3283, Val RMSE: 1.5929, 
Test Loss: 1.5587, Test Acc: 0.3345, Test F1 Macro: 0.2551, Test F1 Micro: 0.3345, Test RMSE: 1.6038

Epoch [3/20], Time: 2.55s, 
Train Loss: 1.4928, Train Acc: 0.3856, Train F1 Macro: 0.2805, Train F1 Micro: 0.3443, Train RMSE: 1.6724, 
Val Loss: 1.5775, Val Acc: 0.3387, Val F1 Macro: 0.2620, Val F1 Micro: 0.3317, Val RMSE: 1.6237, 
Test Loss: 1.5680, Test Acc: 0.3271, Test F1 Macro: 0.2550, Test F1 Micro: 0.3320, Test RMSE: 1.6264

Epoch [4/20], Time: 2.59s, 
Train Loss: 1.4165, Train Acc: 0.4174, Train F1 Macro: 0.3067, Train F1 Micro: 0.3626, Train RMSE: 1.6339, 
Val Loss: 1.5634, Val Acc: 0.3283, Val F1 Macro: 0.2691, Val F1 Micro: 0.3309, Val RMSE: 1.6355, 
Test Loss: 1.5637, Test Acc: 0.3262, Test F1 Macro: 0.2619, Test F1 Micro: 0.3306, Test RMSE: 1.6421

Epoch [5/20], Time: 2.58s, 
Train Loss: 1.3123, Train Acc: 0.4754, Train F1 Macro: 0.3360, Train F1 Micro: 0.3852, Train RMSE: 1.5939, 
Val Loss: 1.5766, Val Acc: 0.3422, Val F1 Macro: 0.2705, Val F1 Micro: 0.3331, Val RMSE: 1.6367, 
Test Loss: 1.5820, Test Acc: 0.3380, Test F1 Macro: 0.2623, Test F1 Micro: 0.3321, Test RMSE: 1.6503

Epoch [6/20], Time: 2.60s, 
Train Loss: 1.1891, Train Acc: 0.5329, Train F1 Macro: 0.3664, Train F1 Micro: 0.4098, Train RMSE: 1.5497, 
Val Loss: 1.6519, Val Acc: 0.3274, Val F1 Macro: 0.2737, Val F1 Micro: 0.3322, Val RMSE: 1.6367, 
Test Loss: 1.6508, Test Acc: 0.3406, Test F1 Macro: 0.2692, Test F1 Micro: 0.3335, Test RMSE: 1.6532

Epoch [7/20], Time: 2.76s, 
Train Loss: 1.0383, Train Acc: 0.5988, Train F1 Macro: 0.3987, Train F1 Micro: 0.4368, Train RMSE: 1.5044, 
Val Loss: 1.7738, Val Acc: 0.3326, Val F1 Macro: 0.2781, Val F1 Micro: 0.3322, Val RMSE: 1.6431, 
Test Loss: 1.7663, Test Acc: 0.3232, Test F1 Macro: 0.2733, Test F1 Micro: 0.3320, Test RMSE: 1.6610

Epoch [8/20], Time: 2.63s, 
Train Loss: 0.9007, Train Acc: 0.6559, Train F1 Macro: 0.4304, Train F1 Micro: 0.4642, Train RMSE: 1.4577, 
Val Loss: 1.9210, Val Acc: 0.3239, Val F1 Macro: 0.2799, Val F1 Micro: 0.3312, Val RMSE: 1.6461, 
Test Loss: 1.9038, Test Acc: 0.3314, Test F1 Macro: 0.2765, Test F1 Micro: 0.3319, Test RMSE: 1.6631

Epoch [9/20], Time: 2.64s, 
Train Loss: 0.7482, Train Acc: 0.7195, Train F1 Macro: 0.4626, Train F1 Micro: 0.4925, Train RMSE: 1.4121, 
Val Loss: 2.0730, Val Acc: 0.3283, Val F1 Macro: 0.2832, Val F1 Micro: 0.3309, Val RMSE: 1.6485, 
Test Loss: 2.0609, Test Acc: 0.3227, Test F1 Macro: 0.2790, Test F1 Micro: 0.3309, Test RMSE: 1.6646

Epoch [10/20], Time: 2.65s, 
Train Loss: 0.6243, Train Acc: 0.7675, Train F1 Macro: 0.4934, Train F1 Micro: 0.5200, Train RMSE: 1.3675, 
Val Loss: 2.2703, Val Acc: 0.3304, Val F1 Macro: 0.2854, Val F1 Micro: 0.3308, Val RMSE: 1.6568, 
Test Loss: 2.2905, Test Acc: 0.3193, Test F1 Macro: 0.2805, Test F1 Micro: 0.3297, Test RMSE: 1.6774

Epoch [11/20], Time: 2.68s, 
Train Loss: 0.5502, Train Acc: 0.7995, Train F1 Macro: 0.5217, Train F1 Micro: 0.5454, Train RMSE: 1.3271, 
Val Loss: 2.5537, Val Acc: 0.3361, Val F1 Macro: 0.2859, Val F1 Micro: 0.3313, Val RMSE: 1.6561, 
Test Loss: 2.5415, Test Acc: 0.3280, Test F1 Macro: 0.2798, Test F1 Micro: 0.3296, Test RMSE: 1.6789

Epoch [12/20], Time: 2.85s, 
Train Loss: 0.4688, Train Acc: 0.8291, Train F1 Macro: 0.5477, Train F1 Micro: 0.5691, Train RMSE: 1.2886, 
Val Loss: 2.6283, Val Acc: 0.3313, Val F1 Macro: 0.2878, Val F1 Micro: 0.3313, Val RMSE: 1.6581, 
Test Loss: 2.6395, Test Acc: 0.3249, Test F1 Macro: 0.2813, Test F1 Micro: 0.3292, Test RMSE: 1.6828

Epoch [13/20], Time: 2.70s, 
Train Loss: 0.4070, Train Acc: 0.8551, Train F1 Macro: 0.5717, Train F1 Micro: 0.5911, Train RMSE: 1.2533, 
Val Loss: 2.8359, Val Acc: 0.3348, Val F1 Macro: 0.2899, Val F1 Micro: 0.3316, Val RMSE: 1.6577, 
Test Loss: 2.8300, Test Acc: 0.3236, Test F1 Macro: 0.2826, Test F1 Micro: 0.3288, Test RMSE: 1.6862

Epoch [14/20], Time: 2.72s, 
Train Loss: 0.3566, Train Acc: 0.8734, Train F1 Macro: 0.5936, Train F1 Micro: 0.6113, Train RMSE: 1.2199, 
Val Loss: 3.0505, Val Acc: 0.3287, Val F1 Macro: 0.2902, Val F1 Micro: 0.3314, Val RMSE: 1.6600, 
Test Loss: 3.0175, Test Acc: 0.3236, Test F1 Macro: 0.2832, Test F1 Micro: 0.3284, Test RMSE: 1.6909

Epoch [15/20], Time: 2.70s, 
Train Loss: 0.3260, Train Acc: 0.8863, Train F1 Macro: 0.6133, Train F1 Micro: 0.6296, Train RMSE: 1.1895, 
Val Loss: 3.2894, Val Acc: 0.3230, Val F1 Macro: 0.2908, Val F1 Micro: 0.3308, Val RMSE: 1.6631, 
Test Loss: 3.2450, Test Acc: 0.3232, Test F1 Macro: 0.2841, Test F1 Micro: 0.3280, Test RMSE: 1.6952

Epoch [16/20], Time: 2.73s, 
Train Loss: 0.3083, Train Acc: 0.8914, Train F1 Macro: 0.6308, Train F1 Micro: 0.6460, Train RMSE: 1.1617, 
Val Loss: 3.4343, Val Acc: 0.3239, Val F1 Macro: 0.2916, Val F1 Micro: 0.3304, Val RMSE: 1.6635, 
Test Loss: 3.4195, Test Acc: 0.3092, Test F1 Macro: 0.2842, Test F1 Micro: 0.3269, Test RMSE: 1.6957

Epoch [17/20], Time: 2.90s, 
Train Loss: 0.2737, Train Acc: 0.9073, Train F1 Macro: 0.6473, Train F1 Micro: 0.6613, Train RMSE: 1.1356, 
Val Loss: 3.5590, Val Acc: 0.3165, Val F1 Macro: 0.2924, Val F1 Micro: 0.3296, Val RMSE: 1.6667, 
Test Loss: 3.5705, Test Acc: 0.3027, Test F1 Macro: 0.2846, Test F1 Micro: 0.3255, Test RMSE: 1.7003

Epoch [18/20], Time: 2.77s, 
Train Loss: 0.2324, Train Acc: 0.9193, Train F1 Macro: 0.6626, Train F1 Micro: 0.6757, Train RMSE: 1.1105, 
Val Loss: 3.7831, Val Acc: 0.3274, Val F1 Macro: 0.2930, Val F1 Micro: 0.3294, Val RMSE: 1.6682, 
Test Loss: 3.7705, Test Acc: 0.3179, Test F1 Macro: 0.2852, Test F1 Micro: 0.3250, Test RMSE: 1.7018

Epoch [19/20], Time: 2.80s, 
Train Loss: 0.2211, Train Acc: 0.9247, Train F1 Macro: 0.6766, Train F1 Micro: 0.6888, Train RMSE: 1.0876, 
Val Loss: 3.9873, Val Acc: 0.3230, Val F1 Macro: 0.2932, Val F1 Micro: 0.3291, Val RMSE: 1.6718, 
Test Loss: 3.8751, Test Acc: 0.3140, Test F1 Macro: 0.2851, Test F1 Micro: 0.3245, Test RMSE: 1.7053

Epoch [20/20], Time: 2.80s, 
Train Loss: 0.2116, Train Acc: 0.9279, Train F1 Macro: 0.6893, Train F1 Micro: 0.7007, Train RMSE: 1.0661, 
Val Loss: 4.0874, Val Acc: 0.3178, Val F1 Macro: 0.2931, Val F1 Micro: 0.3285, Val RMSE: 1.6737, 
Test Loss: 4.0587, Test Acc: 0.3171, Test F1 Macro: 0.2854, Test F1 Micro: 0.3241, Test RMSE: 1.7078

Total Training Time: 54.29s

Test Loss: 1.5587, Test Acc: 0.3345, Test F1 Macro: 0.2662, Test F1 Micro: 0.3345, Test RMSE: 1.6037
===== SEED 123 =====
PyTorch Version : 2.11.0+cu128
cuda
3.8.context.pt
***** Best Result Updated at Epoch 1, Val Loss: 1.5780 *****
Epoch [1/20], Time: 2.98s, 
Train Loss: 1.6560, Train Acc: 0.2946, Train F1 Macro: 0.2113, Train F1 Micro: 0.2946, Train RMSE: 1.7663, 
Val Loss: 1.5780, Val Acc: 0.3300, Val F1 Macro: 0.2188, Val F1 Micro: 0.3300, Val RMSE: 1.7417, 
Test Loss: 1.5698, Test Acc: 0.3354, Test F1 Macro: 0.2077, Test F1 Micro: 0.3354, Test RMSE: 1.7494

***** Best Result Updated at Epoch 2, Val Loss: 1.5558 *****
Epoch [2/20], Time: 2.77s, 
Train Loss: 1.5603, Train Acc: 0.3407, Train F1 Macro: 0.2452, Train F1 Micro: 0.3177, Train RMSE: 1.7228, 
Val Loss: 1.5558, Val Acc: 0.3426, Val F1 Macro: 0.2386, Val F1 Micro: 0.3363, Val RMSE: 1.6554, 
Test Loss: 1.5469, Test Acc: 0.3415, Test F1 Macro: 0.2228, Test F1 Micro: 0.3384, Test RMSE: 1.6655

Epoch [3/20], Time: 2.55s, 
Train Loss: 1.4952, Train Acc: 0.3751, Train F1 Macro: 0.2722, Train F1 Micro: 0.3368, Train RMSE: 1.6747, 
Val Loss: 1.5751, Val Acc: 0.3291, Val F1 Macro: 0.2554, Val F1 Micro: 0.3339, Val RMSE: 1.6544, 
Test Loss: 1.5570, Test Acc: 0.3484, Test F1 Macro: 0.2484, Test F1 Micro: 0.3418, Test RMSE: 1.6453

Epoch [4/20], Time: 2.63s, 
Train Loss: 1.4156, Train Acc: 0.4125, Train F1 Macro: 0.2981, Train F1 Micro: 0.3557, Train RMSE: 1.6306, 
Val Loss: 1.5653, Val Acc: 0.3413, Val F1 Macro: 0.2629, Val F1 Micro: 0.3358, Val RMSE: 1.6532, 
Test Loss: 1.5421, Test Acc: 0.3445, Test F1 Macro: 0.2538, Test F1 Micro: 0.3424, Test RMSE: 1.6435

Epoch [5/20], Time: 2.57s, 
Train Loss: 1.3108, Train Acc: 0.4662, Train F1 Macro: 0.3272, Train F1 Micro: 0.3778, Train RMSE: 1.5875, 
Val Loss: 1.6028, Val Acc: 0.3352, Val F1 Macro: 0.2737, Val F1 Micro: 0.3357, Val RMSE: 1.6529, 
Test Loss: 1.5916, Test Acc: 0.3284, Test F1 Macro: 0.2628, Test F1 Micro: 0.3396, Test RMSE: 1.6409

Epoch [6/20], Time: 2.60s, 
Train Loss: 1.1886, Train Acc: 0.5234, Train F1 Macro: 0.3579, Train F1 Micro: 0.4021, Train RMSE: 1.5408, 
Val Loss: 1.6959, Val Acc: 0.3217, Val F1 Macro: 0.2783, Val F1 Micro: 0.3333, Val RMSE: 1.6401, 
Test Loss: 1.6945, Test Acc: 0.3301, Test F1 Macro: 0.2705, Test F1 Micro: 0.3381, Test RMSE: 1.6358

Epoch [7/20], Time: 2.75s, 
Train Loss: 1.0455, Train Acc: 0.5908, Train F1 Macro: 0.3904, Train F1 Micro: 0.4290, Train RMSE: 1.4947, 
Val Loss: 1.8021, Val Acc: 0.3330, Val F1 Macro: 0.2790, Val F1 Micro: 0.3333, Val RMSE: 1.6337, 
Test Loss: 1.8040, Test Acc: 0.3314, Test F1 Macro: 0.2708, Test F1 Micro: 0.3371, Test RMSE: 1.6338

Epoch [8/20], Time: 2.64s, 
Train Loss: 0.8936, Train Acc: 0.6591, Train F1 Macro: 0.4238, Train F1 Micro: 0.4578, Train RMSE: 1.4464, 
Val Loss: 1.9548, Val Acc: 0.3082, Val F1 Macro: 0.2800, Val F1 Micro: 0.3302, Val RMSE: 1.6311, 
Test Loss: 1.9330, Test Acc: 0.3332, Test F1 Macro: 0.2756, Test F1 Micro: 0.3366, Test RMSE: 1.6314

Epoch [9/20], Time: 2.66s, 
Train Loss: 0.7681, Train Acc: 0.7089, Train F1 Macro: 0.4557, Train F1 Micro: 0.4857, Train RMSE: 1.4013, 
Val Loss: 2.0849, Val Acc: 0.3269, Val F1 Macro: 0.2817, Val F1 Micro: 0.3298, Val RMSE: 1.6439, 
Test Loss: 2.0789, Test Acc: 0.3284, Test F1 Macro: 0.2772, Test F1 Micro: 0.3357, Test RMSE: 1.6433

Epoch [10/20], Time: 2.65s, 
Train Loss: 0.6504, Train Acc: 0.7575, Train F1 Macro: 0.4863, Train F1 Micro: 0.5129, Train RMSE: 1.3572, 
Val Loss: 2.2696, Val Acc: 0.3313, Val F1 Macro: 0.2836, Val F1 Micro: 0.3300, Val RMSE: 1.6468, 
Test Loss: 2.2811, Test Acc: 0.3314, Test F1 Macro: 0.2792, Test F1 Micro: 0.3353, Test RMSE: 1.6470

Epoch [11/20], Time: 2.67s, 
Train Loss: 0.5460, Train Acc: 0.7978, Train F1 Macro: 0.5151, Train F1 Micro: 0.5388, Train RMSE: 1.3150, 
Val Loss: 2.5058, Val Acc: 0.3082, Val F1 Macro: 0.2840, Val F1 Micro: 0.3280, Val RMSE: 1.6518, 
Test Loss: 2.5142, Test Acc: 0.3123, Test F1 Macro: 0.2803, Test F1 Micro: 0.3332, Test RMSE: 1.6511

Epoch [12/20], Time: 2.85s, 
Train Loss: 0.4751, Train Acc: 0.8297, Train F1 Macro: 0.5418, Train F1 Micro: 0.5630, Train RMSE: 1.2766, 
Val Loss: 2.7466, Val Acc: 0.3095, Val F1 Macro: 0.2843, Val F1 Micro: 0.3264, Val RMSE: 1.6520, 
Test Loss: 2.7133, Test Acc: 0.3223, Test F1 Macro: 0.2819, Test F1 Micro: 0.3323, Test RMSE: 1.6507

Epoch [13/20], Time: 2.70s, 
Train Loss: 0.4136, Train Acc: 0.8503, Train F1 Macro: 0.5659, Train F1 Micro: 0.5851, Train RMSE: 1.2410, 
Val Loss: 2.9139, Val Acc: 0.3191, Val F1 Macro: 0.2853, Val F1 Micro: 0.3259, Val RMSE: 1.6577, 
Test Loss: 2.9162, Test Acc: 0.3206, Test F1 Macro: 0.2828, Test F1 Micro: 0.3314, Test RMSE: 1.6559

Epoch [14/20], Time: 2.73s, 
Train Loss: 0.3722, Train Acc: 0.8678, Train F1 Macro: 0.5879, Train F1 Micro: 0.6053, Train RMSE: 1.2082, 
Val Loss: 3.1489, Val Acc: 0.3217, Val F1 Macro: 0.2851, Val F1 Micro: 0.3256, Val RMSE: 1.6567, 
Test Loss: 3.1744, Test Acc: 0.3345, Test F1 Macro: 0.2837, Test F1 Micro: 0.3316, Test RMSE: 1.6530

Epoch [15/20], Time: 2.72s, 
Train Loss: 0.3302, Train Acc: 0.8835, Train F1 Macro: 0.6079, Train F1 Micro: 0.6239, Train RMSE: 1.1775, 
Val Loss: 3.2538, Val Acc: 0.3191, Val F1 Macro: 0.2854, Val F1 Micro: 0.3251, Val RMSE: 1.6589, 
Test Loss: 3.3447, Test Acc: 0.3110, Test F1 Macro: 0.2832, Test F1 Micro: 0.3302, Test RMSE: 1.6553

Epoch [16/20], Time: 2.76s, 
Train Loss: 0.2890, Train Acc: 0.8989, Train F1 Macro: 0.6265, Train F1 Micro: 0.6411, Train RMSE: 1.1485, 
Val Loss: 3.5096, Val Acc: 0.3269, Val F1 Macro: 0.2856, Val F1 Micro: 0.3253, Val RMSE: 1.6599, 
Test Loss: 3.5986, Test Acc: 0.3175, Test F1 Macro: 0.2826, Test F1 Micro: 0.3294, Test RMSE: 1.6563

Epoch [17/20], Time: 2.94s, 
Train Loss: 0.2802, Train Acc: 0.9009, Train F1 Macro: 0.6428, Train F1 Micro: 0.6563, Train RMSE: 1.1225, 
Val Loss: 3.6045, Val Acc: 0.3117, Val F1 Macro: 0.2857, Val F1 Micro: 0.3245, Val RMSE: 1.6640, 
Test Loss: 3.6107, Test Acc: 0.3166, Test F1 Macro: 0.2833, Test F1 Micro: 0.3287, Test RMSE: 1.6593

Epoch [18/20], Time: 2.74s, 
Train Loss: 0.2356, Train Acc: 0.9181, Train F1 Macro: 0.6584, Train F1 Micro: 0.6709, Train RMSE: 1.0973, 
Val Loss: 3.8722, Val Acc: 0.3108, Val F1 Macro: 0.2856, Val F1 Micro: 0.3237, Val RMSE: 1.6675, 
Test Loss: 3.9212, Test Acc: 0.3149, Test F1 Macro: 0.2833, Test F1 Micro: 0.3279, Test RMSE: 1.6614

Epoch [19/20], Time: 2.79s, 
Train Loss: 0.2336, Train Acc: 0.9174, Train F1 Macro: 0.6722, Train F1 Micro: 0.6839, Train RMSE: 1.0747, 
Val Loss: 4.0295, Val Acc: 0.3174, Val F1 Macro: 0.2852, Val F1 Micro: 0.3234, Val RMSE: 1.6699, 
Test Loss: 4.0495, Test Acc: 0.3149, Test F1 Macro: 0.2831, Test F1 Micro: 0.3272, Test RMSE: 1.6619

Epoch [20/20], Time: 2.79s, 
Train Loss: 0.2185, Train Acc: 0.9230, Train F1 Macro: 0.6849, Train F1 Micro: 0.6958, Train RMSE: 1.0534, 
Val Loss: 4.1367, Val Acc: 0.3130, Val F1 Macro: 0.2851, Val F1 Micro: 0.3229, Val RMSE: 1.6724, 
Test Loss: 4.2433, Test Acc: 0.3110, Test F1 Macro: 0.2830, Test F1 Micro: 0.3264, Test RMSE: 1.6632

Total Training Time: 54.50s

Test Loss: 1.5469, Test Acc: 0.3415, Test F1 Macro: 0.2346, Test F1 Micro: 0.3415, Test RMSE: 1.5770
