===== SEED 42 =====
PyTorch Version : 2.11.0+cu128
cuda
3.9.justification.pt
***** Best Result Updated at Epoch 1, Val Loss: 1.1357 *****
Epoch [1/20], Time: 3.83s, 
Train Loss: 1.3620, Train Acc: 0.4683, Train F1 Macro: 0.4375, Train F1 Micro: 0.4683, Train RMSE: 1.7071, 
Val Loss: 1.1357, Val Acc: 0.5516, Val F1 Macro: 0.5129, Val F1 Micro: 0.5516, Val RMSE: 1.4610, 
Test Loss: 1.0990, Test Acc: 0.5618, Test F1 Macro: 0.5184, Test F1 Micro: 0.5618, Test RMSE: 1.4454

***** Best Result Updated at Epoch 2, Val Loss: 1.0953 *****
Epoch [2/20], Time: 3.60s, 
Train Loss: 1.0979, Train Acc: 0.5782, Train F1 Macro: 0.5019, Train F1 Micro: 0.5233, Train RMSE: 1.5798, 
Val Loss: 1.0953, Val Acc: 0.5703, Val F1 Macro: 0.5355, Val F1 Micro: 0.5609, Val RMSE: 1.4457, 
Test Loss: 1.0635, Test Acc: 0.5745, Test F1 Macro: 0.5377, Test F1 Micro: 0.5682, Test RMSE: 1.4383

***** Best Result Updated at Epoch 3, Val Loss: 1.0430 *****
Epoch [3/20], Time: 3.55s, 
Train Loss: 0.9941, Train Acc: 0.6161, Train F1 Macro: 0.5363, Train F1 Micro: 0.5542, Train RMSE: 1.5003, 
Val Loss: 1.0430, Val Acc: 0.5903, Val F1 Macro: 0.5483, Val F1 Micro: 0.5707, Val RMSE: 1.4420, 
Test Loss: 1.0050, Test Acc: 0.5997, Test F1 Macro: 0.5544, Test F1 Micro: 0.5787, Test RMSE: 1.4324

***** Best Result Updated at Epoch 4, Val Loss: 1.0136 *****
Epoch [4/20], Time: 3.50s, 
Train Loss: 0.8771, Train Acc: 0.6623, Train F1 Macro: 0.5661, Train F1 Micro: 0.5812, Train RMSE: 1.4304, 
Val Loss: 1.0136, Val Acc: 0.5990, Val F1 Macro: 0.5571, Val F1 Micro: 0.5778, Val RMSE: 1.4166, 
Test Loss: 0.9715, Test Acc: 0.6132, Test F1 Macro: 0.5657, Test F1 Micro: 0.5873, Test RMSE: 1.4107

Epoch [5/20], Time: 3.52s, 
Train Loss: 0.7480, Train Acc: 0.7140, Train F1 Macro: 0.5947, Train F1 Micro: 0.6078, Train RMSE: 1.3608, 
Val Loss: 1.0849, Val Acc: 0.5882, Val F1 Macro: 0.5591, Val F1 Micro: 0.5799, Val RMSE: 1.4064, 
Test Loss: 1.0410, Test Acc: 0.6093, Test F1 Macro: 0.5708, Test F1 Micro: 0.5917, Test RMSE: 1.3936

Epoch [6/20], Time: 3.49s, 
Train Loss: 0.6166, Train Acc: 0.7666, Train F1 Macro: 0.6230, Train F1 Micro: 0.6343, Train RMSE: 1.2965, 
Val Loss: 1.1252, Val Acc: 0.5947, Val F1 Macro: 0.5617, Val F1 Micro: 0.5824, Val RMSE: 1.3934, 
Test Loss: 1.0793, Test Acc: 0.6180, Test F1 Macro: 0.5765, Test F1 Micro: 0.5961, Test RMSE: 1.3789

Epoch [7/20], Time: 3.73s, 
Train Loss: 0.5078, Train Acc: 0.8144, Train F1 Macro: 0.6503, Train F1 Micro: 0.6600, Train RMSE: 1.2371, 
Val Loss: 1.3014, Val Acc: 0.5686, Val F1 Macro: 0.5606, Val F1 Micro: 0.5804, Val RMSE: 1.3770, 
Test Loss: 1.2246, Test Acc: 0.5928, Test F1 Macro: 0.5771, Test F1 Micro: 0.5956, Test RMSE: 1.3661

Epoch [8/20], Time: 3.55s, 
Train Loss: 0.3733, Train Acc: 0.8647, Train F1 Macro: 0.6773, Train F1 Micro: 0.6856, Train RMSE: 1.1795, 
Val Loss: 1.3762, Val Acc: 0.5938, Val F1 Macro: 0.5627, Val F1 Micro: 0.5821, Val RMSE: 1.3698, 
Test Loss: 1.2929, Test Acc: 0.6115, Test F1 Macro: 0.5798, Test F1 Micro: 0.5976, Test RMSE: 1.3601

Epoch [9/20], Time: 3.59s, 
Train Loss: 0.2788, Train Acc: 0.9008, Train F1 Macro: 0.7023, Train F1 Micro: 0.7095, Train RMSE: 1.1269, 
Val Loss: 1.5058, Val Acc: 0.5869, Val F1 Macro: 0.5634, Val F1 Micro: 0.5826, Val RMSE: 1.3645, 
Test Loss: 1.4262, Test Acc: 0.6019, Test F1 Macro: 0.5807, Test F1 Micro: 0.5981, Test RMSE: 1.3545

Epoch [10/20], Time: 3.59s, 
Train Loss: 0.2299, Train Acc: 0.9206, Train F1 Macro: 0.7244, Train F1 Micro: 0.7306, Train RMSE: 1.0804, 
Val Loss: 1.6746, Val Acc: 0.5812, Val F1 Macro: 0.5637, Val F1 Micro: 0.5825, Val RMSE: 1.3603, 
Test Loss: 1.5836, Test Acc: 0.6032, Test F1 Macro: 0.5818, Test F1 Micro: 0.5986, Test RMSE: 1.3481

Epoch [11/20], Time: 3.69s, 
Train Loss: 0.1877, Train Acc: 0.9351, Train F1 Macro: 0.7438, Train F1 Micro: 0.7492, Train RMSE: 1.0391, 
Val Loss: 1.8005, Val Acc: 0.5825, Val F1 Macro: 0.5640, Val F1 Micro: 0.5825, Val RMSE: 1.3555, 
Test Loss: 1.6919, Test Acc: 0.6002, Test F1 Macro: 0.5824, Test F1 Micro: 0.5987, Test RMSE: 1.3426

Epoch [12/20], Time: 3.80s, 
Train Loss: 0.1475, Train Acc: 0.9476, Train F1 Macro: 0.7609, Train F1 Micro: 0.7657, Train RMSE: 1.0022, 
Val Loss: 1.9134, Val Acc: 0.5803, Val F1 Macro: 0.5643, Val F1 Micro: 0.5823, Val RMSE: 1.3575, 
Test Loss: 1.7932, Test Acc: 0.6093, Test F1 Macro: 0.5836, Test F1 Micro: 0.5996, Test RMSE: 1.3414

Epoch [13/20], Time: 3.70s, 
Train Loss: 0.1359, Train Acc: 0.9520, Train F1 Macro: 0.7758, Train F1 Micro: 0.7800, Train RMSE: 0.9690, 
Val Loss: 2.0681, Val Acc: 0.5847, Val F1 Macro: 0.5649, Val F1 Micro: 0.5825, Val RMSE: 1.3565, 
Test Loss: 1.9608, Test Acc: 0.6037, Test F1 Macro: 0.5844, Test F1 Micro: 0.5999, Test RMSE: 1.3404

Epoch [14/20], Time: 3.62s, 
Train Loss: 0.1231, Train Acc: 0.9561, Train F1 Macro: 0.7888, Train F1 Micro: 0.7926, Train RMSE: 0.9390, 
Val Loss: 2.1716, Val Acc: 0.5768, Val F1 Macro: 0.5648, Val F1 Micro: 0.5821, Val RMSE: 1.3552, 
Test Loss: 2.0698, Test Acc: 0.5958, Test F1 Macro: 0.5847, Test F1 Micro: 0.5996, Test RMSE: 1.3399

Epoch [15/20], Time: 3.69s, 
Train Loss: 0.1056, Train Acc: 0.9633, Train F1 Macro: 0.8005, Train F1 Micro: 0.8040, Train RMSE: 0.9116, 
Val Loss: 2.2578, Val Acc: 0.5594, Val F1 Macro: 0.5641, Val F1 Micro: 0.5806, Val RMSE: 1.3550, 
Test Loss: 2.1601, Test Acc: 0.5871, Test F1 Macro: 0.5845, Test F1 Micro: 0.5988, Test RMSE: 1.3381

Epoch [16/20], Time: 3.70s, 
Train Loss: 0.1060, Train Acc: 0.9647, Train F1 Macro: 0.8108, Train F1 Micro: 0.8140, Train RMSE: 0.8873, 
Val Loss: 2.3700, Val Acc: 0.5821, Val F1 Macro: 0.5645, Val F1 Micro: 0.5806, Val RMSE: 1.3539, 
Test Loss: 2.2833, Test Acc: 0.5954, Test F1 Macro: 0.5844, Test F1 Micro: 0.5986, Test RMSE: 1.3382

Epoch [17/20], Time: 3.69s, 
Train Loss: 0.0904, Train Acc: 0.9697, Train F1 Macro: 0.8203, Train F1 Micro: 0.8232, Train RMSE: 0.8643, 
Val Loss: 2.4393, Val Acc: 0.5664, Val F1 Macro: 0.5639, Val F1 Micro: 0.5798, Val RMSE: 1.3535, 
Test Loss: 2.3321, Test Acc: 0.5854, Test F1 Macro: 0.5840, Test F1 Micro: 0.5978, Test RMSE: 1.3368

Epoch [18/20], Time: 3.97s, 
Train Loss: 0.0929, Train Acc: 0.9670, Train F1 Macro: 0.8285, Train F1 Micro: 0.8312, Train RMSE: 0.8439, 
Val Loss: 2.5565, Val Acc: 0.5520, Val F1 Macro: 0.5628, Val F1 Micro: 0.5783, Val RMSE: 1.3528, 
Test Loss: 2.4665, Test Acc: 0.5780, Test F1 Macro: 0.5836, Test F1 Micro: 0.5967, Test RMSE: 1.3353

Epoch [19/20], Time: 3.86s, 
Train Loss: 0.0783, Train Acc: 0.9739, Train F1 Macro: 0.8362, Train F1 Micro: 0.8387, Train RMSE: 0.8239, 
Val Loss: 2.6857, Val Acc: 0.5734, Val F1 Macro: 0.5627, Val F1 Micro: 0.5780, Val RMSE: 1.3533, 
Test Loss: 2.5782, Test Acc: 0.5976, Test F1 Macro: 0.5836, Test F1 Micro: 0.5968, Test RMSE: 1.3354

Epoch [20/20], Time: 3.72s, 
Train Loss: 0.0732, Train Acc: 0.9751, Train F1 Macro: 0.8432, Train F1 Micro: 0.8455, Train RMSE: 0.8055, 
Val Loss: 2.7487, Val Acc: 0.5664, Val F1 Macro: 0.5621, Val F1 Micro: 0.5774, Val RMSE: 1.3539, 
Test Loss: 2.6736, Test Acc: 0.5867, Test F1 Macro: 0.5831, Test F1 Micro: 0.5963, Test RMSE: 1.3347

Total Training Time: 73.39s

Test Loss: 0.9715, Test Acc: 0.6132, Test F1 Macro: 0.5981, Test F1 Micro: 0.6132, Test RMSE: 1.3436
===== SEED 7 =====
PyTorch Version : 2.11.0+cu128
cuda
3.9.justification.pt
***** Best Result Updated at Epoch 1, Val Loss: 1.1359 *****
Epoch [1/20], Time: 3.86s, 
Train Loss: 1.3621, Train Acc: 0.4732, Train F1 Macro: 0.4375, Train F1 Micro: 0.4732, Train RMSE: 1.7109, 
Val Loss: 1.1359, Val Acc: 0.5629, Val F1 Macro: 0.5368, Val F1 Micro: 0.5629, Val RMSE: 1.4147, 
Test Loss: 1.0993, Test Acc: 0.5880, Test F1 Macro: 0.5652, Test F1 Micro: 0.5880, Test RMSE: 1.3807

***** Best Result Updated at Epoch 2, Val Loss: 1.0939 *****
Epoch [2/20], Time: 3.60s, 
Train Loss: 1.1227, Train Acc: 0.5709, Train F1 Macro: 0.4976, Train F1 Micro: 0.5220, Train RMSE: 1.5935, 
Val Loss: 1.0939, Val Acc: 0.5799, Val F1 Macro: 0.5531, Val F1 Micro: 0.5714, Val RMSE: 1.4606, 
Test Loss: 1.0599, Test Acc: 0.5871, Test F1 Macro: 0.5694, Test F1 Micro: 0.5875, Test RMSE: 1.4227

***** Best Result Updated at Epoch 3, Val Loss: 1.0260 *****
Epoch [3/20], Time: 3.54s, 
Train Loss: 1.0077, Train Acc: 0.6123, Train F1 Macro: 0.5322, Train F1 Micro: 0.5521, Train RMSE: 1.5166, 
Val Loss: 1.0260, Val Acc: 0.6038, Val F1 Macro: 0.5649, Val F1 Micro: 0.5822, Val RMSE: 1.4127, 
Test Loss: 0.9904, Test Acc: 0.6024, Test F1 Macro: 0.5758, Test F1 Micro: 0.5925, Test RMSE: 1.3993

Epoch [4/20], Time: 3.51s, 
Train Loss: 0.8850, Train Acc: 0.6641, Train F1 Macro: 0.5629, Train F1 Micro: 0.5801, Train RMSE: 1.4459, 
Val Loss: 1.0596, Val Acc: 0.5964, Val F1 Macro: 0.5672, Val F1 Micro: 0.5858, Val RMSE: 1.3952, 
Test Loss: 1.0151, Test Acc: 0.6054, Test F1 Macro: 0.5775, Test F1 Micro: 0.5957, Test RMSE: 1.3864

Epoch [5/20], Time: 3.54s, 
Train Loss: 0.7683, Train Acc: 0.7093, Train F1 Macro: 0.5908, Train F1 Micro: 0.6060, Train RMSE: 1.3822, 
Val Loss: 1.0511, Val Acc: 0.6086, Val F1 Macro: 0.5744, Val F1 Micro: 0.5903, Val RMSE: 1.3733, 
Test Loss: 1.0116, Test Acc: 0.6076, Test F1 Macro: 0.5819, Test F1 Micro: 0.5981, Test RMSE: 1.3726

Epoch [6/20], Time: 3.65s, 
Train Loss: 0.6188, Train Acc: 0.7717, Train F1 Macro: 0.6206, Train F1 Micro: 0.6336, Train RMSE: 1.3179, 
Val Loss: 1.1527, Val Acc: 0.5986, Val F1 Macro: 0.5761, Val F1 Micro: 0.5917, Val RMSE: 1.3622, 
Test Loss: 1.0967, Test Acc: 0.6080, Test F1 Macro: 0.5838, Test F1 Micro: 0.5997, Test RMSE: 1.3570

Epoch [7/20], Time: 3.75s, 
Train Loss: 0.4782, Train Acc: 0.8248, Train F1 Macro: 0.6497, Train F1 Micro: 0.6609, Train RMSE: 1.2560, 
Val Loss: 1.1966, Val Acc: 0.6051, Val F1 Macro: 0.5791, Val F1 Micro: 0.5936, Val RMSE: 1.3592, 
Test Loss: 1.1551, Test Acc: 0.5980, Test F1 Macro: 0.5842, Test F1 Micro: 0.5995, Test RMSE: 1.3555

Epoch [8/20], Time: 3.57s, 
Train Loss: 0.3621, Train Acc: 0.8704, Train F1 Macro: 0.6773, Train F1 Micro: 0.6871, Train RMSE: 1.1991, 
Val Loss: 1.3482, Val Acc: 0.5934, Val F1 Macro: 0.5792, Val F1 Micro: 0.5936, Val RMSE: 1.3569, 
Test Loss: 1.2994, Test Acc: 0.5984, Test F1 Macro: 0.5847, Test F1 Micro: 0.5994, Test RMSE: 1.3532

Epoch [9/20], Time: 3.58s, 
Train Loss: 0.2787, Train Acc: 0.9006, Train F1 Macro: 0.7024, Train F1 Micro: 0.7108, Train RMSE: 1.1470, 
Val Loss: 1.4782, Val Acc: 0.5816, Val F1 Macro: 0.5785, Val F1 Micro: 0.5923, Val RMSE: 1.3574, 
Test Loss: 1.4363, Test Acc: 0.5797, Test F1 Macro: 0.5834, Test F1 Micro: 0.5972, Test RMSE: 1.3549

Epoch [10/20], Time: 3.60s, 
Train Loss: 0.2149, Train Acc: 0.9249, Train F1 Macro: 0.7249, Train F1 Micro: 0.7322, Train RMSE: 1.0992, 
Val Loss: 1.6204, Val Acc: 0.5903, Val F1 Macro: 0.5786, Val F1 Micro: 0.5921, Val RMSE: 1.3562, 
Test Loss: 1.5751, Test Acc: 0.5832, Test F1 Macro: 0.5823, Test F1 Micro: 0.5958, Test RMSE: 1.3558

Epoch [11/20], Time: 3.66s, 
Train Loss: 0.1624, Train Acc: 0.9458, Train F1 Macro: 0.7452, Train F1 Micro: 0.7516, Train RMSE: 1.0556, 
Val Loss: 1.8183, Val Acc: 0.5886, Val F1 Macro: 0.5782, Val F1 Micro: 0.5918, Val RMSE: 1.3607, 
Test Loss: 1.7563, Test Acc: 0.5949, Test F1 Macro: 0.5825, Test F1 Micro: 0.5957, Test RMSE: 1.3568

Epoch [12/20], Time: 3.82s, 
Train Loss: 0.1442, Train Acc: 0.9502, Train F1 Macro: 0.7625, Train F1 Micro: 0.7682, Train RMSE: 1.0183, 
Val Loss: 1.8888, Val Acc: 0.5864, Val F1 Macro: 0.5779, Val F1 Micro: 0.5913, Val RMSE: 1.3593, 
Test Loss: 1.8474, Test Acc: 0.5889, Test F1 Macro: 0.5822, Test F1 Micro: 0.5951, Test RMSE: 1.3560

Epoch [13/20], Time: 3.65s, 
Train Loss: 0.1301, Train Acc: 0.9550, Train F1 Macro: 0.7774, Train F1 Micro: 0.7826, Train RMSE: 0.9844, 
Val Loss: 1.9845, Val Acc: 0.5903, Val F1 Macro: 0.5775, Val F1 Micro: 0.5912, Val RMSE: 1.3608, 
Test Loss: 1.9371, Test Acc: 0.5919, Test F1 Macro: 0.5822, Test F1 Micro: 0.5949, Test RMSE: 1.3582

Epoch [14/20], Time: 3.67s, 
Train Loss: 0.1321, Train Acc: 0.9548, Train F1 Macro: 0.7902, Train F1 Micro: 0.7949, Train RMSE: 0.9548, 
Val Loss: 2.1874, Val Acc: 0.5773, Val F1 Macro: 0.5763, Val F1 Micro: 0.5902, Val RMSE: 1.3614, 
Test Loss: 2.0858, Test Acc: 0.5858, Test F1 Macro: 0.5814, Test F1 Micro: 0.5942, Test RMSE: 1.3586

Epoch [15/20], Time: 3.69s, 
Train Loss: 0.1063, Train Acc: 0.9625, Train F1 Macro: 0.8017, Train F1 Micro: 0.8060, Train RMSE: 0.9273, 
Val Loss: 2.2316, Val Acc: 0.5829, Val F1 Macro: 0.5758, Val F1 Micro: 0.5898, Val RMSE: 1.3615, 
Test Loss: 2.1443, Test Acc: 0.5845, Test F1 Macro: 0.5809, Test F1 Micro: 0.5936, Test RMSE: 1.3579

Epoch [16/20], Time: 3.83s, 
Train Loss: 0.1037, Train Acc: 0.9648, Train F1 Macro: 0.8120, Train F1 Micro: 0.8160, Train RMSE: 0.9027, 
Val Loss: 2.2574, Val Acc: 0.5812, Val F1 Macro: 0.5755, Val F1 Micro: 0.5892, Val RMSE: 1.3628, 
Test Loss: 2.1934, Test Acc: 0.5854, Test F1 Macro: 0.5805, Test F1 Micro: 0.5931, Test RMSE: 1.3595

Epoch [17/20], Time: 4.06s, 
Train Loss: 0.0769, Train Acc: 0.9742, Train F1 Macro: 0.8216, Train F1 Micro: 0.8253, Train RMSE: 0.8784, 
Val Loss: 2.4746, Val Acc: 0.5760, Val F1 Macro: 0.5747, Val F1 Micro: 0.5884, Val RMSE: 1.3618, 
Test Loss: 2.3628, Test Acc: 0.5832, Test F1 Macro: 0.5801, Test F1 Micro: 0.5925, Test RMSE: 1.3578

Epoch [18/20], Time: 3.83s, 
Train Loss: 0.0784, Train Acc: 0.9734, Train F1 Macro: 0.8301, Train F1 Micro: 0.8335, Train RMSE: 0.8563, 
Val Loss: 2.4249, Val Acc: 0.5786, Val F1 Macro: 0.5743, Val F1 Micro: 0.5879, Val RMSE: 1.3620, 
Test Loss: 2.3652, Test Acc: 0.5806, Test F1 Macro: 0.5796, Test F1 Micro: 0.5918, Test RMSE: 1.3597

Epoch [19/20], Time: 3.89s, 
Train Loss: 0.0728, Train Acc: 0.9765, Train F1 Macro: 0.8378, Train F1 Micro: 0.8410, Train RMSE: 0.8364, 
Val Loss: 2.5668, Val Acc: 0.5660, Val F1 Macro: 0.5733, Val F1 Micro: 0.5867, Val RMSE: 1.3612, 
Test Loss: 2.5008, Test Acc: 0.5666, Test F1 Macro: 0.5785, Test F1 Micro: 0.5905, Test RMSE: 1.3606

Epoch [20/20], Time: 3.92s, 
Train Loss: 0.0859, Train Acc: 0.9698, Train F1 Macro: 0.8445, Train F1 Micro: 0.8475, Train RMSE: 0.8185, 
Val Loss: 2.6670, Val Acc: 0.5855, Val F1 Macro: 0.5730, Val F1 Micro: 0.5867, Val RMSE: 1.3613, 
Test Loss: 2.5982, Test Acc: 0.5849, Test F1 Macro: 0.5779, Test F1 Micro: 0.5902, Test RMSE: 1.3625

Total Training Time: 74.22s

Test Loss: 0.9904, Test Acc: 0.6024, Test F1 Macro: 0.5852, Test F1 Micro: 0.6024, Test RMSE: 1.3514
===== SEED 13 =====
PyTorch Version : 2.11.0+cu128
cuda
3.9.justification.pt
***** Best Result Updated at Epoch 1, Val Loss: 1.1228 *****
Epoch [1/20], Time: 4.00s, 
Train Loss: 1.3522, Train Acc: 0.4807, Train F1 Macro: 0.4494, Train F1 Micro: 0.4807, Train RMSE: 1.6450, 
Val Loss: 1.1228, Val Acc: 0.5633, Val F1 Macro: 0.5294, Val F1 Micro: 0.5633, Val RMSE: 1.4950, 
Test Loss: 1.0861, Test Acc: 0.5745, Test F1 Macro: 0.5441, Test F1 Micro: 0.5745, Test RMSE: 1.5048

Epoch [2/20], Time: 3.66s, 
Train Loss: 1.1012, Train Acc: 0.5775, Train F1 Macro: 0.5072, Train F1 Micro: 0.5291, Train RMSE: 1.5389, 
Val Loss: 1.1281, Val Acc: 0.5538, Val F1 Macro: 0.5284, Val F1 Micro: 0.5586, Val RMSE: 1.4207, 
Test Loss: 1.0895, Test Acc: 0.5588, Test F1 Macro: 0.5346, Test F1 Micro: 0.5666, Test RMSE: 1.4342

***** Best Result Updated at Epoch 3, Val Loss: 1.0242 *****
Epoch [3/20], Time: 3.61s, 
Train Loss: 1.0036, Train Acc: 0.6181, Train F1 Macro: 0.5404, Train F1 Micro: 0.5588, Train RMSE: 1.4751, 
Val Loss: 1.0242, Val Acc: 0.5951, Val F1 Macro: 0.5487, Val F1 Micro: 0.5707, Val RMSE: 1.4024, 
Test Loss: 0.9810, Test Acc: 0.6254, Test F1 Macro: 0.5630, Test F1 Micro: 0.5862, Test RMSE: 1.3970

Epoch [4/20], Time: 3.62s, 
Train Loss: 0.8914, Train Acc: 0.6581, Train F1 Macro: 0.5676, Train F1 Micro: 0.5836, Train RMSE: 1.4131, 
Val Loss: 1.0415, Val Acc: 0.5977, Val F1 Macro: 0.5569, Val F1 Micro: 0.5775, Val RMSE: 1.3786, 
Test Loss: 1.0055, Test Acc: 0.6145, Test F1 Macro: 0.5710, Test F1 Micro: 0.5933, Test RMSE: 1.3776

Epoch [5/20], Time: 3.53s, 
Train Loss: 0.7734, Train Acc: 0.7085, Train F1 Macro: 0.5943, Train F1 Micro: 0.6086, Train RMSE: 1.3507, 
Val Loss: 1.1492, Val Acc: 0.6082, Val F1 Macro: 0.5664, Val F1 Micro: 0.5836, Val RMSE: 1.3779, 
Test Loss: 1.1069, Test Acc: 0.6154, Test F1 Macro: 0.5800, Test F1 Micro: 0.5977, Test RMSE: 1.3829

Epoch [6/20], Time: 3.52s, 
Train Loss: 0.6566, Train Acc: 0.7567, Train F1 Macro: 0.6205, Train F1 Micro: 0.6332, Train RMSE: 1.2916, 
Val Loss: 1.1135, Val Acc: 0.6030, Val F1 Macro: 0.5712, Val F1 Micro: 0.5869, Val RMSE: 1.3800, 
Test Loss: 1.0749, Test Acc: 0.6172, Test F1 Macro: 0.5847, Test F1 Micro: 0.6010, Test RMSE: 1.3853

Epoch [7/20], Time: 3.68s, 
Train Loss: 0.5137, Train Acc: 0.8100, Train F1 Macro: 0.6473, Train F1 Micro: 0.6585, Train RMSE: 1.2355, 
Val Loss: 1.1781, Val Acc: 0.6017, Val F1 Macro: 0.5742, Val F1 Micro: 0.5890, Val RMSE: 1.3655, 
Test Loss: 1.1192, Test Acc: 0.6150, Test F1 Macro: 0.5878, Test F1 Micro: 0.6030, Test RMSE: 1.3712

Epoch [8/20], Time: 3.57s, 
Train Loss: 0.3814, Train Acc: 0.8618, Train F1 Macro: 0.6741, Train F1 Micro: 0.6839, Train RMSE: 1.1783, 
Val Loss: 1.3204, Val Acc: 0.5995, Val F1 Macro: 0.5763, Val F1 Micro: 0.5903, Val RMSE: 1.3598, 
Test Loss: 1.2403, Test Acc: 0.6176, Test F1 Macro: 0.5902, Test F1 Micro: 0.6048, Test RMSE: 1.3635

Epoch [9/20], Time: 3.64s, 
Train Loss: 0.3202, Train Acc: 0.8841, Train F1 Macro: 0.6974, Train F1 Micro: 0.7062, Train RMSE: 1.1290, 
Val Loss: 1.4589, Val Acc: 0.5864, Val F1 Macro: 0.5762, Val F1 Micro: 0.5899, Val RMSE: 1.3533, 
Test Loss: 1.3552, Test Acc: 0.6115, Test F1 Macro: 0.5916, Test F1 Micro: 0.6055, Test RMSE: 1.3568

Epoch [10/20], Time: 3.62s, 
Train Loss: 0.2343, Train Acc: 0.9160, Train F1 Macro: 0.7194, Train F1 Micro: 0.7271, Train RMSE: 1.0831, 
Val Loss: 1.5292, Val Acc: 0.5842, Val F1 Macro: 0.5766, Val F1 Micro: 0.5893, Val RMSE: 1.3560, 
Test Loss: 1.4590, Test Acc: 0.6098, Test F1 Macro: 0.5925, Test F1 Micro: 0.6060, Test RMSE: 1.3580

Epoch [11/20], Time: 3.65s, 
Train Loss: 0.1962, Train Acc: 0.9313, Train F1 Macro: 0.7388, Train F1 Micro: 0.7457, Train RMSE: 1.0418, 
Val Loss: 1.6329, Val Acc: 0.5903, Val F1 Macro: 0.5768, Val F1 Micro: 0.5894, Val RMSE: 1.3561, 
Test Loss: 1.5801, Test Acc: 0.6093, Test F1 Macro: 0.5929, Test F1 Micro: 0.6063, Test RMSE: 1.3545

Epoch [12/20], Time: 3.79s, 
Train Loss: 0.1443, Train Acc: 0.9498, Train F1 Macro: 0.7565, Train F1 Micro: 0.7627, Train RMSE: 1.0040, 
Val Loss: 1.8601, Val Acc: 0.5886, Val F1 Macro: 0.5767, Val F1 Micro: 0.5893, Val RMSE: 1.3585, 
Test Loss: 1.7906, Test Acc: 0.6132, Test F1 Macro: 0.5935, Test F1 Micro: 0.6069, Test RMSE: 1.3540

Epoch [13/20], Time: 3.81s, 
Train Loss: 0.1331, Train Acc: 0.9557, Train F1 Macro: 0.7720, Train F1 Micro: 0.7776, Train RMSE: 0.9707, 
Val Loss: 1.9433, Val Acc: 0.5803, Val F1 Macro: 0.5762, Val F1 Micro: 0.5886, Val RMSE: 1.3586, 
Test Loss: 1.8448, Test Acc: 0.6010, Test F1 Macro: 0.5934, Test F1 Micro: 0.6064, Test RMSE: 1.3529

Epoch [14/20], Time: 3.84s, 
Train Loss: 0.1321, Train Acc: 0.9553, Train F1 Macro: 0.7852, Train F1 Micro: 0.7902, Train RMSE: 0.9408, 
Val Loss: 2.0438, Val Acc: 0.5834, Val F1 Macro: 0.5762, Val F1 Micro: 0.5883, Val RMSE: 1.3596, 
Test Loss: 1.9336, Test Acc: 0.6019, Test F1 Macro: 0.5934, Test F1 Micro: 0.6061, Test RMSE: 1.3538

Epoch [15/20], Time: 3.80s, 
Train Loss: 0.1099, Train Acc: 0.9620, Train F1 Macro: 0.7970, Train F1 Micro: 0.8017, Train RMSE: 0.9140, 
Val Loss: 2.1563, Val Acc: 0.5729, Val F1 Macro: 0.5756, Val F1 Micro: 0.5872, Val RMSE: 1.3617, 
Test Loss: 2.0062, Test Acc: 0.5945, Test F1 Macro: 0.5931, Test F1 Micro: 0.6053, Test RMSE: 1.3551

Epoch [16/20], Time: 3.70s, 
Train Loss: 0.0900, Train Acc: 0.9697, Train F1 Macro: 0.8079, Train F1 Micro: 0.8122, Train RMSE: 0.8884, 
Val Loss: 2.2941, Val Acc: 0.5742, Val F1 Macro: 0.5752, Val F1 Micro: 0.5864, Val RMSE: 1.3628, 
Test Loss: 2.1156, Test Acc: 0.5989, Test F1 Macro: 0.5931, Test F1 Micro: 0.6049, Test RMSE: 1.3554

Epoch [17/20], Time: 3.92s, 
Train Loss: 0.0946, Train Acc: 0.9681, Train F1 Macro: 0.8174, Train F1 Micro: 0.8214, Train RMSE: 0.8656, 
Val Loss: 2.3088, Val Acc: 0.5673, Val F1 Macro: 0.5743, Val F1 Micro: 0.5853, Val RMSE: 1.3620, 
Test Loss: 2.1479, Test Acc: 0.6032, Test F1 Macro: 0.5934, Test F1 Micro: 0.6048, Test RMSE: 1.3533

Epoch [18/20], Time: 3.79s, 
Train Loss: 0.0829, Train Acc: 0.9725, Train F1 Macro: 0.8260, Train F1 Micro: 0.8298, Train RMSE: 0.8444, 
Val Loss: 2.3966, Val Acc: 0.5751, Val F1 Macro: 0.5739, Val F1 Micro: 0.5847, Val RMSE: 1.3608, 
Test Loss: 2.2720, Test Acc: 0.5936, Test F1 Macro: 0.5929, Test F1 Micro: 0.6042, Test RMSE: 1.3520

Epoch [19/20], Time: 3.76s, 
Train Loss: 0.0759, Train Acc: 0.9748, Train F1 Macro: 0.8339, Train F1 Micro: 0.8374, Train RMSE: 0.8246, 
Val Loss: 2.5452, Val Acc: 0.5712, Val F1 Macro: 0.5733, Val F1 Micro: 0.5840, Val RMSE: 1.3629, 
Test Loss: 2.3833, Test Acc: 0.5932, Test F1 Macro: 0.5925, Test F1 Micro: 0.6036, Test RMSE: 1.3540

Epoch [20/20], Time: 3.78s, 
Train Loss: 0.0729, Train Acc: 0.9757, Train F1 Macro: 0.8410, Train F1 Micro: 0.8443, Train RMSE: 0.8063, 
Val Loss: 2.7606, Val Acc: 0.5764, Val F1 Macro: 0.5726, Val F1 Micro: 0.5836, Val RMSE: 1.3641, 
Test Loss: 2.5907, Test Acc: 0.6098, Test F1 Macro: 0.5927, Test F1 Micro: 0.6039, Test RMSE: 1.3549

Total Training Time: 74.31s

Test Loss: 0.9810, Test Acc: 0.6254, Test F1 Macro: 0.6082, Test F1 Micro: 0.6254, Test RMSE: 1.3196
===== SEED 77 =====
PyTorch Version : 2.11.0+cu128
cuda
3.9.justification.pt
***** Best Result Updated at Epoch 1, Val Loss: 1.1079 *****
Epoch [1/20], Time: 3.88s, 
Train Loss: 1.3521, Train Acc: 0.4769, Train F1 Macro: 0.4434, Train F1 Micro: 0.4769, Train RMSE: 1.6405, 
Val Loss: 1.1079, Val Acc: 0.5668, Val F1 Macro: 0.5357, Val F1 Micro: 0.5668, Val RMSE: 1.4315, 
Test Loss: 1.0658, Test Acc: 0.5810, Test F1 Macro: 0.5497, Test F1 Micro: 0.5810, Test RMSE: 1.4271

***** Best Result Updated at Epoch 2, Val Loss: 1.0724 *****
Epoch [2/20], Time: 3.62s, 
Train Loss: 1.1037, Train Acc: 0.5787, Train F1 Macro: 0.5036, Train F1 Micro: 0.5278, Train RMSE: 1.5396, 
Val Loss: 1.0724, Val Acc: 0.5838, Val F1 Macro: 0.5555, Val F1 Micro: 0.5753, Val RMSE: 1.4039, 
Test Loss: 1.0355, Test Acc: 0.6015, Test F1 Macro: 0.5712, Test F1 Micro: 0.5912, Test RMSE: 1.4047

***** Best Result Updated at Epoch 3, Val Loss: 1.0392 *****
Epoch [3/20], Time: 3.53s, 
Train Loss: 0.9951, Train Acc: 0.6169, Train F1 Macro: 0.5375, Train F1 Micro: 0.5575, Train RMSE: 1.4730, 
Val Loss: 1.0392, Val Acc: 0.6073, Val F1 Macro: 0.5678, Val F1 Micro: 0.5860, Val RMSE: 1.3886, 
Test Loss: 0.9919, Test Acc: 0.6119, Test F1 Macro: 0.5811, Test F1 Micro: 0.5981, Test RMSE: 1.3864

***** Best Result Updated at Epoch 4, Val Loss: 1.0227 *****
Epoch [4/20], Time: 3.54s, 
Train Loss: 0.8922, Train Acc: 0.6627, Train F1 Macro: 0.5664, Train F1 Micro: 0.5838, Train RMSE: 1.4093, 
Val Loss: 1.0227, Val Acc: 0.5990, Val F1 Macro: 0.5742, Val F1 Micro: 0.5892, Val RMSE: 1.3695, 
Test Loss: 0.9888, Test Acc: 0.6163, Test F1 Macro: 0.5879, Test F1 Micro: 0.6027, Test RMSE: 1.3674

Epoch [5/20], Time: 3.52s, 
Train Loss: 0.7683, Train Acc: 0.7102, Train F1 Macro: 0.5937, Train F1 Micro: 0.6091, Train RMSE: 1.3479, 
Val Loss: 1.0576, Val Acc: 0.6038, Val F1 Macro: 0.5764, Val F1 Micro: 0.5922, Val RMSE: 1.3578, 
Test Loss: 1.0154, Test Acc: 0.6167, Test F1 Macro: 0.5900, Test F1 Micro: 0.6055, Test RMSE: 1.3600

Epoch [6/20], Time: 3.54s, 
Train Loss: 0.6378, Train Acc: 0.7623, Train F1 Macro: 0.6208, Train F1 Micro: 0.6346, Train RMSE: 1.2905, 
Val Loss: 1.1126, Val Acc: 0.6003, Val F1 Macro: 0.5782, Val F1 Micro: 0.5935, Val RMSE: 1.3483, 
Test Loss: 1.0630, Test Acc: 0.6010, Test F1 Macro: 0.5894, Test F1 Micro: 0.6047, Test RMSE: 1.3554

Epoch [7/20], Time: 3.68s, 
Train Loss: 0.4943, Train Acc: 0.8198, Train F1 Macro: 0.6489, Train F1 Micro: 0.6611, Train RMSE: 1.2312, 
Val Loss: 1.2303, Val Acc: 0.6056, Val F1 Macro: 0.5803, Val F1 Micro: 0.5952, Val RMSE: 1.3479, 
Test Loss: 1.1717, Test Acc: 0.6106, Test F1 Macro: 0.5905, Test F1 Micro: 0.6056, Test RMSE: 1.3526

Epoch [8/20], Time: 3.59s, 
Train Loss: 0.3837, Train Acc: 0.8592, Train F1 Macro: 0.6751, Train F1 Micro: 0.6858, Train RMSE: 1.1757, 
Val Loss: 1.3983, Val Acc: 0.5764, Val F1 Macro: 0.5774, Val F1 Micro: 0.5929, Val RMSE: 1.3398, 
Test Loss: 1.3225, Test Acc: 0.5880, Test F1 Macro: 0.5878, Test F1 Micro: 0.6034, Test RMSE: 1.3438

Epoch [9/20], Time: 3.60s, 
Train Loss: 0.2899, Train Acc: 0.8968, Train F1 Macro: 0.6999, Train F1 Micro: 0.7093, Train RMSE: 1.1250, 
Val Loss: 1.4571, Val Acc: 0.5925, Val F1 Macro: 0.5776, Val F1 Micro: 0.5929, Val RMSE: 1.3391, 
Test Loss: 1.3837, Test Acc: 0.6063, Test F1 Macro: 0.5882, Test F1 Micro: 0.6037, Test RMSE: 1.3398

Epoch [10/20], Time: 3.60s, 
Train Loss: 0.2186, Train Acc: 0.9236, Train F1 Macro: 0.7223, Train F1 Micro: 0.7307, Train RMSE: 1.0774, 
Val Loss: 1.5637, Val Acc: 0.5956, Val F1 Macro: 0.5782, Val F1 Micro: 0.5931, Val RMSE: 1.3403, 
Test Loss: 1.5036, Test Acc: 0.6093, Test F1 Macro: 0.5893, Test F1 Micro: 0.6043, Test RMSE: 1.3388

Epoch [11/20], Time: 3.63s, 
Train Loss: 0.1749, Train Acc: 0.9407, Train F1 Macro: 0.7424, Train F1 Micro: 0.7498, Train RMSE: 1.0352, 
Val Loss: 1.8144, Val Acc: 0.5916, Val F1 Macro: 0.5783, Val F1 Micro: 0.5930, Val RMSE: 1.3423, 
Test Loss: 1.7813, Test Acc: 0.5993, Test F1 Macro: 0.5888, Test F1 Micro: 0.6038, Test RMSE: 1.3400

Epoch [12/20], Time: 3.80s, 
Train Loss: 0.1493, Train Acc: 0.9493, Train F1 Macro: 0.7598, Train F1 Micro: 0.7664, Train RMSE: 0.9983, 
Val Loss: 1.8829, Val Acc: 0.5795, Val F1 Macro: 0.5771, Val F1 Micro: 0.5919, Val RMSE: 1.3433, 
Test Loss: 1.8286, Test Acc: 0.5897, Test F1 Macro: 0.5876, Test F1 Micro: 0.6026, Test RMSE: 1.3394

Epoch [13/20], Time: 3.69s, 
Train Loss: 0.1335, Train Acc: 0.9543, Train F1 Macro: 0.7749, Train F1 Micro: 0.7809, Train RMSE: 0.9656, 
Val Loss: 1.9669, Val Acc: 0.5795, Val F1 Macro: 0.5760, Val F1 Micro: 0.5909, Val RMSE: 1.3443, 
Test Loss: 1.8840, Test Acc: 0.5967, Test F1 Macro: 0.5873, Test F1 Micro: 0.6022, Test RMSE: 1.3385

Epoch [14/20], Time: 3.69s, 
Train Loss: 0.1216, Train Acc: 0.9585, Train F1 Macro: 0.7881, Train F1 Micro: 0.7936, Train RMSE: 0.9357, 
Val Loss: 2.1301, Val Acc: 0.5825, Val F1 Macro: 0.5753, Val F1 Micro: 0.5903, Val RMSE: 1.3429, 
Test Loss: 2.0128, Test Acc: 0.5949, Test F1 Macro: 0.5868, Test F1 Micro: 0.6017, Test RMSE: 1.3377

Epoch [15/20], Time: 3.68s, 
Train Loss: 0.1038, Train Acc: 0.9637, Train F1 Macro: 0.7999, Train F1 Micro: 0.8049, Train RMSE: 0.9088, 
Val Loss: 2.1163, Val Acc: 0.5768, Val F1 Macro: 0.5748, Val F1 Micro: 0.5894, Val RMSE: 1.3447, 
Test Loss: 2.0684, Test Acc: 0.5862, Test F1 Macro: 0.5861, Test F1 Micro: 0.6006, Test RMSE: 1.3411

Epoch [16/20], Time: 3.70s, 
Train Loss: 0.0965, Train Acc: 0.9680, Train F1 Macro: 0.8105, Train F1 Micro: 0.8151, Train RMSE: 0.8840, 
Val Loss: 2.2103, Val Acc: 0.5755, Val F1 Macro: 0.5745, Val F1 Micro: 0.5885, Val RMSE: 1.3451, 
Test Loss: 2.1543, Test Acc: 0.5858, Test F1 Macro: 0.5855, Test F1 Micro: 0.5997, Test RMSE: 1.3427

Epoch [17/20], Time: 3.91s, 
Train Loss: 0.1005, Train Acc: 0.9670, Train F1 Macro: 0.8197, Train F1 Micro: 0.8240, Train RMSE: 0.8616, 
Val Loss: 2.3729, Val Acc: 0.5838, Val F1 Macro: 0.5742, Val F1 Micro: 0.5883, Val RMSE: 1.3448, 
Test Loss: 2.2891, Test Acc: 0.5867, Test F1 Macro: 0.5847, Test F1 Micro: 0.5989, Test RMSE: 1.3446

Epoch [18/20], Time: 3.74s, 
Train Loss: 0.0785, Train Acc: 0.9737, Train F1 Macro: 0.8284, Train F1 Micro: 0.8324, Train RMSE: 0.8406, 
Val Loss: 2.3847, Val Acc: 0.5842, Val F1 Macro: 0.5742, Val F1 Micro: 0.5880, Val RMSE: 1.3445, 
Test Loss: 2.3116, Test Acc: 0.5793, Test F1 Macro: 0.5837, Test F1 Micro: 0.5979, Test RMSE: 1.3450

Epoch [19/20], Time: 3.76s, 
Train Loss: 0.0725, Train Acc: 0.9748, Train F1 Macro: 0.8361, Train F1 Micro: 0.8398, Train RMSE: 0.8210, 
Val Loss: 2.5288, Val Acc: 0.5808, Val F1 Macro: 0.5739, Val F1 Micro: 0.5877, Val RMSE: 1.3459, 
Test Loss: 2.4218, Test Acc: 0.5771, Test F1 Macro: 0.5829, Test F1 Micro: 0.5968, Test RMSE: 1.3470

Epoch [20/20], Time: 3.76s, 
Train Loss: 0.0743, Train Acc: 0.9753, Train F1 Macro: 0.8431, Train F1 Micro: 0.8466, Train RMSE: 0.8032, 
Val Loss: 2.5827, Val Acc: 0.5795, Val F1 Macro: 0.5735, Val F1 Micro: 0.5872, Val RMSE: 1.3451, 
Test Loss: 2.4932, Test Acc: 0.5753, Test F1 Macro: 0.5820, Test F1 Micro: 0.5957, Test RMSE: 1.3491

Total Training Time: 73.47s

Test Loss: 0.9888, Test Acc: 0.6163, Test F1 Macro: 0.6068, Test F1 Micro: 0.6163, Test RMSE: 1.3088
===== SEED 123 =====
PyTorch Version : 2.11.0+cu128
cuda
3.9.justification.pt
***** Best Result Updated at Epoch 1, Val Loss: 1.1142 *****
Epoch [1/20], Time: 3.91s, 
Train Loss: 1.3658, Train Acc: 0.4681, Train F1 Macro: 0.4354, Train F1 Micro: 0.4681, Train RMSE: 1.6469, 
Val Loss: 1.1142, Val Acc: 0.5768, Val F1 Macro: 0.5522, Val F1 Micro: 0.5768, Val RMSE: 1.4376, 
Test Loss: 1.0831, Test Acc: 0.5758, Test F1 Macro: 0.5439, Test F1 Micro: 0.5758, Test RMSE: 1.4888

***** Best Result Updated at Epoch 2, Val Loss: 1.0838 *****
Epoch [2/20], Time: 3.62s, 
Train Loss: 1.1070, Train Acc: 0.5785, Train F1 Macro: 0.5003, Train F1 Micro: 0.5233, Train RMSE: 1.5457, 
Val Loss: 1.0838, Val Acc: 0.5751, Val F1 Macro: 0.5519, Val F1 Micro: 0.5760, Val RMSE: 1.3779, 
Test Loss: 1.0417, Test Acc: 0.5897, Test F1 Macro: 0.5594, Test F1 Micro: 0.5828, Test RMSE: 1.4025

***** Best Result Updated at Epoch 3, Val Loss: 1.0578 *****
Epoch [3/20], Time: 3.54s, 
Train Loss: 0.9966, Train Acc: 0.6185, Train F1 Macro: 0.5363, Train F1 Micro: 0.5550, Train RMSE: 1.4752, 
Val Loss: 1.0578, Val Acc: 0.5842, Val F1 Macro: 0.5638, Val F1 Micro: 0.5787, Val RMSE: 1.3807, 
Test Loss: 1.0132, Test Acc: 0.6132, Test F1 Macro: 0.5798, Test F1 Micro: 0.5929, Test RMSE: 1.3852

***** Best Result Updated at Epoch 4, Val Loss: 1.0075 *****
Epoch [4/20], Time: 3.56s, 
Train Loss: 0.8930, Train Acc: 0.6632, Train F1 Macro: 0.5664, Train F1 Micro: 0.5821, Train RMSE: 1.4128, 
Val Loss: 1.0075, Val Acc: 0.6095, Val F1 Macro: 0.5723, Val F1 Micro: 0.5864, Val RMSE: 1.3661, 
Test Loss: 0.9701, Test Acc: 0.6237, Test F1 Macro: 0.5884, Test F1 Micro: 0.6006, Test RMSE: 1.3787

Epoch [5/20], Time: 3.52s, 
Train Loss: 0.7734, Train Acc: 0.7082, Train F1 Macro: 0.5940, Train F1 Micro: 0.6073, Train RMSE: 1.3528, 
Val Loss: 1.0392, Val Acc: 0.6043, Val F1 Macro: 0.5778, Val F1 Micro: 0.5900, Val RMSE: 1.3448, 
Test Loss: 0.9819, Test Acc: 0.6145, Test F1 Macro: 0.5922, Test F1 Micro: 0.6034, Test RMSE: 1.3662

Epoch [6/20], Time: 3.61s, 
Train Loss: 0.6312, Train Acc: 0.7629, Train F1 Macro: 0.6218, Train F1 Micro: 0.6332, Train RMSE: 1.2944, 
Val Loss: 1.0924, Val Acc: 0.5947, Val F1 Macro: 0.5788, Val F1 Micro: 0.5908, Val RMSE: 1.3275, 
Test Loss: 1.0407, Test Acc: 0.6193, Test F1 Macro: 0.5949, Test F1 Micro: 0.6061, Test RMSE: 1.3559

Epoch [7/20], Time: 3.69s, 
Train Loss: 0.5007, Train Acc: 0.8159, Train F1 Macro: 0.6495, Train F1 Micro: 0.6593, Train RMSE: 1.2361, 
Val Loss: 1.2579, Val Acc: 0.5895, Val F1 Macro: 0.5790, Val F1 Micro: 0.5906, Val RMSE: 1.3123, 
Test Loss: 1.2036, Test Acc: 0.6010, Test F1 Macro: 0.5941, Test F1 Micro: 0.6053, Test RMSE: 1.3448

Epoch [8/20], Time: 3.58s, 
Train Loss: 0.3796, Train Acc: 0.8635, Train F1 Macro: 0.6765, Train F1 Micro: 0.6848, Train RMSE: 1.1805, 
Val Loss: 1.3973, Val Acc: 0.5747, Val F1 Macro: 0.5773, Val F1 Micro: 0.5886, Val RMSE: 1.3024, 
Test Loss: 1.3299, Test Acc: 0.5976, Test F1 Macro: 0.5933, Test F1 Micro: 0.6044, Test RMSE: 1.3341

Epoch [9/20], Time: 3.60s, 
Train Loss: 0.2886, Train Acc: 0.8974, Train F1 Macro: 0.7013, Train F1 Micro: 0.7085, Train RMSE: 1.1288, 
Val Loss: 1.4477, Val Acc: 0.5986, Val F1 Macro: 0.5782, Val F1 Micro: 0.5897, Val RMSE: 1.2996, 
Test Loss: 1.4117, Test Acc: 0.6132, Test F1 Macro: 0.5942, Test F1 Micro: 0.6054, Test RMSE: 1.3345

Epoch [10/20], Time: 3.63s, 
Train Loss: 0.2253, Train Acc: 0.9201, Train F1 Macro: 0.7234, Train F1 Micro: 0.7296, Train RMSE: 1.0835, 
Val Loss: 1.5691, Val Acc: 0.5803, Val F1 Macro: 0.5772, Val F1 Micro: 0.5888, Val RMSE: 1.2991, 
Test Loss: 1.5266, Test Acc: 0.6032, Test F1 Macro: 0.5941, Test F1 Micro: 0.6051, Test RMSE: 1.3355

Epoch [11/20], Time: 3.72s, 
Train Loss: 0.1779, Train Acc: 0.9383, Train F1 Macro: 0.7431, Train F1 Micro: 0.7486, Train RMSE: 1.0415, 
Val Loss: 1.6617, Val Acc: 0.5825, Val F1 Macro: 0.5770, Val F1 Micro: 0.5882, Val RMSE: 1.2964, 
Test Loss: 1.6120, Test Acc: 0.5976, Test F1 Macro: 0.5936, Test F1 Micro: 0.6045, Test RMSE: 1.3335

Epoch [12/20], Time: 3.81s, 
Train Loss: 0.1476, Train Acc: 0.9492, Train F1 Macro: 0.7605, Train F1 Micro: 0.7653, Train RMSE: 1.0040, 
Val Loss: 1.8809, Val Acc: 0.5781, Val F1 Macro: 0.5760, Val F1 Micro: 0.5874, Val RMSE: 1.2964, 
Test Loss: 1.7890, Test Acc: 0.5989, Test F1 Macro: 0.5932, Test F1 Micro: 0.6040, Test RMSE: 1.3319

Epoch [13/20], Time: 3.66s, 
Train Loss: 0.1272, Train Acc: 0.9553, Train F1 Macro: 0.7756, Train F1 Micro: 0.7799, Train RMSE: 0.9708, 
Val Loss: 2.0028, Val Acc: 0.5842, Val F1 Macro: 0.5759, Val F1 Micro: 0.5871, Val RMSE: 1.2985, 
Test Loss: 1.9028, Test Acc: 0.6076, Test F1 Macro: 0.5934, Test F1 Micro: 0.6043, Test RMSE: 1.3316

Epoch [14/20], Time: 3.67s, 
Train Loss: 0.1211, Train Acc: 0.9575, Train F1 Macro: 0.7888, Train F1 Micro: 0.7926, Train RMSE: 0.9413, 
Val Loss: 2.1287, Val Acc: 0.5808, Val F1 Macro: 0.5755, Val F1 Micro: 0.5867, Val RMSE: 1.3015, 
Test Loss: 1.9759, Test Acc: 0.6084, Test F1 Macro: 0.5940, Test F1 Micro: 0.6046, Test RMSE: 1.3324

Epoch [15/20], Time: 3.70s, 
Train Loss: 0.1096, Train Acc: 0.9622, Train F1 Macro: 0.8004, Train F1 Micro: 0.8039, Train RMSE: 0.9143, 
Val Loss: 2.1769, Val Acc: 0.5890, Val F1 Macro: 0.5756, Val F1 Micro: 0.5868, Val RMSE: 1.3016, 
Test Loss: 2.0596, Test Acc: 0.6084, Test F1 Macro: 0.5941, Test F1 Micro: 0.6048, Test RMSE: 1.3309

Epoch [16/20], Time: 3.72s, 
Train Loss: 0.1011, Train Acc: 0.9654, Train F1 Macro: 0.8108, Train F1 Micro: 0.8140, Train RMSE: 0.8891, 
Val Loss: 2.3513, Val Acc: 0.5834, Val F1 Macro: 0.5755, Val F1 Micro: 0.5866, Val RMSE: 1.3016, 
Test Loss: 2.2132, Test Acc: 0.6024, Test F1 Macro: 0.5940, Test F1 Micro: 0.6047, Test RMSE: 1.3304

Epoch [17/20], Time: 3.92s, 
Train Loss: 0.0923, Train Acc: 0.9686, Train F1 Macro: 0.8202, Train F1 Micro: 0.8231, Train RMSE: 0.8658, 
Val Loss: 2.4284, Val Acc: 0.5899, Val F1 Macro: 0.5756, Val F1 Micro: 0.5868, Val RMSE: 1.3027, 
Test Loss: 2.3378, Test Acc: 0.6028, Test F1 Macro: 0.5938, Test F1 Micro: 0.6046, Test RMSE: 1.3320

Epoch [18/20], Time: 3.75s, 
Train Loss: 0.0835, Train Acc: 0.9727, Train F1 Macro: 0.8287, Train F1 Micro: 0.8314, Train RMSE: 0.8446, 
Val Loss: 2.4845, Val Acc: 0.5838, Val F1 Macro: 0.5752, Val F1 Micro: 0.5866, Val RMSE: 1.3044, 
Test Loss: 2.3583, Test Acc: 0.6002, Test F1 Macro: 0.5935, Test F1 Micro: 0.6043, Test RMSE: 1.3322

Epoch [19/20], Time: 3.74s, 
Train Loss: 0.0877, Train Acc: 0.9708, Train F1 Macro: 0.8362, Train F1 Micro: 0.8388, Train RMSE: 0.8255, 
Val Loss: 2.5777, Val Acc: 0.5642, Val F1 Macro: 0.5738, Val F1 Micro: 0.5855, Val RMSE: 1.3071, 
Test Loss: 2.4268, Test Acc: 0.5880, Test F1 Macro: 0.5925, Test F1 Micro: 0.6035, Test RMSE: 1.3335

Epoch [20/20], Time: 3.78s, 
Train Loss: 0.0725, Train Acc: 0.9753, Train F1 Macro: 0.8432, Train F1 Micro: 0.8456, Train RMSE: 0.8075, 
Val Loss: 2.6721, Val Acc: 0.5716, Val F1 Macro: 0.5729, Val F1 Micro: 0.5848, Val RMSE: 1.3092, 
Test Loss: 2.5056, Test Acc: 0.5980, Test F1 Macro: 0.5921, Test F1 Micro: 0.6032, Test RMSE: 1.3343

Total Training Time: 73.74s

Test Loss: 0.9701, Test Acc: 0.6237, Test F1 Macro: 0.6125, Test F1 Micro: 0.6237, Test RMSE: 1.3589
