===== SEED 42 =====
PyTorch Version : 2.11.0+cu128
cuda
1.1.LIAR_original_alone.pt
***** Best Result Updated at Epoch 1, Val Loss: 0.4323 *****
Epoch [1/10], Time: 2.46s, Train Loss: 0.4501, Train Acc: 0.2195, Train F1 Macro: 0.1961, Train F1 Micro: 0.2195, Val Loss: 0.4323, Val Acc: 0.2407, Val F1 Macro: 0.2249, Val F1 Micro: 0.2407
***** Best Result Updated at Epoch 2, Val Loss: 0.4287 *****
Epoch [2/10], Time: 2.10s, Train Loss: 0.4285, Train Acc: 0.2844, Train F1 Macro: 0.2358, Train F1 Micro: 0.2520, Val Loss: 0.4287, Val Acc: 0.2601, Val F1 Macro: 0.2268, Val F1 Micro: 0.2504
Epoch [3/10], Time: 2.04s, Train Loss: 0.4145, Train Acc: 0.3293, Train F1 Macro: 0.2636, Train F1 Micro: 0.2777, Val Loss: 0.4334, Val Acc: 0.2484, Val F1 Macro: 0.2389, Val F1 Micro: 0.2497
Epoch [4/10], Time: 2.06s, Train Loss: 0.3945, Train Acc: 0.3880, Train F1 Macro: 0.2932, Train F1 Micro: 0.3053, Val Loss: 0.4402, Val Acc: 0.2399, Val F1 Macro: 0.2509, Val F1 Micro: 0.2473
Epoch [5/10], Time: 2.07s, Train Loss: 0.3719, Train Acc: 0.4468, Train F1 Macro: 0.3228, Train F1 Micro: 0.3336, Val Loss: 0.4421, Val Acc: 0.2656, Val F1 Macro: 0.2552, Val F1 Micro: 0.2509
Epoch [6/10], Time: 2.06s, Train Loss: 0.3403, Train Acc: 0.5187, Train F1 Macro: 0.3549, Train F1 Micro: 0.3644, Val Loss: 0.4514, Val Acc: 0.2687, Val F1 Macro: 0.2586, Val F1 Micro: 0.2539
Epoch [7/10], Time: 2.05s, Train Loss: 0.3037, Train Acc: 0.5945, Train F1 Macro: 0.3896, Train F1 Micro: 0.3973, Val Loss: 0.4799, Val Acc: 0.2625, Val F1 Macro: 0.2581, Val F1 Micro: 0.2551
Epoch [8/10], Time: 2.10s, Train Loss: 0.2691, Train Acc: 0.6674, Train F1 Macro: 0.4256, Train F1 Micro: 0.4311, Val Loss: 0.5057, Val Acc: 0.2664, Val F1 Macro: 0.2597, Val F1 Micro: 0.2565
Epoch [9/10], Time: 2.13s, Train Loss: 0.2345, Train Acc: 0.7292, Train F1 Macro: 0.4609, Train F1 Micro: 0.4642, Val Loss: 0.5452, Val Acc: 0.2516, Val F1 Macro: 0.2604, Val F1 Micro: 0.2560
Epoch [10/10], Time: 2.15s, Train Loss: 0.2034, Train Acc: 0.7847, Train F1 Macro: 0.4947, Train F1 Micro: 0.4962, Val Loss: 0.5964, Val Acc: 0.2539, Val F1 Macro: 0.2607, Val F1 Micro: 0.2558
Total Training Time: 21.22s
Test Loss: 0.4270, Test Acc: 0.2652, Test F1 Macro: 0.2170, Test F1 Micro: 0.2652
===== SEED 7 =====
PyTorch Version : 2.11.0+cu128
cuda
1.1.LIAR_original_alone.pt
***** Best Result Updated at Epoch 1, Val Loss: 0.4306 *****
Epoch [1/10], Time: 2.48s, Train Loss: 0.4489, Train Acc: 0.2229, Train F1 Macro: 0.1892, Train F1 Micro: 0.2229, Val Loss: 0.4306, Val Acc: 0.2734, Val F1 Macro: 0.2372, Val F1 Micro: 0.2734
***** Best Result Updated at Epoch 2, Val Loss: 0.4297 *****
Epoch [2/10], Time: 2.07s, Train Loss: 0.4270, Train Acc: 0.2774, Train F1 Macro: 0.2286, Train F1 Micro: 0.2502, Val Loss: 0.4297, Val Acc: 0.2695, Val F1 Macro: 0.2666, Val F1 Micro: 0.2714
Epoch [3/10], Time: 2.06s, Train Loss: 0.4124, Train Acc: 0.3360, Train F1 Macro: 0.2618, Train F1 Micro: 0.2788, Val Loss: 0.4366, Val Acc: 0.2562, Val F1 Macro: 0.2672, Val F1 Micro: 0.2664
Epoch [4/10], Time: 2.09s, Train Loss: 0.3917, Train Acc: 0.3992, Train F1 Macro: 0.2955, Train F1 Micro: 0.3089, Val Loss: 0.4351, Val Acc: 0.2765, Val F1 Macro: 0.2693, Val F1 Micro: 0.2689
Epoch [5/10], Time: 2.09s, Train Loss: 0.3647, Train Acc: 0.4699, Train F1 Macro: 0.3302, Train F1 Micro: 0.3411, Val Loss: 0.4549, Val Acc: 0.2671, Val F1 Macro: 0.2703, Val F1 Micro: 0.2685
Epoch [6/10], Time: 2.14s, Train Loss: 0.3330, Train Acc: 0.5445, Train F1 Macro: 0.3669, Train F1 Micro: 0.3750, Val Loss: 0.4587, Val Acc: 0.2664, Val F1 Macro: 0.2705, Val F1 Micro: 0.2682
Epoch [7/10], Time: 2.11s, Train Loss: 0.2924, Train Acc: 0.6308, Train F1 Macro: 0.4060, Train F1 Micro: 0.4116, Val Loss: 0.4801, Val Acc: 0.2679, Val F1 Macro: 0.2700, Val F1 Micro: 0.2681
Epoch [8/10], Time: 2.09s, Train Loss: 0.2553, Train Acc: 0.6989, Train F1 Macro: 0.4440, Train F1 Micro: 0.4475, Val Loss: 0.5156, Val Acc: 0.2492, Val F1 Macro: 0.2682, Val F1 Micro: 0.2658
Epoch [9/10], Time: 2.29s, Train Loss: 0.2164, Train Acc: 0.7701, Train F1 Macro: 0.4811, Train F1 Micro: 0.4833, Val Loss: 0.5649, Val Acc: 0.2601, Val F1 Macro: 0.2677, Val F1 Micro: 0.2651
Epoch [10/10], Time: 2.11s, Train Loss: 0.1861, Train Acc: 0.8149, Train F1 Macro: 0.5152, Train F1 Micro: 0.5165, Val Loss: 0.6091, Val Acc: 0.2508, Val F1 Macro: 0.2663, Val F1 Micro: 0.2637
Total Training Time: 21.53s
Test Loss: 0.4273, Test Acc: 0.2755, Test F1 Macro: 0.2611, Test F1 Micro: 0.2755
===== SEED 13 =====
PyTorch Version : 2.11.0+cu128
cuda
1.1.LIAR_original_alone.pt
***** Best Result Updated at Epoch 1, Val Loss: 0.4337 *****
Epoch [1/10], Time: 2.47s, Train Loss: 0.4483, Train Acc: 0.2126, Train F1 Macro: 0.1849, Train F1 Micro: 0.2126, Val Loss: 0.4337, Val Acc: 0.2695, Val F1 Macro: 0.2347, Val F1 Micro: 0.2695
***** Best Result Updated at Epoch 2, Val Loss: 0.4281 *****
Epoch [2/10], Time: 2.09s, Train Loss: 0.4284, Train Acc: 0.2810, Train F1 Macro: 0.2229, Train F1 Micro: 0.2468, Val Loss: 0.4281, Val Acc: 0.2734, Val F1 Macro: 0.2551, Val F1 Micro: 0.2714
***** Best Result Updated at Epoch 3, Val Loss: 0.4260 *****
Epoch [3/10], Time: 2.07s, Train Loss: 0.4136, Train Acc: 0.3367, Train F1 Macro: 0.2566, Train F1 Micro: 0.2768, Val Loss: 0.4260, Val Acc: 0.2804, Val F1 Macro: 0.2684, Val F1 Micro: 0.2744
Epoch [4/10], Time: 2.08s, Train Loss: 0.3957, Train Acc: 0.3886, Train F1 Macro: 0.2863, Train F1 Micro: 0.3047, Val Loss: 0.4315, Val Acc: 0.2749, Val F1 Macro: 0.2705, Val F1 Micro: 0.2745
Epoch [5/10], Time: 2.08s, Train Loss: 0.3701, Train Acc: 0.4530, Train F1 Macro: 0.3180, Train F1 Micro: 0.3344, Val Loss: 0.4420, Val Acc: 0.2625, Val F1 Macro: 0.2711, Val F1 Micro: 0.2721
Epoch [6/10], Time: 2.07s, Train Loss: 0.3368, Train Acc: 0.5317, Train F1 Macro: 0.3526, Train F1 Micro: 0.3673, Val Loss: 0.4637, Val Acc: 0.2523, Val F1 Macro: 0.2702, Val F1 Micro: 0.2688
Epoch [7/10], Time: 2.08s, Train Loss: 0.3015, Train Acc: 0.6036, Train F1 Macro: 0.3885, Train F1 Micro: 0.4010, Val Loss: 0.4988, Val Acc: 0.2430, Val F1 Macro: 0.2666, Val F1 Micro: 0.2651
Epoch [8/10], Time: 2.09s, Train Loss: 0.2654, Train Acc: 0.6714, Train F1 Macro: 0.4244, Train F1 Micro: 0.4348, Val Loss: 0.5154, Val Acc: 0.2461, Val F1 Macro: 0.2655, Val F1 Micro: 0.2628
Epoch [9/10], Time: 2.13s, Train Loss: 0.2326, Train Acc: 0.7282, Train F1 Macro: 0.4585, Train F1 Micro: 0.4674, Val Loss: 0.5502, Val Acc: 0.2523, Val F1 Macro: 0.2643, Val F1 Micro: 0.2616
Epoch [10/10], Time: 2.13s, Train Loss: 0.1969, Train Acc: 0.7955, Train F1 Macro: 0.4929, Train F1 Micro: 0.5002, Val Loss: 0.5952, Val Acc: 0.2399, Val F1 Macro: 0.2629, Val F1 Micro: 0.2594
Total Training Time: 21.28s
Test Loss: 0.4246, Test Acc: 0.2841, Test F1 Macro: 0.2827, Test F1 Micro: 0.2841
===== SEED 77 =====
PyTorch Version : 2.11.0+cu128
cuda
1.1.LIAR_original_alone.pt
***** Best Result Updated at Epoch 1, Val Loss: 0.4343 *****
Epoch [1/10], Time: 2.52s, Train Loss: 0.4479, Train Acc: 0.2156, Train F1 Macro: 0.1912, Train F1 Micro: 0.2156, Val Loss: 0.4343, Val Acc: 0.2508, Val F1 Macro: 0.1815, Val F1 Micro: 0.2508
***** Best Result Updated at Epoch 2, Val Loss: 0.4284 *****
Epoch [2/10], Time: 2.11s, Train Loss: 0.4282, Train Acc: 0.2803, Train F1 Macro: 0.2290, Train F1 Micro: 0.2479, Val Loss: 0.4284, Val Acc: 0.2702, Val F1 Macro: 0.2434, Val F1 Micro: 0.2605
Epoch [3/10], Time: 2.15s, Train Loss: 0.4125, Train Acc: 0.3388, Train F1 Macro: 0.2625, Train F1 Micro: 0.2782, Val Loss: 0.4350, Val Acc: 0.2679, Val F1 Macro: 0.2396, Val F1 Micro: 0.2630
Epoch [4/10], Time: 2.11s, Train Loss: 0.3910, Train Acc: 0.4019, Train F1 Macro: 0.2963, Train F1 Micro: 0.3091, Val Loss: 0.4320, Val Acc: 0.2796, Val F1 Macro: 0.2485, Val F1 Micro: 0.2671
Epoch [5/10], Time: 2.09s, Train Loss: 0.3635, Train Acc: 0.4680, Train F1 Macro: 0.3306, Train F1 Micro: 0.3409, Val Loss: 0.4393, Val Acc: 0.2819, Val F1 Macro: 0.2555, Val F1 Micro: 0.2701
Epoch [6/10], Time: 2.09s, Train Loss: 0.3294, Train Acc: 0.5473, Train F1 Macro: 0.3668, Train F1 Micro: 0.3753, Val Loss: 0.4487, Val Acc: 0.2695, Val F1 Macro: 0.2592, Val F1 Micro: 0.2700
Epoch [7/10], Time: 2.11s, Train Loss: 0.2902, Train Acc: 0.6313, Train F1 Macro: 0.4056, Train F1 Micro: 0.4119, Val Loss: 0.4777, Val Acc: 0.2516, Val F1 Macro: 0.2609, Val F1 Micro: 0.2674
Epoch [8/10], Time: 2.12s, Train Loss: 0.2482, Train Acc: 0.7103, Train F1 Macro: 0.4450, Train F1 Micro: 0.4492, Val Loss: 0.5058, Val Acc: 0.2617, Val F1 Macro: 0.2633, Val F1 Micro: 0.2666
Epoch [9/10], Time: 2.11s, Train Loss: 0.2119, Train Acc: 0.7694, Train F1 Macro: 0.4822, Train F1 Micro: 0.4847, Val Loss: 0.5468, Val Acc: 0.2523, Val F1 Macro: 0.2633, Val F1 Micro: 0.2651
Epoch [10/10], Time: 2.12s, Train Loss: 0.1788, Train Acc: 0.8236, Train F1 Macro: 0.5174, Train F1 Micro: 0.5186, Val Loss: 0.6020, Val Acc: 0.2438, Val F1 Macro: 0.2611, Val F1 Micro: 0.2629
Total Training Time: 21.54s
Test Loss: 0.4287, Test Acc: 0.2597, Test F1 Macro: 0.2321, Test F1 Micro: 0.2597
===== SEED 123 =====
PyTorch Version : 2.11.0+cu128
cuda
1.1.LIAR_original_alone.pt
***** Best Result Updated at Epoch 1, Val Loss: 0.4339 *****
Epoch [1/10], Time: 2.49s, Train Loss: 0.4496, Train Acc: 0.2098, Train F1 Macro: 0.1808, Train F1 Micro: 0.2098, Val Loss: 0.4339, Val Acc: 0.2593, Val F1 Macro: 0.1879, Val F1 Micro: 0.2593
***** Best Result Updated at Epoch 2, Val Loss: 0.4336 *****
Epoch [2/10], Time: 2.05s, Train Loss: 0.4306, Train Acc: 0.2732, Train F1 Macro: 0.2183, Train F1 Micro: 0.2415, Val Loss: 0.4336, Val Acc: 0.2874, Val F1 Macro: 0.2214, Val F1 Micro: 0.2734
***** Best Result Updated at Epoch 3, Val Loss: 0.4254 *****
Epoch [3/10], Time: 2.05s, Train Loss: 0.4168, Train Acc: 0.3264, Train F1 Macro: 0.2478, Train F1 Micro: 0.2698, Val Loss: 0.4254, Val Acc: 0.2773, Val F1 Macro: 0.2367, Val F1 Micro: 0.2747
Epoch [4/10], Time: 2.03s, Train Loss: 0.3972, Train Acc: 0.3814, Train F1 Macro: 0.2770, Train F1 Micro: 0.2977, Val Loss: 0.4286, Val Acc: 0.2882, Val F1 Macro: 0.2498, Val F1 Micro: 0.2780
Epoch [5/10], Time: 2.04s, Train Loss: 0.3691, Train Acc: 0.4580, Train F1 Macro: 0.3110, Train F1 Micro: 0.3298, Val Loss: 0.4349, Val Acc: 0.2726, Val F1 Macro: 0.2550, Val F1 Micro: 0.2769
Epoch [6/10], Time: 2.04s, Train Loss: 0.3381, Train Acc: 0.5280, Train F1 Macro: 0.3463, Train F1 Micro: 0.3628, Val Loss: 0.4506, Val Acc: 0.2788, Val F1 Macro: 0.2642, Val F1 Micro: 0.2773
Epoch [7/10], Time: 2.06s, Train Loss: 0.2979, Train Acc: 0.6094, Train F1 Macro: 0.3834, Train F1 Micro: 0.3980, Val Loss: 0.4691, Val Acc: 0.2749, Val F1 Macro: 0.2658, Val F1 Micro: 0.2769
Epoch [8/10], Time: 2.07s, Train Loss: 0.2575, Train Acc: 0.6975, Train F1 Macro: 0.4236, Train F1 Micro: 0.4355, Val Loss: 0.5081, Val Acc: 0.2749, Val F1 Macro: 0.2656, Val F1 Micro: 0.2767
Epoch [9/10], Time: 2.13s, Train Loss: 0.2195, Train Acc: 0.7637, Train F1 Macro: 0.4624, Train F1 Micro: 0.4719, Val Loss: 0.5348, Val Acc: 0.2780, Val F1 Macro: 0.2701, Val F1 Micro: 0.2768
Epoch [10/10], Time: 2.07s, Train Loss: 0.1819, Train Acc: 0.8200, Train F1 Macro: 0.4993, Train F1 Micro: 0.5067, Val Loss: 0.5880, Val Acc: 0.2664, Val F1 Macro: 0.2709, Val F1 Micro: 0.2758
Total Training Time: 21.03s
Test Loss: 0.4281, Test Acc: 0.2739, Test F1 Macro: 0.2358, Test F1 Micro: 0.2739
