===== SEED 42 =====
PyTorch Version : 2.11.0+cu128
cuda
1.1.LIAR_original_alone.pt
***** Best Result Updated at Epoch 1, Val Loss: 0.4349 *****
Epoch [1/10], Time: 2.39s, Train Loss: 0.4501, Train Acc: 0.2195, Train F1 Macro: 0.1961, Train F1 Micro: 0.2195, Val Loss: 0.4349, Val Acc: 0.2360, Val F1 Macro: 0.2057, Val F1 Micro: 0.2360
***** Best Result Updated at Epoch 2, Val Loss: 0.4296 *****
Epoch [2/10], Time: 2.02s, Train Loss: 0.4285, Train Acc: 0.2844, Train F1 Macro: 0.2358, Train F1 Micro: 0.2520, Val Loss: 0.4296, Val Acc: 0.2601, Val F1 Macro: 0.2176, Val F1 Micro: 0.2481
Epoch [3/10], Time: 1.98s, Train Loss: 0.4145, Train Acc: 0.3293, Train F1 Macro: 0.2636, Train F1 Micro: 0.2777, Val Loss: 0.4352, Val Acc: 0.2438, Val F1 Macro: 0.2315, Val F1 Micro: 0.2466
Epoch [4/10], Time: 1.99s, Train Loss: 0.3945, Train Acc: 0.3880, Train F1 Macro: 0.2932, Train F1 Micro: 0.3053, Val Loss: 0.4397, Val Acc: 0.2484, Val F1 Macro: 0.2475, Val F1 Micro: 0.2471
Epoch [5/10], Time: 2.01s, Train Loss: 0.3719, Train Acc: 0.4468, Train F1 Macro: 0.3228, Train F1 Micro: 0.3336, Val Loss: 0.4435, Val Acc: 0.2601, Val F1 Macro: 0.2507, Val F1 Micro: 0.2497
Epoch [6/10], Time: 1.97s, Train Loss: 0.3403, Train Acc: 0.5187, Train F1 Macro: 0.3549, Train F1 Micro: 0.3644, Val Loss: 0.4518, Val Acc: 0.2625, Val F1 Macro: 0.2530, Val F1 Micro: 0.2518
Epoch [7/10], Time: 2.01s, Train Loss: 0.3037, Train Acc: 0.5945, Train F1 Macro: 0.3896, Train F1 Micro: 0.3973, Val Loss: 0.4817, Val Acc: 0.2656, Val F1 Macro: 0.2532, Val F1 Micro: 0.2538
Epoch [8/10], Time: 2.02s, Train Loss: 0.2691, Train Acc: 0.6674, Train F1 Macro: 0.4256, Train F1 Micro: 0.4311, Val Loss: 0.5086, Val Acc: 0.2523, Val F1 Macro: 0.2529, Val F1 Micro: 0.2536
Epoch [9/10], Time: 2.01s, Train Loss: 0.2345, Train Acc: 0.7292, Train F1 Macro: 0.4609, Train F1 Micro: 0.4642, Val Loss: 0.5518, Val Acc: 0.2562, Val F1 Macro: 0.2539, Val F1 Micro: 0.2539
Epoch [10/10], Time: 2.05s, Train Loss: 0.2034, Train Acc: 0.7847, Train F1 Macro: 0.4947, Train F1 Micro: 0.4962, Val Loss: 0.6028, Val Acc: 0.2438, Val F1 Macro: 0.2531, Val F1 Micro: 0.2529
Total Training Time: 20.47s
Test Loss: 0.4280, Test Acc: 0.2707, Test F1 Macro: 0.2165, Test F1 Micro: 0.2707
===== SEED 7 =====
PyTorch Version : 2.11.0+cu128
cuda
1.1.LIAR_original_alone.pt
***** Best Result Updated at Epoch 1, Val Loss: 0.4328 *****
Epoch [1/10], Time: 2.40s, Train Loss: 0.4489, Train Acc: 0.2229, Train F1 Macro: 0.1892, Train F1 Micro: 0.2229, Val Loss: 0.4328, Val Acc: 0.2547, Val F1 Macro: 0.2040, Val F1 Micro: 0.2547
***** Best Result Updated at Epoch 2, Val Loss: 0.4325 *****
Epoch [2/10], Time: 2.01s, Train Loss: 0.4270, Train Acc: 0.2774, Train F1 Macro: 0.2286, Train F1 Micro: 0.2502, Val Loss: 0.4325, Val Acc: 0.2625, Val F1 Macro: 0.2422, Val F1 Micro: 0.2586
Epoch [3/10], Time: 1.98s, Train Loss: 0.4124, Train Acc: 0.3360, Train F1 Macro: 0.2618, Train F1 Micro: 0.2788, Val Loss: 0.4383, Val Acc: 0.2453, Val F1 Macro: 0.2447, Val F1 Micro: 0.2542
Epoch [4/10], Time: 1.98s, Train Loss: 0.3917, Train Acc: 0.3992, Train F1 Macro: 0.2955, Train F1 Micro: 0.3089, Val Loss: 0.4363, Val Acc: 0.2679, Val F1 Macro: 0.2498, Val F1 Micro: 0.2576
Epoch [5/10], Time: 2.01s, Train Loss: 0.3647, Train Acc: 0.4699, Train F1 Macro: 0.3302, Train F1 Micro: 0.3411, Val Loss: 0.4555, Val Acc: 0.2679, Val F1 Macro: 0.2545, Val F1 Micro: 0.2597
Epoch [6/10], Time: 2.00s, Train Loss: 0.3330, Train Acc: 0.5445, Train F1 Macro: 0.3669, Train F1 Micro: 0.3750, Val Loss: 0.4599, Val Acc: 0.2601, Val F1 Macro: 0.2548, Val F1 Micro: 0.2597
Epoch [7/10], Time: 2.01s, Train Loss: 0.2924, Train Acc: 0.6308, Train F1 Macro: 0.4060, Train F1 Micro: 0.4116, Val Loss: 0.4812, Val Acc: 0.2632, Val F1 Macro: 0.2550, Val F1 Micro: 0.2602
Epoch [8/10], Time: 2.01s, Train Loss: 0.2553, Train Acc: 0.6989, Train F1 Macro: 0.4440, Train F1 Micro: 0.4475, Val Loss: 0.5160, Val Acc: 0.2477, Val F1 Macro: 0.2548, Val F1 Micro: 0.2587
Epoch [9/10], Time: 2.07s, Train Loss: 0.2164, Train Acc: 0.7701, Train F1 Macro: 0.4811, Train F1 Micro: 0.4833, Val Loss: 0.5651, Val Acc: 0.2609, Val F1 Macro: 0.2555, Val F1 Micro: 0.2589
Epoch [10/10], Time: 2.04s, Train Loss: 0.1861, Train Acc: 0.8149, Train F1 Macro: 0.5152, Train F1 Micro: 0.5165, Val Loss: 0.6088, Val Acc: 0.2523, Val F1 Macro: 0.2553, Val F1 Micro: 0.2583
Total Training Time: 20.50s
Test Loss: 0.4296, Test Acc: 0.2739, Test F1 Macro: 0.2483, Test F1 Micro: 0.2739
===== SEED 13 =====
PyTorch Version : 2.11.0+cu128
cuda
1.1.LIAR_original_alone.pt
***** Best Result Updated at Epoch 1, Val Loss: 0.4361 *****
Epoch [1/10], Time: 2.37s, Train Loss: 0.4483, Train Acc: 0.2126, Train F1 Macro: 0.1849, Train F1 Micro: 0.2126, Val Loss: 0.4361, Val Acc: 0.2586, Val F1 Macro: 0.2009, Val F1 Micro: 0.2586
***** Best Result Updated at Epoch 2, Val Loss: 0.4296 *****
Epoch [2/10], Time: 2.00s, Train Loss: 0.4284, Train Acc: 0.2810, Train F1 Macro: 0.2229, Train F1 Micro: 0.2468, Val Loss: 0.4296, Val Acc: 0.2741, Val F1 Macro: 0.2400, Val F1 Micro: 0.2664
***** Best Result Updated at Epoch 3, Val Loss: 0.4277 *****
Epoch [3/10], Time: 2.00s, Train Loss: 0.4136, Train Acc: 0.3367, Train F1 Macro: 0.2566, Train F1 Micro: 0.2768, Val Loss: 0.4277, Val Acc: 0.2702, Val F1 Macro: 0.2556, Val F1 Micro: 0.2677
Epoch [4/10], Time: 1.99s, Train Loss: 0.3957, Train Acc: 0.3886, Train F1 Macro: 0.2863, Train F1 Micro: 0.3047, Val Loss: 0.4324, Val Acc: 0.2679, Val F1 Macro: 0.2596, Val F1 Micro: 0.2677
Epoch [5/10], Time: 2.01s, Train Loss: 0.3701, Train Acc: 0.4530, Train F1 Macro: 0.3180, Train F1 Micro: 0.3344, Val Loss: 0.4429, Val Acc: 0.2562, Val F1 Macro: 0.2614, Val F1 Micro: 0.2654
Epoch [6/10], Time: 1.99s, Train Loss: 0.3368, Train Acc: 0.5317, Train F1 Macro: 0.3526, Train F1 Micro: 0.3673, Val Loss: 0.4645, Val Acc: 0.2461, Val F1 Macro: 0.2608, Val F1 Micro: 0.2622
Epoch [7/10], Time: 2.00s, Train Loss: 0.3015, Train Acc: 0.6036, Train F1 Macro: 0.3885, Train F1 Micro: 0.4010, Val Loss: 0.4973, Val Acc: 0.2399, Val F1 Macro: 0.2586, Val F1 Micro: 0.2590
Epoch [8/10], Time: 2.01s, Train Loss: 0.2654, Train Acc: 0.6714, Train F1 Macro: 0.4244, Train F1 Micro: 0.4348, Val Loss: 0.5156, Val Acc: 0.2438, Val F1 Macro: 0.2579, Val F1 Micro: 0.2571
Epoch [9/10], Time: 2.00s, Train Loss: 0.2326, Train Acc: 0.7282, Train F1 Macro: 0.4585, Train F1 Micro: 0.4674, Val Loss: 0.5525, Val Acc: 0.2477, Val F1 Macro: 0.2568, Val F1 Micro: 0.2561
Epoch [10/10], Time: 2.02s, Train Loss: 0.1969, Train Acc: 0.7955, Train F1 Macro: 0.4929, Train F1 Micro: 0.5002, Val Loss: 0.5968, Val Acc: 0.2352, Val F1 Macro: 0.2555, Val F1 Micro: 0.2540
Total Training Time: 20.40s
Test Loss: 0.4269, Test Acc: 0.2691, Test F1 Macro: 0.2616, Test F1 Micro: 0.2691
===== SEED 77 =====
PyTorch Version : 2.11.0+cu128
cuda
1.1.LIAR_original_alone.pt
***** Best Result Updated at Epoch 1, Val Loss: 0.4359 *****
Epoch [1/10], Time: 2.40s, Train Loss: 0.4479, Train Acc: 0.2156, Train F1 Macro: 0.1912, Train F1 Micro: 0.2156, Val Loss: 0.4359, Val Acc: 0.2445, Val F1 Macro: 0.1643, Val F1 Micro: 0.2445
***** Best Result Updated at Epoch 2, Val Loss: 0.4295 *****
Epoch [2/10], Time: 2.04s, Train Loss: 0.4282, Train Acc: 0.2803, Train F1 Macro: 0.2290, Train F1 Micro: 0.2479, Val Loss: 0.4295, Val Acc: 0.2710, Val F1 Macro: 0.2333, Val F1 Micro: 0.2578
Epoch [3/10], Time: 1.97s, Train Loss: 0.4125, Train Acc: 0.3388, Train F1 Macro: 0.2625, Train F1 Micro: 0.2782, Val Loss: 0.4369, Val Acc: 0.2648, Val F1 Macro: 0.2288, Val F1 Micro: 0.2601
Epoch [4/10], Time: 2.10s, Train Loss: 0.3910, Train Acc: 0.4019, Train F1 Macro: 0.2963, Train F1 Micro: 0.3091, Val Loss: 0.4332, Val Acc: 0.2874, Val F1 Macro: 0.2419, Val F1 Micro: 0.2669
Epoch [5/10], Time: 2.06s, Train Loss: 0.3635, Train Acc: 0.4680, Train F1 Macro: 0.3306, Train F1 Micro: 0.3409, Val Loss: 0.4403, Val Acc: 0.2788, Val F1 Macro: 0.2476, Val F1 Micro: 0.2693
Epoch [6/10], Time: 2.05s, Train Loss: 0.3294, Train Acc: 0.5473, Train F1 Macro: 0.3668, Train F1 Micro: 0.3753, Val Loss: 0.4498, Val Acc: 0.2648, Val F1 Macro: 0.2504, Val F1 Micro: 0.2686
Epoch [7/10], Time: 2.05s, Train Loss: 0.2902, Train Acc: 0.6313, Train F1 Macro: 0.4056, Train F1 Micro: 0.4119, Val Loss: 0.4790, Val Acc: 0.2508, Val F1 Macro: 0.2524, Val F1 Micro: 0.2660
Epoch [8/10], Time: 2.02s, Train Loss: 0.2482, Train Acc: 0.7103, Train F1 Macro: 0.4450, Train F1 Micro: 0.4492, Val Loss: 0.5068, Val Acc: 0.2547, Val F1 Macro: 0.2541, Val F1 Micro: 0.2646
Epoch [9/10], Time: 2.03s, Train Loss: 0.2119, Train Acc: 0.7694, Train F1 Macro: 0.4822, Train F1 Micro: 0.4847, Val Loss: 0.5463, Val Acc: 0.2539, Val F1 Macro: 0.2547, Val F1 Micro: 0.2634
Epoch [10/10], Time: 2.05s, Train Loss: 0.1788, Train Acc: 0.8236, Train F1 Macro: 0.5174, Train F1 Micro: 0.5186, Val Loss: 0.6028, Val Acc: 0.2414, Val F1 Macro: 0.2526, Val F1 Micro: 0.2612
Total Training Time: 20.78s
Test Loss: 0.4307, Test Acc: 0.2549, Test F1 Macro: 0.2180, Test F1 Micro: 0.2549
===== SEED 123 =====
PyTorch Version : 2.11.0+cu128
cuda
1.1.LIAR_original_alone.pt
***** Best Result Updated at Epoch 1, Val Loss: 0.4345 *****
Epoch [1/10], Time: 2.44s, Train Loss: 0.4496, Train Acc: 0.2098, Train F1 Macro: 0.1808, Train F1 Micro: 0.2098, Val Loss: 0.4345, Val Acc: 0.2539, Val F1 Macro: 0.1728, Val F1 Micro: 0.2539
***** Best Result Updated at Epoch 2, Val Loss: 0.4344 *****
Epoch [2/10], Time: 2.07s, Train Loss: 0.4306, Train Acc: 0.2732, Train F1 Macro: 0.2183, Train F1 Micro: 0.2415, Val Loss: 0.4344, Val Acc: 0.2741, Val F1 Macro: 0.2047, Val F1 Micro: 0.2640
***** Best Result Updated at Epoch 3, Val Loss: 0.4268 *****
Epoch [3/10], Time: 2.08s, Train Loss: 0.4168, Train Acc: 0.3264, Train F1 Macro: 0.2478, Train F1 Micro: 0.2698, Val Loss: 0.4268, Val Acc: 0.2702, Val F1 Macro: 0.2262, Val F1 Micro: 0.2661
Epoch [4/10], Time: 2.09s, Train Loss: 0.3972, Train Acc: 0.3814, Train F1 Macro: 0.2770, Train F1 Micro: 0.2977, Val Loss: 0.4293, Val Acc: 0.2780, Val F1 Macro: 0.2400, Val F1 Micro: 0.2691
Epoch [5/10], Time: 2.07s, Train Loss: 0.3691, Train Acc: 0.4580, Train F1 Macro: 0.3110, Train F1 Micro: 0.3298, Val Loss: 0.4356, Val Acc: 0.2648, Val F1 Macro: 0.2456, Val F1 Micro: 0.2682
Epoch [6/10], Time: 2.07s, Train Loss: 0.3381, Train Acc: 0.5280, Train F1 Macro: 0.3463, Train F1 Micro: 0.3628, Val Loss: 0.4526, Val Acc: 0.2718, Val F1 Macro: 0.2538, Val F1 Micro: 0.2688
Epoch [7/10], Time: 2.08s, Train Loss: 0.2979, Train Acc: 0.6094, Train F1 Macro: 0.3834, Train F1 Micro: 0.3980, Val Loss: 0.4685, Val Acc: 0.2741, Val F1 Macro: 0.2569, Val F1 Micro: 0.2696
Epoch [8/10], Time: 2.08s, Train Loss: 0.2575, Train Acc: 0.6975, Train F1 Macro: 0.4236, Train F1 Micro: 0.4355, Val Loss: 0.5094, Val Acc: 0.2710, Val F1 Macro: 0.2574, Val F1 Micro: 0.2698
Epoch [9/10], Time: 2.10s, Train Loss: 0.2195, Train Acc: 0.7637, Train F1 Macro: 0.4624, Train F1 Micro: 0.4719, Val Loss: 0.5356, Val Acc: 0.2726, Val F1 Macro: 0.2613, Val F1 Micro: 0.2701
Epoch [10/10], Time: 2.11s, Train Loss: 0.1819, Train Acc: 0.8200, Train F1 Macro: 0.4993, Train F1 Micro: 0.5067, Val Loss: 0.5900, Val Acc: 0.2656, Val F1 Macro: 0.2623, Val F1 Micro: 0.2696
Total Training Time: 21.18s
Test Loss: 0.4289, Test Acc: 0.2676, Test F1 Macro: 0.2368, Test F1 Micro: 0.2676
