===== SEED 42 =====
PyTorch Version : 2.11.0+cu128
cuda
1.1.LIAR_original_alone.pt
***** Best Result Updated at Epoch 1, Val Loss: 0.3749 *****
Epoch [1/10], Time: 2.66s, Train Loss: 0.4316, Train Acc: 0.2901, Train F1 Macro: 0.2684, Train F1 Micro: 0.2901, Val Loss: 0.3749, Val Acc: 0.4486, Val F1 Macro: 0.4091, Val F1 Micro: 0.4486
***** Best Result Updated at Epoch 2, Val Loss: 0.3479 *****
Epoch [2/10], Time: 2.23s, Train Loss: 0.3600, Train Acc: 0.4626, Train F1 Macro: 0.3624, Train F1 Micro: 0.3764, Val Loss: 0.3479, Val Acc: 0.4782, Val F1 Macro: 0.4402, Val F1 Micro: 0.4634
***** Best Result Updated at Epoch 3, Val Loss: 0.3449 *****
Epoch [3/10], Time: 2.28s, Train Loss: 0.3354, Train Acc: 0.4932, Train F1 Macro: 0.4064, Train F1 Micro: 0.4153, Val Loss: 0.3449, Val Acc: 0.4595, Val F1 Macro: 0.4462, Val F1 Micro: 0.4621
Epoch [4/10], Time: 2.30s, Train Loss: 0.3123, Train Acc: 0.5407, Train F1 Macro: 0.4402, Train F1 Micro: 0.4467, Val Loss: 0.3482, Val Acc: 0.4431, Val F1 Macro: 0.4503, Val F1 Micro: 0.4574
Epoch [5/10], Time: 2.29s, Train Loss: 0.2922, Train Acc: 0.5792, Train F1 Macro: 0.4686, Train F1 Micro: 0.4732, Val Loss: 0.3494, Val Acc: 0.4611, Val F1 Macro: 0.4523, Val F1 Micro: 0.4581
Epoch [6/10], Time: 2.31s, Train Loss: 0.2645, Train Acc: 0.6387, Train F1 Macro: 0.4979, Train F1 Micro: 0.5007, Val Loss: 0.3538, Val Acc: 0.4665, Val F1 Macro: 0.4547, Val F1 Micro: 0.4595
Epoch [7/10], Time: 2.20s, Train Loss: 0.2369, Train Acc: 0.6983, Train F1 Macro: 0.5270, Train F1 Micro: 0.5290, Val Loss: 0.3735, Val Acc: 0.4626, Val F1 Macro: 0.4555, Val F1 Micro: 0.4599
Epoch [8/10], Time: 2.21s, Train Loss: 0.2058, Train Acc: 0.7555, Train F1 Macro: 0.5565, Train F1 Micro: 0.5573, Val Loss: 0.4046, Val Acc: 0.4439, Val F1 Macro: 0.4545, Val F1 Micro: 0.4579
Epoch [9/10], Time: 2.22s, Train Loss: 0.1853, Train Acc: 0.7934, Train F1 Macro: 0.5836, Train F1 Micro: 0.5835, Val Loss: 0.4215, Val Acc: 0.4463, Val F1 Macro: 0.4538, Val F1 Micro: 0.4566
Epoch [10/10], Time: 2.22s, Train Loss: 0.1585, Train Acc: 0.8395, Train F1 Macro: 0.6100, Train F1 Micro: 0.6091, Val Loss: 0.4653, Val Acc: 0.4408, Val F1 Macro: 0.4531, Val F1 Micro: 0.4551
Total Training Time: 22.90s
Test Loss: 0.3485, Test Acc: 0.4349, Test F1 Macro: 0.4323, Test F1 Micro: 0.4349
===== SEED 7 =====
PyTorch Version : 2.11.0+cu128
cuda
1.1.LIAR_original_alone.pt
***** Best Result Updated at Epoch 1, Val Loss: 0.3866 *****
Epoch [1/10], Time: 2.44s, Train Loss: 0.4341, Train Acc: 0.2756, Train F1 Macro: 0.2337, Train F1 Micro: 0.2756, Val Loss: 0.3866, Val Acc: 0.3863, Val F1 Macro: 0.3324, Val F1 Micro: 0.3863
***** Best Result Updated at Epoch 2, Val Loss: 0.3592 *****
Epoch [2/10], Time: 2.04s, Train Loss: 0.3675, Train Acc: 0.4409, Train F1 Macro: 0.3355, Train F1 Micro: 0.3583, Val Loss: 0.3592, Val Acc: 0.4509, Val F1 Macro: 0.3951, Val F1 Micro: 0.4186
***** Best Result Updated at Epoch 3, Val Loss: 0.3487 *****
Epoch [3/10], Time: 2.05s, Train Loss: 0.3394, Train Acc: 0.5005, Train F1 Macro: 0.3902, Train F1 Micro: 0.4057, Val Loss: 0.3487, Val Acc: 0.4548, Val F1 Macro: 0.4159, Val F1 Micro: 0.4307
Epoch [4/10], Time: 2.06s, Train Loss: 0.3156, Train Acc: 0.5540, Train F1 Macro: 0.4319, Train F1 Micro: 0.4427, Val Loss: 0.3490, Val Acc: 0.4509, Val F1 Macro: 0.4219, Val F1 Micro: 0.4357
Epoch [5/10], Time: 2.03s, Train Loss: 0.2909, Train Acc: 0.6020, Train F1 Macro: 0.4667, Train F1 Micro: 0.4746, Val Loss: 0.3636, Val Acc: 0.4463, Val F1 Macro: 0.4281, Val F1 Micro: 0.4379
Epoch [6/10], Time: 2.04s, Train Loss: 0.2615, Train Acc: 0.6577, Train F1 Macro: 0.4995, Train F1 Micro: 0.5051, Val Loss: 0.3644, Val Acc: 0.4486, Val F1 Macro: 0.4323, Val F1 Micro: 0.4396
Epoch [7/10], Time: 2.04s, Train Loss: 0.2280, Train Acc: 0.7300, Train F1 Macro: 0.5335, Train F1 Micro: 0.5372, Val Loss: 0.3807, Val Acc: 0.4525, Val F1 Macro: 0.4349, Val F1 Micro: 0.4415
Epoch [8/10], Time: 2.07s, Train Loss: 0.1978, Train Acc: 0.7774, Train F1 Macro: 0.5648, Train F1 Micro: 0.5673, Val Loss: 0.4025, Val Acc: 0.4400, Val F1 Macro: 0.4364, Val F1 Micro: 0.4413
Epoch [9/10], Time: 2.07s, Train Loss: 0.1663, Train Acc: 0.8307, Train F1 Macro: 0.5949, Train F1 Micro: 0.5965, Val Loss: 0.4436, Val Acc: 0.4463, Val F1 Macro: 0.4376, Val F1 Micro: 0.4418
Epoch [10/10], Time: 2.09s, Train Loss: 0.1432, Train Acc: 0.8692, Train F1 Macro: 0.6228, Train F1 Micro: 0.6238, Val Loss: 0.4686, Val Acc: 0.4361, Val F1 Macro: 0.4373, Val F1 Micro: 0.4413
Total Training Time: 20.92s
Test Loss: 0.3520, Test Acc: 0.4420, Test F1 Macro: 0.4407, Test F1 Micro: 0.4420
===== SEED 13 =====
PyTorch Version : 2.11.0+cu128
cuda
1.1.LIAR_original_alone.pt
***** Best Result Updated at Epoch 1, Val Loss: 0.3820 *****
Epoch [1/10], Time: 2.44s, Train Loss: 0.4308, Train Acc: 0.2854, Train F1 Macro: 0.2517, Train F1 Micro: 0.2854, Val Loss: 0.3820, Val Acc: 0.4042, Val F1 Macro: 0.3757, Val F1 Micro: 0.4042
***** Best Result Updated at Epoch 2, Val Loss: 0.3508 *****
Epoch [2/10], Time: 2.07s, Train Loss: 0.3677, Train Acc: 0.4504, Train F1 Macro: 0.3485, Train F1 Micro: 0.3679, Val Loss: 0.3508, Val Acc: 0.4533, Val F1 Macro: 0.4119, Val F1 Micro: 0.4287
***** Best Result Updated at Epoch 3, Val Loss: 0.3420 *****
Epoch [3/10], Time: 2.05s, Train Loss: 0.3376, Train Acc: 0.4992, Train F1 Macro: 0.3971, Train F1 Micro: 0.4117, Val Loss: 0.3420, Val Acc: 0.4634, Val F1 Macro: 0.4289, Val F1 Micro: 0.4403
***** Best Result Updated at Epoch 4, Val Loss: 0.3393 *****
Epoch [4/10], Time: 2.06s, Train Loss: 0.3159, Train Acc: 0.5406, Train F1 Macro: 0.4313, Train F1 Micro: 0.4439, Val Loss: 0.3393, Val Acc: 0.4759, Val F1 Macro: 0.4396, Val F1 Micro: 0.4492
Epoch [5/10], Time: 2.04s, Train Loss: 0.2926, Train Acc: 0.5915, Train F1 Macro: 0.4622, Train F1 Micro: 0.4734, Val Loss: 0.3483, Val Acc: 0.4509, Val F1 Macro: 0.4434, Val F1 Micro: 0.4495
Epoch [6/10], Time: 2.04s, Train Loss: 0.2640, Train Acc: 0.6508, Train F1 Macro: 0.4927, Train F1 Micro: 0.5030, Val Loss: 0.3689, Val Acc: 0.4369, Val F1 Macro: 0.4417, Val F1 Micro: 0.4474
Epoch [7/10], Time: 2.04s, Train Loss: 0.2357, Train Acc: 0.7047, Train F1 Macro: 0.5225, Train F1 Micro: 0.5318, Val Loss: 0.3815, Val Acc: 0.4595, Val F1 Macro: 0.4433, Val F1 Micro: 0.4492
Epoch [8/10], Time: 2.06s, Train Loss: 0.2064, Train Acc: 0.7581, Train F1 Macro: 0.5514, Train F1 Micro: 0.5601, Val Loss: 0.4090, Val Acc: 0.4470, Val F1 Macro: 0.4442, Val F1 Micro: 0.4489
Epoch [9/10], Time: 2.08s, Train Loss: 0.1816, Train Acc: 0.8016, Train F1 Macro: 0.5793, Train F1 Micro: 0.5869, Val Loss: 0.4395, Val Acc: 0.4322, Val F1 Macro: 0.4428, Val F1 Micro: 0.4470
Epoch [10/10], Time: 2.07s, Train Loss: 0.1520, Train Acc: 0.8462, Train F1 Macro: 0.6059, Train F1 Micro: 0.6129, Val Loss: 0.4746, Val Acc: 0.4283, Val F1 Macro: 0.4418, Val F1 Micro: 0.4452
Total Training Time: 20.96s
Test Loss: 0.3485, Test Acc: 0.4412, Test F1 Macro: 0.4370, Test F1 Micro: 0.4412
===== SEED 77 =====
PyTorch Version : 2.11.0+cu128
cuda
1.1.LIAR_original_alone.pt
***** Best Result Updated at Epoch 1, Val Loss: 0.3806 *****
Epoch [1/10], Time: 2.43s, Train Loss: 0.4294, Train Acc: 0.2918, Train F1 Macro: 0.2573, Train F1 Micro: 0.2918, Val Loss: 0.3806, Val Acc: 0.4128, Val F1 Macro: 0.3591, Val F1 Micro: 0.4128
***** Best Result Updated at Epoch 2, Val Loss: 0.3488 *****
Epoch [2/10], Time: 2.06s, Train Loss: 0.3628, Train Acc: 0.4565, Train F1 Macro: 0.3523, Train F1 Micro: 0.3742, Val Loss: 0.3488, Val Acc: 0.4642, Val F1 Macro: 0.4126, Val F1 Micro: 0.4385
***** Best Result Updated at Epoch 3, Val Loss: 0.3479 *****
Epoch [3/10], Time: 2.07s, Train Loss: 0.3338, Train Acc: 0.5036, Train F1 Macro: 0.4029, Train F1 Micro: 0.4173, Val Loss: 0.3479, Val Acc: 0.4595, Val F1 Macro: 0.4284, Val F1 Micro: 0.4455
***** Best Result Updated at Epoch 4, Val Loss: 0.3437 *****
Epoch [4/10], Time: 2.06s, Train Loss: 0.3095, Train Acc: 0.5515, Train F1 Macro: 0.4407, Train F1 Micro: 0.4509, Val Loss: 0.3437, Val Acc: 0.4603, Val F1 Macro: 0.4354, Val F1 Micro: 0.4492
Epoch [5/10], Time: 2.04s, Train Loss: 0.2845, Train Acc: 0.6031, Train F1 Macro: 0.4743, Train F1 Micro: 0.4813, Val Loss: 0.3437, Val Acc: 0.4618, Val F1 Macro: 0.4424, Val F1 Micro: 0.4517
Epoch [6/10], Time: 2.07s, Train Loss: 0.2565, Train Acc: 0.6579, Train F1 Macro: 0.5058, Train F1 Micro: 0.5107, Val Loss: 0.3525, Val Acc: 0.4603, Val F1 Macro: 0.4464, Val F1 Micro: 0.4531
Epoch [7/10], Time: 2.07s, Train Loss: 0.2238, Train Acc: 0.7313, Train F1 Macro: 0.5391, Train F1 Micro: 0.5423, Val Loss: 0.3716, Val Acc: 0.4354, Val F1 Macro: 0.4451, Val F1 Micro: 0.4506
Epoch [8/10], Time: 2.07s, Train Loss: 0.1931, Train Acc: 0.7814, Train F1 Macro: 0.5702, Train F1 Micro: 0.5722, Val Loss: 0.3985, Val Acc: 0.4447, Val F1 Macro: 0.4457, Val F1 Micro: 0.4499
Epoch [9/10], Time: 2.08s, Train Loss: 0.1605, Train Acc: 0.8357, Train F1 Macro: 0.6005, Train F1 Micro: 0.6014, Val Loss: 0.4312, Val Acc: 0.4439, Val F1 Macro: 0.4454, Val F1 Micro: 0.4492
Epoch [10/10], Time: 2.09s, Train Loss: 0.1376, Train Acc: 0.8705, Train F1 Macro: 0.6282, Train F1 Micro: 0.6283, Val Loss: 0.4785, Val Acc: 0.4439, Val F1 Macro: 0.4444, Val F1 Micro: 0.4487
Total Training Time: 21.03s
Test Loss: 0.3486, Test Acc: 0.4578, Test F1 Macro: 0.4501, Test F1 Micro: 0.4578
===== SEED 123 =====
PyTorch Version : 2.11.0+cu128
cuda
1.1.LIAR_original_alone.pt
***** Best Result Updated at Epoch 1, Val Loss: 0.3890 *****
Epoch [1/10], Time: 2.41s, Train Loss: 0.4339, Train Acc: 0.2756, Train F1 Macro: 0.2456, Train F1 Micro: 0.2756, Val Loss: 0.3890, Val Acc: 0.4128, Val F1 Macro: 0.3555, Val F1 Micro: 0.4128
***** Best Result Updated at Epoch 2, Val Loss: 0.3628 *****
Epoch [2/10], Time: 2.04s, Train Loss: 0.3710, Train Acc: 0.4463, Train F1 Macro: 0.3452, Train F1 Micro: 0.3609, Val Loss: 0.3628, Val Acc: 0.4587, Val F1 Macro: 0.4028, Val F1 Micro: 0.4357
***** Best Result Updated at Epoch 3, Val Loss: 0.3462 *****
Epoch [3/10], Time: 2.04s, Train Loss: 0.3414, Train Acc: 0.4909, Train F1 Macro: 0.3937, Train F1 Micro: 0.4043, Val Loss: 0.3462, Val Acc: 0.4618, Val F1 Macro: 0.4206, Val F1 Micro: 0.4444
Epoch [4/10], Time: 2.04s, Train Loss: 0.3195, Train Acc: 0.5317, Train F1 Macro: 0.4269, Train F1 Micro: 0.4361, Val Loss: 0.3496, Val Acc: 0.4603, Val F1 Macro: 0.4287, Val F1 Micro: 0.4484
Epoch [5/10], Time: 2.05s, Train Loss: 0.2945, Train Acc: 0.5916, Train F1 Macro: 0.4592, Train F1 Micro: 0.4672, Val Loss: 0.3504, Val Acc: 0.4611, Val F1 Macro: 0.4339, Val F1 Micro: 0.4509
Epoch [6/10], Time: 2.04s, Train Loss: 0.2690, Train Acc: 0.6478, Train F1 Macro: 0.4900, Train F1 Micro: 0.4973, Val Loss: 0.3597, Val Acc: 0.4603, Val F1 Macro: 0.4375, Val F1 Micro: 0.4525
Epoch [7/10], Time: 2.04s, Train Loss: 0.2367, Train Acc: 0.7017, Train F1 Macro: 0.5198, Train F1 Micro: 0.5265, Val Loss: 0.3790, Val Acc: 0.4533, Val F1 Macro: 0.4391, Val F1 Micro: 0.4526
Epoch [8/10], Time: 2.05s, Train Loss: 0.2033, Train Acc: 0.7640, Train F1 Macro: 0.5501, Train F1 Micro: 0.5562, Val Loss: 0.4034, Val Acc: 0.4587, Val F1 Macro: 0.4409, Val F1 Micro: 0.4534
Epoch [9/10], Time: 2.07s, Train Loss: 0.1726, Train Acc: 0.8182, Train F1 Macro: 0.5799, Train F1 Micro: 0.5853, Val Loss: 0.4278, Val Acc: 0.4509, Val F1 Macro: 0.4430, Val F1 Micro: 0.4531
Epoch [10/10], Time: 2.07s, Train Loss: 0.1411, Train Acc: 0.8670, Train F1 Macro: 0.6090, Train F1 Micro: 0.6135, Val Loss: 0.4665, Val Acc: 0.4486, Val F1 Macro: 0.4442, Val F1 Micro: 0.4526
Total Training Time: 20.86s
Test Loss: 0.3504, Test Acc: 0.4451, Test F1 Macro: 0.4401, Test F1 Micro: 0.4451
