===== SEED 42 =====
PyTorch Version : 2.11.0+cu128
cuda
1.2.Origin_stand_alone.pt
***** Best Result Updated at Epoch 1, Val Loss: 0.3512 *****
Epoch [1/10], Time: 2.85s, Train Loss: 0.4143, Train Acc: 0.3253, Train F1 Macro: 0.3193, Train F1 Micro: 0.3253, Val Loss: 0.3512, Val Acc: 0.4837, Val F1 Macro: 0.4914, Val F1 Micro: 0.4837
***** Best Result Updated at Epoch 2, Val Loss: 0.3322 *****
Epoch [2/10], Time: 2.41s, Train Loss: 0.3452, Train Acc: 0.4765, Train F1 Macro: 0.4074, Train F1 Micro: 0.4009, Val Loss: 0.3322, Val Acc: 0.4877, Val F1 Macro: 0.4997, Val F1 Micro: 0.4857
***** Best Result Updated at Epoch 3, Val Loss: 0.3305 *****
Epoch [3/10], Time: 2.40s, Train Loss: 0.3138, Train Acc: 0.5452, Train F1 Macro: 0.4583, Train F1 Micro: 0.4490, Val Loss: 0.3305, Val Acc: 0.5044, Val F1 Macro: 0.5061, Val F1 Micro: 0.4919
***** Best Result Updated at Epoch 4, Val Loss: 0.3214 *****
Epoch [4/10], Time: 2.54s, Train Loss: 0.2859, Train Acc: 0.6030, Train F1 Macro: 0.4978, Train F1 Micro: 0.4875, Val Loss: 0.3214, Val Acc: 0.4980, Val F1 Macro: 0.5049, Val F1 Micro: 0.4934
Epoch [5/10], Time: 2.42s, Train Loss: 0.2529, Train Acc: 0.6768, Train F1 Macro: 0.5355, Train F1 Micro: 0.5254, Val Loss: 0.3287, Val Acc: 0.5107, Val F1 Macro: 0.5087, Val F1 Micro: 0.4969
Epoch [6/10], Time: 2.38s, Train Loss: 0.2181, Train Acc: 0.7433, Train F1 Macro: 0.5718, Train F1 Micro: 0.5617, Val Loss: 0.3390, Val Acc: 0.5099, Val F1 Macro: 0.5102, Val F1 Micro: 0.4991
Epoch [7/10], Time: 2.37s, Train Loss: 0.1803, Train Acc: 0.8054, Train F1 Macro: 0.6062, Train F1 Micro: 0.5965, Val Loss: 0.3644, Val Acc: 0.5123, Val F1 Macro: 0.5121, Val F1 Micro: 0.5010
Epoch [8/10], Time: 2.39s, Train Loss: 0.1417, Train Acc: 0.8656, Train F1 Macro: 0.6393, Train F1 Micro: 0.6301, Val Loss: 0.3835, Val Acc: 0.5171, Val F1 Macro: 0.5135, Val F1 Micro: 0.5030
Epoch [9/10], Time: 2.40s, Train Loss: 0.1115, Train Acc: 0.9085, Train F1 Macro: 0.6696, Train F1 Micro: 0.6611, Val Loss: 0.4249, Val Acc: 0.5091, Val F1 Macro: 0.5137, Val F1 Micro: 0.5037
Epoch [10/10], Time: 2.39s, Train Loss: 0.0836, Train Acc: 0.9445, Train F1 Macro: 0.6974, Train F1 Micro: 0.6894, Val Loss: 0.4632, Val Acc: 0.5171, Val F1 Macro: 0.5145, Val F1 Micro: 0.5050
Total Training Time: 24.54s
Test Loss: 0.3268, Test Acc: 0.4901, Test F1 Macro: 0.4958, Test F1 Micro: 0.4901
===== SEED 7 =====
PyTorch Version : 2.11.0+cu128
cuda
1.2.Origin_stand_alone.pt
***** Best Result Updated at Epoch 1, Val Loss: 0.3604 *****
Epoch [1/10], Time: 2.85s, Train Loss: 0.4124, Train Acc: 0.3225, Train F1 Macro: 0.3206, Train F1 Micro: 0.3225, Val Loss: 0.3604, Val Acc: 0.4391, Val F1 Macro: 0.4631, Val F1 Micro: 0.4391
***** Best Result Updated at Epoch 2, Val Loss: 0.3257 *****
Epoch [2/10], Time: 2.40s, Train Loss: 0.3430, Train Acc: 0.4868, Train F1 Macro: 0.4133, Train F1 Micro: 0.4047, Val Loss: 0.3257, Val Acc: 0.4972, Val F1 Macro: 0.4896, Val F1 Micro: 0.4682
***** Best Result Updated at Epoch 3, Val Loss: 0.3190 *****
Epoch [3/10], Time: 2.43s, Train Loss: 0.3136, Train Acc: 0.5490, Train F1 Macro: 0.4630, Train F1 Micro: 0.4528, Val Loss: 0.3190, Val Acc: 0.5139, Val F1 Macro: 0.5023, Val F1 Micro: 0.4834
***** Best Result Updated at Epoch 4, Val Loss: 0.3146 *****
Epoch [4/10], Time: 2.39s, Train Loss: 0.2835, Train Acc: 0.6131, Train F1 Macro: 0.5028, Train F1 Micro: 0.4929, Val Loss: 0.3146, Val Acc: 0.5386, Val F1 Macro: 0.5154, Val F1 Micro: 0.4972
Epoch [5/10], Time: 2.39s, Train Loss: 0.2491, Train Acc: 0.6875, Train F1 Macro: 0.5413, Train F1 Micro: 0.5318, Val Loss: 0.3465, Val Acc: 0.4885, Val F1 Macro: 0.5146, Val F1 Micro: 0.4955
Epoch [6/10], Time: 2.36s, Train Loss: 0.2162, Train Acc: 0.7443, Train F1 Macro: 0.5763, Train F1 Micro: 0.5672, Val Loss: 0.3366, Val Acc: 0.5179, Val F1 Macro: 0.5178, Val F1 Micro: 0.4992
Epoch [7/10], Time: 2.40s, Train Loss: 0.1788, Train Acc: 0.8072, Train F1 Macro: 0.6104, Train F1 Micro: 0.6015, Val Loss: 0.3445, Val Acc: 0.5378, Val F1 Macro: 0.5221, Val F1 Micro: 0.5047
Epoch [8/10], Time: 2.37s, Train Loss: 0.1406, Train Acc: 0.8679, Train F1 Macro: 0.6430, Train F1 Micro: 0.6348, Val Loss: 0.3788, Val Acc: 0.5259, Val F1 Macro: 0.5247, Val F1 Micro: 0.5074
Epoch [9/10], Time: 2.42s, Train Loss: 0.1084, Train Acc: 0.9112, Train F1 Macro: 0.6730, Train F1 Micro: 0.6655, Val Loss: 0.4015, Val Acc: 0.5306, Val F1 Macro: 0.5265, Val F1 Micro: 0.5099
Epoch [10/10], Time: 2.45s, Train Loss: 0.0849, Train Acc: 0.9421, Train F1 Macro: 0.7002, Train F1 Micro: 0.6932, Val Loss: 0.4478, Val Acc: 0.5211, Val F1 Macro: 0.5273, Val F1 Micro: 0.5111
Total Training Time: 24.46s
Test Loss: 0.3279, Test Acc: 0.4877, Test F1 Macro: 0.5031, Test F1 Micro: 0.4877
===== SEED 13 =====
PyTorch Version : 2.11.0+cu128
cuda
1.2.Origin_stand_alone.pt
***** Best Result Updated at Epoch 1, Val Loss: 0.3504 *****
Epoch [1/10], Time: 2.78s, Train Loss: 0.4103, Train Acc: 0.3354, Train F1 Macro: 0.3307, Train F1 Micro: 0.3354, Val Loss: 0.3504, Val Acc: 0.4829, Val F1 Macro: 0.5005, Val F1 Micro: 0.4829
***** Best Result Updated at Epoch 2, Val Loss: 0.3246 *****
Epoch [2/10], Time: 2.43s, Train Loss: 0.3416, Train Acc: 0.4885, Train F1 Macro: 0.4192, Train F1 Micro: 0.4119, Val Loss: 0.3246, Val Acc: 0.5219, Val F1 Macro: 0.5158, Val F1 Micro: 0.5024
***** Best Result Updated at Epoch 3, Val Loss: 0.3200 *****
Epoch [3/10], Time: 2.38s, Train Loss: 0.3126, Train Acc: 0.5545, Train F1 Macro: 0.4683, Train F1 Micro: 0.4594, Val Loss: 0.3200, Val Acc: 0.5274, Val F1 Macro: 0.5245, Val F1 Micro: 0.5107
Epoch [4/10], Time: 2.39s, Train Loss: 0.2852, Train Acc: 0.6094, Train F1 Macro: 0.5062, Train F1 Micro: 0.4969, Val Loss: 0.3237, Val Acc: 0.5131, Val F1 Macro: 0.5245, Val F1 Micro: 0.5113
Epoch [5/10], Time: 2.42s, Train Loss: 0.2551, Train Acc: 0.6699, Train F1 Macro: 0.5401, Train F1 Micro: 0.5315, Val Loss: 0.3291, Val Acc: 0.5227, Val F1 Macro: 0.5267, Val F1 Micro: 0.5136
Epoch [6/10], Time: 2.37s, Train Loss: 0.2191, Train Acc: 0.7355, Train F1 Macro: 0.5735, Train F1 Micro: 0.5655, Val Loss: 0.3326, Val Acc: 0.5211, Val F1 Macro: 0.5267, Val F1 Micro: 0.5149
Epoch [7/10], Time: 2.40s, Train Loss: 0.1877, Train Acc: 0.7934, Train F1 Macro: 0.6057, Train F1 Micro: 0.5981, Val Loss: 0.3538, Val Acc: 0.5227, Val F1 Macro: 0.5273, Val F1 Micro: 0.5160
Epoch [8/10], Time: 2.53s, Train Loss: 0.1506, Train Acc: 0.8520, Train F1 Macro: 0.6370, Train F1 Micro: 0.6298, Val Loss: 0.3823, Val Acc: 0.5282, Val F1 Macro: 0.5287, Val F1 Micro: 0.5175
Epoch [9/10], Time: 2.46s, Train Loss: 0.1216, Train Acc: 0.8930, Train F1 Macro: 0.6657, Train F1 Micro: 0.6591, Val Loss: 0.4138, Val Acc: 0.5052, Val F1 Macro: 0.5271, Val F1 Micro: 0.5161
Epoch [10/10], Time: 2.44s, Train Loss: 0.0945, Train Acc: 0.9295, Train F1 Macro: 0.6924, Train F1 Micro: 0.6861, Val Loss: 0.4486, Val Acc: 0.5123, Val F1 Macro: 0.5267, Val F1 Micro: 0.5158
Total Training Time: 24.60s
Test Loss: 0.3314, Test Acc: 0.4972, Test F1 Macro: 0.5070, Test F1 Micro: 0.4972
===== SEED 77 =====
PyTorch Version : 2.11.0+cu128
cuda
1.2.Origin_stand_alone.pt
***** Best Result Updated at Epoch 1, Val Loss: 0.3574 *****
Epoch [1/10], Time: 2.97s, Train Loss: 0.4074, Train Acc: 0.3394, Train F1 Macro: 0.3297, Train F1 Micro: 0.3394, Val Loss: 0.3574, Val Acc: 0.4200, Val F1 Macro: 0.4189, Val F1 Micro: 0.4200
***** Best Result Updated at Epoch 2, Val Loss: 0.3336 *****
Epoch [2/10], Time: 2.51s, Train Loss: 0.3423, Train Acc: 0.4868, Train F1 Macro: 0.4170, Train F1 Micro: 0.4131, Val Loss: 0.3336, Val Acc: 0.4877, Val F1 Macro: 0.4604, Val F1 Micro: 0.4539
***** Best Result Updated at Epoch 3, Val Loss: 0.3185 *****
Epoch [3/10], Time: 2.58s, Train Loss: 0.3148, Train Acc: 0.5444, Train F1 Macro: 0.4643, Train F1 Micro: 0.4569, Val Loss: 0.3185, Val Acc: 0.5418, Val F1 Macro: 0.4919, Val F1 Micro: 0.4832
Epoch [4/10], Time: 2.43s, Train Loss: 0.2835, Train Acc: 0.6118, Train F1 Macro: 0.5036, Train F1 Micro: 0.4956, Val Loss: 0.3250, Val Acc: 0.5219, Val F1 Macro: 0.5028, Val F1 Micro: 0.4928
Epoch [5/10], Time: 2.38s, Train Loss: 0.2575, Train Acc: 0.6639, Train F1 Macro: 0.5374, Train F1 Micro: 0.5293, Val Loss: 0.3359, Val Acc: 0.4932, Val F1 Macro: 0.5027, Val F1 Micro: 0.4929
Epoch [6/10], Time: 2.37s, Train Loss: 0.2179, Train Acc: 0.7443, Train F1 Macro: 0.5732, Train F1 Micro: 0.5651, Val Loss: 0.3386, Val Acc: 0.5267, Val F1 Macro: 0.5077, Val F1 Micro: 0.4985
Epoch [7/10], Time: 2.38s, Train Loss: 0.1834, Train Acc: 0.7978, Train F1 Macro: 0.6064, Train F1 Micro: 0.5983, Val Loss: 0.3620, Val Acc: 0.5123, Val F1 Macro: 0.5093, Val F1 Micro: 0.5005
Epoch [8/10], Time: 2.41s, Train Loss: 0.1451, Train Acc: 0.8619, Train F1 Macro: 0.6389, Train F1 Micro: 0.6313, Val Loss: 0.3888, Val Acc: 0.5099, Val F1 Macro: 0.5101, Val F1 Micro: 0.5017
Epoch [9/10], Time: 2.46s, Train Loss: 0.1140, Train Acc: 0.9046, Train F1 Macro: 0.6688, Train F1 Micro: 0.6617, Val Loss: 0.4255, Val Acc: 0.5068, Val F1 Macro: 0.5106, Val F1 Micro: 0.5023
Epoch [10/10], Time: 2.45s, Train Loss: 0.0905, Train Acc: 0.9336, Train F1 Macro: 0.6956, Train F1 Micro: 0.6888, Val Loss: 0.4560, Val Acc: 0.5115, Val F1 Macro: 0.5116, Val F1 Micro: 0.5032
Total Training Time: 24.95s
Test Loss: 0.3265, Test Acc: 0.5076, Test F1 Macro: 0.5181, Test F1 Micro: 0.5076
===== SEED 123 =====
PyTorch Version : 2.11.0+cu128
cuda
1.2.Origin_stand_alone.pt
***** Best Result Updated at Epoch 1, Val Loss: 0.3570 *****
Epoch [1/10], Time: 2.76s, Train Loss: 0.4091, Train Acc: 0.3342, Train F1 Macro: 0.3315, Train F1 Micro: 0.3342, Val Loss: 0.3570, Val Acc: 0.4320, Val F1 Macro: 0.4355, Val F1 Micro: 0.4320
***** Best Result Updated at Epoch 2, Val Loss: 0.3353 *****
Epoch [2/10], Time: 2.45s, Train Loss: 0.3463, Train Acc: 0.4815, Train F1 Macro: 0.4139, Train F1 Micro: 0.4078, Val Loss: 0.3353, Val Acc: 0.4797, Val F1 Macro: 0.4754, Val F1 Micro: 0.4558
***** Best Result Updated at Epoch 3, Val Loss: 0.3190 *****
Epoch [3/10], Time: 2.44s, Train Loss: 0.3182, Train Acc: 0.5389, Train F1 Macro: 0.4594, Train F1 Micro: 0.4515, Val Loss: 0.3190, Val Acc: 0.5330, Val F1 Macro: 0.4986, Val F1 Micro: 0.4816
***** Best Result Updated at Epoch 4, Val Loss: 0.3143 *****
Epoch [4/10], Time: 2.49s, Train Loss: 0.2883, Train Acc: 0.6048, Train F1 Macro: 0.4987, Train F1 Micro: 0.4898, Val Loss: 0.3143, Val Acc: 0.5290, Val F1 Macro: 0.5083, Val F1 Micro: 0.4934
Epoch [5/10], Time: 2.38s, Train Loss: 0.2553, Train Acc: 0.6679, Train F1 Macro: 0.5343, Train F1 Micro: 0.5255, Val Loss: 0.3261, Val Acc: 0.5290, Val F1 Macro: 0.5138, Val F1 Micro: 0.5006
Epoch [6/10], Time: 2.36s, Train Loss: 0.2187, Train Acc: 0.7414, Train F1 Macro: 0.5701, Train F1 Micro: 0.5614, Val Loss: 0.3558, Val Acc: 0.4797, Val F1 Macro: 0.5103, Val F1 Micro: 0.4971
Epoch [7/10], Time: 2.41s, Train Loss: 0.1779, Train Acc: 0.8108, Train F1 Macro: 0.6054, Train F1 Micro: 0.5971, Val Loss: 0.3635, Val Acc: 0.5402, Val F1 Macro: 0.5155, Val F1 Micro: 0.5032
Epoch [8/10], Time: 2.37s, Train Loss: 0.1449, Train Acc: 0.8666, Train F1 Macro: 0.6386, Train F1 Micro: 0.6308, Val Loss: 0.3780, Val Acc: 0.5267, Val F1 Macro: 0.5179, Val F1 Micro: 0.5062
Epoch [9/10], Time: 2.38s, Train Loss: 0.1112, Train Acc: 0.9079, Train F1 Macro: 0.6688, Train F1 Micro: 0.6616, Val Loss: 0.4204, Val Acc: 0.5426, Val F1 Macro: 0.5211, Val F1 Micro: 0.5102
Epoch [10/10], Time: 2.39s, Train Loss: 0.0866, Train Acc: 0.9371, Train F1 Macro: 0.6959, Train F1 Micro: 0.6891, Val Loss: 0.4446, Val Acc: 0.5203, Val F1 Macro: 0.5215, Val F1 Micro: 0.5112
Total Training Time: 24.43s
Test Loss: 0.3176, Test Acc: 0.5147, Test F1 Macro: 0.5233, Test F1 Micro: 0.5147
