===== SEED 42 =====
PyTorch Version : 2.11.0+cu128
cuda
1.2.Origin_stand_alone.pt
***** Best Result Updated at Epoch 1, Val Loss: 0.3532 *****
Epoch [1/10], Time: 2.78s, Train Loss: 0.4143, Train Acc: 0.3253, Train F1 Macro: 0.3193, Train F1 Micro: 0.3253, Val Loss: 0.3532, Val Acc: 0.4757, Val F1 Macro: 0.4819, Val F1 Micro: 0.4757
***** Best Result Updated at Epoch 2, Val Loss: 0.3327 *****
Epoch [2/10], Time: 2.41s, Train Loss: 0.3452, Train Acc: 0.4765, Train F1 Macro: 0.4074, Train F1 Micro: 0.4009, Val Loss: 0.3327, Val Acc: 0.4924, Val F1 Macro: 0.4984, Val F1 Micro: 0.4841
***** Best Result Updated at Epoch 3, Val Loss: 0.3310 *****
Epoch [3/10], Time: 2.38s, Train Loss: 0.3138, Train Acc: 0.5452, Train F1 Macro: 0.4583, Train F1 Micro: 0.4490, Val Loss: 0.3310, Val Acc: 0.5052, Val F1 Macro: 0.5066, Val F1 Micro: 0.4911
***** Best Result Updated at Epoch 4, Val Loss: 0.3225 *****
Epoch [4/10], Time: 2.40s, Train Loss: 0.2859, Train Acc: 0.6030, Train F1 Macro: 0.4978, Train F1 Micro: 0.4875, Val Loss: 0.3225, Val Acc: 0.5028, Val F1 Macro: 0.5059, Val F1 Micro: 0.4940
Epoch [5/10], Time: 2.39s, Train Loss: 0.2529, Train Acc: 0.6768, Train F1 Macro: 0.5355, Train F1 Micro: 0.5254, Val Loss: 0.3298, Val Acc: 0.5155, Val F1 Macro: 0.5107, Val F1 Micro: 0.4983
Epoch [6/10], Time: 2.40s, Train Loss: 0.2181, Train Acc: 0.7433, Train F1 Macro: 0.5718, Train F1 Micro: 0.5617, Val Loss: 0.3392, Val Acc: 0.5091, Val F1 Macro: 0.5116, Val F1 Micro: 0.5001
Epoch [7/10], Time: 2.37s, Train Loss: 0.1803, Train Acc: 0.8054, Train F1 Macro: 0.6062, Train F1 Micro: 0.5965, Val Loss: 0.3654, Val Acc: 0.5091, Val F1 Macro: 0.5129, Val F1 Micro: 0.5014
Epoch [8/10], Time: 2.38s, Train Loss: 0.1417, Train Acc: 0.8656, Train F1 Macro: 0.6393, Train F1 Micro: 0.6301, Val Loss: 0.3842, Val Acc: 0.5123, Val F1 Macro: 0.5138, Val F1 Micro: 0.5028
Epoch [9/10], Time: 2.45s, Train Loss: 0.1115, Train Acc: 0.9085, Train F1 Macro: 0.6696, Train F1 Micro: 0.6611, Val Loss: 0.4236, Val Acc: 0.5131, Val F1 Macro: 0.5143, Val F1 Micro: 0.5039
Epoch [10/10], Time: 2.41s, Train Loss: 0.0836, Train Acc: 0.9445, Train F1 Macro: 0.6974, Train F1 Micro: 0.6894, Val Loss: 0.4640, Val Acc: 0.5195, Val F1 Macro: 0.5155, Val F1 Micro: 0.5055
Total Training Time: 24.38s
Test Loss: 0.3287, Test Acc: 0.4837, Test F1 Macro: 0.4875, Test F1 Micro: 0.4837
===== SEED 7 =====
PyTorch Version : 2.11.0+cu128
cuda
1.2.Origin_stand_alone.pt
***** Best Result Updated at Epoch 1, Val Loss: 0.3623 *****
Epoch [1/10], Time: 2.76s, Train Loss: 0.4124, Train Acc: 0.3225, Train F1 Macro: 0.3206, Train F1 Micro: 0.3225, Val Loss: 0.3623, Val Acc: 0.4479, Val F1 Macro: 0.4684, Val F1 Micro: 0.4479
***** Best Result Updated at Epoch 2, Val Loss: 0.3267 *****
Epoch [2/10], Time: 2.45s, Train Loss: 0.3430, Train Acc: 0.4868, Train F1 Macro: 0.4133, Train F1 Micro: 0.4047, Val Loss: 0.3267, Val Acc: 0.4972, Val F1 Macro: 0.4937, Val F1 Micro: 0.4726
***** Best Result Updated at Epoch 3, Val Loss: 0.3195 *****
Epoch [3/10], Time: 2.40s, Train Loss: 0.3136, Train Acc: 0.5490, Train F1 Macro: 0.4630, Train F1 Micro: 0.4528, Val Loss: 0.3195, Val Acc: 0.5243, Val F1 Macro: 0.5090, Val F1 Micro: 0.4898
***** Best Result Updated at Epoch 4, Val Loss: 0.3155 *****
Epoch [4/10], Time: 2.46s, Train Loss: 0.2835, Train Acc: 0.6131, Train F1 Macro: 0.5028, Train F1 Micro: 0.4929, Val Loss: 0.3155, Val Acc: 0.5290, Val F1 Macro: 0.5175, Val F1 Micro: 0.4996
Epoch [5/10], Time: 2.38s, Train Loss: 0.2491, Train Acc: 0.6875, Train F1 Macro: 0.5413, Train F1 Micro: 0.5318, Val Loss: 0.3461, Val Acc: 0.4980, Val F1 Macro: 0.5180, Val F1 Micro: 0.4993
Epoch [6/10], Time: 2.37s, Train Loss: 0.2162, Train Acc: 0.7443, Train F1 Macro: 0.5763, Train F1 Micro: 0.5672, Val Loss: 0.3365, Val Acc: 0.5187, Val F1 Macro: 0.5207, Val F1 Micro: 0.5025
Epoch [7/10], Time: 2.36s, Train Loss: 0.1788, Train Acc: 0.8072, Train F1 Macro: 0.6104, Train F1 Micro: 0.6015, Val Loss: 0.3442, Val Acc: 0.5378, Val F1 Macro: 0.5245, Val F1 Micro: 0.5076
Epoch [8/10], Time: 2.37s, Train Loss: 0.1406, Train Acc: 0.8679, Train F1 Macro: 0.6430, Train F1 Micro: 0.6348, Val Loss: 0.3766, Val Acc: 0.5259, Val F1 Macro: 0.5266, Val F1 Micro: 0.5098
Epoch [9/10], Time: 2.40s, Train Loss: 0.1084, Train Acc: 0.9112, Train F1 Macro: 0.6730, Train F1 Micro: 0.6655, Val Loss: 0.4011, Val Acc: 0.5282, Val F1 Macro: 0.5280, Val F1 Micro: 0.5119
Epoch [10/10], Time: 2.39s, Train Loss: 0.0849, Train Acc: 0.9421, Train F1 Macro: 0.7002, Train F1 Micro: 0.6932, Val Loss: 0.4487, Val Acc: 0.5203, Val F1 Macro: 0.5286, Val F1 Micro: 0.5127
Total Training Time: 24.35s
Test Loss: 0.3289, Test Acc: 0.4940, Test F1 Macro: 0.5084, Test F1 Micro: 0.4940
===== SEED 13 =====
PyTorch Version : 2.11.0+cu128
cuda
1.2.Origin_stand_alone.pt
***** Best Result Updated at Epoch 1, Val Loss: 0.3523 *****
Epoch [1/10], Time: 2.79s, Train Loss: 0.4103, Train Acc: 0.3354, Train F1 Macro: 0.3307, Train F1 Micro: 0.3354, Val Loss: 0.3523, Val Acc: 0.4710, Val F1 Macro: 0.4872, Val F1 Micro: 0.4710
***** Best Result Updated at Epoch 2, Val Loss: 0.3262 *****
Epoch [2/10], Time: 2.39s, Train Loss: 0.3416, Train Acc: 0.4885, Train F1 Macro: 0.4192, Train F1 Micro: 0.4119, Val Loss: 0.3262, Val Acc: 0.5147, Val F1 Macro: 0.5058, Val F1 Micro: 0.4928
***** Best Result Updated at Epoch 3, Val Loss: 0.3206 *****
Epoch [3/10], Time: 2.38s, Train Loss: 0.3126, Train Acc: 0.5545, Train F1 Macro: 0.4683, Train F1 Micro: 0.4594, Val Loss: 0.3206, Val Acc: 0.5314, Val F1 Macro: 0.5182, Val F1 Micro: 0.5057
Epoch [4/10], Time: 2.38s, Train Loss: 0.2852, Train Acc: 0.6094, Train F1 Macro: 0.5062, Train F1 Micro: 0.4969, Val Loss: 0.3257, Val Acc: 0.5107, Val F1 Macro: 0.5189, Val F1 Micro: 0.5070
Epoch [5/10], Time: 2.39s, Train Loss: 0.2551, Train Acc: 0.6699, Train F1 Macro: 0.5401, Train F1 Micro: 0.5315, Val Loss: 0.3304, Val Acc: 0.5251, Val F1 Macro: 0.5226, Val F1 Micro: 0.5106
Epoch [6/10], Time: 2.37s, Train Loss: 0.2191, Train Acc: 0.7355, Train F1 Macro: 0.5735, Train F1 Micro: 0.5655, Val Loss: 0.3334, Val Acc: 0.5155, Val F1 Macro: 0.5222, Val F1 Micro: 0.5114
Epoch [7/10], Time: 2.36s, Train Loss: 0.1877, Train Acc: 0.7934, Train F1 Macro: 0.6057, Train F1 Micro: 0.5981, Val Loss: 0.3537, Val Acc: 0.5187, Val F1 Macro: 0.5228, Val F1 Micro: 0.5124
Epoch [8/10], Time: 2.38s, Train Loss: 0.1506, Train Acc: 0.8520, Train F1 Macro: 0.6370, Train F1 Micro: 0.6298, Val Loss: 0.3824, Val Acc: 0.5235, Val F1 Macro: 0.5242, Val F1 Micro: 0.5138
Epoch [9/10], Time: 2.39s, Train Loss: 0.1216, Train Acc: 0.8930, Train F1 Macro: 0.6657, Train F1 Micro: 0.6591, Val Loss: 0.4131, Val Acc: 0.4980, Val F1 Macro: 0.5224, Val F1 Micro: 0.5121
Epoch [10/10], Time: 2.46s, Train Loss: 0.0945, Train Acc: 0.9295, Train F1 Macro: 0.6924, Train F1 Micro: 0.6861, Val Loss: 0.4491, Val Acc: 0.5076, Val F1 Macro: 0.5220, Val F1 Micro: 0.5116
Total Training Time: 24.30s
Test Loss: 0.3330, Test Acc: 0.4988, Test F1 Macro: 0.5075, Test F1 Micro: 0.4988
===== SEED 77 =====
PyTorch Version : 2.11.0+cu128
cuda
1.2.Origin_stand_alone.pt
***** Best Result Updated at Epoch 1, Val Loss: 0.3603 *****
Epoch [1/10], Time: 2.78s, Train Loss: 0.4074, Train Acc: 0.3394, Train F1 Macro: 0.3297, Train F1 Micro: 0.3394, Val Loss: 0.3603, Val Acc: 0.4320, Val F1 Macro: 0.4276, Val F1 Micro: 0.4320
***** Best Result Updated at Epoch 2, Val Loss: 0.3347 *****
Epoch [2/10], Time: 2.51s, Train Loss: 0.3423, Train Acc: 0.4868, Train F1 Macro: 0.4170, Train F1 Micro: 0.4131, Val Loss: 0.3347, Val Acc: 0.4964, Val F1 Macro: 0.4676, Val F1 Micro: 0.4642
***** Best Result Updated at Epoch 3, Val Loss: 0.3196 *****
Epoch [3/10], Time: 2.41s, Train Loss: 0.3148, Train Acc: 0.5444, Train F1 Macro: 0.4643, Train F1 Micro: 0.4569, Val Loss: 0.3196, Val Acc: 0.5386, Val F1 Macro: 0.4952, Val F1 Micro: 0.4890
Epoch [4/10], Time: 2.39s, Train Loss: 0.2835, Train Acc: 0.6118, Train F1 Macro: 0.5036, Train F1 Micro: 0.4956, Val Loss: 0.3258, Val Acc: 0.5179, Val F1 Macro: 0.5047, Val F1 Micro: 0.4962
Epoch [5/10], Time: 2.37s, Train Loss: 0.2575, Train Acc: 0.6639, Train F1 Macro: 0.5374, Train F1 Micro: 0.5293, Val Loss: 0.3350, Val Acc: 0.4980, Val F1 Macro: 0.5053, Val F1 Micro: 0.4966
Epoch [6/10], Time: 2.37s, Train Loss: 0.2179, Train Acc: 0.7443, Train F1 Macro: 0.5732, Train F1 Micro: 0.5651, Val Loss: 0.3397, Val Acc: 0.5211, Val F1 Macro: 0.5091, Val F1 Micro: 0.5007
Epoch [7/10], Time: 2.37s, Train Loss: 0.1834, Train Acc: 0.7978, Train F1 Macro: 0.6064, Train F1 Micro: 0.5983, Val Loss: 0.3620, Val Acc: 0.5107, Val F1 Macro: 0.5105, Val F1 Micro: 0.5021
Epoch [8/10], Time: 2.36s, Train Loss: 0.1451, Train Acc: 0.8619, Train F1 Macro: 0.6389, Train F1 Micro: 0.6313, Val Loss: 0.3881, Val Acc: 0.5123, Val F1 Macro: 0.5115, Val F1 Micro: 0.5034
Epoch [9/10], Time: 2.42s, Train Loss: 0.1140, Train Acc: 0.9046, Train F1 Macro: 0.6688, Train F1 Micro: 0.6617, Val Loss: 0.4237, Val Acc: 0.5107, Val F1 Macro: 0.5125, Val F1 Micro: 0.5042
Epoch [10/10], Time: 2.41s, Train Loss: 0.0905, Train Acc: 0.9336, Train F1 Macro: 0.6956, Train F1 Micro: 0.6888, Val Loss: 0.4565, Val Acc: 0.5123, Val F1 Macro: 0.5134, Val F1 Micro: 0.5050
Total Training Time: 24.39s
Test Loss: 0.3284, Test Acc: 0.5068, Test F1 Macro: 0.5206, Test F1 Micro: 0.5068
===== SEED 123 =====
PyTorch Version : 2.11.0+cu128
cuda
1.2.Origin_stand_alone.pt
***** Best Result Updated at Epoch 1, Val Loss: 0.3579 *****
Epoch [1/10], Time: 2.96s, Train Loss: 0.4091, Train Acc: 0.3342, Train F1 Macro: 0.3315, Train F1 Micro: 0.3342, Val Loss: 0.3579, Val Acc: 0.4288, Val F1 Macro: 0.4353, Val F1 Micro: 0.4288
***** Best Result Updated at Epoch 2, Val Loss: 0.3374 *****
Epoch [2/10], Time: 2.55s, Train Loss: 0.3463, Train Acc: 0.4815, Train F1 Macro: 0.4139, Train F1 Micro: 0.4078, Val Loss: 0.3374, Val Acc: 0.4781, Val F1 Macro: 0.4732, Val F1 Micro: 0.4535
***** Best Result Updated at Epoch 3, Val Loss: 0.3204 *****
Epoch [3/10], Time: 2.49s, Train Loss: 0.3182, Train Acc: 0.5389, Train F1 Macro: 0.4594, Train F1 Micro: 0.4515, Val Loss: 0.3204, Val Acc: 0.5338, Val F1 Macro: 0.4962, Val F1 Micro: 0.4802
***** Best Result Updated at Epoch 4, Val Loss: 0.3147 *****
Epoch [4/10], Time: 2.55s, Train Loss: 0.2883, Train Acc: 0.6048, Train F1 Macro: 0.4987, Train F1 Micro: 0.4898, Val Loss: 0.3147, Val Acc: 0.5346, Val F1 Macro: 0.5081, Val F1 Micro: 0.4938
Epoch [5/10], Time: 2.42s, Train Loss: 0.2553, Train Acc: 0.6679, Train F1 Macro: 0.5343, Train F1 Micro: 0.5255, Val Loss: 0.3268, Val Acc: 0.5290, Val F1 Macro: 0.5137, Val F1 Micro: 0.5009
Epoch [6/10], Time: 2.37s, Train Loss: 0.2187, Train Acc: 0.7414, Train F1 Macro: 0.5701, Train F1 Micro: 0.5614, Val Loss: 0.3558, Val Acc: 0.4805, Val F1 Macro: 0.5106, Val F1 Micro: 0.4975
Epoch [7/10], Time: 2.53s, Train Loss: 0.1779, Train Acc: 0.8108, Train F1 Macro: 0.6054, Train F1 Micro: 0.5971, Val Loss: 0.3652, Val Acc: 0.5338, Val F1 Macro: 0.5148, Val F1 Micro: 0.5027
Epoch [8/10], Time: 2.50s, Train Loss: 0.1449, Train Acc: 0.8666, Train F1 Macro: 0.6386, Train F1 Micro: 0.6308, Val Loss: 0.3779, Val Acc: 0.5235, Val F1 Macro: 0.5168, Val F1 Micro: 0.5053
Epoch [9/10], Time: 2.44s, Train Loss: 0.1112, Train Acc: 0.9079, Train F1 Macro: 0.6688, Train F1 Micro: 0.6616, Val Loss: 0.4210, Val Acc: 0.5394, Val F1 Macro: 0.5198, Val F1 Micro: 0.5091
Epoch [10/10], Time: 2.42s, Train Loss: 0.0866, Train Acc: 0.9371, Train F1 Macro: 0.6959, Train F1 Micro: 0.6891, Val Loss: 0.4441, Val Acc: 0.5195, Val F1 Macro: 0.5203, Val F1 Micro: 0.5101
Total Training Time: 25.23s
Test Loss: 0.3181, Test Acc: 0.5163, Test F1 Macro: 0.5246, Test F1 Micro: 0.5163
