===== SEED 42 =====
PyTorch Version : 2.11.0+cu128
cuda
1.3.New_stand_alone.pt
***** Best Result Updated at Epoch 1, Val Loss: 0.2571 *****
Epoch [1/10], Time: 2.46s, Train Loss: 0.3236, Train Acc: 0.5606, Train F1 Macro: 0.4051, Train F1 Micro: 0.5606, Val Loss: 0.2571, Val Acc: 0.6651, Val F1 Macro: 0.5277, Val F1 Micro: 0.6651
***** Best Result Updated at Epoch 2, Val Loss: 0.2382 *****
Epoch [2/10], Time: 2.02s, Train Loss: 0.2434, Train Acc: 0.6864, Train F1 Macro: 0.5039, Train F1 Micro: 0.6235, Val Loss: 0.2382, Val Acc: 0.6843, Val F1 Macro: 0.5726, Val F1 Micro: 0.6747
Epoch [3/10], Time: 1.98s, Train Loss: 0.2145, Train Acc: 0.7257, Train F1 Macro: 0.5565, Train F1 Micro: 0.6576, Val Loss: 0.2410, Val Acc: 0.6872, Val F1 Macro: 0.5812, Val F1 Micro: 0.6789
Epoch [4/10], Time: 2.04s, Train Loss: 0.1854, Train Acc: 0.7766, Train F1 Macro: 0.6014, Train F1 Micro: 0.6873, Val Loss: 0.2460, Val Acc: 0.6978, Val F1 Macro: 0.5964, Val F1 Micro: 0.6836
Epoch [5/10], Time: 2.07s, Train Loss: 0.1538, Train Acc: 0.8216, Train F1 Macro: 0.6388, Train F1 Micro: 0.7142, Val Loss: 0.2776, Val Acc: 0.6814, Val F1 Macro: 0.5940, Val F1 Micro: 0.6832
Epoch [6/10], Time: 1.99s, Train Loss: 0.1249, Train Acc: 0.8705, Train F1 Macro: 0.6744, Train F1 Micro: 0.7402, Val Loss: 0.2707, Val Acc: 0.6920, Val F1 Macro: 0.6020, Val F1 Micro: 0.6846
Epoch [7/10], Time: 2.00s, Train Loss: 0.1017, Train Acc: 0.8993, Train F1 Macro: 0.7040, Train F1 Micro: 0.7630, Val Loss: 0.3097, Val Acc: 0.6824, Val F1 Macro: 0.6021, Val F1 Micro: 0.6843
Epoch [8/10], Time: 2.00s, Train Loss: 0.0763, Train Acc: 0.9355, Train F1 Macro: 0.7324, Train F1 Micro: 0.7845, Val Loss: 0.3352, Val Acc: 0.7036, Val F1 Macro: 0.6078, Val F1 Micro: 0.6867
Epoch [9/10], Time: 2.00s, Train Loss: 0.0599, Train Acc: 0.9574, Train F1 Macro: 0.7577, Train F1 Micro: 0.8037, Val Loss: 0.3540, Val Acc: 0.6949, Val F1 Macro: 0.6104, Val F1 Micro: 0.6876
Epoch [10/10], Time: 2.01s, Train Loss: 0.0506, Train Acc: 0.9634, Train F1 Macro: 0.7782, Train F1 Micro: 0.8197, Val Loss: 0.3880, Val Acc: 0.6795, Val F1 Macro: 0.6094, Val F1 Micro: 0.6868
Total Training Time: 20.57s
Test Loss: 0.2302, Test Acc: 0.7074, Test F1 Macro: 0.6351, Test F1 Micro: 0.7074
===== SEED 7 =====
PyTorch Version : 2.11.0+cu128
cuda
1.3.New_stand_alone.pt
***** Best Result Updated at Epoch 1, Val Loss: 0.2514 *****
Epoch [1/10], Time: 2.40s, Train Loss: 0.3168, Train Acc: 0.5712, Train F1 Macro: 0.4317, Train F1 Micro: 0.5712, Val Loss: 0.2514, Val Acc: 0.6641, Val F1 Macro: 0.5504, Val F1 Micro: 0.6641
***** Best Result Updated at Epoch 2, Val Loss: 0.2441 *****
Epoch [2/10], Time: 2.04s, Train Loss: 0.2397, Train Acc: 0.6956, Train F1 Macro: 0.5246, Train F1 Micro: 0.6334, Val Loss: 0.2441, Val Acc: 0.6814, Val F1 Macro: 0.5786, Val F1 Micro: 0.6728
Epoch [3/10], Time: 2.03s, Train Loss: 0.2093, Train Acc: 0.7327, Train F1 Macro: 0.5742, Train F1 Micro: 0.6665, Val Loss: 0.2481, Val Acc: 0.6814, Val F1 Macro: 0.5857, Val F1 Micro: 0.6756
Epoch [4/10], Time: 1.97s, Train Loss: 0.1820, Train Acc: 0.7824, Train F1 Macro: 0.6160, Train F1 Micro: 0.6955, Val Loss: 0.2450, Val Acc: 0.6843, Val F1 Macro: 0.5912, Val F1 Micro: 0.6778
Epoch [5/10], Time: 2.07s, Train Loss: 0.1521, Train Acc: 0.8258, Train F1 Macro: 0.6517, Train F1 Micro: 0.7215, Val Loss: 0.2596, Val Acc: 0.6622, Val F1 Macro: 0.5918, Val F1 Micro: 0.6747
Epoch [6/10], Time: 2.00s, Train Loss: 0.1253, Train Acc: 0.8663, Train F1 Macro: 0.6838, Train F1 Micro: 0.7457, Val Loss: 0.2622, Val Acc: 0.6910, Val F1 Macro: 0.6006, Val F1 Micro: 0.6774
Epoch [7/10], Time: 1.99s, Train Loss: 0.0994, Train Acc: 0.9033, Train F1 Macro: 0.7133, Train F1 Micro: 0.7682, Val Loss: 0.2984, Val Acc: 0.6891, Val F1 Macro: 0.6028, Val F1 Micro: 0.6791
Epoch [8/10], Time: 1.99s, Train Loss: 0.0797, Train Acc: 0.9331, Train F1 Macro: 0.7404, Train F1 Micro: 0.7888, Val Loss: 0.3117, Val Acc: 0.6872, Val F1 Macro: 0.6066, Val F1 Micro: 0.6801
Epoch [9/10], Time: 2.00s, Train Loss: 0.0640, Train Acc: 0.9506, Train F1 Macro: 0.7635, Train F1 Micro: 0.8068, Val Loss: 0.3340, Val Acc: 0.6747, Val F1 Macro: 0.6078, Val F1 Micro: 0.6795
Epoch [10/10], Time: 2.01s, Train Loss: 0.0503, Train Acc: 0.9678, Train F1 Macro: 0.7840, Train F1 Micro: 0.8229, Val Loss: 0.3679, Val Acc: 0.6862, Val F1 Macro: 0.6099, Val F1 Micro: 0.6802
Total Training Time: 20.51s
Test Loss: 0.2351, Test Acc: 0.6939, Test F1 Macro: 0.6072, Test F1 Micro: 0.6939
===== SEED 13 =====
PyTorch Version : 2.11.0+cu128
cuda
1.3.New_stand_alone.pt
***** Best Result Updated at Epoch 1, Val Loss: 0.2472 *****
Epoch [1/10], Time: 2.56s, Train Loss: 0.3173, Train Acc: 0.5731, Train F1 Macro: 0.4327, Train F1 Micro: 0.5731, Val Loss: 0.2472, Val Acc: 0.6718, Val F1 Macro: 0.5878, Val F1 Micro: 0.6718
***** Best Result Updated at Epoch 2, Val Loss: 0.2394 *****
Epoch [2/10], Time: 2.20s, Train Loss: 0.2391, Train Acc: 0.6878, Train F1 Macro: 0.5197, Train F1 Micro: 0.6305, Val Loss: 0.2394, Val Acc: 0.6930, Val F1 Macro: 0.6037, Val F1 Micro: 0.6824
***** Best Result Updated at Epoch 3, Val Loss: 0.2332 *****
Epoch [3/10], Time: 2.16s, Train Loss: 0.2138, Train Acc: 0.7289, Train F1 Macro: 0.5692, Train F1 Micro: 0.6633, Val Loss: 0.2332, Val Acc: 0.6978, Val F1 Macro: 0.6084, Val F1 Micro: 0.6875
Epoch [4/10], Time: 2.12s, Train Loss: 0.1863, Train Acc: 0.7696, Train F1 Macro: 0.6086, Train F1 Micro: 0.6899, Val Loss: 0.2470, Val Acc: 0.6891, Val F1 Macro: 0.6038, Val F1 Micro: 0.6879
Epoch [5/10], Time: 2.17s, Train Loss: 0.1583, Train Acc: 0.8163, Train F1 Macro: 0.6433, Train F1 Micro: 0.7152, Val Loss: 0.2499, Val Acc: 0.6833, Val F1 Macro: 0.6047, Val F1 Micro: 0.6870
Epoch [6/10], Time: 2.02s, Train Loss: 0.1316, Train Acc: 0.8595, Train F1 Macro: 0.6755, Train F1 Micro: 0.7392, Val Loss: 0.2728, Val Acc: 0.6930, Val F1 Macro: 0.6043, Val F1 Micro: 0.6880
Epoch [7/10], Time: 2.03s, Train Loss: 0.1079, Train Acc: 0.8942, Train F1 Macro: 0.7048, Train F1 Micro: 0.7614, Val Loss: 0.2867, Val Acc: 0.6968, Val F1 Macro: 0.6057, Val F1 Micro: 0.6893
Epoch [8/10], Time: 2.03s, Train Loss: 0.0870, Train Acc: 0.9208, Train F1 Macro: 0.7308, Train F1 Micro: 0.7813, Val Loss: 0.2965, Val Acc: 0.6862, Val F1 Macro: 0.6045, Val F1 Micro: 0.6889
Epoch [9/10], Time: 2.04s, Train Loss: 0.0678, Train Acc: 0.9475, Train F1 Macro: 0.7548, Train F1 Micro: 0.7998, Val Loss: 0.3249, Val Acc: 0.6824, Val F1 Macro: 0.6035, Val F1 Micro: 0.6882
Epoch [10/10], Time: 2.02s, Train Loss: 0.0564, Train Acc: 0.9626, Train F1 Macro: 0.7758, Train F1 Micro: 0.8160, Val Loss: 0.3572, Val Acc: 0.6776, Val F1 Macro: 0.6034, Val F1 Micro: 0.6871
Total Training Time: 21.35s
Test Loss: 0.2269, Test Acc: 0.6978, Test F1 Macro: 0.6141, Test F1 Micro: 0.6978
===== SEED 77 =====
PyTorch Version : 2.11.0+cu128
cuda
1.3.New_stand_alone.pt
***** Best Result Updated at Epoch 1, Val Loss: 0.2492 *****
Epoch [1/10], Time: 2.41s, Train Loss: 0.3183, Train Acc: 0.5683, Train F1 Macro: 0.4390, Train F1 Micro: 0.5683, Val Loss: 0.2492, Val Acc: 0.6862, Val F1 Macro: 0.6072, Val F1 Micro: 0.6862
***** Best Result Updated at Epoch 2, Val Loss: 0.2460 *****
Epoch [2/10], Time: 2.01s, Train Loss: 0.2392, Train Acc: 0.6870, Train F1 Macro: 0.5207, Train F1 Micro: 0.6276, Val Loss: 0.2460, Val Acc: 0.6776, Val F1 Macro: 0.6009, Val F1 Micro: 0.6819
***** Best Result Updated at Epoch 3, Val Loss: 0.2366 *****
Epoch [3/10], Time: 2.01s, Train Loss: 0.2119, Train Acc: 0.7357, Train F1 Macro: 0.5748, Train F1 Micro: 0.6637, Val Loss: 0.2366, Val Acc: 0.6882, Val F1 Macro: 0.6010, Val F1 Micro: 0.6840
***** Best Result Updated at Epoch 4, Val Loss: 0.2365 *****
Epoch [4/10], Time: 2.04s, Train Loss: 0.1830, Train Acc: 0.7797, Train F1 Macro: 0.6153, Train F1 Micro: 0.6927, Val Loss: 0.2365, Val Acc: 0.6949, Val F1 Macro: 0.6073, Val F1 Micro: 0.6867
Epoch [5/10], Time: 2.03s, Train Loss: 0.1552, Train Acc: 0.8235, Train F1 Macro: 0.6509, Train F1 Micro: 0.7188, Val Loss: 0.2512, Val Acc: 0.7007, Val F1 Macro: 0.6119, Val F1 Micro: 0.6895
Epoch [6/10], Time: 1.99s, Train Loss: 0.1274, Train Acc: 0.8602, Train F1 Macro: 0.6812, Train F1 Micro: 0.7424, Val Loss: 0.2735, Val Acc: 0.7007, Val F1 Macro: 0.6145, Val F1 Micro: 0.6914
Epoch [7/10], Time: 1.99s, Train Loss: 0.1008, Train Acc: 0.9042, Train F1 Macro: 0.7107, Train F1 Micro: 0.7655, Val Loss: 0.2873, Val Acc: 0.6939, Val F1 Macro: 0.6160, Val F1 Micro: 0.6917
Epoch [8/10], Time: 2.06s, Train Loss: 0.0797, Train Acc: 0.9317, Train F1 Macro: 0.7374, Train F1 Micro: 0.7863, Val Loss: 0.3179, Val Acc: 0.6901, Val F1 Macro: 0.6156, Val F1 Micro: 0.6915
Epoch [9/10], Time: 2.02s, Train Loss: 0.0660, Train Acc: 0.9504, Train F1 Macro: 0.7609, Train F1 Micro: 0.8045, Val Loss: 0.3316, Val Acc: 0.6843, Val F1 Macro: 0.6151, Val F1 Micro: 0.6907
Epoch [10/10], Time: 2.08s, Train Loss: 0.0489, Train Acc: 0.9687, Train F1 Macro: 0.7818, Train F1 Micro: 0.8209, Val Loss: 0.3722, Val Acc: 0.6872, Val F1 Macro: 0.6152, Val F1 Micro: 0.6904
Total Training Time: 20.65s
Test Loss: 0.2319, Test Acc: 0.6949, Test F1 Macro: 0.6302, Test F1 Micro: 0.6949
===== SEED 123 =====
PyTorch Version : 2.11.0+cu128
cuda
1.3.New_stand_alone.pt
***** Best Result Updated at Epoch 1, Val Loss: 0.2629 *****
Epoch [1/10], Time: 2.39s, Train Loss: 0.3196, Train Acc: 0.5641, Train F1 Macro: 0.4268, Train F1 Micro: 0.5641, Val Loss: 0.2629, Val Acc: 0.6545, Val F1 Macro: 0.5142, Val F1 Micro: 0.6545
***** Best Result Updated at Epoch 2, Val Loss: 0.2383 *****
Epoch [2/10], Time: 2.04s, Train Loss: 0.2417, Train Acc: 0.6809, Train F1 Macro: 0.5141, Train F1 Micro: 0.6225, Val Loss: 0.2383, Val Acc: 0.6843, Val F1 Macro: 0.5395, Val F1 Micro: 0.6694
Epoch [3/10], Time: 1.98s, Train Loss: 0.2134, Train Acc: 0.7301, Train F1 Macro: 0.5659, Train F1 Micro: 0.6584, Val Loss: 0.2583, Val Acc: 0.6747, Val F1 Macro: 0.5552, Val F1 Micro: 0.6712
***** Best Result Updated at Epoch 4, Val Loss: 0.2349 *****
Epoch [4/10], Time: 2.02s, Train Loss: 0.1854, Train Acc: 0.7748, Train F1 Macro: 0.6070, Train F1 Micro: 0.6875, Val Loss: 0.2349, Val Acc: 0.7026, Val F1 Macro: 0.5779, Val F1 Micro: 0.6790
Epoch [5/10], Time: 2.07s, Train Loss: 0.1587, Train Acc: 0.8147, Train F1 Macro: 0.6406, Train F1 Micro: 0.7129, Val Loss: 0.2462, Val Acc: 0.7007, Val F1 Macro: 0.5858, Val F1 Micro: 0.6833
Epoch [6/10], Time: 2.07s, Train Loss: 0.1272, Train Acc: 0.8668, Train F1 Macro: 0.6751, Train F1 Micro: 0.7386, Val Loss: 0.2663, Val Acc: 0.6987, Val F1 Macro: 0.5924, Val F1 Micro: 0.6859
Epoch [7/10], Time: 2.01s, Train Loss: 0.1031, Train Acc: 0.9033, Train F1 Macro: 0.7053, Train F1 Micro: 0.7621, Val Loss: 0.2788, Val Acc: 0.7141, Val F1 Macro: 0.6029, Val F1 Micro: 0.6899
Epoch [8/10], Time: 2.05s, Train Loss: 0.0776, Train Acc: 0.9353, Train F1 Macro: 0.7334, Train F1 Micro: 0.7838, Val Loss: 0.3347, Val Acc: 0.6920, Val F1 Macro: 0.6048, Val F1 Micro: 0.6902
Epoch [9/10], Time: 2.01s, Train Loss: 0.0636, Train Acc: 0.9526, Train F1 Macro: 0.7577, Train F1 Micro: 0.8025, Val Loss: 0.3124, Val Acc: 0.6891, Val F1 Macro: 0.6073, Val F1 Micro: 0.6901
Epoch [10/10], Time: 2.02s, Train Loss: 0.0514, Train Acc: 0.9667, Train F1 Macro: 0.7788, Train F1 Micro: 0.8189, Val Loss: 0.3478, Val Acc: 0.6997, Val F1 Macro: 0.6099, Val F1 Micro: 0.6910
Total Training Time: 20.67s
Test Loss: 0.2297, Test Acc: 0.7036, Test F1 Macro: 0.6209, Test F1 Micro: 0.7036
