===== SEED 42 =====
PyTorch Version : 2.11.0+cu128
cuda
1.3.New_stand_alone.pt
***** Best Result Updated at Epoch 1, Val Loss: 0.2545 *****
Epoch [1/10], Time: 2.41s, Train Loss: 0.3236, Train Acc: 0.5606, Train F1 Macro: 0.4051, Train F1 Micro: 0.5606, Val Loss: 0.2545, Val Acc: 0.6670, Val F1 Macro: 0.5307, Val F1 Micro: 0.6670
***** Best Result Updated at Epoch 2, Val Loss: 0.2358 *****
Epoch [2/10], Time: 2.10s, Train Loss: 0.2434, Train Acc: 0.6864, Train F1 Macro: 0.5039, Train F1 Micro: 0.6235, Val Loss: 0.2358, Val Acc: 0.6824, Val F1 Macro: 0.5768, Val F1 Micro: 0.6747
Epoch [3/10], Time: 2.04s, Train Loss: 0.2145, Train Acc: 0.7257, Train F1 Macro: 0.5565, Train F1 Micro: 0.6576, Val Loss: 0.2392, Val Acc: 0.6930, Val F1 Macro: 0.5911, Val F1 Micro: 0.6808
Epoch [4/10], Time: 1.97s, Train Loss: 0.1854, Train Acc: 0.7766, Train F1 Macro: 0.6014, Train F1 Micro: 0.6873, Val Loss: 0.2447, Val Acc: 0.7093, Val F1 Macro: 0.6076, Val F1 Micro: 0.6879
Epoch [5/10], Time: 2.03s, Train Loss: 0.1538, Train Acc: 0.8216, Train F1 Macro: 0.6388, Train F1 Micro: 0.7142, Val Loss: 0.2756, Val Acc: 0.6843, Val F1 Macro: 0.6053, Val F1 Micro: 0.6872
Epoch [6/10], Time: 2.02s, Train Loss: 0.1249, Train Acc: 0.8705, Train F1 Macro: 0.6744, Train F1 Micro: 0.7402, Val Loss: 0.2689, Val Acc: 0.6978, Val F1 Macro: 0.6125, Val F1 Micro: 0.6890
Epoch [7/10], Time: 2.05s, Train Loss: 0.1017, Train Acc: 0.8993, Train F1 Macro: 0.7040, Train F1 Micro: 0.7630, Val Loss: 0.3071, Val Acc: 0.6862, Val F1 Macro: 0.6117, Val F1 Micro: 0.6886
Epoch [8/10], Time: 2.01s, Train Loss: 0.0763, Train Acc: 0.9355, Train F1 Macro: 0.7324, Train F1 Micro: 0.7845, Val Loss: 0.3348, Val Acc: 0.7074, Val F1 Macro: 0.6164, Val F1 Micro: 0.6909
Epoch [9/10], Time: 2.02s, Train Loss: 0.0599, Train Acc: 0.9574, Train F1 Macro: 0.7577, Train F1 Micro: 0.8037, Val Loss: 0.3533, Val Acc: 0.6959, Val F1 Macro: 0.6180, Val F1 Micro: 0.6915
Epoch [10/10], Time: 2.17s, Train Loss: 0.0506, Train Acc: 0.9634, Train F1 Macro: 0.7782, Train F1 Micro: 0.8197, Val Loss: 0.3874, Val Acc: 0.6795, Val F1 Macro: 0.6163, Val F1 Micro: 0.6903
Total Training Time: 20.83s
Test Loss: 0.2293, Test Acc: 0.7103, Test F1 Macro: 0.6439, Test F1 Micro: 0.7103
===== SEED 7 =====
PyTorch Version : 2.11.0+cu128
cuda
1.3.New_stand_alone.pt
***** Best Result Updated at Epoch 1, Val Loss: 0.2502 *****
Epoch [1/10], Time: 2.38s, Train Loss: 0.3168, Train Acc: 0.5712, Train F1 Macro: 0.4317, Train F1 Micro: 0.5712, Val Loss: 0.2502, Val Acc: 0.6728, Val F1 Macro: 0.5890, Val F1 Micro: 0.6728
***** Best Result Updated at Epoch 2, Val Loss: 0.2425 *****
Epoch [2/10], Time: 2.05s, Train Loss: 0.2397, Train Acc: 0.6956, Train F1 Macro: 0.5246, Train F1 Micro: 0.6334, Val Loss: 0.2425, Val Acc: 0.6824, Val F1 Macro: 0.5961, Val F1 Micro: 0.6776
Epoch [3/10], Time: 1.98s, Train Loss: 0.2093, Train Acc: 0.7327, Train F1 Macro: 0.5742, Train F1 Micro: 0.6665, Val Loss: 0.2471, Val Acc: 0.6882, Val F1 Macro: 0.6015, Val F1 Micro: 0.6811
Epoch [4/10], Time: 1.97s, Train Loss: 0.1820, Train Acc: 0.7824, Train F1 Macro: 0.6160, Train F1 Micro: 0.6955, Val Loss: 0.2426, Val Acc: 0.6920, Val F1 Macro: 0.6051, Val F1 Micro: 0.6838
Epoch [5/10], Time: 2.02s, Train Loss: 0.1521, Train Acc: 0.8258, Train F1 Macro: 0.6517, Train F1 Micro: 0.7215, Val Loss: 0.2568, Val Acc: 0.6689, Val F1 Macro: 0.6041, Val F1 Micro: 0.6808
Epoch [6/10], Time: 1.99s, Train Loss: 0.1253, Train Acc: 0.8663, Train F1 Macro: 0.6838, Train F1 Micro: 0.7457, Val Loss: 0.2613, Val Acc: 0.6930, Val F1 Macro: 0.6103, Val F1 Micro: 0.6829
Epoch [7/10], Time: 1.99s, Train Loss: 0.0994, Train Acc: 0.9033, Train F1 Macro: 0.7133, Train F1 Micro: 0.7682, Val Loss: 0.2989, Val Acc: 0.6939, Val F1 Macro: 0.6137, Val F1 Micro: 0.6844
Epoch [8/10], Time: 2.01s, Train Loss: 0.0797, Train Acc: 0.9331, Train F1 Macro: 0.7404, Train F1 Micro: 0.7888, Val Loss: 0.3101, Val Acc: 0.6901, Val F1 Macro: 0.6163, Val F1 Micro: 0.6852
Epoch [9/10], Time: 2.01s, Train Loss: 0.0640, Train Acc: 0.9506, Train F1 Macro: 0.7635, Train F1 Micro: 0.8068, Val Loss: 0.3327, Val Acc: 0.6747, Val F1 Macro: 0.6167, Val F1 Micro: 0.6840
Epoch [10/10], Time: 2.01s, Train Loss: 0.0503, Train Acc: 0.9678, Train F1 Macro: 0.7840, Train F1 Micro: 0.8229, Val Loss: 0.3673, Val Acc: 0.6910, Val F1 Macro: 0.6187, Val F1 Micro: 0.6847
Total Training Time: 20.41s
Test Loss: 0.2339, Test Acc: 0.7016, Test F1 Macro: 0.6305, Test F1 Micro: 0.7016
===== SEED 13 =====
PyTorch Version : 2.11.0+cu128
cuda
1.3.New_stand_alone.pt
***** Best Result Updated at Epoch 1, Val Loss: 0.2451 *****
Epoch [1/10], Time: 2.56s, Train Loss: 0.3173, Train Acc: 0.5731, Train F1 Macro: 0.4327, Train F1 Micro: 0.5731, Val Loss: 0.2451, Val Acc: 0.6747, Val F1 Macro: 0.5960, Val F1 Micro: 0.6747
***** Best Result Updated at Epoch 2, Val Loss: 0.2372 *****
Epoch [2/10], Time: 2.15s, Train Loss: 0.2391, Train Acc: 0.6878, Train F1 Macro: 0.5197, Train F1 Micro: 0.6305, Val Loss: 0.2372, Val Acc: 0.6910, Val F1 Macro: 0.6075, Val F1 Micro: 0.6829
***** Best Result Updated at Epoch 3, Val Loss: 0.2314 *****
Epoch [3/10], Time: 2.15s, Train Loss: 0.2138, Train Acc: 0.7289, Train F1 Macro: 0.5692, Train F1 Micro: 0.6633, Val Loss: 0.2314, Val Acc: 0.6987, Val F1 Macro: 0.6110, Val F1 Micro: 0.6882
Epoch [4/10], Time: 2.15s, Train Loss: 0.1863, Train Acc: 0.7696, Train F1 Macro: 0.6086, Train F1 Micro: 0.6899, Val Loss: 0.2456, Val Acc: 0.6959, Val F1 Macro: 0.6087, Val F1 Micro: 0.6901
Epoch [5/10], Time: 2.13s, Train Loss: 0.1583, Train Acc: 0.8163, Train F1 Macro: 0.6433, Train F1 Micro: 0.7152, Val Loss: 0.2482, Val Acc: 0.6862, Val F1 Macro: 0.6086, Val F1 Micro: 0.6893
Epoch [6/10], Time: 2.03s, Train Loss: 0.1316, Train Acc: 0.8595, Train F1 Macro: 0.6755, Train F1 Micro: 0.7392, Val Loss: 0.2728, Val Acc: 0.6920, Val F1 Macro: 0.6074, Val F1 Micro: 0.6898
Epoch [7/10], Time: 2.01s, Train Loss: 0.1079, Train Acc: 0.8942, Train F1 Macro: 0.7048, Train F1 Micro: 0.7614, Val Loss: 0.2860, Val Acc: 0.6978, Val F1 Macro: 0.6090, Val F1 Micro: 0.6909
Epoch [8/10], Time: 2.03s, Train Loss: 0.0870, Train Acc: 0.9208, Train F1 Macro: 0.7308, Train F1 Micro: 0.7813, Val Loss: 0.2962, Val Acc: 0.6872, Val F1 Macro: 0.6081, Val F1 Micro: 0.6904
Epoch [9/10], Time: 2.03s, Train Loss: 0.0678, Train Acc: 0.9475, Train F1 Macro: 0.7548, Train F1 Micro: 0.7998, Val Loss: 0.3247, Val Acc: 0.6824, Val F1 Macro: 0.6073, Val F1 Micro: 0.6896
Epoch [10/10], Time: 2.04s, Train Loss: 0.0564, Train Acc: 0.9626, Train F1 Macro: 0.7758, Train F1 Micro: 0.8160, Val Loss: 0.3575, Val Acc: 0.6814, Val F1 Macro: 0.6075, Val F1 Micro: 0.6887
Total Training Time: 21.29s
Test Loss: 0.2257, Test Acc: 0.6997, Test F1 Macro: 0.6157, Test F1 Micro: 0.6997
===== SEED 77 =====
PyTorch Version : 2.11.0+cu128
cuda
1.3.New_stand_alone.pt
***** Best Result Updated at Epoch 1, Val Loss: 0.2467 *****
Epoch [1/10], Time: 2.37s, Train Loss: 0.3183, Train Acc: 0.5683, Train F1 Macro: 0.4390, Train F1 Micro: 0.5683, Val Loss: 0.2467, Val Acc: 0.6959, Val F1 Macro: 0.6236, Val F1 Micro: 0.6959
***** Best Result Updated at Epoch 2, Val Loss: 0.2440 *****
Epoch [2/10], Time: 2.00s, Train Loss: 0.2392, Train Acc: 0.6870, Train F1 Macro: 0.5207, Train F1 Micro: 0.6276, Val Loss: 0.2440, Val Acc: 0.6872, Val F1 Macro: 0.6176, Val F1 Micro: 0.6915
***** Best Result Updated at Epoch 3, Val Loss: 0.2353 *****
Epoch [3/10], Time: 1.99s, Train Loss: 0.2119, Train Acc: 0.7357, Train F1 Macro: 0.5748, Train F1 Micro: 0.6637, Val Loss: 0.2353, Val Acc: 0.6882, Val F1 Macro: 0.6116, Val F1 Micro: 0.6904
***** Best Result Updated at Epoch 4, Val Loss: 0.2342 *****
Epoch [4/10], Time: 2.00s, Train Loss: 0.1830, Train Acc: 0.7797, Train F1 Macro: 0.6153, Train F1 Micro: 0.6927, Val Loss: 0.2342, Val Acc: 0.6939, Val F1 Macro: 0.6154, Val F1 Micro: 0.6913
Epoch [5/10], Time: 2.00s, Train Loss: 0.1552, Train Acc: 0.8235, Train F1 Macro: 0.6509, Train F1 Micro: 0.7188, Val Loss: 0.2492, Val Acc: 0.7036, Val F1 Macro: 0.6190, Val F1 Micro: 0.6937
Epoch [6/10], Time: 1.99s, Train Loss: 0.1274, Train Acc: 0.8602, Train F1 Macro: 0.6812, Train F1 Micro: 0.7424, Val Loss: 0.2725, Val Acc: 0.6997, Val F1 Macro: 0.6197, Val F1 Micro: 0.6947
Epoch [7/10], Time: 2.00s, Train Loss: 0.1008, Train Acc: 0.9042, Train F1 Macro: 0.7107, Train F1 Micro: 0.7655, Val Loss: 0.2854, Val Acc: 0.6959, Val F1 Macro: 0.6209, Val F1 Micro: 0.6949
Epoch [8/10], Time: 2.01s, Train Loss: 0.0797, Train Acc: 0.9317, Train F1 Macro: 0.7374, Train F1 Micro: 0.7863, Val Loss: 0.3169, Val Acc: 0.6882, Val F1 Macro: 0.6200, Val F1 Micro: 0.6941
Epoch [9/10], Time: 2.01s, Train Loss: 0.0660, Train Acc: 0.9504, Train F1 Macro: 0.7609, Train F1 Micro: 0.8045, Val Loss: 0.3297, Val Acc: 0.6814, Val F1 Macro: 0.6187, Val F1 Micro: 0.6927
Epoch [10/10], Time: 1.99s, Train Loss: 0.0489, Train Acc: 0.9687, Train F1 Macro: 0.7818, Train F1 Micro: 0.8209, Val Loss: 0.3700, Val Acc: 0.6891, Val F1 Macro: 0.6189, Val F1 Micro: 0.6923
Total Training Time: 20.38s
Test Loss: 0.2312, Test Acc: 0.6959, Test F1 Macro: 0.6271, Test F1 Micro: 0.6959
===== SEED 123 =====
PyTorch Version : 2.11.0+cu128
cuda
1.3.New_stand_alone.pt
***** Best Result Updated at Epoch 1, Val Loss: 0.2603 *****
Epoch [1/10], Time: 2.40s, Train Loss: 0.3196, Train Acc: 0.5641, Train F1 Macro: 0.4268, Train F1 Micro: 0.5641, Val Loss: 0.2603, Val Acc: 0.6593, Val F1 Macro: 0.5512, Val F1 Micro: 0.6593
***** Best Result Updated at Epoch 2, Val Loss: 0.2355 *****
Epoch [2/10], Time: 2.01s, Train Loss: 0.2417, Train Acc: 0.6809, Train F1 Macro: 0.5141, Train F1 Micro: 0.6225, Val Loss: 0.2355, Val Acc: 0.6853, Val F1 Macro: 0.5649, Val F1 Micro: 0.6723
Epoch [3/10], Time: 1.98s, Train Loss: 0.2134, Train Acc: 0.7301, Train F1 Macro: 0.5659, Train F1 Micro: 0.6584, Val Loss: 0.2561, Val Acc: 0.6853, Val F1 Macro: 0.5805, Val F1 Micro: 0.6766
***** Best Result Updated at Epoch 4, Val Loss: 0.2333 *****
Epoch [4/10], Time: 1.99s, Train Loss: 0.1854, Train Acc: 0.7748, Train F1 Macro: 0.6070, Train F1 Micro: 0.6875, Val Loss: 0.2333, Val Acc: 0.7055, Val F1 Macro: 0.5969, Val F1 Micro: 0.6838
Epoch [5/10], Time: 1.99s, Train Loss: 0.1587, Train Acc: 0.8147, Train F1 Macro: 0.6406, Train F1 Micro: 0.7129, Val Loss: 0.2447, Val Acc: 0.6997, Val F1 Macro: 0.6018, Val F1 Micro: 0.6870
Epoch [6/10], Time: 1.97s, Train Loss: 0.1272, Train Acc: 0.8668, Train F1 Macro: 0.6751, Train F1 Micro: 0.7386, Val Loss: 0.2649, Val Acc: 0.7045, Val F1 Macro: 0.6071, Val F1 Micro: 0.6899
Epoch [7/10], Time: 1.98s, Train Loss: 0.1031, Train Acc: 0.9033, Train F1 Macro: 0.7053, Train F1 Micro: 0.7621, Val Loss: 0.2785, Val Acc: 0.7161, Val F1 Macro: 0.6153, Val F1 Micro: 0.6937
Epoch [8/10], Time: 2.06s, Train Loss: 0.0776, Train Acc: 0.9353, Train F1 Macro: 0.7334, Train F1 Micro: 0.7838, Val Loss: 0.3348, Val Acc: 0.6968, Val F1 Macro: 0.6161, Val F1 Micro: 0.6941
Epoch [9/10], Time: 2.04s, Train Loss: 0.0636, Train Acc: 0.9526, Train F1 Macro: 0.7577, Train F1 Micro: 0.8025, Val Loss: 0.3111, Val Acc: 0.6930, Val F1 Macro: 0.6178, Val F1 Micro: 0.6939
Epoch [10/10], Time: 2.04s, Train Loss: 0.0514, Train Acc: 0.9667, Train F1 Macro: 0.7788, Train F1 Micro: 0.8189, Val Loss: 0.3483, Val Acc: 0.7026, Val F1 Macro: 0.6197, Val F1 Micro: 0.6948
Total Training Time: 20.44s
Test Loss: 0.2294, Test Acc: 0.7132, Test F1 Macro: 0.6333, Test F1 Micro: 0.7132
