===== SEED 42 =====
PyTorch Version : 2.11.0+cu128
cuda
1.3.New_stand_alone.pt
***** Best Result Updated at Epoch 1, Val Loss: 0.2471 *****
Epoch [1/10], Time: 2.61s, Train Loss: 0.3200, Train Acc: 0.5709, Train F1 Macro: 0.4286, Train F1 Micro: 0.5709, Val Loss: 0.2471, Val Acc: 0.6824, Val F1 Macro: 0.5477, Val F1 Micro: 0.6824
***** Best Result Updated at Epoch 2, Val Loss: 0.2229 *****
Epoch [2/10], Time: 2.25s, Train Loss: 0.2314, Train Acc: 0.7079, Train F1 Macro: 0.5361, Train F1 Micro: 0.6394, Val Loss: 0.2229, Val Acc: 0.7132, Val F1 Macro: 0.6099, Val F1 Micro: 0.6978
***** Best Result Updated at Epoch 3, Val Loss: 0.2229 *****
Epoch [3/10], Time: 2.16s, Train Loss: 0.1993, Train Acc: 0.7552, Train F1 Macro: 0.5919, Train F1 Micro: 0.6780, Val Loss: 0.2229, Val Acc: 0.7238, Val F1 Macro: 0.6262, Val F1 Micro: 0.7064
Epoch [4/10], Time: 2.12s, Train Loss: 0.1685, Train Acc: 0.8027, Train F1 Macro: 0.6354, Train F1 Micro: 0.7092, Val Loss: 0.2316, Val Acc: 0.7276, Val F1 Macro: 0.6387, Val F1 Micro: 0.7117
Epoch [5/10], Time: 2.18s, Train Loss: 0.1374, Train Acc: 0.8500, Train F1 Macro: 0.6728, Train F1 Micro: 0.7373, Val Loss: 0.2507, Val Acc: 0.7209, Val F1 Macro: 0.6420, Val F1 Micro: 0.7136
Epoch [6/10], Time: 2.09s, Train Loss: 0.1088, Train Acc: 0.8885, Train F1 Macro: 0.7055, Train F1 Micro: 0.7625, Val Loss: 0.2451, Val Acc: 0.7334, Val F1 Macro: 0.6491, Val F1 Micro: 0.7169
Epoch [7/10], Time: 2.02s, Train Loss: 0.0882, Train Acc: 0.9158, Train F1 Macro: 0.7331, Train F1 Micro: 0.7844, Val Loss: 0.2732, Val Acc: 0.7238, Val F1 Macro: 0.6511, Val F1 Micro: 0.7179
Epoch [8/10], Time: 2.02s, Train Loss: 0.0670, Train Acc: 0.9454, Train F1 Macro: 0.7589, Train F1 Micro: 0.8045, Val Loss: 0.3072, Val Acc: 0.7401, Val F1 Macro: 0.6557, Val F1 Micro: 0.7206
Epoch [9/10], Time: 2.02s, Train Loss: 0.0513, Train Acc: 0.9645, Train F1 Macro: 0.7815, Train F1 Micro: 0.8223, Val Loss: 0.3327, Val Acc: 0.7305, Val F1 Macro: 0.6582, Val F1 Micro: 0.7217
Epoch [10/10], Time: 2.04s, Train Loss: 0.0426, Train Acc: 0.9720, Train F1 Macro: 0.8004, Train F1 Micro: 0.8373, Val Loss: 0.3421, Val Acc: 0.7276, Val F1 Macro: 0.6592, Val F1 Micro: 0.7223
Total Training Time: 21.49s
Test Loss: 0.2093, Test Acc: 0.7421, Test F1 Macro: 0.6765, Test F1 Micro: 0.7421
===== SEED 7 =====
PyTorch Version : 2.11.0+cu128
cuda
1.3.New_stand_alone.pt
***** Best Result Updated at Epoch 1, Val Loss: 0.2459 *****
Epoch [1/10], Time: 2.38s, Train Loss: 0.3120, Train Acc: 0.5828, Train F1 Macro: 0.4498, Train F1 Micro: 0.5828, Val Loss: 0.2459, Val Acc: 0.6872, Val F1 Macro: 0.6107, Val F1 Micro: 0.6872
***** Best Result Updated at Epoch 2, Val Loss: 0.2341 *****
Epoch [2/10], Time: 2.02s, Train Loss: 0.2270, Train Acc: 0.7196, Train F1 Macro: 0.5531, Train F1 Micro: 0.6512, Val Loss: 0.2341, Val Acc: 0.7151, Val F1 Macro: 0.6318, Val F1 Micro: 0.7012
***** Best Result Updated at Epoch 3, Val Loss: 0.2277 *****
Epoch [3/10], Time: 2.00s, Train Loss: 0.1935, Train Acc: 0.7630, Train F1 Macro: 0.6070, Train F1 Micro: 0.6884, Val Loss: 0.2277, Val Acc: 0.7238, Val F1 Macro: 0.6409, Val F1 Micro: 0.7087
***** Best Result Updated at Epoch 4, Val Loss: 0.2252 *****
Epoch [4/10], Time: 2.00s, Train Loss: 0.1627, Train Acc: 0.8116, Train F1 Macro: 0.6499, Train F1 Micro: 0.7192, Val Loss: 0.2252, Val Acc: 0.7132, Val F1 Macro: 0.6424, Val F1 Micro: 0.7098
Epoch [5/10], Time: 2.02s, Train Loss: 0.1338, Train Acc: 0.8527, Train F1 Macro: 0.6854, Train F1 Micro: 0.7459, Val Loss: 0.2321, Val Acc: 0.7151, Val F1 Macro: 0.6461, Val F1 Micro: 0.7109
Epoch [6/10], Time: 1.99s, Train Loss: 0.1093, Train Acc: 0.8873, Train F1 Macro: 0.7161, Train F1 Micro: 0.7695, Val Loss: 0.2394, Val Acc: 0.7401, Val F1 Macro: 0.6557, Val F1 Micro: 0.7158
Epoch [7/10], Time: 1.99s, Train Loss: 0.0848, Train Acc: 0.9252, Train F1 Macro: 0.7447, Train F1 Micro: 0.7917, Val Loss: 0.2664, Val Acc: 0.7411, Val F1 Macro: 0.6612, Val F1 Micro: 0.7194
Epoch [8/10], Time: 2.03s, Train Loss: 0.0693, Train Acc: 0.9454, Train F1 Macro: 0.7693, Train F1 Micro: 0.8109, Val Loss: 0.2669, Val Acc: 0.7305, Val F1 Macro: 0.6642, Val F1 Micro: 0.7208
Epoch [9/10], Time: 2.01s, Train Loss: 0.0570, Train Acc: 0.9560, Train F1 Macro: 0.7897, Train F1 Micro: 0.8271, Val Loss: 0.2988, Val Acc: 0.7324, Val F1 Macro: 0.6675, Val F1 Micro: 0.7221
Epoch [10/10], Time: 2.00s, Train Loss: 0.0443, Train Acc: 0.9720, Train F1 Macro: 0.8080, Train F1 Micro: 0.8415, Val Loss: 0.3257, Val Acc: 0.7324, Val F1 Macro: 0.6695, Val F1 Micro: 0.7231
Total Training Time: 20.44s
Test Loss: 0.2046, Test Acc: 0.7536, Test F1 Macro: 0.6911, Test F1 Micro: 0.7536
===== SEED 13 =====
PyTorch Version : 2.11.0+cu128
cuda
1.3.New_stand_alone.pt
***** Best Result Updated at Epoch 1, Val Loss: 0.2404 *****
Epoch [1/10], Time: 2.39s, Train Loss: 0.3133, Train Acc: 0.5801, Train F1 Macro: 0.4493, Train F1 Micro: 0.5801, Val Loss: 0.2404, Val Acc: 0.6862, Val F1 Macro: 0.6100, Val F1 Micro: 0.6862
***** Best Result Updated at Epoch 2, Val Loss: 0.2273 *****
Epoch [2/10], Time: 2.03s, Train Loss: 0.2261, Train Acc: 0.7163, Train F1 Macro: 0.5525, Train F1 Micro: 0.6482, Val Loss: 0.2273, Val Acc: 0.7141, Val F1 Macro: 0.6266, Val F1 Micro: 0.7002
***** Best Result Updated at Epoch 3, Val Loss: 0.2142 *****
Epoch [3/10], Time: 2.01s, Train Loss: 0.1968, Train Acc: 0.7575, Train F1 Macro: 0.6035, Train F1 Micro: 0.6846, Val Loss: 0.2142, Val Acc: 0.7315, Val F1 Macro: 0.6388, Val F1 Micro: 0.7106
Epoch [4/10], Time: 1.99s, Train Loss: 0.1685, Train Acc: 0.8021, Train F1 Macro: 0.6441, Train F1 Micro: 0.7140, Val Loss: 0.2215, Val Acc: 0.7286, Val F1 Macro: 0.6432, Val F1 Micro: 0.7151
Epoch [5/10], Time: 2.01s, Train Loss: 0.1376, Train Acc: 0.8500, Train F1 Macro: 0.6795, Train F1 Micro: 0.7412, Val Loss: 0.2227, Val Acc: 0.7363, Val F1 Macro: 0.6498, Val F1 Micro: 0.7193
Epoch [6/10], Time: 2.01s, Train Loss: 0.1120, Train Acc: 0.8897, Train F1 Macro: 0.7121, Train F1 Micro: 0.7659, Val Loss: 0.2420, Val Acc: 0.7382, Val F1 Macro: 0.6542, Val F1 Micro: 0.7225
Epoch [7/10], Time: 2.09s, Train Loss: 0.0922, Train Acc: 0.9154, Train F1 Macro: 0.7395, Train F1 Micro: 0.7873, Val Loss: 0.2628, Val Acc: 0.7459, Val F1 Macro: 0.6598, Val F1 Micro: 0.7258
Epoch [8/10], Time: 2.02s, Train Loss: 0.0721, Train Acc: 0.9419, Train F1 Macro: 0.7641, Train F1 Micro: 0.8066, Val Loss: 0.2720, Val Acc: 0.7382, Val F1 Macro: 0.6622, Val F1 Micro: 0.7274
Epoch [9/10], Time: 2.02s, Train Loss: 0.0577, Train Acc: 0.9555, Train F1 Macro: 0.7852, Train F1 Micro: 0.8232, Val Loss: 0.2965, Val Acc: 0.7324, Val F1 Macro: 0.6632, Val F1 Micro: 0.7279
Epoch [10/10], Time: 2.01s, Train Loss: 0.0473, Train Acc: 0.9692, Train F1 Macro: 0.8036, Train F1 Micro: 0.8378, Val Loss: 0.3127, Val Acc: 0.7286, Val F1 Macro: 0.6630, Val F1 Micro: 0.7280
Total Training Time: 20.57s
Test Loss: 0.2040, Test Acc: 0.7478, Test F1 Macro: 0.6751, Test F1 Micro: 0.7478
===== SEED 77 =====
PyTorch Version : 2.11.0+cu128
cuda
1.3.New_stand_alone.pt
***** Best Result Updated at Epoch 1, Val Loss: 0.2401 *****
Epoch [1/10], Time: 2.38s, Train Loss: 0.3137, Train Acc: 0.5783, Train F1 Macro: 0.4555, Train F1 Micro: 0.5783, Val Loss: 0.2401, Val Acc: 0.7074, Val F1 Macro: 0.6426, Val F1 Micro: 0.7074
***** Best Result Updated at Epoch 2, Val Loss: 0.2339 *****
Epoch [2/10], Time: 2.03s, Train Loss: 0.2270, Train Acc: 0.7133, Train F1 Macro: 0.5507, Train F1 Micro: 0.6458, Val Loss: 0.2339, Val Acc: 0.7045, Val F1 Macro: 0.6352, Val F1 Micro: 0.7060
***** Best Result Updated at Epoch 3, Val Loss: 0.2197 *****
Epoch [3/10], Time: 2.06s, Train Loss: 0.1958, Train Acc: 0.7634, Train F1 Macro: 0.6060, Train F1 Micro: 0.6850, Val Loss: 0.2197, Val Acc: 0.7305, Val F1 Macro: 0.6457, Val F1 Micro: 0.7141
***** Best Result Updated at Epoch 4, Val Loss: 0.2147 *****
Epoch [4/10], Time: 2.02s, Train Loss: 0.1662, Train Acc: 0.8064, Train F1 Macro: 0.6462, Train F1 Micro: 0.7154, Val Loss: 0.2147, Val Acc: 0.7392, Val F1 Macro: 0.6551, Val F1 Micro: 0.7204
Epoch [5/10], Time: 2.02s, Train Loss: 0.1373, Train Acc: 0.8530, Train F1 Macro: 0.6823, Train F1 Micro: 0.7429, Val Loss: 0.2241, Val Acc: 0.7449, Val F1 Macro: 0.6634, Val F1 Micro: 0.7253
Epoch [6/10], Time: 1.98s, Train Loss: 0.1106, Train Acc: 0.8865, Train F1 Macro: 0.7129, Train F1 Micro: 0.7668, Val Loss: 0.2326, Val Acc: 0.7382, Val F1 Macro: 0.6669, Val F1 Micro: 0.7275
Epoch [7/10], Time: 2.00s, Train Loss: 0.0876, Train Acc: 0.9198, Train F1 Macro: 0.7405, Train F1 Micro: 0.7887, Val Loss: 0.2454, Val Acc: 0.7421, Val F1 Macro: 0.6707, Val F1 Micro: 0.7295
Epoch [8/10], Time: 2.04s, Train Loss: 0.0698, Train Acc: 0.9424, Train F1 Macro: 0.7646, Train F1 Micro: 0.8079, Val Loss: 0.2933, Val Acc: 0.7372, Val F1 Macro: 0.6721, Val F1 Micro: 0.7305
Epoch [9/10], Time: 2.01s, Train Loss: 0.0568, Train Acc: 0.9611, Train F1 Macro: 0.7861, Train F1 Micro: 0.8249, Val Loss: 0.2947, Val Acc: 0.7344, Val F1 Macro: 0.6731, Val F1 Micro: 0.7309
Epoch [10/10], Time: 2.01s, Train Loss: 0.0448, Train Acc: 0.9684, Train F1 Macro: 0.8041, Train F1 Micro: 0.8393, Val Loss: 0.3172, Val Acc: 0.7324, Val F1 Macro: 0.6739, Val F1 Micro: 0.7311
Total Training Time: 20.56s
Test Loss: 0.2070, Test Acc: 0.7459, Test F1 Macro: 0.6773, Test F1 Micro: 0.7459
===== SEED 123 =====
PyTorch Version : 2.11.0+cu128
cuda
1.3.New_stand_alone.pt
***** Best Result Updated at Epoch 1, Val Loss: 0.2543 *****
Epoch [1/10], Time: 2.53s, Train Loss: 0.3151, Train Acc: 0.5744, Train F1 Macro: 0.4479, Train F1 Micro: 0.5744, Val Loss: 0.2543, Val Acc: 0.6833, Val F1 Macro: 0.6051, Val F1 Micro: 0.6833
***** Best Result Updated at Epoch 2, Val Loss: 0.2267 *****
Epoch [2/10], Time: 2.21s, Train Loss: 0.2282, Train Acc: 0.7092, Train F1 Macro: 0.5476, Train F1 Micro: 0.6418, Val Loss: 0.2267, Val Acc: 0.7064, Val F1 Macro: 0.6105, Val F1 Micro: 0.6949
Epoch [3/10], Time: 2.12s, Train Loss: 0.1987, Train Acc: 0.7608, Train F1 Macro: 0.6038, Train F1 Micro: 0.6815, Val Loss: 0.2354, Val Acc: 0.7228, Val F1 Macro: 0.6299, Val F1 Micro: 0.7042
***** Best Result Updated at Epoch 4, Val Loss: 0.2141 *****
Epoch [4/10], Time: 2.13s, Train Loss: 0.1682, Train Acc: 0.8031, Train F1 Macro: 0.6449, Train F1 Micro: 0.7119, Val Loss: 0.2141, Val Acc: 0.7488, Val F1 Macro: 0.6478, Val F1 Micro: 0.7154
Epoch [5/10], Time: 2.17s, Train Loss: 0.1421, Train Acc: 0.8412, Train F1 Macro: 0.6778, Train F1 Micro: 0.7377, Val Loss: 0.2261, Val Acc: 0.7247, Val F1 Macro: 0.6506, Val F1 Micro: 0.7172
Epoch [6/10], Time: 2.02s, Train Loss: 0.1146, Train Acc: 0.8820, Train F1 Macro: 0.7087, Train F1 Micro: 0.7618, Val Loss: 0.2362, Val Acc: 0.7546, Val F1 Macro: 0.6613, Val F1 Micro: 0.7235
Epoch [7/10], Time: 2.05s, Train Loss: 0.0896, Train Acc: 0.9184, Train F1 Macro: 0.7367, Train F1 Micro: 0.7842, Val Loss: 0.2463, Val Acc: 0.7469, Val F1 Macro: 0.6665, Val F1 Micro: 0.7268
Epoch [8/10], Time: 2.12s, Train Loss: 0.0682, Train Acc: 0.9450, Train F1 Macro: 0.7622, Train F1 Micro: 0.8043, Val Loss: 0.3050, Val Acc: 0.7324, Val F1 Macro: 0.6685, Val F1 Micro: 0.7275
Epoch [9/10], Time: 2.05s, Train Loss: 0.0566, Train Acc: 0.9595, Train F1 Macro: 0.7837, Train F1 Micro: 0.8215, Val Loss: 0.2753, Val Acc: 0.7401, Val F1 Macro: 0.6715, Val F1 Micro: 0.7289
Epoch [10/10], Time: 2.06s, Train Loss: 0.0461, Train Acc: 0.9700, Train F1 Macro: 0.8021, Train F1 Micro: 0.8364, Val Loss: 0.3054, Val Acc: 0.7440, Val F1 Macro: 0.6739, Val F1 Micro: 0.7304
Total Training Time: 21.45s
Test Loss: 0.2069, Test Acc: 0.7411, Test F1 Macro: 0.6650, Test F1 Micro: 0.7411
