===== SEED 42 =====
PyTorch Version : 2.11.0+cu128
cuda
4.1.Origin_new_mix_8_1_1.pt
***** Best Result Updated at Epoch 1, Val Loss: 0.2637 *****
Epoch [1/10], Time: 4.99s, Train Loss: 0.3304, Train Acc: 0.5199, Train F1 Macro: 0.4883, Train F1 Micro: 0.5199, Val Loss: 0.2637, Val Acc: 0.6346, Val F1 Macro: 0.6237, Val F1 Micro: 0.6346
***** Best Result Updated at Epoch 2, Val Loss: 0.2386 *****
Epoch [2/10], Time: 4.46s, Train Loss: 0.2526, Train Acc: 0.6662, Train F1 Macro: 0.5721, Train F1 Micro: 0.5931, Val Loss: 0.2386, Val Acc: 0.6851, Val F1 Macro: 0.6517, Val F1 Micro: 0.6598
***** Best Result Updated at Epoch 3, Val Loss: 0.2275 *****
Epoch [3/10], Time: 4.53s, Train Loss: 0.2201, Train Acc: 0.7142, Train F1 Macro: 0.6178, Train F1 Micro: 0.6334, Val Loss: 0.2275, Val Acc: 0.6986, Val F1 Macro: 0.6638, Val F1 Micro: 0.6728
***** Best Result Updated at Epoch 4, Val Loss: 0.2205 *****
Epoch [4/10], Time: 4.53s, Train Loss: 0.1967, Train Acc: 0.7496, Train F1 Macro: 0.6497, Train F1 Micro: 0.6625, Val Loss: 0.2205, Val Acc: 0.7043, Val F1 Macro: 0.6723, Val F1 Micro: 0.6806
Epoch [5/10], Time: 4.43s, Train Loss: 0.1727, Train Acc: 0.7956, Train F1 Macro: 0.6784, Train F1 Micro: 0.6891, Val Loss: 0.2249, Val Acc: 0.7021, Val F1 Macro: 0.6768, Val F1 Micro: 0.6849
Epoch [6/10], Time: 4.49s, Train Loss: 0.1450, Train Acc: 0.8379, Train F1 Macro: 0.7048, Train F1 Micro: 0.7139, Val Loss: 0.2391, Val Acc: 0.7047, Val F1 Macro: 0.6796, Val F1 Micro: 0.6882
Epoch [7/10], Time: 4.54s, Train Loss: 0.1154, Train Acc: 0.8827, Train F1 Macro: 0.7301, Train F1 Micro: 0.7380, Val Loss: 0.2612, Val Acc: 0.7030, Val F1 Macro: 0.6816, Val F1 Micro: 0.6903
Epoch [8/10], Time: 4.62s, Train Loss: 0.0881, Train Acc: 0.9267, Train F1 Macro: 0.7549, Train F1 Micro: 0.7616, Val Loss: 0.2870, Val Acc: 0.6964, Val F1 Macro: 0.6821, Val F1 Micro: 0.6911
Epoch [9/10], Time: 4.54s, Train Loss: 0.0676, Train Acc: 0.9514, Train F1 Macro: 0.7769, Train F1 Micro: 0.7827, Val Loss: 0.3085, Val Acc: 0.6960, Val F1 Macro: 0.6831, Val F1 Micro: 0.6916
Epoch [10/10], Time: 4.49s, Train Loss: 0.0536, Train Acc: 0.9675, Train F1 Macro: 0.7961, Train F1 Micro: 0.8012, Val Loss: 0.3409, Val Acc: 0.6969, Val F1 Macro: 0.6836, Val F1 Micro: 0.6922
Total Training Time: 45.63s
Test Loss: 0.2211, Test Acc: 0.7047, Test F1 Macro: 0.6984, Test F1 Micro: 0.7047
===== SEED 7 =====
PyTorch Version : 2.11.0+cu128
cuda
4.1.Origin_new_mix_8_1_1.pt
***** Best Result Updated at Epoch 1, Val Loss: 0.2692 *****
Epoch [1/10], Time: 4.92s, Train Loss: 0.3285, Train Acc: 0.5263, Train F1 Macro: 0.4968, Train F1 Micro: 0.5263, Val Loss: 0.2692, Val Acc: 0.6141, Val F1 Macro: 0.6071, Val F1 Micro: 0.6141
***** Best Result Updated at Epoch 2, Val Loss: 0.2369 *****
Epoch [2/10], Time: 4.46s, Train Loss: 0.2512, Train Acc: 0.6635, Train F1 Macro: 0.5751, Train F1 Micro: 0.5949, Val Loss: 0.2369, Val Acc: 0.6781, Val F1 Macro: 0.6389, Val F1 Micro: 0.6461
***** Best Result Updated at Epoch 3, Val Loss: 0.2365 *****
Epoch [3/10], Time: 4.52s, Train Loss: 0.2239, Train Acc: 0.7113, Train F1 Macro: 0.6181, Train F1 Micro: 0.6337, Val Loss: 0.2365, Val Acc: 0.6886, Val F1 Macro: 0.6483, Val F1 Micro: 0.6603
***** Best Result Updated at Epoch 4, Val Loss: 0.2305 *****
Epoch [4/10], Time: 4.49s, Train Loss: 0.1996, Train Acc: 0.7496, Train F1 Macro: 0.6491, Train F1 Micro: 0.6627, Val Loss: 0.2305, Val Acc: 0.6895, Val F1 Macro: 0.6572, Val F1 Micro: 0.6676
Epoch [5/10], Time: 4.43s, Train Loss: 0.1723, Train Acc: 0.7946, Train F1 Macro: 0.6773, Train F1 Micro: 0.6891, Val Loss: 0.2394, Val Acc: 0.6908, Val F1 Macro: 0.6620, Val F1 Micro: 0.6722
Epoch [6/10], Time: 4.55s, Train Loss: 0.1431, Train Acc: 0.8421, Train F1 Macro: 0.7042, Train F1 Micro: 0.7146, Val Loss: 0.2457, Val Acc: 0.6921, Val F1 Macro: 0.6652, Val F1 Micro: 0.6755
Epoch [7/10], Time: 4.48s, Train Loss: 0.1138, Train Acc: 0.8878, Train F1 Macro: 0.7303, Train F1 Micro: 0.7393, Val Loss: 0.2735, Val Acc: 0.6899, Val F1 Macro: 0.6675, Val F1 Micro: 0.6776
Epoch [8/10], Time: 4.49s, Train Loss: 0.0876, Train Acc: 0.9274, Train F1 Macro: 0.7550, Train F1 Micro: 0.7628, Val Loss: 0.2830, Val Acc: 0.6681, Val F1 Macro: 0.6668, Val F1 Micro: 0.6764
Epoch [9/10], Time: 4.49s, Train Loss: 0.0698, Train Acc: 0.9479, Train F1 Macro: 0.7766, Train F1 Micro: 0.7834, Val Loss: 0.3241, Val Acc: 0.6868, Val F1 Macro: 0.6676, Val F1 Micro: 0.6776
Epoch [10/10], Time: 4.50s, Train Loss: 0.0526, Train Acc: 0.9684, Train F1 Macro: 0.7959, Train F1 Micro: 0.8019, Val Loss: 0.3642, Val Acc: 0.6886, Val F1 Macro: 0.6686, Val F1 Micro: 0.6787
Total Training Time: 45.33s
Test Loss: 0.2296, Test Acc: 0.6929, Test F1 Macro: 0.6909, Test F1 Micro: 0.6929
===== SEED 13 =====
PyTorch Version : 2.11.0+cu128
cuda
4.1.Origin_new_mix_8_1_1.pt
***** Best Result Updated at Epoch 1, Val Loss: 0.2652 *****
Epoch [1/10], Time: 4.85s, Train Loss: 0.3310, Train Acc: 0.5180, Train F1 Macro: 0.4873, Train F1 Micro: 0.5180, Val Loss: 0.2652, Val Acc: 0.6346, Val F1 Macro: 0.6209, Val F1 Micro: 0.6346
***** Best Result Updated at Epoch 2, Val Loss: 0.2368 *****
Epoch [2/10], Time: 4.43s, Train Loss: 0.2528, Train Acc: 0.6647, Train F1 Macro: 0.5726, Train F1 Micro: 0.5913, Val Loss: 0.2368, Val Acc: 0.6799, Val F1 Macro: 0.6475, Val F1 Micro: 0.6572
***** Best Result Updated at Epoch 3, Val Loss: 0.2335 *****
Epoch [3/10], Time: 4.54s, Train Loss: 0.2246, Train Acc: 0.7062, Train F1 Macro: 0.6146, Train F1 Micro: 0.6296, Val Loss: 0.2335, Val Acc: 0.6821, Val F1 Macro: 0.6588, Val F1 Micro: 0.6655
***** Best Result Updated at Epoch 4, Val Loss: 0.2277 *****
Epoch [4/10], Time: 4.58s, Train Loss: 0.2032, Train Acc: 0.7424, Train F1 Macro: 0.6451, Train F1 Micro: 0.6578, Val Loss: 0.2277, Val Acc: 0.7012, Val F1 Macro: 0.6673, Val F1 Micro: 0.6744
***** Best Result Updated at Epoch 5, Val Loss: 0.2246 *****
Epoch [5/10], Time: 4.54s, Train Loss: 0.1785, Train Acc: 0.7807, Train F1 Macro: 0.6711, Train F1 Micro: 0.6824, Val Loss: 0.2246, Val Acc: 0.7095, Val F1 Macro: 0.6744, Val F1 Micro: 0.6814
Epoch [6/10], Time: 4.48s, Train Loss: 0.1529, Train Acc: 0.8322, Train F1 Macro: 0.6975, Train F1 Micro: 0.7074, Val Loss: 0.2405, Val Acc: 0.7051, Val F1 Macro: 0.6778, Val F1 Micro: 0.6854
Epoch [7/10], Time: 4.44s, Train Loss: 0.1241, Train Acc: 0.8731, Train F1 Macro: 0.7223, Train F1 Micro: 0.7310, Val Loss: 0.2477, Val Acc: 0.7064, Val F1 Macro: 0.6809, Val F1 Micro: 0.6884
Epoch [8/10], Time: 4.46s, Train Loss: 0.0960, Train Acc: 0.9172, Train F1 Macro: 0.7468, Train F1 Micro: 0.7543, Val Loss: 0.2843, Val Acc: 0.6838, Val F1 Macro: 0.6799, Val F1 Micro: 0.6878
Epoch [9/10], Time: 4.48s, Train Loss: 0.0739, Train Acc: 0.9434, Train F1 Macro: 0.7687, Train F1 Micro: 0.7753, Val Loss: 0.3088, Val Acc: 0.6903, Val F1 Macro: 0.6803, Val F1 Micro: 0.6881
Epoch [10/10], Time: 4.54s, Train Loss: 0.0553, Train Acc: 0.9647, Train F1 Macro: 0.7885, Train F1 Micro: 0.7943, Val Loss: 0.3542, Val Acc: 0.6890, Val F1 Macro: 0.6803, Val F1 Micro: 0.6882
Total Training Time: 45.33s
Test Loss: 0.2271, Test Acc: 0.6973, Test F1 Macro: 0.6938, Test F1 Micro: 0.6973
===== SEED 77 =====
PyTorch Version : 2.11.0+cu128
cuda
4.1.Origin_new_mix_8_1_1.pt
***** Best Result Updated at Epoch 1, Val Loss: 0.2587 *****
Epoch [1/10], Time: 4.99s, Train Loss: 0.3310, Train Acc: 0.5241, Train F1 Macro: 0.4937, Train F1 Micro: 0.5241, Val Loss: 0.2587, Val Acc: 0.6511, Val F1 Macro: 0.6397, Val F1 Micro: 0.6511
***** Best Result Updated at Epoch 2, Val Loss: 0.2356 *****
Epoch [2/10], Time: 4.50s, Train Loss: 0.2523, Train Acc: 0.6640, Train F1 Macro: 0.5746, Train F1 Micro: 0.5940, Val Loss: 0.2356, Val Acc: 0.6829, Val F1 Macro: 0.6555, Val F1 Micro: 0.6670
***** Best Result Updated at Epoch 3, Val Loss: 0.2283 *****
Epoch [3/10], Time: 4.55s, Train Loss: 0.2261, Train Acc: 0.7084, Train F1 Macro: 0.6166, Train F1 Micro: 0.6322, Val Loss: 0.2283, Val Acc: 0.7038, Val F1 Macro: 0.6680, Val F1 Micro: 0.6793
Epoch [4/10], Time: 4.46s, Train Loss: 0.2019, Train Acc: 0.7472, Train F1 Macro: 0.6477, Train F1 Micro: 0.6609, Val Loss: 0.2326, Val Acc: 0.6929, Val F1 Macro: 0.6720, Val F1 Micro: 0.6827
Epoch [5/10], Time: 4.42s, Train Loss: 0.1764, Train Acc: 0.7894, Train F1 Macro: 0.6751, Train F1 Micro: 0.6866, Val Loss: 0.2331, Val Acc: 0.6847, Val F1 Macro: 0.6729, Val F1 Micro: 0.6831
Epoch [6/10], Time: 4.42s, Train Loss: 0.1492, Train Acc: 0.8345, Train F1 Macro: 0.7011, Train F1 Micro: 0.7113, Val Loss: 0.2354, Val Acc: 0.6951, Val F1 Macro: 0.6752, Val F1 Micro: 0.6851
Epoch [7/10], Time: 4.46s, Train Loss: 0.1187, Train Acc: 0.8808, Train F1 Macro: 0.7265, Train F1 Micro: 0.7355, Val Loss: 0.2523, Val Acc: 0.6969, Val F1 Macro: 0.6770, Val F1 Micro: 0.6868
Epoch [8/10], Time: 4.48s, Train Loss: 0.0921, Train Acc: 0.9212, Train F1 Macro: 0.7508, Train F1 Micro: 0.7587, Val Loss: 0.2737, Val Acc: 0.6929, Val F1 Macro: 0.6777, Val F1 Micro: 0.6876
Epoch [9/10], Time: 4.51s, Train Loss: 0.0703, Train Acc: 0.9495, Train F1 Macro: 0.7730, Train F1 Micro: 0.7799, Val Loss: 0.3038, Val Acc: 0.6938, Val F1 Macro: 0.6788, Val F1 Micro: 0.6883
Epoch [10/10], Time: 4.49s, Train Loss: 0.0530, Train Acc: 0.9676, Train F1 Macro: 0.7926, Train F1 Micro: 0.7987, Val Loss: 0.3512, Val Acc: 0.6725, Val F1 Macro: 0.6774, Val F1 Micro: 0.6867
Total Training Time: 45.27s
Test Loss: 0.2304, Test Acc: 0.6925, Test F1 Macro: 0.6881, Test F1 Micro: 0.6925
===== SEED 123 =====
PyTorch Version : 2.11.0+cu128
cuda
4.1.Origin_new_mix_8_1_1.pt
***** Best Result Updated at Epoch 1, Val Loss: 0.2646 *****
Epoch [1/10], Time: 4.87s, Train Loss: 0.3303, Train Acc: 0.5231, Train F1 Macro: 0.4938, Train F1 Micro: 0.5231, Val Loss: 0.2646, Val Acc: 0.6315, Val F1 Macro: 0.6150, Val F1 Micro: 0.6315
***** Best Result Updated at Epoch 2, Val Loss: 0.2415 *****
Epoch [2/10], Time: 4.47s, Train Loss: 0.2560, Train Acc: 0.6576, Train F1 Macro: 0.5709, Train F1 Micro: 0.5904, Val Loss: 0.2415, Val Acc: 0.6720, Val F1 Macro: 0.6377, Val F1 Micro: 0.6518
***** Best Result Updated at Epoch 3, Val Loss: 0.2302 *****
Epoch [3/10], Time: 4.48s, Train Loss: 0.2271, Train Acc: 0.7052, Train F1 Macro: 0.6132, Train F1 Micro: 0.6286, Val Loss: 0.2302, Val Acc: 0.6929, Val F1 Macro: 0.6542, Val F1 Micro: 0.6655
***** Best Result Updated at Epoch 4, Val Loss: 0.2287 *****
Epoch [4/10], Time: 4.62s, Train Loss: 0.2048, Train Acc: 0.7452, Train F1 Macro: 0.6447, Train F1 Micro: 0.6578, Val Loss: 0.2287, Val Acc: 0.6956, Val F1 Macro: 0.6626, Val F1 Micro: 0.6730
Epoch [5/10], Time: 4.44s, Train Loss: 0.1778, Train Acc: 0.7872, Train F1 Macro: 0.6724, Train F1 Micro: 0.6837, Val Loss: 0.2289, Val Acc: 0.6977, Val F1 Macro: 0.6675, Val F1 Micro: 0.6780
Epoch [6/10], Time: 4.48s, Train Loss: 0.1471, Train Acc: 0.8384, Train F1 Macro: 0.6997, Train F1 Micro: 0.7095, Val Loss: 0.2338, Val Acc: 0.6912, Val F1 Macro: 0.6697, Val F1 Micro: 0.6802
Epoch [7/10], Time: 4.47s, Train Loss: 0.1154, Train Acc: 0.8860, Train F1 Macro: 0.7262, Train F1 Micro: 0.7347, Val Loss: 0.2551, Val Acc: 0.6960, Val F1 Macro: 0.6723, Val F1 Micro: 0.6824
Epoch [8/10], Time: 4.47s, Train Loss: 0.0910, Train Acc: 0.9226, Train F1 Macro: 0.7508, Train F1 Micro: 0.7582, Val Loss: 0.2844, Val Acc: 0.6838, Val F1 Macro: 0.6730, Val F1 Micro: 0.6826
Epoch [9/10], Time: 4.49s, Train Loss: 0.0688, Train Acc: 0.9490, Train F1 Macro: 0.7730, Train F1 Micro: 0.7794, Val Loss: 0.3193, Val Acc: 0.6821, Val F1 Macro: 0.6732, Val F1 Micro: 0.6825
Epoch [10/10], Time: 4.50s, Train Loss: 0.0537, Train Acc: 0.9667, Train F1 Macro: 0.7925, Train F1 Micro: 0.7981, Val Loss: 0.3509, Val Acc: 0.6716, Val F1 Macro: 0.6723, Val F1 Micro: 0.6814
Total Training Time: 45.28s
Test Loss: 0.2275, Test Acc: 0.6938, Test F1 Macro: 0.6889, Test F1 Micro: 0.6938
